[0.008s][info][gc,init] CardTable entry size: 512
[0.009s][info][gc     ] Using G1
[0.025s][info][gc,init] Version: 21.0.2+13-58 (release)
[0.025s][info][gc,init] CPUs: 16 total, 16 available
[0.025s][info][gc,init] Memory: 32555M
[0.025s][info][gc,init] Large Page Support: Disabled
[0.025s][info][gc,init] NUMA Support: Disabled
[0.025s][info][gc,init] Compressed Oops: Enabled (Zero based)
[0.025s][info][gc,init] Heap Region Size: 4M
[0.025s][info][gc,init] Heap Min Capacity: 7G
[0.025s][info][gc,init] Heap Initial Capacity: 7G
[0.025s][info][gc,init] Heap Max Capacity: 7G
[0.025s][info][gc,init] Pre-touch: Disabled
[0.025s][info][gc,init] Parallel Workers: 13
[0.025s][info][gc,init] Concurrent Workers: 3
[0.025s][info][gc,init] Concurrent Refinement Workers: 13
[0.026s][info][gc,init] Periodic GC: Disabled
[0.034s][info][gc,metaspace] CDS archive(s) mapped at: [0x0000029725000000-0x0000029725c90000-0x0000029725c90000), size 13172736, SharedBaseAddress: 0x0000029725000000, ArchiveRelocationMode: 1.
[0.034s][info][gc,metaspace] Compressed class space mapped at: 0x0000029726000000-0x0000029766000000, reserved size: 1073741824
[0.034s][info][gc,metaspace] Narrow klass base: 0x0000029725000000, Narrow klass shift: 0, Narrow klass range: 0x100000000
[3.523s][info][gc,start    ] GC(0) Pause Young (Normal) (G1 Evacuation Pause)
[3.524s][info][gc,task     ] GC(0) Using 13 workers of 13 for evacuation
[3.535s][info][gc,phases   ] GC(0)   Pre Evacuate Collection Set: 0.2ms
[3.535s][info][gc,phases   ] GC(0)   Merge Heap Roots: 0.1ms
[3.535s][info][gc,phases   ] GC(0)   Evacuate Collection Set: 10.1ms
[3.535s][info][gc,phases   ] GC(0)   Post Evacuate Collection Set: 0.5ms
[3.535s][info][gc,phases   ] GC(0)   Other: 0.3ms
[3.535s][info][gc,heap     ] GC(0) Eden regions: 89->0(77)
[3.535s][info][gc,heap     ] GC(0) Survivor regions: 0->12(12)
[3.535s][info][gc,heap     ] GC(0) Old regions: 0->5
[3.535s][info][gc,heap     ] GC(0) Humongous regions: 0->0
[3.535s][info][gc,metaspace] GC(0) Metaspace: 7718K(8064K)->7718K(8064K) NonClass: 6907K(7104K)->6907K(7104K) Class: 811K(960K)->811K(960K)
[3.535s][info][gc          ] GC(0) Pause Young (Normal) (G1 Evacuation Pause) 356M->67M(7168M) 11.457ms
[3.535s][info][gc,cpu      ] GC(0) User=0.06s Sys=0.06s Real=0.01s
[3.666s][info][gc,start    ] GC(1) Pause Young (Normal) (G1 Evacuation Pause)
[3.666s][info][gc,task     ] GC(1) Using 13 workers of 13 for evacuation
[3.679s][info][gc,phases   ] GC(1)   Pre Evacuate Collection Set: 0.3ms
[3.679s][info][gc,phases   ] GC(1)   Merge Heap Roots: 0.1ms
[3.679s][info][gc,phases   ] GC(1)   Evacuate Collection Set: 12.0ms
[3.679s][info][gc,phases   ] GC(1)   Post Evacuate Collection Set: 0.7ms
[3.679s][info][gc,phases   ] GC(1)   Other: 0.1ms
[3.679s][info][gc,heap     ] GC(1) Eden regions: 77->0(77)
[3.679s][info][gc,heap     ] GC(1) Survivor regions: 12->12(12)
[3.679s][info][gc,heap     ] GC(1) Old regions: 5->21
[3.679s][info][gc,heap     ] GC(1) Humongous regions: 0->0
[3.679s][info][gc,metaspace] GC(1) Metaspace: 7722K(8064K)->7722K(8064K) NonClass: 6910K(7104K)->6910K(7104K) Class: 811K(960K)->811K(960K)
[3.679s][info][gc          ] GC(1) Pause Young (Normal) (G1 Evacuation Pause) 375M->129M(7168M) 13.211ms
[3.679s][info][gc,cpu      ] GC(1) User=0.05s Sys=0.03s Real=0.01s
[3.803s][info][gc,start    ] GC(2) Pause Young (Normal) (G1 Evacuation Pause)
[3.803s][info][gc,task     ] GC(2) Using 13 workers of 13 for evacuation
[3.816s][info][gc,phases   ] GC(2)   Pre Evacuate Collection Set: 0.2ms
[3.816s][info][gc,phases   ] GC(2)   Merge Heap Roots: 0.1ms
[3.816s][info][gc,phases   ] GC(2)   Evacuate Collection Set: 12.4ms
[3.816s][info][gc,phases   ] GC(2)   Post Evacuate Collection Set: 0.5ms
[3.816s][info][gc,phases   ] GC(2)   Other: 0.1ms
[3.816s][info][gc,heap     ] GC(2) Eden regions: 77->0(77)
[3.816s][info][gc,heap     ] GC(2) Survivor regions: 12->12(12)
[3.816s][info][gc,heap     ] GC(2) Old regions: 21->37
[3.816s][info][gc,heap     ] GC(2) Humongous regions: 0->0
[3.816s][info][gc,metaspace] GC(2) Metaspace: 7722K(8064K)->7722K(8064K) NonClass: 6910K(7104K)->6910K(7104K) Class: 811K(960K)->811K(960K)
[3.816s][info][gc          ] GC(2) Pause Young (Normal) (G1 Evacuation Pause) 437M->192M(7168M) 13.433ms
[3.816s][info][gc,cpu      ] GC(2) User=0.03s Sys=0.03s Real=0.01s
[3.938s][info][gc,start    ] GC(3) Pause Young (Normal) (G1 Evacuation Pause)
[3.938s][info][gc,task     ] GC(3) Using 13 workers of 13 for evacuation
[3.951s][info][gc,phases   ] GC(3)   Pre Evacuate Collection Set: 0.2ms
[3.951s][info][gc,phases   ] GC(3)   Merge Heap Roots: 0.0ms
[3.951s][info][gc,phases   ] GC(3)   Evacuate Collection Set: 11.9ms
[3.951s][info][gc,phases   ] GC(3)   Post Evacuate Collection Set: 0.5ms
[3.951s][info][gc,phases   ] GC(3)   Other: 0.1ms
[3.951s][info][gc,heap     ] GC(3) Eden regions: 77->0(77)
[3.951s][info][gc,heap     ] GC(3) Survivor regions: 12->12(12)
[3.951s][info][gc,heap     ] GC(3) Old regions: 37->52
[3.951s][info][gc,heap     ] GC(3) Humongous regions: 0->0
[3.951s][info][gc,metaspace] GC(3) Metaspace: 7722K(8064K)->7722K(8064K) NonClass: 6910K(7104K)->6910K(7104K) Class: 811K(960K)->811K(960K)
[3.951s][info][gc          ] GC(3) Pause Young (Normal) (G1 Evacuation Pause) 500M->254M(7168M) 12.907ms
[3.951s][info][gc,cpu      ] GC(3) User=0.00s Sys=0.00s Real=0.01s
[4.075s][info][gc,start    ] GC(4) Pause Young (Normal) (G1 Evacuation Pause)
[4.075s][info][gc,task     ] GC(4) Using 13 workers of 13 for evacuation
[4.088s][info][gc,phases   ] GC(4)   Pre Evacuate Collection Set: 0.2ms
[4.088s][info][gc,phases   ] GC(4)   Merge Heap Roots: 0.0ms
[4.088s][info][gc,phases   ] GC(4)   Evacuate Collection Set: 12.1ms
[4.088s][info][gc,phases   ] GC(4)   Post Evacuate Collection Set: 0.5ms
[4.088s][info][gc,phases   ] GC(4)   Other: 0.1ms
[4.088s][info][gc,heap     ] GC(4) Eden regions: 77->0(77)
[4.088s][info][gc,heap     ] GC(4) Survivor regions: 12->12(12)
[4.088s][info][gc,heap     ] GC(4) Old regions: 52->68
[4.088s][info][gc,heap     ] GC(4) Humongous regions: 0->0
[4.088s][info][gc,metaspace] GC(4) Metaspace: 7734K(8064K)->7734K(8064K) NonClass: 6922K(7104K)->6922K(7104K) Class: 811K(960K)->811K(960K)
[4.088s][info][gc          ] GC(4) Pause Young (Normal) (G1 Evacuation Pause) 562M->317M(7168M) 13.001ms
[4.088s][info][gc,cpu      ] GC(4) User=0.03s Sys=0.05s Real=0.01s
[4.207s][info][gc,start    ] GC(5) Pause Young (Normal) (G1 Evacuation Pause)
[4.207s][info][gc,task     ] GC(5) Using 13 workers of 13 for evacuation
[4.220s][info][gc,phases   ] GC(5)   Pre Evacuate Collection Set: 0.2ms
[4.220s][info][gc,phases   ] GC(5)   Merge Heap Roots: 0.0ms
[4.220s][info][gc,phases   ] GC(5)   Evacuate Collection Set: 12.4ms
[4.220s][info][gc,phases   ] GC(5)   Post Evacuate Collection Set: 0.3ms
[4.220s][info][gc,phases   ] GC(5)   Other: 0.0ms
[4.220s][info][gc,heap     ] GC(5) Eden regions: 77->0(77)
[4.220s][info][gc,heap     ] GC(5) Survivor regions: 12->12(12)
[4.220s][info][gc,heap     ] GC(5) Old regions: 68->83
[4.220s][info][gc,heap     ] GC(5) Humongous regions: 0->0
[4.220s][info][gc,metaspace] GC(5) Metaspace: 7734K(8064K)->7734K(8064K) NonClass: 6922K(7104K)->6922K(7104K) Class: 811K(960K)->811K(960K)
[4.220s][info][gc          ] GC(5) Pause Young (Normal) (G1 Evacuation Pause) 625M->378M(7168M) 13.154ms
[4.220s][info][gc,cpu      ] GC(5) User=0.03s Sys=0.03s Real=0.01s
[4.339s][info][gc,start    ] GC(6) Pause Young (Normal) (G1 Evacuation Pause)
[4.339s][info][gc,task     ] GC(6) Using 13 workers of 13 for evacuation
[4.352s][info][gc,phases   ] GC(6)   Pre Evacuate Collection Set: 0.3ms
[4.352s][info][gc,phases   ] GC(6)   Merge Heap Roots: 0.1ms
[4.352s][info][gc,phases   ] GC(6)   Evacuate Collection Set: 11.7ms
[4.352s][info][gc,phases   ] GC(6)   Post Evacuate Collection Set: 0.4ms
[4.352s][info][gc,phases   ] GC(6)   Other: 0.1ms
[4.352s][info][gc,heap     ] GC(6) Eden regions: 77->0(77)
[4.352s][info][gc,heap     ] GC(6) Survivor regions: 12->12(12)
[4.352s][info][gc,heap     ] GC(6) Old regions: 83->99
[4.352s][info][gc,heap     ] GC(6) Humongous regions: 0->0
[4.352s][info][gc,metaspace] GC(6) Metaspace: 7734K(8064K)->7734K(8064K) NonClass: 6922K(7104K)->6922K(7104K) Class: 811K(960K)->811K(960K)
[4.352s][info][gc          ] GC(6) Pause Young (Normal) (G1 Evacuation Pause) 686M->441M(7168M) 12.676ms
[4.352s][info][gc,cpu      ] GC(6) User=0.06s Sys=0.02s Real=0.01s
[4.470s][info][gc,start    ] GC(7) Pause Young (Normal) (G1 Evacuation Pause)
[4.470s][info][gc,task     ] GC(7) Using 13 workers of 13 for evacuation
[4.483s][info][gc,phases   ] GC(7)   Pre Evacuate Collection Set: 0.2ms
[4.483s][info][gc,phases   ] GC(7)   Merge Heap Roots: 0.1ms
[4.483s][info][gc,phases   ] GC(7)   Evacuate Collection Set: 12.3ms
[4.483s][info][gc,phases   ] GC(7)   Post Evacuate Collection Set: 0.4ms
[4.483s][info][gc,phases   ] GC(7)   Other: 0.0ms
[4.483s][info][gc,heap     ] GC(7) Eden regions: 77->0(81)
[4.483s][info][gc,heap     ] GC(7) Survivor regions: 12->12(12)
[4.483s][info][gc,heap     ] GC(7) Old regions: 99->114
[4.483s][info][gc,heap     ] GC(7) Humongous regions: 0->0
[4.483s][info][gc,metaspace] GC(7) Metaspace: 7734K(8064K)->7734K(8064K) NonClass: 6922K(7104K)->6922K(7104K) Class: 811K(960K)->811K(960K)
[4.483s][info][gc          ] GC(7) Pause Young (Normal) (G1 Evacuation Pause) 749M->503M(7168M) 13.290ms
[4.483s][info][gc,cpu      ] GC(7) User=0.03s Sys=0.02s Real=0.01s
[4.620s][info][gc,start    ] GC(8) Pause Young (Normal) (G1 Evacuation Pause)
[4.620s][info][gc,task     ] GC(8) Using 13 workers of 13 for evacuation
[4.635s][info][gc,phases   ] GC(8)   Pre Evacuate Collection Set: 0.2ms
[4.635s][info][gc,phases   ] GC(8)   Merge Heap Roots: 0.0ms
[4.635s][info][gc,phases   ] GC(8)   Evacuate Collection Set: 14.1ms
[4.635s][info][gc,phases   ] GC(8)   Post Evacuate Collection Set: 0.5ms
[4.635s][info][gc,phases   ] GC(8)   Other: 0.1ms
[4.635s][info][gc,heap     ] GC(8) Eden regions: 81->0(118)
[4.635s][info][gc,heap     ] GC(8) Survivor regions: 12->12(12)
[4.635s][info][gc,heap     ] GC(8) Old regions: 114->131
[4.635s][info][gc,heap     ] GC(8) Humongous regions: 0->0
[4.635s][info][gc,metaspace] GC(8) Metaspace: 7734K(8064K)->7734K(8064K) NonClass: 6922K(7104K)->6922K(7104K) Class: 811K(960K)->811K(960K)
[4.635s][info][gc          ] GC(8) Pause Young (Normal) (G1 Evacuation Pause) 827M->569M(7168M) 15.074ms
[4.635s][info][gc,cpu      ] GC(8) User=0.00s Sys=0.05s Real=0.01s
[4.841s][info][gc,start    ] GC(9) Pause Young (Normal) (G1 Evacuation Pause)
[4.841s][info][gc,task     ] GC(9) Using 13 workers of 13 for evacuation
[4.860s][info][gc,phases   ] GC(9)   Pre Evacuate Collection Set: 0.2ms
[4.860s][info][gc,phases   ] GC(9)   Merge Heap Roots: 0.1ms
[4.860s][info][gc,phases   ] GC(9)   Evacuate Collection Set: 17.5ms
[4.860s][info][gc,phases   ] GC(9)   Post Evacuate Collection Set: 0.4ms
[4.860s][info][gc,phases   ] GC(9)   Other: 0.1ms
[4.860s][info][gc,heap     ] GC(9) Eden regions: 118->0(125)
[4.860s][info][gc,heap     ] GC(9) Survivor regions: 12->17(17)
[4.860s][info][gc,heap     ] GC(9) Old regions: 131->149
[4.860s][info][gc,heap     ] GC(9) Humongous regions: 0->0
[4.860s][info][gc,metaspace] GC(9) Metaspace: 7734K(8064K)->7734K(8064K) NonClass: 6922K(7104K)->6922K(7104K) Class: 811K(960K)->811K(960K)
[4.860s][info][gc          ] GC(9) Pause Young (Normal) (G1 Evacuation Pause) 1041M->663M(7168M) 18.367ms
[4.860s][info][gc,cpu      ] GC(9) User=0.03s Sys=0.08s Real=0.02s
[5.058s][info][gc,start    ] GC(10) Pause Young (Normal) (G1 Evacuation Pause)
[5.058s][info][gc,task     ] GC(10) Using 13 workers of 13 for evacuation
[5.080s][info][gc,phases   ] GC(10)   Pre Evacuate Collection Set: 0.2ms
[5.080s][info][gc,phases   ] GC(10)   Merge Heap Roots: 0.1ms
[5.080s][info][gc,phases   ] GC(10)   Evacuate Collection Set: 20.8ms
[5.080s][info][gc,phases   ] GC(10)   Post Evacuate Collection Set: 0.6ms
[5.080s][info][gc,phases   ] GC(10)   Other: 0.1ms
[5.080s][info][gc,heap     ] GC(10) Eden regions: 125->0(137)
[5.080s][info][gc,heap     ] GC(10) Survivor regions: 17->18(18)
[5.080s][info][gc,heap     ] GC(10) Old regions: 149->174
[5.080s][info][gc,heap     ] GC(10) Humongous regions: 0->0
[5.080s][info][gc,metaspace] GC(10) Metaspace: 7746K(8064K)->7746K(8064K) NonClass: 6934K(7104K)->6934K(7104K) Class: 811K(960K)->811K(960K)
[5.080s][info][gc          ] GC(10) Pause Young (Normal) (G1 Evacuation Pause) 1163M->764M(7168M) 21.913ms
[5.080s][info][gc,cpu      ] GC(10) User=0.09s Sys=0.09s Real=0.02s
[5.296s][info][gc,start    ] GC(11) Pause Young (Normal) (G1 Evacuation Pause)
[5.296s][info][gc,task     ] GC(11) Using 13 workers of 13 for evacuation
[5.321s][info][gc,phases   ] GC(11)   Pre Evacuate Collection Set: 0.2ms
[5.321s][info][gc,phases   ] GC(11)   Merge Heap Roots: 0.1ms
[5.321s][info][gc,phases   ] GC(11)   Evacuate Collection Set: 23.3ms
[5.321s][info][gc,phases   ] GC(11)   Post Evacuate Collection Set: 0.7ms
[5.321s][info][gc,phases   ] GC(11)   Other: 0.1ms
[5.321s][info][gc,heap     ] GC(11) Eden regions: 137->0(170)
[5.321s][info][gc,heap     ] GC(11) Survivor regions: 18->20(20)
[5.321s][info][gc,heap     ] GC(11) Old regions: 174->200
[5.321s][info][gc,heap     ] GC(11) Humongous regions: 0->0
[5.321s][info][gc,metaspace] GC(11) Metaspace: 7747K(8064K)->7747K(8064K) NonClass: 6935K(7104K)->6935K(7104K) Class: 811K(960K)->811K(960K)
[5.321s][info][gc          ] GC(11) Pause Young (Normal) (G1 Evacuation Pause) 1312M->876M(7168M) 24.517ms
[5.321s][info][gc,cpu      ] GC(11) User=0.06s Sys=0.02s Real=0.03s
[5.609s][info][gc,start    ] GC(12) Pause Young (Normal) (G1 Evacuation Pause)
[5.609s][info][gc,task     ] GC(12) Using 13 workers of 13 for evacuation
[5.638s][info][gc,phases   ] GC(12)   Pre Evacuate Collection Set: 0.4ms
[5.638s][info][gc,phases   ] GC(12)   Merge Heap Roots: 0.1ms
[5.638s][info][gc,phases   ] GC(12)   Evacuate Collection Set: 27.6ms
[5.638s][info][gc,phases   ] GC(12)   Post Evacuate Collection Set: 0.7ms
[5.638s][info][gc,phases   ] GC(12)   Other: 0.1ms
[5.638s][info][gc,heap     ] GC(12) Eden regions: 170->0(211)
[5.638s][info][gc,heap     ] GC(12) Survivor regions: 20->24(24)
[5.638s][info][gc,heap     ] GC(12) Old regions: 200->230
[5.638s][info][gc,heap     ] GC(12) Humongous regions: 0->0
[5.638s][info][gc,metaspace] GC(12) Metaspace: 7747K(8064K)->7747K(8064K) NonClass: 6935K(7104K)->6935K(7104K) Class: 811K(960K)->811K(960K)
[5.638s][info][gc          ] GC(12) Pause Young (Normal) (G1 Evacuation Pause) 1556M->1014M(7168M) 29.042ms
[5.638s][info][gc,cpu      ] GC(12) User=0.03s Sys=0.05s Real=0.03s
[5.989s][info][gc,start    ] GC(13) Pause Young (Normal) (G1 Evacuation Pause)
[5.990s][info][gc,task     ] GC(13) Using 13 workers of 13 for evacuation
[6.024s][info][gc,phases   ] GC(13)   Pre Evacuate Collection Set: 0.2ms
[6.024s][info][gc,phases   ] GC(13)   Merge Heap Roots: 0.1ms
[6.024s][info][gc,phases   ] GC(13)   Evacuate Collection Set: 33.9ms
[6.024s][info][gc,phases   ] GC(13)   Post Evacuate Collection Set: 0.4ms
[6.024s][info][gc,phases   ] GC(13)   Other: 0.1ms
[6.024s][info][gc,heap     ] GC(13) Eden regions: 211->0(246)
[6.024s][info][gc,heap     ] GC(13) Survivor regions: 24->30(30)
[6.024s][info][gc,heap     ] GC(13) Old regions: 230->267
[6.024s][info][gc,heap     ] GC(13) Humongous regions: 0->0
[6.024s][info][gc,metaspace] GC(13) Metaspace: 7747K(8064K)->7747K(8064K) NonClass: 6935K(7104K)->6935K(7104K) Class: 811K(960K)->811K(960K)
[6.024s][info][gc          ] GC(13) Pause Young (Normal) (G1 Evacuation Pause) 1858M->1184M(7168M) 34.873ms
[6.024s][info][gc,cpu      ] GC(13) User=0.08s Sys=0.09s Real=0.03s
[6.421s][info][gc,start    ] GC(14) Pause Young (Normal) (G1 Evacuation Pause)
[6.421s][info][gc,task     ] GC(14) Using 13 workers of 13 for evacuation
[6.465s][info][gc,phases   ] GC(14)   Pre Evacuate Collection Set: 0.2ms
[6.465s][info][gc,phases   ] GC(14)   Merge Heap Roots: 0.2ms
[6.465s][info][gc,phases   ] GC(14)   Evacuate Collection Set: 42.4ms
[6.465s][info][gc,phases   ] GC(14)   Post Evacuate Collection Set: 0.5ms
[6.465s][info][gc,phases   ] GC(14)   Other: 0.1ms
[6.465s][info][gc,heap     ] GC(14) Eden regions: 246->0(311)
[6.465s][info][gc,heap     ] GC(14) Survivor regions: 30->35(35)
[6.465s][info][gc,heap     ] GC(14) Old regions: 267->311
[6.465s][info][gc,heap     ] GC(14) Humongous regions: 0->0
[6.465s][info][gc,metaspace] GC(14) Metaspace: 7752K(8064K)->7752K(8064K) NonClass: 6940K(7104K)->6940K(7104K) Class: 811K(960K)->811K(960K)
[6.465s][info][gc          ] GC(14) Pause Young (Normal) (G1 Evacuation Pause) 2168M->1383M(7168M) 43.644ms
[6.465s][info][gc,cpu      ] GC(14) User=0.09s Sys=0.11s Real=0.04s
[6.987s][info][gc,start    ] GC(15) Pause Young (Normal) (G1 Evacuation Pause)
[6.987s][info][gc,task     ] GC(15) Using 13 workers of 13 for evacuation
[7.036s][info][gc,phases   ] GC(15)   Pre Evacuate Collection Set: 0.2ms
[7.036s][info][gc,phases   ] GC(15)   Merge Heap Roots: 0.1ms
[7.036s][info][gc,phases   ] GC(15)   Evacuate Collection Set: 48.2ms
[7.036s][info][gc,phases   ] GC(15)   Post Evacuate Collection Set: 0.6ms
[7.036s][info][gc,phases   ] GC(15)   Other: 0.1ms
[7.036s][info][gc,heap     ] GC(15) Eden regions: 311->0(328)
[7.036s][info][gc,heap     ] GC(15) Survivor regions: 35->44(44)
[7.036s][info][gc,heap     ] GC(15) Old regions: 311->365
[7.036s][info][gc,heap     ] GC(15) Humongous regions: 0->0
[7.036s][info][gc,metaspace] GC(15) Metaspace: 7752K(8064K)->7752K(8064K) NonClass: 6940K(7104K)->6940K(7104K) Class: 811K(960K)->811K(960K)
[7.036s][info][gc          ] GC(15) Pause Young (Normal) (G1 Evacuation Pause) 2627M->1632M(7168M) 49.335ms
[7.036s][info][gc,cpu      ] GC(15) User=0.20s Sys=0.28s Real=0.05s
[7.561s][info][gc,start    ] GC(16) Pause Young (Normal) (G1 Evacuation Pause)
[7.561s][info][gc,task     ] GC(16) Using 13 workers of 13 for evacuation
[7.615s][info][gc,phases   ] GC(16)   Pre Evacuate Collection Set: 0.2ms
[7.615s][info][gc,phases   ] GC(16)   Merge Heap Roots: 0.1ms
[7.615s][info][gc,phases   ] GC(16)   Evacuate Collection Set: 53.4ms
[7.615s][info][gc,phases   ] GC(16)   Post Evacuate Collection Set: 0.5ms
[7.615s][info][gc,phases   ] GC(16)   Other: 0.1ms
[7.615s][info][gc,heap     ] GC(16) Eden regions: 328->0(376)
[7.615s][info][gc,heap     ] GC(16) Survivor regions: 44->47(47)
[7.615s][info][gc,heap     ] GC(16) Old regions: 365->427
[7.615s][info][gc,heap     ] GC(16) Humongous regions: 0->0
[7.615s][info][gc,metaspace] GC(16) Metaspace: 7765K(8064K)->7765K(8064K) NonClass: 6954K(7104K)->6954K(7104K) Class: 811K(960K)->811K(960K)
[7.615s][info][gc          ] GC(16) Pause Young (Normal) (G1 Evacuation Pause) 2944M->1892M(7168M) 54.459ms
[7.615s][info][gc,cpu      ] GC(16) User=0.09s Sys=0.41s Real=0.06s
[8.514s][info][gc,start    ] GC(17) Pause Young (Normal) (G1 Evacuation Pause)
[8.514s][info][gc,task     ] GC(17) Using 13 workers of 13 for evacuation
[8.585s][info][gc,phases   ] GC(17)   Pre Evacuate Collection Set: 0.2ms
[8.585s][info][gc,phases   ] GC(17)   Merge Heap Roots: 0.1ms
[8.585s][info][gc,phases   ] GC(17)   Evacuate Collection Set: 70.7ms
[8.585s][info][gc,phases   ] GC(17)   Post Evacuate Collection Set: 0.5ms
[8.586s][info][gc,phases   ] GC(17)   Other: 0.1ms
[8.586s][info][gc,heap     ] GC(17) Eden regions: 376->0(418)
[8.586s][info][gc,heap     ] GC(17) Survivor regions: 47->53(53)
[8.586s][info][gc,heap     ] GC(17) Old regions: 427->493
[8.586s][info][gc,heap     ] GC(17) Humongous regions: 0->0
[8.586s][info][gc,metaspace] GC(17) Metaspace: 9887K(10240K)->9887K(10240K) NonClass: 8885K(9088K)->8885K(9088K) Class: 1002K(1152K)->1002K(1152K)
[8.586s][info][gc          ] GC(17) Pause Young (Normal) (G1 Evacuation Pause) 3396M->2183M(7168M) 71.767ms
[8.586s][info][gc,cpu      ] GC(17) User=0.14s Sys=0.62s Real=0.07s
[9.251s][info][gc,start    ] GC(18) Pause Young (Normal) (G1 Evacuation Pause)
[9.251s][info][gc,task     ] GC(18) Using 13 workers of 13 for evacuation
[9.332s][info][gc,phases   ] GC(18)   Pre Evacuate Collection Set: 0.2ms
[9.332s][info][gc,phases   ] GC(18)   Merge Heap Roots: 0.1ms
[9.332s][info][gc,phases   ] GC(18)   Evacuate Collection Set: 80.2ms
[9.332s][info][gc,phases   ] GC(18)   Post Evacuate Collection Set: 0.6ms
[9.332s][info][gc,phases   ] GC(18)   Other: 0.1ms
[9.332s][info][gc,heap     ] GC(18) Eden regions: 418->0(464)
[9.332s][info][gc,heap     ] GC(18) Survivor regions: 53->59(59)
[9.332s][info][gc,heap     ] GC(18) Old regions: 493->569
[9.332s][info][gc,heap     ] GC(18) Humongous regions: 0->0
[9.332s][info][gc,metaspace] GC(18) Metaspace: 9988K(10304K)->9988K(10304K) NonClass: 8962K(9152K)->8962K(9152K) Class: 1026K(1152K)->1026K(1152K)
[9.332s][info][gc          ] GC(18) Pause Young (Normal) (G1 Evacuation Pause) 3855M->2511M(7168M) 81.387ms
[9.332s][info][gc,cpu      ] GC(18) User=0.20s Sys=0.80s Real=0.08s
[10.101s][info][gc,start    ] GC(19) Pause Young (Normal) (G1 Evacuation Pause)
[10.101s][info][gc,task     ] GC(19) Using 13 workers of 13 for evacuation
[10.182s][info][gc,phases   ] GC(19)   Pre Evacuate Collection Set: 0.2ms
[10.182s][info][gc,phases   ] GC(19)   Merge Heap Roots: 0.1ms
[10.182s][info][gc,phases   ] GC(19)   Evacuate Collection Set: 80.6ms
[10.182s][info][gc,phases   ] GC(19)   Post Evacuate Collection Set: 0.5ms
[10.182s][info][gc,phases   ] GC(19)   Other: 0.1ms
[10.182s][info][gc,heap     ] GC(19) Eden regions: 464->0(494)
[10.182s][info][gc,heap     ] GC(19) Survivor regions: 59->66(66)
[10.182s][info][gc,heap     ] GC(19) Old regions: 569->653
[10.182s][info][gc,heap     ] GC(19) Humongous regions: 0->0
[10.182s][info][gc,metaspace] GC(19) Metaspace: 9988K(10304K)->9988K(10304K) NonClass: 8962K(9152K)->8962K(9152K) Class: 1026K(1152K)->1026K(1152K)
[10.182s][info][gc          ] GC(19) Pause Young (Normal) (G1 Evacuation Pause) 4367M->2874M(7168M) 81.749ms
[10.182s][info][gc,cpu      ] GC(19) User=0.22s Sys=0.64s Real=0.08s
[10.972s][info][gc,start    ] GC(20) Pause Young (Normal) (G1 Evacuation Pause)
[10.972s][info][gc,task     ] GC(20) Using 13 workers of 13 for evacuation
[11.041s][info][gc,phases   ] GC(20)   Pre Evacuate Collection Set: 0.3ms
[11.042s][info][gc,phases   ] GC(20)   Merge Heap Roots: 0.1ms
[11.042s][info][gc,phases   ] GC(20)   Evacuate Collection Set: 68.4ms
[11.042s][info][gc,phases   ] GC(20)   Post Evacuate Collection Set: 0.6ms
[11.042s][info][gc,phases   ] GC(20)   Other: 0.1ms
[11.042s][info][gc,heap     ] GC(20) Eden regions: 494->0(716)
[11.042s][info][gc,heap     ] GC(20) Survivor regions: 66->70(70)
[11.042s][info][gc,heap     ] GC(20) Old regions: 653->747
[11.042s][info][gc,heap     ] GC(20) Humongous regions: 0->0
[11.042s][info][gc,metaspace] GC(20) Metaspace: 10022K(10368K)->10022K(10368K) NonClass: 8984K(9216K)->8984K(9216K) Class: 1037K(1152K)->1037K(1152K)
[11.042s][info][gc          ] GC(20) Pause Young (Normal) (G1 Evacuation Pause) 4850M->3266M(7168M) 69.602ms
[11.042s][info][gc,cpu      ] GC(20) User=0.28s Sys=0.31s Real=0.07s
[12.283s][info][gc,start    ] GC(21) Pause Young (Normal) (G1 Evacuation Pause)
[12.283s][info][gc,task     ] GC(21) Using 13 workers of 13 for evacuation
[12.396s][info][gc,phases   ] GC(21)   Pre Evacuate Collection Set: 0.3ms
[12.396s][info][gc,phases   ] GC(21)   Merge Heap Roots: 0.2ms
[12.396s][info][gc,phases   ] GC(21)   Evacuate Collection Set: 111.7ms
[12.396s][info][gc,phases   ] GC(21)   Post Evacuate Collection Set: 0.6ms
[12.396s][info][gc,phases   ] GC(21)   Other: 0.1ms
[12.396s][info][gc,heap     ] GC(21) Eden regions: 716->0(549)
[12.396s][info][gc,heap     ] GC(21) Survivor regions: 70->99(99)
[12.396s][info][gc,heap     ] GC(21) Old regions: 747->857
[12.396s][info][gc,heap     ] GC(21) Humongous regions: 0->0
[12.396s][info][gc,metaspace] GC(21) Metaspace: 10043K(10368K)->10043K(10368K) NonClass: 9005K(9216K)->9005K(9216K) Class: 1037K(1152K)->1037K(1152K)
[12.396s][info][gc          ] GC(21) Pause Young (Normal) (G1 Evacuation Pause) 6130M->3820M(7168M) 113.085ms
[12.396s][info][gc,cpu      ] GC(21) User=0.39s Sys=0.92s Real=0.11s
[13.230s][info][gc,start    ] GC(22) Pause Young (Concurrent Start) (G1 Evacuation Pause)
[13.230s][info][gc,task     ] GC(22) Using 13 workers of 13 for evacuation
[13.300s][info][gc,phases   ] GC(22)   Pre Evacuate Collection Set: 0.3ms
[13.300s][info][gc,phases   ] GC(22)   Merge Heap Roots: 0.1ms
[13.300s][info][gc,phases   ] GC(22)   Evacuate Collection Set: 68.8ms
[13.300s][info][gc,phases   ] GC(22)   Post Evacuate Collection Set: 0.7ms
[13.300s][info][gc,phases   ] GC(22)   Other: 0.1ms
[13.300s][info][gc,heap     ] GC(22) Eden regions: 549->0(500)
[13.300s][info][gc,heap     ] GC(22) Survivor regions: 99->81(81)
[13.300s][info][gc,heap     ] GC(22) Old regions: 857->979
[13.300s][info][gc,heap     ] GC(22) Humongous regions: 0->0
[13.300s][info][gc,metaspace] GC(22) Metaspace: 10055K(10368K)->10055K(10368K) NonClass: 9017K(9216K)->9017K(9216K) Class: 1037K(1152K)->1037K(1152K)
[13.300s][info][gc          ] GC(22) Pause Young (Concurrent Start) (G1 Evacuation Pause) 6016M->4238M(7168M) 70.287ms
[13.300s][info][gc          ] GC(23) Concurrent Mark Cycle
[13.300s][info][gc,cpu      ] GC(22) User=0.55s Sys=0.25s Real=0.07s
[13.300s][info][gc,marking  ] GC(23) Concurrent Scan Root Regions
[13.311s][info][gc,marking  ] GC(23) Concurrent Scan Root Regions 10.794ms
[13.311s][info][gc,marking  ] GC(23) Concurrent Mark
[13.311s][info][gc,marking  ] GC(23) Concurrent Mark From Roots
[13.311s][info][gc,task     ] GC(23) Using 3 workers of 3 for marking
[13.329s][info][gc,marking  ] GC(23) Concurrent Mark From Roots 17.275ms
[13.329s][info][gc,marking  ] GC(23) Concurrent Preclean
[13.329s][info][gc,marking  ] GC(23) Concurrent Preclean 0.064ms
[13.329s][info][gc,start    ] GC(23) Pause Remark
[13.330s][info][gc          ] GC(23) Pause Remark 4280M->4280M(7168M) 1.541ms
[13.330s][info][gc,cpu      ] GC(23) User=0.00s Sys=0.00s Real=0.00s
[13.330s][info][gc,marking  ] GC(23) Concurrent Mark 19.086ms
[13.330s][info][gc,marking  ] GC(23) Concurrent Rebuild Remembered Sets and Scrub Regions
[13.336s][info][gc,marking  ] GC(23) Concurrent Rebuild Remembered Sets and Scrub Regions 5.482ms
[13.336s][info][gc,start    ] GC(23) Pause Cleanup
[13.336s][info][gc          ] GC(23) Pause Cleanup 4290M->4290M(7168M) 0.307ms
[13.336s][info][gc,cpu      ] GC(23) User=0.00s Sys=0.00s Real=0.00s
[13.336s][info][gc,marking  ] GC(23) Concurrent Clear Claimed Marks
[13.336s][info][gc,marking  ] GC(23) Concurrent Clear Claimed Marks 0.033ms
[13.336s][info][gc,marking  ] GC(23) Concurrent Cleanup for Next Mark
[13.349s][info][gc,marking  ] GC(23) Concurrent Cleanup for Next Mark 12.930ms
[13.349s][info][gc          ] GC(23) Concurrent Mark Cycle 48.992ms
[14.104s][info][gc,start    ] GC(24) Pause Young (Prepare Mixed) (G1 Evacuation Pause)
[14.104s][info][gc,task     ] GC(24) Using 13 workers of 13 for evacuation
[14.160s][info][gc,phases   ] GC(24)   Pre Evacuate Collection Set: 0.2ms
[14.160s][info][gc,phases   ] GC(24)   Merge Heap Roots: 0.1ms
[14.160s][info][gc,phases   ] GC(24)   Evacuate Collection Set: 54.4ms
[14.160s][info][gc,phases   ] GC(24)   Post Evacuate Collection Set: 0.7ms
[14.160s][info][gc,phases   ] GC(24)   Other: 0.1ms
[14.160s][info][gc,heap     ] GC(24) Eden regions: 500->0(442)
[14.160s][info][gc,heap     ] GC(24) Survivor regions: 81->73(73)
[14.160s][info][gc,heap     ] GC(24) Old regions: 979->1084
[14.160s][info][gc,heap     ] GC(24) Humongous regions: 0->0
[14.160s][info][gc,metaspace] GC(24) Metaspace: 10056K(10368K)->10056K(10368K) NonClass: 9018K(9216K)->9018K(9216K) Class: 1037K(1152K)->1037K(1152K)
[14.160s][info][gc          ] GC(24) Pause Young (Prepare Mixed) (G1 Evacuation Pause) 6238M->4628M(7168M) 55.632ms
[14.160s][info][gc,cpu      ] GC(24) User=0.47s Sys=0.02s Real=0.06s
[14.726s][info][gc,start    ] GC(25) Pause Young (Mixed) (G1 Evacuation Pause)
[14.726s][info][gc,task     ] GC(25) Using 13 workers of 13 for evacuation
[14.790s][info][gc,phases   ] GC(25)   Pre Evacuate Collection Set: 0.2ms
[14.790s][info][gc,phases   ] GC(25)   Merge Heap Roots: 0.1ms
[14.790s][info][gc,phases   ] GC(25)   Evacuate Collection Set: 62.9ms
[14.790s][info][gc,phases   ] GC(25)   Post Evacuate Collection Set: 0.6ms
[14.790s][info][gc,phases   ] GC(25)   Other: 0.1ms
[14.790s][info][gc,heap     ] GC(25) Eden regions: 442->0(431)
[14.790s][info][gc,heap     ] GC(25) Survivor regions: 73->33(65)
[14.790s][info][gc,heap     ] GC(25) Old regions: 1084->1157
[14.790s][info][gc,heap     ] GC(25) Humongous regions: 0->0
[14.790s][info][gc,metaspace] GC(25) Metaspace: 10228K(10624K)->10228K(10624K) NonClass: 9166K(9344K)->9166K(9344K) Class: 1062K(1280K)->1062K(1280K)
[14.790s][info][gc          ] GC(25) Pause Young (Mixed) (G1 Evacuation Pause) 6396M->4760M(7168M) 64.162ms
[14.790s][info][gc,cpu      ] GC(25) User=0.77s Sys=0.00s Real=0.06s
[15.715s][info][gc,start    ] GC(26) Pause Young (Concurrent Start) (G1 Evacuation Pause)
[15.715s][info][gc,task     ] GC(26) Using 13 workers of 13 for evacuation
[15.772s][info][gc,phases   ] GC(26)   Pre Evacuate Collection Set: 0.3ms
[15.772s][info][gc,phases   ] GC(26)   Merge Heap Roots: 0.1ms
[15.772s][info][gc,phases   ] GC(26)   Evacuate Collection Set: 56.0ms
[15.772s][info][gc,phases   ] GC(26)   Post Evacuate Collection Set: 0.6ms
[15.772s][info][gc,phases   ] GC(26)   Other: 0.1ms
[15.772s][info][gc,heap     ] GC(26) Eden regions: 431->0(431)
[15.772s][info][gc,heap     ] GC(26) Survivor regions: 33->24(58)
[15.772s][info][gc,heap     ] GC(26) Old regions: 1157->1188
[15.772s][info][gc,heap     ] GC(26) Humongous regions: 0->0
[15.772s][info][gc,metaspace] GC(26) Metaspace: 10254K(10624K)->10254K(10624K) NonClass: 9191K(9344K)->9191K(9344K) Class: 1063K(1280K)->1063K(1280K)
[15.772s][info][gc          ] GC(26) Pause Young (Concurrent Start) (G1 Evacuation Pause) 6484M->4844M(7168M) 57.184ms
[15.772s][info][gc          ] GC(27) Concurrent Mark Cycle
[15.772s][info][gc,cpu      ] GC(26) User=0.78s Sys=0.03s Real=0.06s
[15.772s][info][gc,marking  ] GC(27) Concurrent Scan Root Regions
[15.802s][info][gc,marking  ] GC(27) Concurrent Scan Root Regions 30.506ms
[15.802s][info][gc,marking  ] GC(27) Concurrent Mark
[15.803s][info][gc,marking  ] GC(27) Concurrent Mark From Roots
[15.803s][info][gc,task     ] GC(27) Using 3 workers of 3 for marking
[15.821s][info][gc,marking  ] GC(27) Concurrent Mark From Roots 18.359ms
[15.821s][info][gc,marking  ] GC(27) Concurrent Preclean
[15.821s][info][gc,marking  ] GC(27) Concurrent Preclean 0.071ms
[15.821s][info][gc,start    ] GC(27) Pause Remark
[15.825s][info][gc          ] GC(27) Pause Remark 4947M->4947M(7168M) 3.392ms
[15.825s][info][gc,cpu      ] GC(27) User=0.00s Sys=0.00s Real=0.00s
[15.825s][info][gc,marking  ] GC(27) Concurrent Mark 22.547ms
[15.825s][info][gc,marking  ] GC(27) Concurrent Rebuild Remembered Sets and Scrub Regions
[15.848s][info][gc,marking  ] GC(27) Concurrent Rebuild Remembered Sets and Scrub Regions 23.399ms
[15.849s][info][gc,start    ] GC(27) Pause Cleanup
[15.849s][info][gc          ] GC(27) Pause Cleanup 5029M->5029M(7168M) 0.530ms
[15.849s][info][gc,cpu      ] GC(27) User=0.00s Sys=0.00s Real=0.00s
[15.850s][info][gc,marking  ] GC(27) Concurrent Clear Claimed Marks
[15.850s][info][gc,marking  ] GC(27) Concurrent Clear Claimed Marks 0.049ms
[15.850s][info][gc,marking  ] GC(27) Concurrent Cleanup for Next Mark
[15.858s][info][gc,marking  ] GC(27) Concurrent Cleanup for Next Mark 7.799ms
[15.858s][info][gc          ] GC(27) Concurrent Mark Cycle 86.378ms
[16.234s][info][gc,start    ] GC(28) Pause Young (Prepare Mixed) (G1 Evacuation Pause)
[16.234s][info][gc,task     ] GC(28) Using 13 workers of 13 for evacuation
[16.289s][info][gc,phases   ] GC(28)   Pre Evacuate Collection Set: 0.2ms
[16.289s][info][gc,phases   ] GC(28)   Merge Heap Roots: 0.3ms
[16.289s][info][gc,phases   ] GC(28)   Evacuate Collection Set: 54.1ms
[16.289s][info][gc,phases   ] GC(28)   Post Evacuate Collection Set: 0.6ms
[16.289s][info][gc,phases   ] GC(28)   Other: 0.1ms
[16.289s][info][gc,heap     ] GC(28) Eden regions: 431->0(41)
[16.289s][info][gc,heap     ] GC(28) Survivor regions: 24->48(57)
[16.289s][info][gc,heap     ] GC(28) Old regions: 1188->1188
[16.289s][info][gc,heap     ] GC(28) Humongous regions: 0->0
[16.289s][info][gc,metaspace] GC(28) Metaspace: 10305K(10752K)->10305K(10752K) NonClass: 9233K(9472K)->9233K(9472K) Class: 1072K(1280K)->1072K(1280K)
[16.289s][info][gc          ] GC(28) Pause Young (Prepare Mixed) (G1 Evacuation Pause) 6568M->4942M(7168M) 55.715ms
[16.289s][info][gc,cpu      ] GC(28) User=0.61s Sys=0.00s Real=0.06s
[16.339s][info][gc,start    ] GC(29) Pause Young (Mixed) (G1 Evacuation Pause)
[16.339s][info][gc,task     ] GC(29) Using 13 workers of 13 for evacuation
[16.377s][info][gc,phases   ] GC(29)   Pre Evacuate Collection Set: 0.2ms
[16.377s][info][gc,phases   ] GC(29)   Merge Heap Roots: 0.2ms
[16.377s][info][gc,phases   ] GC(29)   Evacuate Collection Set: 36.7ms
[16.377s][info][gc,phases   ] GC(29)   Post Evacuate Collection Set: 0.4ms
[16.377s][info][gc,phases   ] GC(29)   Other: 0.1ms
[16.377s][info][gc,heap     ] GC(29) Eden regions: 58->0(82)
[16.377s][info][gc,heap     ] GC(29) Survivor regions: 48->7(14)
[16.377s][info][gc,heap     ] GC(29) Old regions: 1188->1235
[16.377s][info][gc,heap     ] GC(29) Humongous regions: 0->0
[16.377s][info][gc,metaspace] GC(29) Metaspace: 10305K(10752K)->10305K(10752K) NonClass: 9233K(9472K)->9233K(9472K) Class: 1072K(1280K)->1072K(1280K)
[16.377s][info][gc          ] GC(29) Pause Young (Mixed) (G1 Evacuation Pause) 5174M->4964M(7168M) 37.789ms
[16.377s][info][gc,cpu      ] GC(29) User=0.61s Sys=0.00s Real=0.04s
[16.463s][info][gc,start    ] GC(30) Pause Young (Mixed) (G1 Evacuation Pause)
[16.463s][info][gc,task     ] GC(30) Using 13 workers of 13 for evacuation
[16.479s][info][gc,phases   ] GC(30)   Pre Evacuate Collection Set: 0.2ms
[16.479s][info][gc,phases   ] GC(30)   Merge Heap Roots: 0.4ms
[16.479s][info][gc,phases   ] GC(30)   Evacuate Collection Set: 15.2ms
[16.479s][info][gc,phases   ] GC(30)   Post Evacuate Collection Set: 0.3ms
[16.479s][info][gc,phases   ] GC(30)   Other: 0.1ms
[16.479s][info][gc,heap     ] GC(30) Eden regions: 82->0(78)
[16.479s][info][gc,heap     ] GC(30) Survivor regions: 7->11(12)
[16.479s][info][gc,heap     ] GC(30) Old regions: 1235->1235
[16.479s][info][gc,heap     ] GC(30) Humongous regions: 1->1
[16.479s][info][gc,metaspace] GC(30) Metaspace: 10318K(10752K)->10318K(10752K) NonClass: 9245K(9472K)->9245K(9472K) Class: 1072K(1280K)->1072K(1280K)
[16.479s][info][gc          ] GC(30) Pause Young (Mixed) (G1 Evacuation Pause) 5296M->4984M(7168M) 16.313ms
[16.479s][info][gc,cpu      ] GC(30) User=0.20s Sys=0.00s Real=0.02s
[16.547s][info][gc,start    ] GC(31) Pause Young (Mixed) (G1 Evacuation Pause)
[16.547s][info][gc,task     ] GC(31) Using 13 workers of 13 for evacuation
[16.565s][info][gc,phases   ] GC(31)   Pre Evacuate Collection Set: 0.2ms
[16.565s][info][gc,phases   ] GC(31)   Merge Heap Roots: 0.2ms
[16.565s][info][gc,phases   ] GC(31)   Evacuate Collection Set: 17.3ms
[16.565s][info][gc,phases   ] GC(31)   Post Evacuate Collection Set: 0.4ms
[16.565s][info][gc,phases   ] GC(31)   Other: 0.1ms
[16.565s][info][gc,heap     ] GC(31) Eden regions: 78->0(420)
[16.565s][info][gc,heap     ] GC(31) Survivor regions: 11->6(12)
[16.565s][info][gc,heap     ] GC(31) Old regions: 1235->1244
[16.565s][info][gc,heap     ] GC(31) Humongous regions: 1->1
[16.565s][info][gc,metaspace] GC(31) Metaspace: 10318K(10752K)->10318K(10752K) NonClass: 9245K(9472K)->9245K(9472K) Class: 1072K(1280K)->1072K(1280K)
[16.566s][info][gc          ] GC(31) Pause Young (Mixed) (G1 Evacuation Pause) 5296M->5003M(7168M) 18.355ms
[16.566s][info][gc,cpu      ] GC(31) User=0.20s Sys=0.00s Real=0.02s
[16.973s][info][gc,start    ] GC(32) Pause Young (Mixed) (G1 Evacuation Pause)
[16.973s][info][gc,task     ] GC(32) Using 13 workers of 13 for evacuation
[17.021s][info][gc,phases   ] GC(32)   Pre Evacuate Collection Set: 0.2ms
[17.021s][info][gc,phases   ] GC(32)   Merge Heap Roots: 0.5ms
[17.021s][info][gc,phases   ] GC(32)   Evacuate Collection Set: 46.9ms
[17.021s][info][gc,phases   ] GC(32)   Post Evacuate Collection Set: 0.5ms
[17.021s][info][gc,phases   ] GC(32)   Other: 0.1ms
[17.021s][info][gc,heap     ] GC(32) Eden regions: 420->0(56)
[17.021s][info][gc,heap     ] GC(32) Survivor regions: 6->33(54)
[17.021s][info][gc,heap     ] GC(32) Old regions: 1244->1244
[17.021s][info][gc,heap     ] GC(32) Humongous regions: 3->3
[17.021s][info][gc,metaspace] GC(32) Metaspace: 10318K(10752K)->10318K(10752K) NonClass: 9245K(9472K)->9245K(9472K) Class: 1072K(1280K)->1072K(1280K)
[17.021s][info][gc          ] GC(32) Pause Young (Mixed) (G1 Evacuation Pause) 6691M->5117M(7168M) 48.387ms
[17.021s][info][gc,cpu      ] GC(32) User=0.59s Sys=0.00s Real=0.05s
[17.028s][info][gc,start    ] GC(33) Pause Young (Concurrent Start) (G1 Humongous Allocation)
[17.028s][info][gc,task     ] GC(33) Using 13 workers of 13 for evacuation
[17.055s][info][gc,phases   ] GC(33)   Pre Evacuate Collection Set: 0.2ms
[17.055s][info][gc,phases   ] GC(33)   Merge Heap Roots: 0.2ms
[17.055s][info][gc,phases   ] GC(33)   Evacuate Collection Set: 25.3ms
[17.055s][info][gc,phases   ] GC(33)   Post Evacuate Collection Set: 0.3ms
[17.055s][info][gc,phases   ] GC(33)   Other: 0.1ms
[17.055s][info][gc,heap     ] GC(33) Eden regions: 11->0(85)
[17.055s][info][gc,heap     ] GC(33) Survivor regions: 33->4(12)
[17.055s][info][gc,heap     ] GC(33) Old regions: 1244->1276
[17.055s][info][gc,heap     ] GC(33) Humongous regions: 3->3
[17.055s][info][gc,metaspace] GC(33) Metaspace: 10318K(10752K)->10318K(10752K) NonClass: 9245K(9472K)->9245K(9472K) Class: 1072K(1280K)->1072K(1280K)
[17.055s][info][gc          ] GC(33) Pause Young (Concurrent Start) (G1 Humongous Allocation) 5159M->5132M(7168M) 26.412ms
[17.055s][info][gc          ] GC(34) Concurrent Mark Cycle
[17.055s][info][gc,cpu      ] GC(33) User=0.22s Sys=0.00s Real=0.03s
[17.055s][info][gc,marking  ] GC(34) Concurrent Scan Root Regions
[17.100s][info][gc,marking  ] GC(34) Concurrent Scan Root Regions 45.254ms
[17.100s][info][gc,marking  ] GC(34) Concurrent Mark
[17.100s][info][gc,marking  ] GC(34) Concurrent Mark From Roots
[17.100s][info][gc,task     ] GC(34) Using 3 workers of 3 for marking
[17.159s][info][gc,start    ] GC(35) Pause Young (Normal) (G1 Evacuation Pause)
[17.159s][info][gc,task     ] GC(35) Using 13 workers of 13 for evacuation
[17.174s][info][gc,phases   ] GC(35)   Pre Evacuate Collection Set: 0.2ms
[17.174s][info][gc,phases   ] GC(35)   Merge Heap Roots: 0.4ms
[17.174s][info][gc,phases   ] GC(35)   Evacuate Collection Set: 13.4ms
[17.174s][info][gc,phases   ] GC(35)   Post Evacuate Collection Set: 0.4ms
[17.174s][info][gc,phases   ] GC(35)   Other: 0.1ms
[17.174s][info][gc,heap     ] GC(35) Eden regions: 85->0(81)
[17.174s][info][gc,heap     ] GC(35) Survivor regions: 4->8(12)
[17.174s][info][gc,heap     ] GC(35) Old regions: 1276->1276
[17.174s][info][gc,heap     ] GC(35) Humongous regions: 5->5
[17.174s][info][gc,metaspace] GC(35) Metaspace: 10318K(10752K)->10318K(10752K) NonClass: 9245K(9472K)->9245K(9472K) Class: 1072K(1280K)->1072K(1280K)
[17.174s][info][gc          ] GC(35) Pause Young (Normal) (G1 Evacuation Pause) 5480M->5153M(7168M) 14.565ms
[17.174s][info][gc,cpu      ] GC(35) User=0.19s Sys=0.02s Real=0.01s
[17.285s][info][gc,start    ] GC(36) Pause Young (Normal) (G1 Evacuation Pause)
[17.285s][info][gc,task     ] GC(36) Using 13 workers of 13 for evacuation
[17.304s][info][gc,phases   ] GC(36)   Pre Evacuate Collection Set: 0.3ms
[17.304s][info][gc,phases   ] GC(36)   Merge Heap Roots: 0.4ms
[17.304s][info][gc,phases   ] GC(36)   Evacuate Collection Set: 18.2ms
[17.304s][info][gc,phases   ] GC(36)   Post Evacuate Collection Set: 0.5ms
[17.304s][info][gc,phases   ] GC(36)   Other: 0.1ms
[17.304s][info][gc,heap     ] GC(36) Eden regions: 81->0(77)
[17.304s][info][gc,heap     ] GC(36) Survivor regions: 8->12(12)
[17.304s][info][gc,heap     ] GC(36) Old regions: 1276->1278
[17.304s][info][gc,heap     ] GC(36) Humongous regions: 6->6
[17.304s][info][gc,metaspace] GC(36) Metaspace: 10344K(10752K)->10344K(10752K) NonClass: 9268K(9472K)->9268K(9472K) Class: 1076K(1280K)->1076K(1280K)
[17.304s][info][gc          ] GC(36) Pause Young (Normal) (G1 Evacuation Pause) 5481M->5182M(7168M) 19.669ms
[17.304s][info][gc,cpu      ] GC(36) User=0.17s Sys=0.00s Real=0.02s
[17.333s][info][gc,marking  ] GC(34) Concurrent Mark From Roots 232.335ms
[17.333s][info][gc,marking  ] GC(34) Concurrent Preclean
[17.333s][info][gc,marking  ] GC(34) Concurrent Preclean 0.073ms
[17.333s][info][gc,start    ] GC(34) Pause Remark
[17.334s][info][gc          ] GC(34) Pause Remark 5258M->5258M(7168M) 1.334ms
[17.334s][info][gc,cpu      ] GC(34) User=0.00s Sys=0.00s Real=0.00s
[17.334s][info][gc,marking  ] GC(34) Concurrent Mark 234.130ms
[17.334s][info][gc,marking  ] GC(34) Concurrent Rebuild Remembered Sets and Scrub Regions
[17.407s][info][gc,start    ] GC(37) Pause Young (Normal) (G1 Evacuation Pause)
[17.407s][info][gc,task     ] GC(37) Using 13 workers of 13 for evacuation
[17.427s][info][gc,phases   ] GC(37)   Pre Evacuate Collection Set: 0.2ms
[17.427s][info][gc,phases   ] GC(37)   Merge Heap Roots: 0.3ms
[17.427s][info][gc,phases   ] GC(37)   Evacuate Collection Set: 18.8ms
[17.427s][info][gc,phases   ] GC(37)   Post Evacuate Collection Set: 0.4ms
[17.427s][info][gc,phases   ] GC(37)   Other: 0.1ms
[17.427s][info][gc,heap     ] GC(37) Eden regions: 77->0(79)
[17.427s][info][gc,heap     ] GC(37) Survivor regions: 12->10(12)
[17.427s][info][gc,heap     ] GC(37) Old regions: 1278->1284
[17.427s][info][gc,heap     ] GC(37) Humongous regions: 6->6
[17.427s][info][gc,metaspace] GC(37) Metaspace: 10344K(10752K)->10344K(10752K) NonClass: 9268K(9472K)->9268K(9472K) Class: 1076K(1280K)->1076K(1280K)
[17.427s][info][gc          ] GC(37) Pause Young (Normal) (G1 Evacuation Pause) 5490M->5198M(7168M) 20.010ms
[17.427s][info][gc,cpu      ] GC(37) User=0.19s Sys=0.02s Real=0.02s
[17.453s][info][gc,marking  ] GC(34) Concurrent Rebuild Remembered Sets and Scrub Regions 118.861ms
[17.453s][info][gc,start    ] GC(34) Pause Cleanup
[17.454s][info][gc          ] GC(34) Pause Cleanup 5286M->5286M(7168M) 0.424ms
[17.454s][info][gc,cpu      ] GC(34) User=0.00s Sys=0.00s Real=0.00s
[17.455s][info][gc,marking  ] GC(34) Concurrent Clear Claimed Marks
[17.456s][info][gc,marking  ] GC(34) Concurrent Clear Claimed Marks 0.076ms
[17.456s][info][gc,marking  ] GC(34) Concurrent Cleanup for Next Mark
[17.463s][info][gc,marking  ] GC(34) Concurrent Cleanup for Next Mark 7.819ms
[17.463s][info][gc          ] GC(34) Concurrent Mark Cycle 408.707ms
[17.516s][info][gc,start    ] GC(38) Pause Young (Prepare Mixed) (G1 Evacuation Pause)
[17.516s][info][gc,task     ] GC(38) Using 13 workers of 13 for evacuation
[17.536s][info][gc,phases   ] GC(38)   Pre Evacuate Collection Set: 0.1ms
[17.536s][info][gc,phases   ] GC(38)   Merge Heap Roots: 0.4ms
[17.536s][info][gc,phases   ] GC(38)   Evacuate Collection Set: 18.8ms
[17.536s][info][gc,phases   ] GC(38)   Post Evacuate Collection Set: 0.4ms
[17.536s][info][gc,phases   ] GC(38)   Other: 0.1ms
[17.536s][info][gc,heap     ] GC(38) Eden regions: 79->0(385)
[17.536s][info][gc,heap     ] GC(38) Survivor regions: 10->10(12)
[17.536s][info][gc,heap     ] GC(38) Old regions: 1284->1290
[17.536s][info][gc,heap     ] GC(38) Humongous regions: 6->6
[17.536s][info][gc,metaspace] GC(38) Metaspace: 10351K(10752K)->10351K(10752K) NonClass: 9274K(9472K)->9274K(9472K) Class: 1076K(1280K)->1076K(1280K)
[17.536s][info][gc          ] GC(38) Pause Young (Prepare Mixed) (G1 Evacuation Pause) 5514M->5218M(7168M) 20.093ms
[17.536s][info][gc,cpu      ] GC(38) User=0.20s Sys=0.00s Real=0.02s
[17.922s][info][gc,start    ] GC(39) Pause Young (Mixed) (G1 Evacuation Pause)
[17.922s][info][gc,task     ] GC(39) Using 13 workers of 13 for evacuation
[17.985s][info][gc,phases   ] GC(39)   Pre Evacuate Collection Set: 0.2ms
[17.985s][info][gc,phases   ] GC(39)   Merge Heap Roots: 1.0ms
[17.986s][info][gc,phases   ] GC(39)   Evacuate Collection Set: 61.7ms
[17.986s][info][gc,phases   ] GC(39)   Post Evacuate Collection Set: 0.6ms
[17.986s][info][gc,phases   ] GC(39)   Other: 0.1ms
[17.986s][info][gc,heap     ] GC(39) Eden regions: 385->0(48)
[17.986s][info][gc,heap     ] GC(39) Survivor regions: 10->41(50)
[17.986s][info][gc,heap     ] GC(39) Old regions: 1290->1285
[17.986s][info][gc,heap     ] GC(39) Humongous regions: 14->14
[17.986s][info][gc,metaspace] GC(39) Metaspace: 10353K(10752K)->10353K(10752K) NonClass: 9276K(9472K)->9276K(9472K) Class: 1076K(1280K)->1076K(1280K)
[17.986s][info][gc          ] GC(39) Pause Young (Mixed) (G1 Evacuation Pause) 6790M->5355M(7168M) 63.928ms
[17.986s][info][gc,cpu      ] GC(39) User=0.78s Sys=0.03s Real=0.06s
[18.054s][info][gc,start    ] GC(40) Pause Young (Concurrent Start) (G1 Evacuation Pause)
[18.054s][info][gc,task     ] GC(40) Using 13 workers of 13 for evacuation
[18.094s][info][gc,phases   ] GC(40)   Pre Evacuate Collection Set: 0.2ms
[18.094s][info][gc,phases   ] GC(40)   Merge Heap Roots: 0.2ms
[18.094s][info][gc,phases   ] GC(40)   Evacuate Collection Set: 39.1ms
[18.094s][info][gc,phases   ] GC(40)   Post Evacuate Collection Set: 0.5ms
[18.094s][info][gc,phases   ] GC(40)   Other: 0.1ms
[18.094s][info][gc,heap     ] GC(40) Eden regions: 74->0(342)
[18.094s][info][gc,heap     ] GC(40) Survivor regions: 41->7(15)
[18.094s][info][gc,heap     ] GC(40) Old regions: 1285->1325
[18.094s][info][gc,heap     ] GC(40) Humongous regions: 14->14
[18.094s][info][gc,metaspace] GC(40) Metaspace: 10353K(10752K)->10353K(10752K) NonClass: 9276K(9472K)->9276K(9472K) Class: 1076K(1280K)->1076K(1280K)
[18.094s][info][gc          ] GC(40) Pause Young (Concurrent Start) (G1 Evacuation Pause) 5651M->5382M(7168M) 40.267ms
[18.094s][info][gc          ] GC(41) Concurrent Mark Cycle
[18.094s][info][gc,cpu      ] GC(40) User=0.58s Sys=0.00s Real=0.04s
[18.094s][info][gc,marking  ] GC(41) Concurrent Scan Root Regions
[18.167s][info][gc,marking  ] GC(41) Concurrent Scan Root Regions 73.059ms
[18.167s][info][gc,marking  ] GC(41) Concurrent Mark
[18.167s][info][gc,marking  ] GC(41) Concurrent Mark From Roots
[18.167s][info][gc,task     ] GC(41) Using 3 workers of 3 for marking
[18.218s][info][gc,start    ] GC(42) Pause Young (Normal) (G1 Evacuation Pause)
[18.218s][info][gc,task     ] GC(42) Using 13 workers of 13 for evacuation
[18.237s][info][gc,phases   ] GC(42)   Pre Evacuate Collection Set: 0.3ms
[18.237s][info][gc,phases   ] GC(42)   Merge Heap Roots: 0.4ms
[18.237s][info][gc,phases   ] GC(42)   Evacuate Collection Set: 17.0ms
[18.237s][info][gc,phases   ] GC(42)   Post Evacuate Collection Set: 0.4ms
[18.237s][info][gc,phases   ] GC(42)   Other: 0.1ms
[18.237s][info][gc,heap     ] GC(42) Eden regions: 90->0(335)
[18.237s][info][gc,heap     ] GC(42) Survivor regions: 7->12(13)
[18.237s][info][gc,heap     ] GC(42) Old regions: 1325->1325
[18.237s][info][gc,heap     ] GC(42) Humongous regions: 17->17
[18.237s][info][gc,metaspace] GC(42) Metaspace: 10355K(10752K)->10355K(10752K) NonClass: 9278K(9472K)->9278K(9472K) Class: 1076K(1280K)->1076K(1280K)
[18.237s][info][gc          ] GC(42) Pause Young (Normal) (G1 Evacuation Pause) 5754M->5413M(7168M) 18.598ms
[18.237s][info][gc,cpu      ] GC(42) User=0.16s Sys=0.00s Real=0.02s
[18.362s][info][gc,start    ] GC(43) Pause Young (Normal) (G1 Evacuation Pause)
[18.362s][info][gc,task     ] GC(43) Using 13 workers of 13 for evacuation
[18.389s][info][gc,phases   ] GC(43)   Pre Evacuate Collection Set: 0.2ms
[18.389s][info][gc,phases   ] GC(43)   Merge Heap Roots: 0.5ms
[18.389s][info][gc,phases   ] GC(43)   Evacuate Collection Set: 25.8ms
[18.389s][info][gc,phases   ] GC(43)   Post Evacuate Collection Set: 0.4ms
[18.390s][info][gc,phases   ] GC(43)   Other: 0.1ms
[18.390s][info][gc,heap     ] GC(43) Eden regions: 85->0(327)
[18.390s][info][gc,heap     ] GC(43) Survivor regions: 12->9(13)
[18.390s][info][gc,heap     ] GC(43) Old regions: 1325->1336
[18.390s][info][gc,heap     ] GC(43) Humongous regions: 20->20
[18.390s][info][gc,metaspace] GC(43) Metaspace: 10355K(10752K)->10355K(10752K) NonClass: 9278K(9472K)->9278K(9472K) Class: 1076K(1280K)->1076K(1280K)
[18.390s][info][gc          ] GC(43) Pause Young (Normal) (G1 Evacuation Pause) 5765M->5459M(7168M) 27.247ms
[18.390s][info][gc,cpu      ] GC(43) User=0.34s Sys=0.00s Real=0.03s
[18.530s][info][gc,marking  ] GC(41) Concurrent Mark From Roots 363.015ms
[18.530s][info][gc,marking  ] GC(41) Concurrent Preclean
[18.530s][info][gc,marking  ] GC(41) Concurrent Preclean 0.109ms
[18.530s][info][gc,start    ] GC(41) Pause Remark
[18.532s][info][gc          ] GC(41) Pause Remark 5875M->5875M(7168M) 1.421ms
[18.532s][info][gc,cpu      ] GC(41) User=0.00s Sys=0.00s Real=0.00s
[18.533s][info][gc,marking  ] GC(41) Concurrent Mark 365.938ms
[18.533s][info][gc,marking  ] GC(41) Concurrent Rebuild Remembered Sets and Scrub Regions
[18.652s][info][gc,start    ] GC(44) Pause Young (Normal) (G1 Evacuation Pause)
[18.652s][info][gc,task     ] GC(44) Using 13 workers of 13 for evacuation
[18.689s][info][gc,phases   ] GC(44)   Pre Evacuate Collection Set: 0.2ms
[18.689s][info][gc,phases   ] GC(44)   Merge Heap Roots: 0.7ms
[18.689s][info][gc,phases   ] GC(44)   Evacuate Collection Set: 35.4ms
[18.689s][info][gc,phases   ] GC(44)   Post Evacuate Collection Set: 0.5ms
[18.689s][info][gc,phases   ] GC(44)   Other: 0.1ms
[18.689s][info][gc,heap     ] GC(44) Eden regions: 194->0(294)
[18.689s][info][gc,heap     ] GC(44) Survivor regions: 9->25(26)
[18.689s][info][gc,heap     ] GC(44) Old regions: 1336->1336
[18.689s][info][gc,heap     ] GC(44) Humongous regions: 21->21
[18.689s][info][gc,metaspace] GC(44) Metaspace: 10355K(10752K)->10355K(10752K) NonClass: 9278K(9472K)->9278K(9472K) Class: 1076K(1280K)->1076K(1280K)
[18.689s][info][gc          ] GC(44) Pause Young (Normal) (G1 Evacuation Pause) 6239M->5524M(7168M) 37.045ms
[18.689s][info][gc,cpu      ] GC(44) User=0.58s Sys=0.00s Real=0.04s
[18.746s][info][gc,marking  ] GC(41) Concurrent Rebuild Remembered Sets and Scrub Regions 212.927ms
[18.746s][info][gc,start    ] GC(41) Pause Cleanup
[18.747s][info][gc          ] GC(41) Pause Cleanup 5704M->5704M(7168M) 0.467ms
[18.747s][info][gc,cpu      ] GC(41) User=0.00s Sys=0.00s Real=0.00s
[18.747s][info][gc,marking  ] GC(41) Concurrent Clear Claimed Marks
[18.747s][info][gc,marking  ] GC(41) Concurrent Clear Claimed Marks 0.050ms
[18.747s][info][gc,marking  ] GC(41) Concurrent Cleanup for Next Mark
[18.755s][info][gc,marking  ] GC(41) Concurrent Cleanup for Next Mark 7.940ms
[18.755s][info][gc          ] GC(41) Concurrent Mark Cycle 661.695ms
[18.979s][info][gc,start    ] GC(45) Pause Young (Prepare Mixed) (G1 Evacuation Pause)
[18.979s][info][gc,task     ] GC(45) Using 13 workers of 13 for evacuation
[19.031s][info][gc,phases   ] GC(45)   Pre Evacuate Collection Set: 0.2ms
[19.031s][info][gc,phases   ] GC(45)   Merge Heap Roots: 0.5ms
[19.031s][info][gc,phases   ] GC(45)   Evacuate Collection Set: 50.7ms
[19.031s][info][gc,phases   ] GC(45)   Post Evacuate Collection Set: 0.5ms
[19.031s][info][gc,phases   ] GC(45)   Other: 0.1ms
[19.031s][info][gc,heap     ] GC(45) Eden regions: 294->0(261)
[19.031s][info][gc,heap     ] GC(45) Survivor regions: 25->37(40)
[19.031s][info][gc,heap     ] GC(45) Old regions: 1336->1345
[19.031s][info][gc,heap     ] GC(45) Humongous regions: 21->21
[19.031s][info][gc,metaspace] GC(45) Metaspace: 10355K(10752K)->10355K(10752K) NonClass: 9278K(9472K)->9278K(9472K) Class: 1076K(1280K)->1076K(1280K)
[19.031s][info][gc          ] GC(45) Pause Young (Prepare Mixed) (G1 Evacuation Pause) 6700M->5609M(7168M) 52.345ms
[19.031s][info][gc,cpu      ] GC(45) User=0.77s Sys=0.02s Real=0.05s
[19.291s][info][gc,start    ] GC(46) Pause Young (Mixed) (G1 Evacuation Pause)
[19.291s][info][gc,task     ] GC(46) Using 13 workers of 13 for evacuation
[19.348s][info][gc,phases   ] GC(46)   Pre Evacuate Collection Set: 0.3ms
[19.348s][info][gc,phases   ] GC(46)   Merge Heap Roots: 0.3ms
[19.348s][info][gc,phases   ] GC(46)   Evacuate Collection Set: 55.8ms
[19.348s][info][gc,phases   ] GC(46)   Post Evacuate Collection Set: 0.5ms
[19.348s][info][gc,phases   ] GC(46)   Other: 0.1ms
[19.348s][info][gc,heap     ] GC(46) Eden regions: 261->0(258)
[19.348s][info][gc,heap     ] GC(46) Survivor regions: 37->35(38)
[19.348s][info][gc,heap     ] GC(46) Old regions: 1345->1352
[19.348s][info][gc,heap     ] GC(46) Humongous regions: 21->21
[19.348s][info][gc,metaspace] GC(46) Metaspace: 10389K(10816K)->10389K(10816K) NonClass: 9312K(9536K)->9312K(9536K) Class: 1076K(1280K)->1076K(1280K)
[19.349s][info][gc          ] GC(46) Pause Young (Mixed) (G1 Evacuation Pause) 6653M->5631M(7168M) 57.414ms
[19.349s][info][gc,cpu      ] GC(46) User=0.80s Sys=0.00s Real=0.06s
[19.349s][info][gc,start    ] GC(47) Pause Young (Concurrent Start) (G1 Humongous Allocation)
[19.349s][info][gc,task     ] GC(47) Using 13 workers of 13 for evacuation
[19.372s][info][gc,phases   ] GC(47)   Pre Evacuate Collection Set: 0.2ms
[19.372s][info][gc,phases   ] GC(47)   Merge Heap Roots: 0.1ms
[19.372s][info][gc,phases   ] GC(47)   Evacuate Collection Set: 22.9ms
[19.372s][info][gc,phases   ] GC(47)   Post Evacuate Collection Set: 0.4ms
[19.372s][info][gc,phases   ] GC(47)   Other: 0.1ms
[19.373s][info][gc,heap     ] GC(47) Eden regions: 4->0(273)
[19.373s][info][gc,heap     ] GC(47) Survivor regions: 35->18(37)
[19.373s][info][gc,heap     ] GC(47) Old regions: 1352->1371
[19.373s][info][gc,heap     ] GC(47) Humongous regions: 21->21
[19.373s][info][gc,metaspace] GC(47) Metaspace: 10389K(10816K)->10389K(10816K) NonClass: 9312K(9536K)->9312K(9536K) Class: 1076K(1280K)->1076K(1280K)
[19.373s][info][gc          ] GC(47) Pause Young (Concurrent Start) (G1 Humongous Allocation) 5647M->5639M(7168M) 23.745ms
[19.373s][info][gc          ] GC(48) Concurrent Mark Cycle
[19.373s][info][gc,cpu      ] GC(47) User=0.20s Sys=0.00s Real=0.02s
[19.373s][info][gc,marking  ] GC(48) Concurrent Scan Root Regions
[19.411s][info][gc,marking  ] GC(48) Concurrent Scan Root Regions 38.121ms
[19.411s][info][gc,marking  ] GC(48) Concurrent Mark
[19.411s][info][gc,marking  ] GC(48) Concurrent Mark From Roots
[19.411s][info][gc,task     ] GC(48) Using 3 workers of 3 for marking
[19.720s][info][gc,start    ] GC(49) Pause Young (Normal) (G1 Evacuation Pause)
[19.720s][info][gc,task     ] GC(49) Using 13 workers of 13 for evacuation
[19.776s][info][gc,phases   ] GC(49)   Pre Evacuate Collection Set: 0.2ms
[19.776s][info][gc,phases   ] GC(49)   Merge Heap Roots: 1.0ms
[19.776s][info][gc,phases   ] GC(49)   Evacuate Collection Set: 53.7ms
[19.776s][info][gc,phases   ] GC(49)   Post Evacuate Collection Set: 0.6ms
[19.776s][info][gc,phases   ] GC(49)   Other: 0.1ms
[19.776s][info][gc,heap     ] GC(49) Eden regions: 273->0(228)
[19.776s][info][gc,heap     ] GC(49) Survivor regions: 18->37(37)
[19.776s][info][gc,heap     ] GC(49) Old regions: 1371->1374
[19.776s][info][gc,heap     ] GC(49) Humongous regions: 25->25
[19.776s][info][gc,metaspace] GC(49) Metaspace: 10392K(10816K)->10392K(10816K) NonClass: 9315K(9536K)->9315K(9536K) Class: 1076K(1280K)->1076K(1280K)
[19.776s][info][gc          ] GC(49) Pause Young (Normal) (G1 Evacuation Pause) 6747M->5741M(7168M) 55.803ms
[19.776s][info][gc,cpu      ] GC(49) User=0.61s Sys=0.00s Real=0.06s
[19.839s][info][gc,marking  ] GC(48) Concurrent Mark From Roots 428.568ms
[19.839s][info][gc,marking  ] GC(48) Concurrent Preclean
[19.840s][info][gc,marking  ] GC(48) Concurrent Preclean 0.096ms
[19.840s][info][gc,start    ] GC(48) Pause Remark
[19.841s][info][gc          ] GC(48) Pause Remark 5973M->5957M(7168M) 1.389ms
[19.841s][info][gc,cpu      ] GC(48) User=0.00s Sys=0.00s Real=0.00s
[19.842s][info][gc,marking  ] GC(48) Concurrent Mark 431.213ms
[19.842s][info][gc,marking  ] GC(48) Concurrent Rebuild Remembered Sets and Scrub Regions
[20.041s][info][gc,start    ] GC(50) Pause Young (Normal) (G1 Evacuation Pause)
[20.041s][info][gc,task     ] GC(50) Using 13 workers of 13 for evacuation
[20.098s][info][gc,phases   ] GC(50)   Pre Evacuate Collection Set: 0.2ms
[20.098s][info][gc,phases   ] GC(50)   Merge Heap Roots: 0.5ms
[20.098s][info][gc,phases   ] GC(50)   Evacuate Collection Set: 55.2ms
[20.098s][info][gc,phases   ] GC(50)   Post Evacuate Collection Set: 0.8ms
[20.098s][info][gc,phases   ] GC(50)   Other: 0.1ms
[20.098s][info][gc,heap     ] GC(50) Eden regions: 228->0(232)
[20.098s][info][gc,heap     ] GC(50) Survivor regions: 37->17(34)
[20.098s][info][gc,heap     ] GC(50) Old regions: 1374->1412
[20.098s][info][gc,heap     ] GC(50) Humongous regions: 23->23
[20.098s][info][gc,metaspace] GC(50) Metaspace: 10392K(10816K)->10392K(10816K) NonClass: 9315K(9536K)->9315K(9536K) Class: 1076K(1280K)->1076K(1280K)
[20.098s][info][gc          ] GC(50) Pause Young (Normal) (G1 Evacuation Pause) 6645M->5805M(7168M) 57.028ms
[20.098s][info][gc,cpu      ] GC(50) User=0.81s Sys=0.00s Real=0.06s
[20.136s][info][gc,marking  ] GC(48) Concurrent Rebuild Remembered Sets and Scrub Regions 294.029ms
[20.136s][info][gc,start    ] GC(48) Pause Cleanup
[20.137s][info][gc          ] GC(48) Pause Cleanup 5957M->5957M(7168M) 0.503ms
[20.137s][info][gc,cpu      ] GC(48) User=0.00s Sys=0.00s Real=0.00s
[20.137s][info][gc,marking  ] GC(48) Concurrent Clear Claimed Marks
[20.137s][info][gc,marking  ] GC(48) Concurrent Clear Claimed Marks 0.044ms
[20.137s][info][gc,marking  ] GC(48) Concurrent Cleanup for Next Mark
[20.145s][info][gc,marking  ] GC(48) Concurrent Cleanup for Next Mark 7.827ms
[20.145s][info][gc          ] GC(48) Concurrent Mark Cycle 772.638ms
[20.332s][info][gc,start    ] GC(51) Pause Young (Prepare Mixed) (G1 Evacuation Pause)
[20.332s][info][gc,task     ] GC(51) Using 13 workers of 13 for evacuation
[20.377s][info][gc,phases   ] GC(51)   Pre Evacuate Collection Set: 0.2ms
[20.377s][info][gc,phases   ] GC(51)   Merge Heap Roots: 1.1ms
[20.377s][info][gc,phases   ] GC(51)   Evacuate Collection Set: 43.4ms
[20.377s][info][gc,phases   ] GC(51)   Post Evacuate Collection Set: 0.6ms
[20.377s][info][gc,phases   ] GC(51)   Other: 0.1ms
[20.377s][info][gc,heap     ] GC(51) Eden regions: 232->0(203)
[20.377s][info][gc,heap     ] GC(51) Survivor regions: 17->31(32)
[20.377s][info][gc,heap     ] GC(51) Old regions: 1412->1412
[20.377s][info][gc,heap     ] GC(51) Humongous regions: 24->24
[20.377s][info][gc,metaspace] GC(51) Metaspace: 10409K(10816K)->10409K(10816K) NonClass: 9332K(9536K)->9332K(9536K) Class: 1076K(1280K)->1076K(1280K)
[20.377s][info][gc          ] GC(51) Pause Young (Prepare Mixed) (G1 Evacuation Pause) 6737M->5865M(7168M) 45.611ms
[20.377s][info][gc,cpu      ] GC(51) User=0.58s Sys=0.00s Real=0.05s
[20.575s][info][gc,start    ] GC(52) Pause Young (Mixed) (G1 Evacuation Pause)
[20.575s][info][gc,task     ] GC(52) Using 13 workers of 13 for evacuation
[20.637s][info][gc,phases   ] GC(52)   Pre Evacuate Collection Set: 0.4ms
[20.637s][info][gc,phases   ] GC(52)   Merge Heap Roots: 0.5ms
[20.637s][info][gc,phases   ] GC(52)   Evacuate Collection Set: 60.3ms
[20.637s][info][gc,phases   ] GC(52)   Post Evacuate Collection Set: 0.7ms
[20.637s][info][gc,phases   ] GC(52)   Other: 0.1ms
[20.637s][info][gc,heap     ] GC(52) Eden regions: 203->0(205)
[20.637s][info][gc,heap     ] GC(52) Survivor regions: 31->29(30)
[20.637s][info][gc,heap     ] GC(52) Old regions: 1412->1411
[20.637s][info][gc,heap     ] GC(52) Humongous regions: 27->27
[20.637s][info][gc,metaspace] GC(52) Metaspace: 10412K(10816K)->10412K(10816K) NonClass: 9335K(9536K)->9335K(9536K) Class: 1076K(1280K)->1076K(1280K)
[20.637s][info][gc          ] GC(52) Pause Young (Mixed) (G1 Evacuation Pause) 6689M->5863M(7168M) 62.243ms
[20.637s][info][gc,cpu      ] GC(52) User=0.61s Sys=0.02s Real=0.06s
[20.669s][info][gc,start    ] GC(53) Pause Young (Concurrent Start) (G1 Humongous Allocation)
[20.669s][info][gc,task     ] GC(53) Using 13 workers of 13 for evacuation
[20.698s][info][gc,phases   ] GC(53)   Pre Evacuate Collection Set: 0.3ms
[20.698s][info][gc,phases   ] GC(53)   Merge Heap Roots: 0.3ms
[20.698s][info][gc,phases   ] GC(53)   Evacuate Collection Set: 27.4ms
[20.698s][info][gc,phases   ] GC(53)   Post Evacuate Collection Set: 0.8ms
[20.698s][info][gc,phases   ] GC(53)   Other: 0.1ms
[20.698s][info][gc,heap     ] GC(53) Eden regions: 28->0(210)
[20.698s][info][gc,heap     ] GC(53) Survivor regions: 29->19(30)
[20.698s][info][gc,heap     ] GC(53) Old regions: 1411->1426
[20.698s][info][gc,heap     ] GC(53) Humongous regions: 27->27
[20.698s][info][gc,metaspace] GC(53) Metaspace: 10412K(10816K)->10412K(10816K) NonClass: 9335K(9536K)->9335K(9536K) Class: 1076K(1280K)->1076K(1280K)
[20.698s][info][gc          ] GC(53) Pause Young (Concurrent Start) (G1 Humongous Allocation) 5974M->5883M(7168M) 29.269ms
[20.699s][info][gc          ] GC(54) Concurrent Mark Cycle
[20.699s][info][gc,cpu      ] GC(53) User=0.22s Sys=0.03s Real=0.03s
[20.699s][info][gc,marking  ] GC(54) Concurrent Scan Root Regions
[20.762s][info][gc,marking  ] GC(54) Concurrent Scan Root Regions 63.313ms
[20.762s][info][gc,marking  ] GC(54) Concurrent Mark
[20.762s][info][gc,marking  ] GC(54) Concurrent Mark From Roots
[20.762s][info][gc,task     ] GC(54) Using 3 workers of 3 for marking
[21.045s][info][gc,start    ] GC(55) Pause Young (Normal) (G1 Evacuation Pause)
[21.045s][info][gc,task     ] GC(55) Using 13 workers of 13 for evacuation
[21.093s][info][gc,phases   ] GC(55)   Pre Evacuate Collection Set: 0.4ms
[21.093s][info][gc,phases   ] GC(55)   Merge Heap Roots: 1.0ms
[21.093s][info][gc,phases   ] GC(55)   Evacuate Collection Set: 45.6ms
[21.093s][info][gc,phases   ] GC(55)   Post Evacuate Collection Set: 0.7ms
[21.093s][info][gc,phases   ] GC(55)   Other: 0.2ms
[21.093s][info][gc,heap     ] GC(55) Eden regions: 210->0(182)
[21.093s][info][gc,heap     ] GC(55) Survivor regions: 19->23(29)
[21.093s][info][gc,heap     ] GC(55) Old regions: 1426->1439
[21.093s][info][gc,heap     ] GC(55) Humongous regions: 34->34
[21.093s][info][gc,metaspace] GC(55) Metaspace: 10412K(10816K)->10412K(10816K) NonClass: 9335K(9536K)->9335K(9536K) Class: 1076K(1280K)->1076K(1280K)
[21.093s][info][gc          ] GC(55) Pause Young (Normal) (G1 Evacuation Pause) 6751M->5984M(7168M) 48.199ms
[21.093s][info][gc,cpu      ] GC(55) User=0.58s Sys=0.00s Real=0.05s
[21.312s][info][gc,marking  ] GC(54) Concurrent Mark From Roots 549.523ms
[21.312s][info][gc,marking  ] GC(54) Concurrent Preclean
[21.312s][info][gc,marking  ] GC(54) Concurrent Preclean 0.086ms
[21.312s][info][gc,start    ] GC(54) Pause Remark
[21.314s][info][gc          ] GC(54) Pause Remark 6545M->6521M(7168M) 1.917ms
[21.314s][info][gc,cpu      ] GC(54) User=0.00s Sys=0.00s Real=0.00s
[21.321s][info][gc,marking  ] GC(54) Concurrent Mark 558.619ms
[21.321s][info][gc,marking  ] GC(54) Concurrent Rebuild Remembered Sets and Scrub Regions
[21.417s][info][gc,start    ] GC(56) Pause Young (Normal) (G1 Evacuation Pause)
[21.417s][info][gc,task     ] GC(56) Using 13 workers of 13 for evacuation
[21.460s][info][gc,phases   ] GC(56)   Pre Evacuate Collection Set: 0.3ms
[21.460s][info][gc,phases   ] GC(56)   Merge Heap Roots: 0.6ms
[21.460s][info][gc,phases   ] GC(56)   Evacuate Collection Set: 41.1ms
[21.460s][info][gc,phases   ] GC(56)   Post Evacuate Collection Set: 0.7ms
[21.460s][info][gc,phases   ] GC(56)   Other: 0.1ms
[21.460s][info][gc,heap     ] GC(56) Eden regions: 182->0(180)
[21.460s][info][gc,heap     ] GC(56) Survivor regions: 23->14(26)
[21.460s][info][gc,heap     ] GC(56) Old regions: 1439->1462
[21.460s][info][gc,heap     ] GC(56) Humongous regions: 31->31
[21.460s][info][gc,metaspace] GC(56) Metaspace: 10413K(10816K)->10413K(10816K) NonClass: 9336K(9536K)->9336K(9536K) Class: 1076K(1280K)->1076K(1280K)
[21.460s][info][gc          ] GC(56) Pause Young (Normal) (G1 Evacuation Pause) 6700M->6024M(7168M) 43.058ms
[21.460s][info][gc,cpu      ] GC(56) User=0.50s Sys=0.00s Real=0.04s
[21.667s][info][gc,marking  ] GC(54) Concurrent Rebuild Remembered Sets and Scrub Regions 346.441ms
[21.667s][info][gc,start    ] GC(54) Pause Cleanup
[21.668s][info][gc          ] GC(54) Pause Cleanup 6606M->6606M(7168M) 0.897ms
[21.668s][info][gc,cpu      ] GC(54) User=0.00s Sys=0.00s Real=0.00s
[21.671s][info][gc,marking  ] GC(54) Concurrent Clear Claimed Marks
[21.671s][info][gc,marking  ] GC(54) Concurrent Clear Claimed Marks 0.087ms
[21.671s][info][gc,marking  ] GC(54) Concurrent Cleanup for Next Mark
[21.679s][info][gc,marking  ] GC(54) Concurrent Cleanup for Next Mark 7.982ms
[21.679s][info][gc          ] GC(54) Concurrent Mark Cycle 980.633ms
[21.719s][info][gc,start    ] GC(57) Pause Young (Prepare Mixed) (G1 Evacuation Pause)
[21.719s][info][gc,task     ] GC(57) Using 13 workers of 13 for evacuation
[21.752s][info][gc,phases   ] GC(57)   Pre Evacuate Collection Set: 0.2ms
[21.752s][info][gc,phases   ] GC(57)   Merge Heap Roots: 0.5ms
[21.752s][info][gc,phases   ] GC(57)   Evacuate Collection Set: 30.7ms
[21.752s][info][gc,phases   ] GC(57)   Post Evacuate Collection Set: 0.6ms
[21.752s][info][gc,phases   ] GC(57)   Other: 0.1ms
[21.752s][info][gc,heap     ] GC(57) Eden regions: 180->0(160)
[21.752s][info][gc,heap     ] GC(57) Survivor regions: 14->24(25)
[21.752s][info][gc,heap     ] GC(57) Old regions: 1462->1462
[21.752s][info][gc,heap     ] GC(57) Humongous regions: 31->31
[21.752s][info][gc,metaspace] GC(57) Metaspace: 10417K(10816K)->10417K(10816K) NonClass: 9340K(9536K)->9340K(9536K) Class: 1076K(1280K)->1076K(1280K)
[21.752s][info][gc          ] GC(57) Pause Young (Prepare Mixed) (G1 Evacuation Pause) 6744M->6061M(7168M) 32.478ms
[21.752s][info][gc,cpu      ] GC(57) User=0.39s Sys=0.00s Real=0.03s
[21.916s][info][gc,start    ] GC(58) Pause Young (Mixed) (G1 Evacuation Pause)
[21.916s][info][gc,task     ] GC(58) Using 13 workers of 13 for evacuation
[21.969s][info][gc,phases   ] GC(58)   Pre Evacuate Collection Set: 0.4ms
[21.969s][info][gc,phases   ] GC(58)   Merge Heap Roots: 0.5ms
[21.969s][info][gc,phases   ] GC(58)   Evacuate Collection Set: 51.4ms
[21.969s][info][gc,phases   ] GC(58)   Post Evacuate Collection Set: 0.5ms
[21.969s][info][gc,phases   ] GC(58)   Other: 0.1ms
[21.969s][info][gc,heap     ] GC(58) Eden regions: 160->0(174)
[21.969s][info][gc,heap     ] GC(58) Survivor regions: 24->21(23)
[21.969s][info][gc,heap     ] GC(58) Old regions: 1462->1454
[21.969s][info][gc,heap     ] GC(58) Humongous regions: 31->31
[21.969s][info][gc,metaspace] GC(58) Metaspace: 10417K(10816K)->10417K(10816K) NonClass: 9340K(9536K)->9340K(9536K) Class: 1076K(1280K)->1076K(1280K)
[21.969s][info][gc          ] GC(58) Pause Young (Mixed) (G1 Evacuation Pause) 6701M->6024M(7168M) 53.149ms
[21.969s][info][gc,cpu      ] GC(58) User=0.73s Sys=0.03s Real=0.05s
[21.971s][info][gc,start    ] GC(59) Pause Young (Concurrent Start) (G1 Humongous Allocation)
[21.972s][info][gc,task     ] GC(59) Using 13 workers of 13 for evacuation
[21.988s][info][gc,phases   ] GC(59)   Pre Evacuate Collection Set: 0.3ms
[21.988s][info][gc,phases   ] GC(59)   Merge Heap Roots: 0.1ms
[21.988s][info][gc,phases   ] GC(59)   Evacuate Collection Set: 15.0ms
[21.988s][info][gc,phases   ] GC(59)   Post Evacuate Collection Set: 0.5ms
[21.988s][info][gc,phases   ] GC(59)   Other: 0.1ms
[21.988s][info][gc,heap     ] GC(59) Eden regions: 3->0(181)
[21.988s][info][gc,heap     ] GC(59) Survivor regions: 21->12(25)
[21.988s][info][gc,heap     ] GC(59) Old regions: 1454->1465
[21.988s][info][gc,heap     ] GC(59) Humongous regions: 31->31
[21.988s][info][gc,metaspace] GC(59) Metaspace: 10417K(10816K)->10417K(10816K) NonClass: 9340K(9536K)->9340K(9536K) Class: 1076K(1280K)->1076K(1280K)
[21.988s][info][gc          ] GC(59) Pause Young (Concurrent Start) (G1 Humongous Allocation) 6035M->6031M(7168M) 16.305ms
[21.988s][info][gc          ] GC(60) Concurrent Mark Cycle
[21.988s][info][gc,cpu      ] GC(59) User=0.11s Sys=0.00s Real=0.02s
[21.988s][info][gc,marking  ] GC(60) Concurrent Scan Root Regions
[22.021s][info][gc,marking  ] GC(60) Concurrent Scan Root Regions 32.775ms
[22.021s][info][gc,marking  ] GC(60) Concurrent Mark
[22.021s][info][gc,marking  ] GC(60) Concurrent Mark From Roots
[22.021s][info][gc,task     ] GC(60) Using 3 workers of 3 for marking
[22.228s][info][gc,start    ] GC(61) Pause Young (Normal) (G1 Evacuation Pause)
[22.228s][info][gc,task     ] GC(61) Using 13 workers of 13 for evacuation
[22.266s][info][gc,phases   ] GC(61)   Pre Evacuate Collection Set: 0.2ms
[22.266s][info][gc,phases   ] GC(61)   Merge Heap Roots: 0.6ms
[22.266s][info][gc,phases   ] GC(61)   Evacuate Collection Set: 36.5ms
[22.266s][info][gc,phases   ] GC(61)   Post Evacuate Collection Set: 0.5ms
[22.266s][info][gc,phases   ] GC(61)   Other: 0.2ms
[22.266s][info][gc,heap     ] GC(61) Eden regions: 181->0(152)
[22.266s][info][gc,heap     ] GC(61) Survivor regions: 12->25(25)
[22.266s][info][gc,heap     ] GC(61) Old regions: 1465->1465
[22.266s][info][gc,heap     ] GC(61) Humongous regions: 34->34
[22.266s][info][gc,metaspace] GC(61) Metaspace: 10426K(10816K)->10426K(10816K) NonClass: 9349K(9536K)->9349K(9536K) Class: 1076K(1280K)->1076K(1280K)
[22.266s][info][gc          ] GC(61) Pause Young (Normal) (G1 Evacuation Pause) 6767M->6095M(7168M) 38.342ms
[22.266s][info][gc,cpu      ] GC(61) User=0.52s Sys=0.00s Real=0.04s
[22.472s][info][gc,start    ] GC(62) Pause Young (Normal) (G1 Evacuation Pause)
[22.472s][info][gc,task     ] GC(62) Using 13 workers of 13 for evacuation
[22.509s][info][gc,phases   ] GC(62)   Pre Evacuate Collection Set: 0.3ms
[22.509s][info][gc,phases   ] GC(62)   Merge Heap Roots: 0.4ms
[22.509s][info][gc,phases   ] GC(62)   Evacuate Collection Set: 36.1ms
[22.509s][info][gc,phases   ] GC(62)   Post Evacuate Collection Set: 0.6ms
[22.509s][info][gc,phases   ] GC(62)   Other: 0.1ms
[22.509s][info][gc,heap     ] GC(62) Eden regions: 152->0(155)
[22.509s][info][gc,heap     ] GC(62) Survivor regions: 25->11(23)
[22.509s][info][gc,heap     ] GC(62) Old regions: 1465->1489
[22.509s][info][gc,heap     ] GC(62) Humongous regions: 35->35
[22.509s][info][gc,metaspace] GC(62) Metaspace: 10428K(10816K)->10428K(10816K) NonClass: 9351K(9536K)->9351K(9536K) Class: 1076K(1280K)->1076K(1280K)
[22.509s][info][gc          ] GC(62) Pause Young (Normal) (G1 Evacuation Pause) 6707M->6134M(7168M) 37.706ms
[22.509s][info][gc,cpu      ] GC(62) User=0.34s Sys=0.00s Real=0.04s
[22.655s][info][gc,marking  ] GC(60) Concurrent Mark From Roots 634.714ms
[22.655s][info][gc,marking  ] GC(60) Concurrent Preclean
[22.656s][info][gc,marking  ] GC(60) Concurrent Preclean 0.059ms
[22.656s][info][gc,start    ] GC(60) Pause Remark
[22.657s][info][gc          ] GC(60) Pause Remark 6585M->6557M(7168M) 1.392ms
[22.657s][info][gc,cpu      ] GC(60) User=0.00s Sys=0.00s Real=0.00s
[22.659s][info][gc,marking  ] GC(60) Concurrent Mark 637.893ms
[22.659s][info][gc,marking  ] GC(60) Concurrent Rebuild Remembered Sets and Scrub Regions
[22.713s][info][gc,start    ] GC(63) Pause Young (Normal) (G1 Evacuation Pause)
[22.713s][info][gc,task     ] GC(63) Using 13 workers of 13 for evacuation
[22.744s][info][gc,phases   ] GC(63)   Pre Evacuate Collection Set: 0.2ms
[22.744s][info][gc,phases   ] GC(63)   Merge Heap Roots: 0.6ms
[22.744s][info][gc,phases   ] GC(63)   Evacuate Collection Set: 29.6ms
[22.744s][info][gc,phases   ] GC(63)   Post Evacuate Collection Set: 0.6ms
[22.744s][info][gc,phases   ] GC(63)   Other: 0.1ms
[22.744s][info][gc,heap     ] GC(63) Eden regions: 155->0(138)
[22.744s][info][gc,heap     ] GC(63) Survivor regions: 11->21(21)
[22.744s][info][gc,heap     ] GC(63) Old regions: 1489->1490
[22.744s][info][gc,heap     ] GC(63) Humongous regions: 31->31
[22.744s][info][gc,metaspace] GC(63) Metaspace: 10443K(10816K)->10443K(10816K) NonClass: 9366K(9536K)->9366K(9536K) Class: 1076K(1280K)->1076K(1280K)
[22.745s][info][gc          ] GC(63) Pause Young (Normal) (G1 Evacuation Pause) 6738M->6165M(7168M) 31.276ms
[22.745s][info][gc,cpu      ] GC(63) User=0.39s Sys=0.00s Real=0.03s
[22.918s][info][gc,start    ] GC(64) Pause Young (Normal) (G1 Evacuation Pause)
[22.918s][info][gc,task     ] GC(64) Using 13 workers of 13 for evacuation
[22.957s][info][gc,phases   ] GC(64)   Pre Evacuate Collection Set: 0.3ms
[22.957s][info][gc,phases   ] GC(64)   Merge Heap Roots: 0.6ms
[22.957s][info][gc,phases   ] GC(64)   Evacuate Collection Set: 37.9ms
[22.957s][info][gc,phases   ] GC(64)   Post Evacuate Collection Set: 0.7ms
[22.957s][info][gc,phases   ] GC(64)   Other: 0.1ms
[22.957s][info][gc,heap     ] GC(64) Eden regions: 138->0(133)
[22.957s][info][gc,heap     ] GC(64) Survivor regions: 21->12(20)
[22.957s][info][gc,heap     ] GC(64) Old regions: 1490->1511
[22.957s][info][gc,heap     ] GC(64) Humongous regions: 33->33
[22.957s][info][gc,metaspace] GC(64) Metaspace: 10453K(10880K)->10453K(10880K) NonClass: 9376K(9600K)->9376K(9600K) Class: 1076K(1280K)->1076K(1280K)
[22.957s][info][gc          ] GC(64) Pause Young (Normal) (G1 Evacuation Pause) 6725M->6219M(7168M) 39.799ms
[22.957s][info][gc,cpu      ] GC(64) User=0.59s Sys=0.00s Real=0.04s
[23.079s][info][gc,marking  ] GC(60) Concurrent Rebuild Remembered Sets and Scrub Regions 420.233ms
[23.079s][info][gc,start    ] GC(60) Pause Cleanup
[23.080s][info][gc          ] GC(60) Pause Cleanup 6643M->6643M(7168M) 0.744ms
[23.080s][info][gc,cpu      ] GC(60) User=0.00s Sys=0.00s Real=0.00s
[23.080s][info][gc,marking  ] GC(60) Concurrent Clear Claimed Marks
[23.080s][info][gc,marking  ] GC(60) Concurrent Clear Claimed Marks 0.056ms
[23.080s][info][gc,marking  ] GC(60) Concurrent Cleanup for Next Mark
[23.088s][info][gc,marking  ] GC(60) Concurrent Cleanup for Next Mark 7.611ms
[23.088s][info][gc          ] GC(60) Concurrent Mark Cycle 1100.451ms
[23.112s][info][gc,start    ] GC(65) Pause Young (Prepare Mixed) (G1 Evacuation Pause)
[23.112s][info][gc,task     ] GC(65) Using 13 workers of 13 for evacuation
[23.145s][info][gc,phases   ] GC(65)   Pre Evacuate Collection Set: 0.2ms
[23.145s][info][gc,phases   ] GC(65)   Merge Heap Roots: 0.8ms
[23.145s][info][gc,phases   ] GC(65)   Evacuate Collection Set: 32.1ms
[23.145s][info][gc,phases   ] GC(65)   Post Evacuate Collection Set: 0.5ms
[23.146s][info][gc,phases   ] GC(65)   Other: 0.1ms
[23.146s][info][gc,heap     ] GC(65) Eden regions: 133->0(119)
[23.146s][info][gc,heap     ] GC(65) Survivor regions: 12->13(19)
[23.146s][info][gc,heap     ] GC(65) Old regions: 1511->1522
[23.146s][info][gc,heap     ] GC(65) Humongous regions: 34->34
[23.146s][info][gc,metaspace] GC(65) Metaspace: 10453K(10880K)->10453K(10880K) NonClass: 9376K(9600K)->9376K(9600K) Class: 1076K(1280K)->1076K(1280K)
[23.146s][info][gc          ] GC(65) Pause Young (Prepare Mixed) (G1 Evacuation Pause) 6755M->6274M(7168M) 33.960ms
[23.146s][info][gc,cpu      ] GC(65) User=0.39s Sys=0.02s Real=0.03s
[23.290s][info][gc,start    ] GC(66) Pause Young (Mixed) (G1 Evacuation Pause)
[23.290s][info][gc,task     ] GC(66) Using 13 workers of 13 for evacuation
[23.343s][info][gc,phases   ] GC(66)   Pre Evacuate Collection Set: 0.2ms
[23.343s][info][gc,phases   ] GC(66)   Merge Heap Roots: 0.9ms
[23.343s][info][gc,phases   ] GC(66)   Evacuate Collection Set: 51.0ms
[23.343s][info][gc,phases   ] GC(66)   Post Evacuate Collection Set: 0.4ms
[23.343s][info][gc,phases   ] GC(66)   Other: 0.1ms
[23.343s][info][gc,heap     ] GC(66) Eden regions: 119->0(132)
[23.343s][info][gc,heap     ] GC(66) Survivor regions: 13->10(17)
[23.343s][info][gc,heap     ] GC(66) Old regions: 1522->1512
[23.343s][info][gc,heap     ] GC(66) Humongous regions: 37->37
[23.343s][info][gc,metaspace] GC(66) Metaspace: 10462K(10880K)->10462K(10880K) NonClass: 9386K(9600K)->9386K(9600K) Class: 1076K(1280K)->1076K(1280K)
[23.343s][info][gc          ] GC(66) Pause Young (Mixed) (G1 Evacuation Pause) 6762M->6233M(7168M) 52.923ms
[23.343s][info][gc,cpu      ] GC(66) User=0.77s Sys=0.00s Real=0.05s
[23.483s][info][gc,start    ] GC(67) Pause Young (Concurrent Start) (G1 Evacuation Pause)
[23.483s][info][gc,task     ] GC(67) Using 13 workers of 13 for evacuation
[23.507s][info][gc,phases   ] GC(67)   Pre Evacuate Collection Set: 0.3ms
[23.507s][info][gc,phases   ] GC(67)   Merge Heap Roots: 0.3ms
[23.507s][info][gc,phases   ] GC(67)   Evacuate Collection Set: 22.1ms
[23.507s][info][gc,phases   ] GC(67)   Post Evacuate Collection Set: 0.5ms
[23.507s][info][gc,phases   ] GC(67)   Other: 0.1ms
[23.507s][info][gc,heap     ] GC(67) Eden regions: 132->0(116)
[23.507s][info][gc,heap     ] GC(67) Survivor regions: 10->18(18)
[23.507s][info][gc,heap     ] GC(67) Old regions: 1512->1512
[23.507s][info][gc,heap     ] GC(67) Humongous regions: 37->37
[23.507s][info][gc,metaspace] GC(67) Metaspace: 10462K(10880K)->10462K(10880K) NonClass: 9386K(9600K)->9386K(9600K) Class: 1076K(1280K)->1076K(1280K)
[23.507s][info][gc          ] GC(67) Pause Young (Concurrent Start) (G1 Evacuation Pause) 6761M->6265M(7168M) 23.575ms
[23.507s][info][gc          ] GC(68) Concurrent Mark Cycle
[23.507s][info][gc,cpu      ] GC(67) User=0.20s Sys=0.00s Real=0.02s
[23.507s][info][gc,marking  ] GC(68) Concurrent Scan Root Regions
[23.541s][info][gc,marking  ] GC(68) Concurrent Scan Root Regions 33.843ms
[23.541s][info][gc,marking  ] GC(68) Concurrent Mark
[23.541s][info][gc,marking  ] GC(68) Concurrent Mark From Roots
[23.541s][info][gc,task     ] GC(68) Using 3 workers of 3 for marking
[23.662s][info][gc,start    ] GC(69) Pause Young (Normal) (G1 Evacuation Pause)
[23.662s][info][gc,task     ] GC(69) Using 13 workers of 13 for evacuation
[23.697s][info][gc,phases   ] GC(69)   Pre Evacuate Collection Set: 0.2ms
[23.697s][info][gc,phases   ] GC(69)   Merge Heap Roots: 0.7ms
[23.697s][info][gc,phases   ] GC(69)   Evacuate Collection Set: 32.8ms
[23.697s][info][gc,phases   ] GC(69)   Post Evacuate Collection Set: 0.5ms
[23.697s][info][gc,phases   ] GC(69)   Other: 0.1ms
[23.697s][info][gc,heap     ] GC(69) Eden regions: 116->0(102)
[23.697s][info][gc,heap     ] GC(69) Survivor regions: 18->17(17)
[23.697s][info][gc,heap     ] GC(69) Old regions: 1512->1523
[23.697s][info][gc,heap     ] GC(69) Humongous regions: 42->42
[23.697s][info][gc,metaspace] GC(69) Metaspace: 10462K(10880K)->10462K(10880K) NonClass: 9386K(9600K)->9386K(9600K) Class: 1076K(1280K)->1076K(1280K)
[23.697s][info][gc          ] GC(69) Pause Young (Normal) (G1 Evacuation Pause) 6749M->6327M(7168M) 34.469ms
[23.697s][info][gc,cpu      ] GC(69) User=0.39s Sys=0.00s Real=0.03s
[23.818s][info][gc,start    ] GC(70) Pause Young (Normal) (G1 Evacuation Pause)
[23.818s][info][gc,task     ] GC(70) Using 13 workers of 13 for evacuation
[23.846s][info][gc,phases   ] GC(70)   Pre Evacuate Collection Set: 0.1ms
[23.846s][info][gc,phases   ] GC(70)   Merge Heap Roots: 0.4ms
[23.846s][info][gc,phases   ] GC(70)   Evacuate Collection Set: 27.5ms
[23.846s][info][gc,phases   ] GC(70)   Post Evacuate Collection Set: 0.4ms
[23.846s][info][gc,phases   ] GC(70)   Other: 0.1ms
[23.846s][info][gc,heap     ] GC(70) Eden regions: 102->0(100)
[23.846s][info][gc,heap     ] GC(70) Survivor regions: 17->9(15)
[23.846s][info][gc,heap     ] GC(70) Old regions: 1523->1541
[23.846s][info][gc,heap     ] GC(70) Humongous regions: 42->42
[23.846s][info][gc,metaspace] GC(70) Metaspace: 10462K(10880K)->10462K(10880K) NonClass: 9386K(9600K)->9386K(9600K) Class: 1076K(1280K)->1076K(1280K)
[23.846s][info][gc          ] GC(70) Pause Young (Normal) (G1 Evacuation Pause) 6735M->6365M(7168M) 28.688ms
[23.846s][info][gc,cpu      ] GC(70) User=0.41s Sys=0.00s Real=0.03s
[23.976s][info][gc,start    ] GC(71) Pause Young (Normal) (G1 Evacuation Pause)
[23.976s][info][gc,task     ] GC(71) Using 13 workers of 13 for evacuation
[24.001s][info][gc,phases   ] GC(71)   Pre Evacuate Collection Set: 0.2ms
[24.001s][info][gc,phases   ] GC(71)   Merge Heap Roots: 0.5ms
[24.001s][info][gc,phases   ] GC(71)   Evacuate Collection Set: 23.9ms
[24.001s][info][gc,phases   ] GC(71)   Post Evacuate Collection Set: 0.5ms
[24.001s][info][gc,phases   ] GC(71)   Other: 0.1ms
[24.001s][info][gc,heap     ] GC(71) Eden regions: 100->0(81)
[24.001s][info][gc,heap     ] GC(71) Survivor regions: 9->14(14)
[24.001s][info][gc,heap     ] GC(71) Old regions: 1541->1546
[24.001s][info][gc,heap     ] GC(71) Humongous regions: 46->46
[24.001s][info][gc,metaspace] GC(71) Metaspace: 10474K(10880K)->10474K(10880K) NonClass: 9397K(9600K)->9397K(9600K) Class: 1077K(1280K)->1077K(1280K)
[24.002s][info][gc          ] GC(71) Pause Young (Normal) (G1 Evacuation Pause) 6781M->6423M(7168M) 25.479ms
[24.002s][info][gc,cpu      ] GC(71) User=0.39s Sys=0.00s Real=0.02s
[24.101s][info][gc,start    ] GC(72) Pause Young (Normal) (G1 Evacuation Pause)
[24.101s][info][gc,task     ] GC(72) Using 13 workers of 13 for evacuation
[24.127s][info][gc,phases   ] GC(72)   Pre Evacuate Collection Set: 0.2ms
[24.127s][info][gc,phases   ] GC(72)   Merge Heap Roots: 0.5ms
[24.127s][info][gc,phases   ] GC(72)   Evacuate Collection Set: 25.0ms
[24.127s][info][gc,phases   ] GC(72)   Post Evacuate Collection Set: 0.3ms
[24.127s][info][gc,phases   ] GC(72)   Other: 0.1ms
[24.127s][info][gc,heap     ] GC(72) Eden regions: 81->0(80)
[24.127s][info][gc,heap     ] GC(72) Survivor regions: 14->9(12)
[24.127s][info][gc,heap     ] GC(72) Old regions: 1546->1561
[24.127s][info][gc,heap     ] GC(72) Humongous regions: 46->46
[24.127s][info][gc,metaspace] GC(72) Metaspace: 10474K(10880K)->10474K(10880K) NonClass: 9397K(9600K)->9397K(9600K) Class: 1077K(1280K)->1077K(1280K)
[24.127s][info][gc          ] GC(72) Pause Young (Normal) (G1 Evacuation Pause) 6747M->6462M(7168M) 26.317ms
[24.127s][info][gc,cpu      ] GC(72) User=0.39s Sys=0.00s Real=0.03s
[24.235s][info][gc,start    ] GC(73) Pause Young (Normal) (G1 Evacuation Pause)
[24.235s][info][gc,task     ] GC(73) Using 13 workers of 13 for evacuation
[24.259s][info][gc,phases   ] GC(73)   Pre Evacuate Collection Set: 0.2ms
[24.259s][info][gc,phases   ] GC(73)   Merge Heap Roots: 0.6ms
[24.259s][info][gc,phases   ] GC(73)   Evacuate Collection Set: 22.6ms
[24.259s][info][gc,phases   ] GC(73)   Post Evacuate Collection Set: 0.4ms
[24.259s][info][gc,phases   ] GC(73)   Other: 0.1ms
[24.260s][info][gc,heap     ] GC(73) Eden regions: 80->0(80)
[24.260s][info][gc,heap     ] GC(73) Survivor regions: 9->9(12)
[24.260s][info][gc,heap     ] GC(73) Old regions: 1561->1570
[24.260s][info][gc,heap     ] GC(73) Humongous regions: 51->51
[24.260s][info][gc,metaspace] GC(73) Metaspace: 10476K(10880K)->10476K(10880K) NonClass: 9398K(9600K)->9398K(9600K) Class: 1077K(1280K)->1077K(1280K)
[24.260s][info][gc          ] GC(73) Pause Young (Normal) (G1 Evacuation Pause) 6802M->6516M(7168M) 24.210ms
[24.260s][info][gc,cpu      ] GC(73) User=0.20s Sys=0.00s Real=0.02s
[24.371s][info][gc,start    ] GC(74) Pause Young (Normal) (G1 Evacuation Pause)
[24.371s][info][gc,task     ] GC(74) Using 13 workers of 13 for evacuation
[24.393s][info][gc,phases   ] GC(74)   Pre Evacuate Collection Set: 0.2ms
[24.393s][info][gc,phases   ] GC(74)   Merge Heap Roots: 0.5ms
[24.393s][info][gc,phases   ] GC(74)   Evacuate Collection Set: 20.8ms
[24.393s][info][gc,phases   ] GC(74)   Post Evacuate Collection Set: 0.4ms
[24.393s][info][gc,phases   ] GC(74)   Other: 0.1ms
[24.393s][info][gc,heap     ] GC(74) Eden regions: 80->0(81)
[24.393s][info][gc,heap     ] GC(74) Survivor regions: 9->8(12)
[24.393s][info][gc,heap     ] GC(74) Old regions: 1570->1578
[24.393s][info][gc,heap     ] GC(74) Humongous regions: 54->54
[24.393s][info][gc,metaspace] GC(74) Metaspace: 10476K(10880K)->10476K(10880K) NonClass: 9399K(9600K)->9399K(9600K) Class: 1077K(1280K)->1077K(1280K)
[24.393s][info][gc          ] GC(74) Pause Young (Normal) (G1 Evacuation Pause) 6848M->6558M(7168M) 22.331ms
[24.393s][info][gc,cpu      ] GC(74) User=0.39s Sys=0.00s Real=0.02s
[24.412s][info][gc,marking  ] GC(68) Concurrent Mark From Roots 871.422ms
[24.412s][info][gc,marking  ] GC(68) Concurrent Preclean
[24.412s][info][gc,marking  ] GC(68) Concurrent Preclean 0.084ms
[24.413s][info][gc,start    ] GC(68) Pause Remark
[24.414s][info][gc          ] GC(68) Pause Remark 6625M->6601M(7168M) 1.173ms
[24.414s][info][gc,cpu      ] GC(68) User=0.00s Sys=0.00s Real=0.00s
[24.414s][info][gc,marking  ] GC(68) Concurrent Mark 873.372ms
[24.414s][info][gc,marking  ] GC(68) Concurrent Rebuild Remembered Sets and Scrub Regions
[24.492s][info][gc,start    ] GC(75) Pause Young (Normal) (G1 Evacuation Pause)
[24.492s][info][gc,task     ] GC(75) Using 13 workers of 13 for evacuation
[24.511s][info][gc,phases   ] GC(75)   Pre Evacuate Collection Set: 0.2ms
[24.511s][info][gc,phases   ] GC(75)   Merge Heap Roots: 0.3ms
[24.511s][info][gc,phases   ] GC(75)   Evacuate Collection Set: 17.6ms
[24.511s][info][gc,phases   ] GC(75)   Post Evacuate Collection Set: 0.6ms
[24.511s][info][gc,phases   ] GC(75)   Other: 0.1ms
[24.511s][info][gc,heap     ] GC(75) Eden regions: 81->0(82)
[24.511s][info][gc,heap     ] GC(75) Survivor regions: 8->7(12)
[24.511s][info][gc,heap     ] GC(75) Old regions: 1578->1586
[24.511s][info][gc,heap     ] GC(75) Humongous regions: 48->48
[24.511s][info][gc,metaspace] GC(75) Metaspace: 10476K(10880K)->10476K(10880K) NonClass: 9399K(9600K)->9399K(9600K) Class: 1077K(1280K)->1077K(1280K)
[24.511s][info][gc          ] GC(75) Pause Young (Normal) (G1 Evacuation Pause) 6858M->6559M(7168M) 19.020ms
[24.511s][info][gc,cpu      ] GC(75) User=0.20s Sys=0.00s Real=0.02s
[24.615s][info][gc,start    ] GC(76) Pause Young (Normal) (G1 Evacuation Pause)
[24.616s][info][gc,task     ] GC(76) Using 13 workers of 13 for evacuation
[24.640s][info][gc,phases   ] GC(76)   Pre Evacuate Collection Set: 0.1ms
[24.640s][info][gc,phases   ] GC(76)   Merge Heap Roots: 1.1ms
[24.640s][info][gc,phases   ] GC(76)   Evacuate Collection Set: 22.8ms
[24.640s][info][gc,phases   ] GC(76)   Post Evacuate Collection Set: 0.7ms
[24.640s][info][gc,phases   ] GC(76)   Other: 0.1ms
[24.640s][info][gc,heap     ] GC(76) Eden regions: 82->0(77)
[24.640s][info][gc,heap     ] GC(76) Survivor regions: 7->12(12)
[24.640s][info][gc,heap     ] GC(76) Old regions: 1586->1589
[24.640s][info][gc,heap     ] GC(76) Humongous regions: 50->50
[24.640s][info][gc,metaspace] GC(76) Metaspace: 10476K(10880K)->10476K(10880K) NonClass: 9399K(9600K)->9399K(9600K) Class: 1077K(1280K)->1077K(1280K)
[24.640s][info][gc          ] GC(76) Pause Young (Normal) (G1 Evacuation Pause) 6895M->6602M(7168M) 25.011ms
[24.640s][info][gc,cpu      ] GC(76) User=0.41s Sys=0.00s Real=0.03s
[24.727s][info][gc,start    ] GC(77) Pause Young (Normal) (G1 Evacuation Pause)
[24.727s][info][gc,task     ] GC(77) Using 13 workers of 13 for evacuation
[24.752s][info][gc,phases   ] GC(77)   Pre Evacuate Collection Set: 0.2ms
[24.753s][info][gc,phases   ] GC(77)   Merge Heap Roots: 0.4ms
[24.753s][info][gc,phases   ] GC(77)   Evacuate Collection Set: 24.5ms
[24.753s][info][gc,phases   ] GC(77)   Post Evacuate Collection Set: 0.7ms
[24.753s][info][gc,phases   ] GC(77)   Other: 0.1ms
[24.753s][info][gc,heap     ] GC(77) Eden regions: 77->0(82)
[24.753s][info][gc,heap     ] GC(77) Survivor regions: 12->7(12)
[24.753s][info][gc,heap     ] GC(77) Old regions: 1589->1602
[24.753s][info][gc,heap     ] GC(77) Humongous regions: 50->50
[24.753s][info][gc,metaspace] GC(77) Metaspace: 10476K(10880K)->10476K(10880K) NonClass: 9399K(9600K)->9399K(9600K) Class: 1077K(1280K)->1077K(1280K)
[24.753s][info][gc          ] GC(77) Pause Young (Normal) (G1 Evacuation Pause) 6910M->6629M(7168M) 26.022ms
[24.753s][info][gc,cpu      ] GC(77) User=0.38s Sys=0.02s Real=0.03s
[24.846s][info][gc,start    ] GC(78) Pause Young (Normal) (G1 Evacuation Pause)
[24.846s][info][gc,task     ] GC(78) Using 13 workers of 13 for evacuation
[24.869s][info][gc,phases   ] GC(78)   Pre Evacuate Collection Set: 0.1ms
[24.869s][info][gc,phases   ] GC(78)   Merge Heap Roots: 0.8ms
[24.869s][info][gc,phases   ] GC(78)   Evacuate Collection Set: 21.4ms
[24.869s][info][gc,phases   ] GC(78)   Post Evacuate Collection Set: 0.6ms
[24.869s][info][gc,phases   ] GC(78)   Other: 0.1ms
[24.869s][info][gc,heap     ] GC(78) Eden regions: 82->0(77)
[24.869s][info][gc,heap     ] GC(78) Survivor regions: 7->12(12)
[24.869s][info][gc,heap     ] GC(78) Old regions: 1602->1602
[24.869s][info][gc,heap     ] GC(78) Humongous regions: 50->50
[24.869s][info][gc,metaspace] GC(78) Metaspace: 10476K(10880K)->10476K(10880K) NonClass: 9399K(9600K)->9399K(9600K) Class: 1077K(1280K)->1077K(1280K)
[24.870s][info][gc          ] GC(78) Pause Young (Normal) (G1 Evacuation Pause) 6957M->6652M(7168M) 23.232ms
[24.870s][info][gc,cpu      ] GC(78) User=0.20s Sys=0.00s Real=0.02s
[24.958s][info][gc,start    ] GC(79) Pause Young (Normal) (G1 Evacuation Pause)
[24.958s][info][gc,task     ] GC(79) Using 13 workers of 13 for evacuation
[24.987s][info][gc,phases   ] GC(79)   Pre Evacuate Collection Set: 0.2ms
[24.987s][info][gc,phases   ] GC(79)   Merge Heap Roots: 0.5ms
[24.987s][info][gc,phases   ] GC(79)   Evacuate Collection Set: 26.8ms
[24.987s][info][gc,phases   ] GC(79)   Post Evacuate Collection Set: 0.7ms
[24.987s][info][gc,phases   ] GC(79)   Other: 0.1ms
[24.987s][info][gc,heap     ] GC(79) Eden regions: 77->0(83)
[24.987s][info][gc,heap     ] GC(79) Survivor regions: 12->6(12)
[24.987s][info][gc,heap     ] GC(79) Old regions: 1602->1613
[24.987s][info][gc,heap     ] GC(79) Humongous regions: 51->51
[24.987s][info][gc,metaspace] GC(79) Metaspace: 10476K(10880K)->10476K(10880K) NonClass: 9399K(9600K)->9399K(9600K) Class: 1077K(1280K)->1077K(1280K)
[24.987s][info][gc          ] GC(79) Pause Young (Normal) (G1 Evacuation Pause) 6964M->6679M(7168M) 28.474ms
[24.987s][info][gc,cpu      ] GC(79) User=0.38s Sys=0.00s Real=0.03s
[25.051s][info][gc,marking  ] GC(68) Concurrent Rebuild Remembered Sets and Scrub Regions 636.901ms
[25.051s][info][gc,start    ] GC(68) Pause Cleanup
[25.052s][info][gc          ] GC(68) Pause Cleanup 6905M->6905M(7168M) 0.637ms
[25.052s][info][gc,cpu      ] GC(68) User=0.00s Sys=0.00s Real=0.00s
[25.052s][info][gc,marking  ] GC(68) Concurrent Clear Claimed Marks
[25.052s][info][gc,marking  ] GC(68) Concurrent Clear Claimed Marks 0.053ms
[25.052s][info][gc,marking  ] GC(68) Concurrent Cleanup for Next Mark
[25.060s][info][gc,marking  ] GC(68) Concurrent Cleanup for Next Mark 7.841ms
[25.060s][info][gc          ] GC(68) Concurrent Mark Cycle 1553.634ms
[25.081s][info][gc,start    ] GC(80) Pause Young (Prepare Mixed) (G1 Evacuation Pause)
[25.081s][info][gc,task     ] GC(80) Using 13 workers of 13 for evacuation
[25.104s][info][gc,phases   ] GC(80)   Pre Evacuate Collection Set: 0.2ms
[25.104s][info][gc,phases   ] GC(80)   Merge Heap Roots: 0.5ms
[25.104s][info][gc,phases   ] GC(80)   Evacuate Collection Set: 21.7ms
[25.104s][info][gc,phases   ] GC(80)   Post Evacuate Collection Set: 0.5ms
[25.104s][info][gc,phases   ] GC(80)   Other: 0.1ms
[25.104s][info][gc,heap     ] GC(80) Eden regions: 83->0(77)
[25.104s][info][gc,heap     ] GC(80) Survivor regions: 6->12(12)
[25.104s][info][gc,heap     ] GC(80) Old regions: 1613->1613
[25.104s][info][gc,heap     ] GC(80) Humongous regions: 52->52
[25.104s][info][gc,metaspace] GC(80) Metaspace: 10478K(10880K)->10478K(10880K) NonClass: 9401K(9600K)->9401K(9600K) Class: 1077K(1280K)->1077K(1280K)
[25.104s][info][gc          ] GC(80) Pause Young (Prepare Mixed) (G1 Evacuation Pause) 7015M->6705M(7168M) 23.201ms
[25.104s][info][gc,cpu      ] GC(80) User=0.19s Sys=0.02s Real=0.02s
[25.174s][info][gc,start    ] GC(81) Pause Young (Mixed) (G1 Evacuation Pause)
[25.174s][info][gc,task     ] GC(81) Using 13 workers of 13 for evacuation
[25.245s][info][gc,phases   ] GC(81)   Pre Evacuate Collection Set: 0.2ms
[25.245s][info][gc,phases   ] GC(81)   Merge Heap Roots: 0.8ms
[25.245s][info][gc,phases   ] GC(81)   Evacuate Collection Set: 67.2ms
[25.245s][info][gc,phases   ] GC(81)   Post Evacuate Collection Set: 3.1ms
[25.245s][info][gc,phases   ] GC(81)   Other: 0.1ms
[25.245s][info][gc,heap     ] GC(81) Eden regions: 77->0(22)
[25.245s][info][gc,heap     ] GC(81) Survivor regions: 12->7(12)
[25.245s][info][gc,heap     ] GC(81) Old regions: 1613->1704
[25.245s][info][gc,heap     ] GC(81) Humongous regions: 52->52
[25.245s][info][gc,metaspace] GC(81) Metaspace: 10500K(10880K)->10500K(10880K) NonClass: 9422K(9600K)->9422K(9600K) Class: 1077K(1280K)->1077K(1280K)
[25.245s][info][gc          ] GC(81) Pause Young (Mixed) (G1 Evacuation Pause) (Evacuation Failure) 7013M->7049M(7168M) 71.664ms
[25.245s][info][gc,cpu      ] GC(81) User=0.80s Sys=0.00s Real=0.07s
[25.264s][info][gc,start    ] GC(82) Pause Young (Concurrent Start) (G1 Evacuation Pause)
[25.264s][info][gc,task     ] GC(82) Using 13 workers of 13 for evacuation
[25.276s][info][gc,phases   ] GC(82)   Pre Evacuate Collection Set: 0.3ms
[25.276s][info][gc,phases   ] GC(82)   Merge Heap Roots: 0.2ms
[25.276s][info][gc,phases   ] GC(82)   Evacuate Collection Set: 10.9ms
[25.276s][info][gc,phases   ] GC(82)   Post Evacuate Collection Set: 0.5ms
[25.276s][info][gc,phases   ] GC(82)   Other: 0.1ms
[25.276s][info][gc,heap     ] GC(82) Eden regions: 22->0(20)
[25.276s][info][gc,heap     ] GC(82) Survivor regions: 7->2(4)
[25.276s][info][gc,heap     ] GC(82) Old regions: 1704->1716
[25.276s][info][gc,heap     ] GC(82) Humongous regions: 52->52
[25.276s][info][gc,metaspace] GC(82) Metaspace: 10500K(10880K)->10500K(10880K) NonClass: 9422K(9600K)->9422K(9600K) Class: 1077K(1280K)->1077K(1280K)
[25.276s][info][gc          ] GC(82) Pause Young (Concurrent Start) (G1 Evacuation Pause) (Evacuation Failure) 7137M->7076M(7168M) 12.114ms
[25.276s][info][gc          ] GC(83) Concurrent Mark Cycle
[25.276s][info][gc,cpu      ] GC(82) User=0.00s Sys=0.00s Real=0.01s
[25.276s][info][gc,marking  ] GC(83) Concurrent Scan Root Regions
[25.292s][info][gc,marking  ] GC(83) Concurrent Scan Root Regions 15.724ms
[25.292s][info][gc,marking  ] GC(83) Concurrent Mark
[25.292s][info][gc,marking  ] GC(83) Concurrent Mark From Roots
[25.292s][info][gc,task     ] GC(83) Using 3 workers of 3 for marking
[25.305s][info][gc,start    ] GC(84) Pause Young (Normal) (G1 Evacuation Pause)
[25.305s][info][gc,task     ] GC(84) Using 13 workers of 13 for evacuation
[25.312s][info][gc,phases   ] GC(84)   Pre Evacuate Collection Set: 0.3ms
[25.312s][info][gc,phases   ] GC(84)   Merge Heap Roots: 0.2ms
[25.312s][info][gc,phases   ] GC(84)   Evacuate Collection Set: 5.0ms
[25.312s][info][gc,phases   ] GC(84)   Post Evacuate Collection Set: 1.0ms
[25.312s][info][gc,phases   ] GC(84)   Other: 0.1ms
[25.312s][info][gc,heap     ] GC(84) Eden regions: 20->0(0)
[25.312s][info][gc,heap     ] GC(84) Survivor regions: 2->2(2)
[25.312s][info][gc,heap     ] GC(84) Old regions: 1716->1738
[25.312s][info][gc,heap     ] GC(84) Humongous regions: 52->52
[25.312s][info][gc,metaspace] GC(84) Metaspace: 10500K(10880K)->10500K(10880K) NonClass: 9423K(9600K)->9423K(9600K) Class: 1077K(1280K)->1077K(1280K)
[25.312s][info][gc          ] GC(84) Pause Young (Normal) (G1 Evacuation Pause) (Evacuation Failure) 7156M->7164M(7168M) 6.675ms
[25.312s][info][gc,cpu      ] GC(84) User=0.20s Sys=0.00s Real=0.01s
[25.312s][info][gc,ergo     ] Attempting full compaction
[25.312s][info][gc,start    ] GC(85) Pause Full (G1 Compaction Pause)
[25.312s][info][gc,task     ] GC(85) Using 13 workers of 13 for full compaction
[25.318s][info][gc,phases,start] GC(85) Phase 1: Mark live objects
[25.482s][info][gc,phases      ] GC(85) Phase 1: Mark live objects 163.714ms
[25.482s][info][gc,phases,start] GC(85) Phase 2: Prepare compaction
[25.578s][info][gc,phases      ] GC(85) Phase 2: Prepare compaction 95.915ms
[25.578s][info][gc,phases,start] GC(85) Phase 3: Adjust pointers
[25.740s][info][gc,phases      ] GC(85) Phase 3: Adjust pointers 162.187ms
[25.740s][info][gc,phases,start] GC(85) Phase 4: Compact heap
[25.897s][info][gc,phases      ] GC(85) Phase 4: Compact heap 156.596ms
[25.897s][info][gc,phases,start] GC(85) Phase 5: Reset Metadata
[25.905s][info][gc,phases      ] GC(85) Phase 5: Reset Metadata 7.911ms
[25.912s][info][gc,heap        ] GC(85) Eden regions: 0->0(265)
[25.912s][info][gc,heap        ] GC(85) Survivor regions: 2->0(2)
[25.912s][info][gc,heap        ] GC(85) Old regions: 1738->1403
[25.912s][info][gc,heap        ] GC(85) Humongous regions: 52->33
[25.912s][info][gc,metaspace   ] GC(85) Metaspace: 10500K(10880K)->10319K(10880K) NonClass: 9423K(9600K)->9287K(9600K) Class: 1077K(1280K)->1032K(1280K)
[25.912s][info][gc             ] GC(85) Pause Full (G1 Compaction Pause) 7164M->5698M(7168M) 600.314ms
[25.912s][info][gc,cpu         ] GC(85) User=6.98s Sys=0.16s Real=0.60s
[25.912s][info][gc,marking     ] GC(83) Concurrent Mark From Roots 620.481ms
[25.912s][info][gc,marking     ] GC(83) Concurrent Mark Abort
[25.912s][info][gc             ] GC(83) Concurrent Mark Cycle 636.376ms
[26.146s][info][gc,start       ] GC(86) Pause Young (Normal) (G1 Evacuation Pause)
[26.147s][info][gc,task        ] GC(86) Using 13 workers of 13 for evacuation
[26.172s][info][gc,phases      ] GC(86)   Pre Evacuate Collection Set: 0.2ms
[26.172s][info][gc,phases      ] GC(86)   Merge Heap Roots: 0.3ms
[26.172s][info][gc,phases      ] GC(86)   Evacuate Collection Set: 24.4ms
[26.172s][info][gc,phases      ] GC(86)   Post Evacuate Collection Set: 0.5ms
[26.172s][info][gc,phases      ] GC(86)   Other: 0.1ms
[26.172s][info][gc,heap        ] GC(86) Eden regions: 265->0(233)
[26.172s][info][gc,heap        ] GC(86) Survivor regions: 0->16(34)
[26.172s][info][gc,heap        ] GC(86) Old regions: 1403->1403
[26.172s][info][gc,heap        ] GC(86) Humongous regions: 33->33
[26.172s][info][gc,metaspace   ] GC(86) Metaspace: 10321K(10880K)->10321K(10880K) NonClass: 9288K(9600K)->9288K(9600K) Class: 1032K(1280K)->1032K(1280K)
[26.172s][info][gc             ] GC(86) Pause Young (Normal) (G1 Evacuation Pause) 6758M->5760M(7168M) 25.807ms
[26.172s][info][gc,cpu         ] GC(86) User=0.39s Sys=0.02s Real=0.03s
[26.351s][info][gc,start       ] GC(87) Pause Young (Concurrent Start) (G1 Humongous Allocation)
[26.351s][info][gc,task        ] GC(87) Using 13 workers of 13 for evacuation
[26.386s][info][gc,phases      ] GC(87)   Pre Evacuate Collection Set: 0.3ms
[26.386s][info][gc,phases      ] GC(87)   Merge Heap Roots: 0.5ms
[26.386s][info][gc,phases      ] GC(87)   Evacuate Collection Set: 33.1ms
[26.386s][info][gc,phases      ] GC(87)   Post Evacuate Collection Set: 0.7ms
[26.386s][info][gc,phases      ] GC(87)   Other: 0.1ms
[26.386s][info][gc,heap        ] GC(87) Eden regions: 169->0(213)
[26.386s][info][gc,heap        ] GC(87) Survivor regions: 16->26(32)
[26.386s][info][gc,heap        ] GC(87) Old regions: 1403->1403
[26.386s][info][gc,heap        ] GC(87) Humongous regions: 33->33
[26.386s][info][gc,metaspace   ] GC(87) Metaspace: 10326K(10880K)->10326K(10880K) NonClass: 9294K(9600K)->9294K(9600K) Class: 1032K(1280K)->1032K(1280K)
[26.386s][info][gc             ] GC(87) Pause Young (Concurrent Start) (G1 Humongous Allocation) 6435M->5802M(7168M) 34.857ms
[26.386s][info][gc,cpu         ] GC(87) User=0.39s Sys=0.00s Real=0.03s
[26.386s][info][gc             ] GC(88) Concurrent Mark Cycle
[26.386s][info][gc,marking     ] GC(88) Concurrent Scan Root Regions
[26.427s][info][gc,marking     ] GC(88) Concurrent Scan Root Regions 41.229ms
[26.428s][info][gc,marking     ] GC(88) Concurrent Mark
[26.428s][info][gc,marking     ] GC(88) Concurrent Mark From Roots
[26.428s][info][gc,task        ] GC(88) Using 3 workers of 3 for marking
[26.681s][info][gc,start       ] GC(89) Pause Young (Normal) (G1 Evacuation Pause)
[26.682s][info][gc,task        ] GC(89) Using 13 workers of 13 for evacuation
[26.732s][info][gc,phases      ] GC(89)   Pre Evacuate Collection Set: 0.3ms
[26.732s][info][gc,phases      ] GC(89)   Merge Heap Roots: 0.7ms
[26.732s][info][gc,phases      ] GC(89)   Evacuate Collection Set: 48.7ms
[26.732s][info][gc,phases      ] GC(89)   Post Evacuate Collection Set: 0.6ms
[26.732s][info][gc,phases      ] GC(89)   Other: 0.1ms
[26.732s][info][gc,heap        ] GC(89) Eden regions: 213->0(188)
[26.732s][info][gc,heap        ] GC(89) Survivor regions: 26->28(30)
[26.732s][info][gc,heap        ] GC(89) Old regions: 1403->1418
[26.732s][info][gc,heap        ] GC(89) Humongous regions: 39->39
[26.732s][info][gc,metaspace   ] GC(89) Metaspace: 10326K(10880K)->10326K(10880K) NonClass: 9294K(9600K)->9294K(9600K) Class: 1032K(1280K)->1032K(1280K)
[26.732s][info][gc             ] GC(89) Pause Young (Normal) (G1 Evacuation Pause) 6678M->5889M(7168M) 50.767ms
[26.732s][info][gc,cpu         ] GC(89) User=0.78s Sys=0.02s Real=0.05s
[27.022s][info][gc,start       ] GC(90) Pause Young (Normal) (G1 Evacuation Pause)
[27.022s][info][gc,task        ] GC(90) Using 13 workers of 13 for evacuation
[27.071s][info][gc,phases      ] GC(90)   Pre Evacuate Collection Set: 0.3ms
[27.071s][info][gc,phases      ] GC(90)   Merge Heap Roots: 0.5ms
[27.072s][info][gc,phases      ] GC(90)   Evacuate Collection Set: 47.6ms
[27.072s][info][gc,phases      ] GC(90)   Post Evacuate Collection Set: 0.5ms
[27.072s][info][gc,phases      ] GC(90)   Other: 0.1ms
[27.072s][info][gc,heap        ] GC(90) Eden regions: 188->0(187)
[27.072s][info][gc,heap        ] GC(90) Survivor regions: 28->15(27)
[27.072s][info][gc,heap        ] GC(90) Old regions: 1418->1444
[27.072s][info][gc,heap        ] GC(90) Humongous regions: 40->40
[27.072s][info][gc,metaspace   ] GC(90) Metaspace: 10326K(10880K)->10326K(10880K) NonClass: 9294K(9600K)->9294K(9600K) Class: 1032K(1280K)->1032K(1280K)
[27.072s][info][gc             ] GC(90) Pause Young (Normal) (G1 Evacuation Pause) 6645M->5946M(7168M) 49.289ms
[27.072s][info][gc,cpu         ] GC(90) User=0.50s Sys=0.03s Real=0.05s
[27.269s][info][gc,marking     ] GC(88) Concurrent Mark From Roots 841.495ms
[27.269s][info][gc,marking     ] GC(88) Concurrent Preclean
[27.269s][info][gc,marking     ] GC(88) Concurrent Preclean 0.095ms
[27.269s][info][gc,start       ] GC(88) Pause Remark
[27.271s][info][gc             ] GC(88) Pause Remark 6286M->6286M(7168M) 1.650ms
[27.271s][info][gc,cpu         ] GC(88) User=0.00s Sys=0.00s Real=0.00s
[27.271s][info][gc,marking     ] GC(88) Concurrent Mark 843.893ms
[27.271s][info][gc,marking     ] GC(88) Concurrent Rebuild Remembered Sets and Scrub Regions
[27.456s][info][gc,start       ] GC(91) Pause Young (Normal) (G1 Evacuation Pause)
[27.456s][info][gc,task        ] GC(91) Using 13 workers of 13 for evacuation
[27.492s][info][gc,phases      ] GC(91)   Pre Evacuate Collection Set: 0.2ms
[27.492s][info][gc,phases      ] GC(91)   Merge Heap Roots: 0.6ms
[27.492s][info][gc,phases      ] GC(91)   Evacuate Collection Set: 35.2ms
[27.492s][info][gc,phases      ] GC(91)   Post Evacuate Collection Set: 0.6ms
[27.492s][info][gc,phases      ] GC(91)   Other: 0.1ms
[27.492s][info][gc,heap        ] GC(91) Eden regions: 187->0(163)
[27.492s][info][gc,heap        ] GC(91) Survivor regions: 15->26(26)
[27.492s][info][gc,heap        ] GC(91) Old regions: 1444->1445
[27.492s][info][gc,heap        ] GC(91) Humongous regions: 41->41
[27.492s][info][gc,metaspace   ] GC(91) Metaspace: 10348K(10880K)->10348K(10880K) NonClass: 9316K(9600K)->9316K(9600K) Class: 1032K(1280K)->1032K(1280K)
[27.492s][info][gc             ] GC(91) Pause Young (Normal) (G1 Evacuation Pause) 6698M->6002M(7168M) 36.831ms
[27.492s][info][gc,cpu         ] GC(91) User=0.34s Sys=0.03s Real=0.04s
[27.554s][info][gc,marking     ] GC(88) Concurrent Rebuild Remembered Sets and Scrub Regions 282.805ms
[27.554s][info][gc,start       ] GC(88) Pause Cleanup
[27.555s][info][gc             ] GC(88) Pause Cleanup 6182M->6182M(7168M) 0.383ms
[27.555s][info][gc,cpu         ] GC(88) User=0.00s Sys=0.00s Real=0.00s
[27.555s][info][gc,marking     ] GC(88) Concurrent Clear Claimed Marks
[27.555s][info][gc,marking     ] GC(88) Concurrent Clear Claimed Marks 0.040ms
[27.555s][info][gc,marking     ] GC(88) Concurrent Cleanup for Next Mark
[27.563s][info][gc,marking     ] GC(88) Concurrent Cleanup for Next Mark 7.848ms
[27.563s][info][gc             ] GC(88) Concurrent Mark Cycle 1176.753ms
[27.735s][info][gc,start       ] GC(92) Pause Young (Prepare Mixed) (G1 Evacuation Pause)
[27.735s][info][gc,task        ] GC(92) Using 13 workers of 13 for evacuation
[27.801s][info][gc,phases      ] GC(92)   Pre Evacuate Collection Set: 0.3ms
[27.801s][info][gc,phases      ] GC(92)   Merge Heap Roots: 1.4ms
[27.801s][info][gc,phases      ] GC(92)   Evacuate Collection Set: 63.0ms
[27.801s][info][gc,phases      ] GC(92)   Post Evacuate Collection Set: 0.6ms
[27.801s][info][gc,phases      ] GC(92)   Other: 0.1ms
[27.801s][info][gc,heap        ] GC(92) Eden regions: 163->0(129)
[27.801s][info][gc,heap        ] GC(92) Survivor regions: 26->24(24)
[27.801s][info][gc,heap        ] GC(92) Old regions: 1445->1470
[27.801s][info][gc,heap        ] GC(92) Humongous regions: 54->54
[27.801s][info][gc,metaspace   ] GC(92) Metaspace: 10351K(10880K)->10351K(10880K) NonClass: 9319K(9600K)->9319K(9600K) Class: 1032K(1280K)->1032K(1280K)
[27.801s][info][gc             ] GC(92) Pause Young (Prepare Mixed) (G1 Evacuation Pause) 6706M->6145M(7168M) 65.541ms
[27.801s][info][gc,cpu         ] GC(92) User=0.77s Sys=0.02s Real=0.06s
[27.990s][info][gc,start       ] GC(93) Pause Young (Mixed) (G1 Evacuation Pause)
[27.990s][info][gc,task        ] GC(93) Using 13 workers of 13 for evacuation
[28.063s][info][gc,phases      ] GC(93)   Pre Evacuate Collection Set: 0.3ms
[28.063s][info][gc,phases      ] GC(93)   Merge Heap Roots: 1.3ms
[28.063s][info][gc,phases      ] GC(93)   Evacuate Collection Set: 70.3ms
[28.063s][info][gc,phases      ] GC(93)   Post Evacuate Collection Set: 0.6ms
[28.063s][info][gc,phases      ] GC(93)   Other: 0.1ms
[28.063s][info][gc,heap        ] GC(93) Eden regions: 129->0(87)
[28.063s][info][gc,heap        ] GC(93) Survivor regions: 24->20(20)
[28.063s][info][gc,heap        ] GC(93) Old regions: 1470->1500
[28.063s][info][gc,heap        ] GC(93) Humongous regions: 74->74
[28.063s][info][gc,metaspace   ] GC(93) Metaspace: 10351K(10880K)->10351K(10880K) NonClass: 9319K(9600K)->9319K(9600K) Class: 1032K(1280K)->1032K(1280K)
[28.063s][info][gc             ] GC(93) Pause Young (Mixed) (G1 Evacuation Pause) 6741M->6342M(7168M) 72.726ms
[28.063s][info][gc,cpu         ] GC(93) User=0.97s Sys=0.00s Real=0.07s
[28.066s][info][gc,start       ] GC(94) Pause Young (Concurrent Start) (G1 Humongous Allocation)
[28.066s][info][gc,task        ] GC(94) Using 13 workers of 13 for evacuation
[28.091s][info][gc,phases      ] GC(94)   Pre Evacuate Collection Set: 0.3ms
[28.091s][info][gc,phases      ] GC(94)   Merge Heap Roots: 0.3ms
[28.091s][info][gc,phases      ] GC(94)   Evacuate Collection Set: 23.4ms
[28.091s][info][gc,phases      ] GC(94)   Post Evacuate Collection Set: 0.6ms
[28.091s][info][gc,phases      ] GC(94)   Other: 0.1ms
[28.091s][info][gc,heap        ] GC(94) Eden regions: 3->0(96)
[28.091s][info][gc,heap        ] GC(94) Survivor regions: 20->4(14)
[28.091s][info][gc,heap        ] GC(94) Old regions: 1500->1523
[28.091s][info][gc,heap        ] GC(94) Humongous regions: 74->74
[28.091s][info][gc,metaspace   ] GC(94) Metaspace: 10351K(10880K)->10351K(10880K) NonClass: 9319K(9600K)->9319K(9600K) Class: 1032K(1280K)->1032K(1280K)
[28.091s][info][gc             ] GC(94) Pause Young (Concurrent Start) (G1 Humongous Allocation) 6351M->6366M(7168M) 24.971ms
[28.091s][info][gc             ] GC(95) Concurrent Mark Cycle
[28.091s][info][gc,cpu         ] GC(94) User=0.20s Sys=0.00s Real=0.03s
[28.091s][info][gc,marking     ] GC(95) Concurrent Scan Root Regions
[28.257s][info][gc,marking     ] GC(95) Concurrent Scan Root Regions 166.094ms
[28.257s][info][gc,marking     ] GC(95) Concurrent Mark
[28.257s][info][gc,marking     ] GC(95) Concurrent Mark From Roots
[28.257s][info][gc,task        ] GC(95) Using 3 workers of 3 for marking
[28.309s][info][gc,start       ] GC(96) Pause Young (Normal) (G1 Evacuation Pause)
[28.309s][info][gc,task        ] GC(96) Using 13 workers of 13 for evacuation
[28.341s][info][gc,phases      ] GC(96)   Pre Evacuate Collection Set: 0.3ms
[28.342s][info][gc,phases      ] GC(96)   Merge Heap Roots: 0.9ms
[28.342s][info][gc,phases      ] GC(96)   Evacuate Collection Set: 30.4ms
[28.342s][info][gc,phases      ] GC(96)   Post Evacuate Collection Set: 0.6ms
[28.342s][info][gc,phases      ] GC(96)   Other: 0.1ms
[28.342s][info][gc,heap        ] GC(96) Eden regions: 96->0(76)
[28.342s][info][gc,heap        ] GC(96) Survivor regions: 4->13(13)
[28.342s][info][gc,heap        ] GC(96) Old regions: 1523->1528
[28.342s][info][gc,heap        ] GC(96) Humongous regions: 85->85
[28.342s][info][gc,metaspace   ] GC(96) Metaspace: 10369K(10880K)->10369K(10880K) NonClass: 9336K(9600K)->9336K(9600K) Class: 1033K(1280K)->1033K(1280K)
[28.342s][info][gc             ] GC(96) Pause Young (Normal) (G1 Evacuation Pause) 6794M->6470M(7168M) 32.432ms
[28.342s][info][gc,cpu         ] GC(96) User=0.42s Sys=0.00s Real=0.03s
[28.481s][info][gc,start       ] GC(97) Pause Young (Normal) (G1 Evacuation Pause)
[28.481s][info][gc,task        ] GC(97) Using 13 workers of 13 for evacuation
[28.512s][info][gc,phases      ] GC(97)   Pre Evacuate Collection Set: 0.3ms
[28.512s][info][gc,phases      ] GC(97)   Merge Heap Roots: 0.6ms
[28.512s][info][gc,phases      ] GC(97)   Evacuate Collection Set: 29.8ms
[28.512s][info][gc,phases      ] GC(97)   Post Evacuate Collection Set: 0.4ms
[28.512s][info][gc,phases      ] GC(97)   Other: 0.1ms
[28.512s][info][gc,heap        ] GC(97) Eden regions: 76->0(80)
[28.512s][info][gc,heap        ] GC(97) Survivor regions: 13->9(12)
[28.512s][info][gc,heap        ] GC(97) Old regions: 1528->1543
[28.512s][info][gc,heap        ] GC(97) Humongous regions: 90->90
[28.512s][info][gc,metaspace   ] GC(97) Metaspace: 10369K(10880K)->10369K(10880K) NonClass: 9336K(9600K)->9336K(9600K) Class: 1033K(1280K)->1033K(1280K)
[28.512s][info][gc             ] GC(97) Pause Young (Normal) (G1 Evacuation Pause) 6794M->6528M(7168M) 31.345ms
[28.512s][info][gc,cpu         ] GC(97) User=0.39s Sys=0.00s Real=0.03s
[28.624s][info][gc,start       ] GC(98) Pause Young (Normal) (G1 Evacuation Pause)
[28.624s][info][gc,task        ] GC(98) Using 13 workers of 13 for evacuation
[28.647s][info][gc,phases      ] GC(98)   Pre Evacuate Collection Set: 0.2ms
[28.648s][info][gc,phases      ] GC(98)   Merge Heap Roots: 0.6ms
[28.648s][info][gc,phases      ] GC(98)   Evacuate Collection Set: 22.0ms
[28.648s][info][gc,phases      ] GC(98)   Post Evacuate Collection Set: 0.4ms
[28.648s][info][gc,phases      ] GC(98)   Other: 0.1ms
[28.648s][info][gc,heap        ] GC(98) Eden regions: 80->0(82)
[28.648s][info][gc,heap        ] GC(98) Survivor regions: 9->7(12)
[28.648s][info][gc,heap        ] GC(98) Old regions: 1543->1551
[28.648s][info][gc,heap        ] GC(98) Humongous regions: 90->90
[28.648s][info][gc,metaspace   ] GC(98) Metaspace: 10369K(10880K)->10369K(10880K) NonClass: 9336K(9600K)->9336K(9600K) Class: 1033K(1280K)->1033K(1280K)
[28.648s][info][gc             ] GC(98) Pause Young (Normal) (G1 Evacuation Pause) 6848M->6556M(7168M) 23.467ms
[28.648s][info][gc,cpu         ] GC(98) User=0.19s Sys=0.02s Real=0.02s
[28.761s][info][gc,start       ] GC(99) Pause Young (Normal) (G1 Evacuation Pause)
[28.761s][info][gc,task        ] GC(99) Using 13 workers of 13 for evacuation
[28.781s][info][gc,phases      ] GC(99)   Pre Evacuate Collection Set: 0.2ms
[28.781s][info][gc,phases      ] GC(99)   Merge Heap Roots: 0.4ms
[28.781s][info][gc,phases      ] GC(99)   Evacuate Collection Set: 18.6ms
[28.781s][info][gc,phases      ] GC(99)   Post Evacuate Collection Set: 0.4ms
[28.781s][info][gc,phases      ] GC(99)   Other: 0.1ms
[28.781s][info][gc,heap        ] GC(99) Eden regions: 82->0(82)
[28.781s][info][gc,heap        ] GC(99) Survivor regions: 7->7(12)
[28.781s][info][gc,heap        ] GC(99) Old regions: 1551->1558
[28.781s][info][gc,heap        ] GC(99) Humongous regions: 90->90
[28.781s][info][gc,metaspace   ] GC(99) Metaspace: 10369K(10880K)->10369K(10880K) NonClass: 9336K(9600K)->9336K(9600K) Class: 1033K(1280K)->1033K(1280K)
[28.781s][info][gc             ] GC(99) Pause Young (Normal) (G1 Evacuation Pause) 6884M->6584M(7168M) 20.041ms
[28.781s][info][gc,cpu         ] GC(99) User=0.38s Sys=0.00s Real=0.02s
[28.905s][info][gc,start       ] GC(100) Pause Young (Normal) (G1 Evacuation Pause)
[28.905s][info][gc,task        ] GC(100) Using 13 workers of 13 for evacuation
[28.929s][info][gc,phases      ] GC(100)   Pre Evacuate Collection Set: 0.2ms
[28.929s][info][gc,phases      ] GC(100)   Merge Heap Roots: 0.5ms
[28.929s][info][gc,phases      ] GC(100)   Evacuate Collection Set: 22.4ms
[28.929s][info][gc,phases      ] GC(100)   Post Evacuate Collection Set: 0.4ms
[28.929s][info][gc,phases      ] GC(100)   Other: 0.1ms
[28.929s][info][gc,heap        ] GC(100) Eden regions: 82->0(79)
[28.929s][info][gc,heap        ] GC(100) Survivor regions: 7->10(12)
[28.929s][info][gc,heap        ] GC(100) Old regions: 1558->1565
[28.929s][info][gc,heap        ] GC(100) Humongous regions: 93->93
[28.929s][info][gc,metaspace   ] GC(100) Metaspace: 10369K(10880K)->10369K(10880K) NonClass: 9336K(9600K)->9336K(9600K) Class: 1033K(1280K)->1033K(1280K)
[28.929s][info][gc             ] GC(100) Pause Young (Normal) (G1 Evacuation Pause) 6924M->6635M(7168M) 23.907ms
[28.929s][info][gc,cpu         ] GC(100) User=0.19s Sys=0.02s Real=0.02s
[29.053s][info][gc,start       ] GC(101) Pause Young (Normal) (G1 Evacuation Pause)
[29.053s][info][gc,task        ] GC(101) Using 13 workers of 13 for evacuation
[29.078s][info][gc,phases      ] GC(101)   Pre Evacuate Collection Set: 0.2ms
[29.078s][info][gc,phases      ] GC(101)   Merge Heap Roots: 0.5ms
[29.078s][info][gc,phases      ] GC(101)   Evacuate Collection Set: 24.2ms
[29.078s][info][gc,phases      ] GC(101)   Post Evacuate Collection Set: 0.4ms
[29.078s][info][gc,phases      ] GC(101)   Other: 0.1ms
[29.078s][info][gc,heap        ] GC(101) Eden regions: 79->0(80)
[29.078s][info][gc,heap        ] GC(101) Survivor regions: 10->9(12)
[29.078s][info][gc,heap        ] GC(101) Old regions: 1565->1575
[29.078s][info][gc,heap        ] GC(101) Humongous regions: 98->98
[29.078s][info][gc,metaspace   ] GC(101) Metaspace: 10369K(10880K)->10369K(10880K) NonClass: 9336K(9600K)->9336K(9600K) Class: 1033K(1280K)->1033K(1280K)
[29.078s][info][gc             ] GC(101) Pause Young (Normal) (G1 Evacuation Pause) 6971M->6690M(7168M) 25.698ms
[29.078s][info][gc,cpu         ] GC(101) User=0.41s Sys=0.00s Real=0.03s
[29.203s][info][gc,start       ] GC(102) Pause Young (Normal) (G1 Evacuation Pause)
[29.203s][info][gc,task        ] GC(102) Using 13 workers of 13 for evacuation
[29.228s][info][gc,phases      ] GC(102)   Pre Evacuate Collection Set: 0.2ms
[29.228s][info][gc,phases      ] GC(102)   Merge Heap Roots: 0.6ms
[29.228s][info][gc,phases      ] GC(102)   Evacuate Collection Set: 24.1ms
[29.228s][info][gc,phases      ] GC(102)   Post Evacuate Collection Set: 0.4ms
[29.228s][info][gc,phases      ] GC(102)   Other: 0.1ms
[29.228s][info][gc,heap        ] GC(102) Eden regions: 80->0(81)
[29.228s][info][gc,heap        ] GC(102) Survivor regions: 9->8(12)
[29.228s][info][gc,heap        ] GC(102) Old regions: 1575->1584
[29.228s][info][gc,heap        ] GC(102) Humongous regions: 101->101
[29.228s][info][gc,metaspace   ] GC(102) Metaspace: 10384K(10944K)->10384K(10944K) NonClass: 9351K(9664K)->9351K(9664K) Class: 1033K(1280K)->1033K(1280K)
[29.229s][info][gc             ] GC(102) Pause Young (Normal) (G1 Evacuation Pause) 7022M->6733M(7168M) 25.698ms
[29.229s][info][gc,cpu         ] GC(102) User=0.20s Sys=0.00s Real=0.02s
[29.352s][info][gc,start       ] GC(103) Pause Young (Normal) (G1 Evacuation Pause)
[29.352s][info][gc,task        ] GC(103) Using 13 workers of 13 for evacuation
[29.372s][info][gc,phases      ] GC(103)   Pre Evacuate Collection Set: 0.2ms
[29.372s][info][gc,phases      ] GC(103)   Merge Heap Roots: 0.5ms
[29.372s][info][gc,phases      ] GC(103)   Evacuate Collection Set: 19.3ms
[29.372s][info][gc,phases      ] GC(103)   Post Evacuate Collection Set: 0.4ms
[29.372s][info][gc,phases      ] GC(103)   Other: 0.1ms
[29.372s][info][gc,heap        ] GC(103) Eden regions: 81->0(81)
[29.372s][info][gc,heap        ] GC(103) Survivor regions: 8->8(12)
[29.372s][info][gc,heap        ] GC(103) Old regions: 1584->1591
[29.372s][info][gc,heap        ] GC(103) Humongous regions: 101->101
[29.372s][info][gc,metaspace   ] GC(103) Metaspace: 10416K(10944K)->10416K(10944K) NonClass: 9383K(9664K)->9383K(9664K) Class: 1033K(1280K)->1033K(1280K)
[29.372s][info][gc             ] GC(103) Pause Young (Normal) (G1 Evacuation Pause) 7057M->6762M(7168M) 20.717ms
[29.372s][info][gc,cpu         ] GC(103) User=0.20s Sys=0.00s Real=0.02s
[29.386s][info][gc,marking     ] GC(95) Concurrent Mark From Roots 1128.319ms
[29.386s][info][gc,marking     ] GC(95) Concurrent Preclean
[29.386s][info][gc,marking     ] GC(95) Concurrent Preclean 0.080ms
[29.386s][info][gc,start       ] GC(95) Pause Remark
[29.387s][info][gc             ] GC(95) Pause Remark 6807M->6691M(7168M) 1.151ms
[29.387s][info][gc,cpu         ] GC(95) User=0.00s Sys=0.00s Real=0.00s
[29.387s][info][gc,marking     ] GC(95) Concurrent Mark 1129.846ms
[29.387s][info][gc,marking     ] GC(95) Concurrent Rebuild Remembered Sets and Scrub Regions
[29.474s][info][gc,start       ] GC(104) Pause Young (Normal) (G1 Evacuation Pause)
[29.474s][info][gc,task        ] GC(104) Using 13 workers of 13 for evacuation
[29.499s][info][gc,phases      ] GC(104)   Pre Evacuate Collection Set: 0.2ms
[29.499s][info][gc,phases      ] GC(104)   Merge Heap Roots: 0.5ms
[29.499s][info][gc,phases      ] GC(104)   Evacuate Collection Set: 23.3ms
[29.499s][info][gc,phases      ] GC(104)   Post Evacuate Collection Set: 0.6ms
[29.499s][info][gc,phases      ] GC(104)   Other: 0.1ms
[29.499s][info][gc,heap        ] GC(104) Eden regions: 81->0(78)
[29.499s][info][gc,heap        ] GC(104) Survivor regions: 8->11(12)
[29.499s][info][gc,heap        ] GC(104) Old regions: 1590->1597
[29.499s][info][gc,heap        ] GC(104) Humongous regions: 73->73
[29.499s][info][gc,metaspace   ] GC(104) Metaspace: 10416K(10944K)->10416K(10944K) NonClass: 9383K(9664K)->9383K(9664K) Class: 1033K(1280K)->1033K(1280K)
[29.499s][info][gc             ] GC(104) Pause Young (Normal) (G1 Evacuation Pause) 6970M->6688M(7168M) 24.957ms
[29.499s][info][gc,cpu         ] GC(104) User=0.39s Sys=0.00s Real=0.03s
[29.611s][info][gc,start       ] GC(105) Pause Young (Normal) (G1 Evacuation Pause)
[29.611s][info][gc,task        ] GC(105) Using 13 workers of 13 for evacuation
[29.640s][info][gc,phases      ] GC(105)   Pre Evacuate Collection Set: 0.2ms
[29.640s][info][gc,phases      ] GC(105)   Merge Heap Roots: 0.8ms
[29.640s][info][gc,phases      ] GC(105)   Evacuate Collection Set: 27.2ms
[29.640s][info][gc,phases      ] GC(105)   Post Evacuate Collection Set: 0.7ms
[29.640s][info][gc,phases      ] GC(105)   Other: 0.1ms
[29.640s][info][gc,heap        ] GC(105) Eden regions: 78->0(81)
[29.640s][info][gc,heap        ] GC(105) Survivor regions: 11->8(12)
[29.640s][info][gc,heap        ] GC(105) Old regions: 1597->1607
[29.640s][info][gc,heap        ] GC(105) Humongous regions: 73->73
[29.640s][info][gc,metaspace   ] GC(105) Metaspace: 10416K(10944K)->10416K(10944K) NonClass: 9383K(9664K)->9383K(9664K) Class: 1033K(1280K)->1033K(1280K)
[29.640s][info][gc             ] GC(105) Pause Young (Normal) (G1 Evacuation Pause) 7000M->6715M(7168M) 29.349ms
[29.640s][info][gc,cpu         ] GC(105) User=0.38s Sys=0.00s Real=0.03s
[29.739s][info][gc,start       ] GC(106) Pause Young (Normal) (G1 Evacuation Pause)
[29.739s][info][gc,task        ] GC(106) Using 13 workers of 13 for evacuation
[29.764s][info][gc,phases      ] GC(106)   Pre Evacuate Collection Set: 0.2ms
[29.764s][info][gc,phases      ] GC(106)   Merge Heap Roots: 0.6ms
[29.764s][info][gc,phases      ] GC(106)   Evacuate Collection Set: 23.5ms
[29.764s][info][gc,phases      ] GC(106)   Post Evacuate Collection Set: 0.6ms
[29.764s][info][gc,phases      ] GC(106)   Other: 0.1ms
[29.764s][info][gc,heap        ] GC(106) Eden regions: 81->0(82)
[29.764s][info][gc,heap        ] GC(106) Survivor regions: 8->7(12)
[29.764s][info][gc,heap        ] GC(106) Old regions: 1607->1615
[29.764s][info][gc,heap        ] GC(106) Humongous regions: 73->73
[29.764s][info][gc,metaspace   ] GC(106) Metaspace: 10416K(10944K)->10416K(10944K) NonClass: 9383K(9664K)->9383K(9664K) Class: 1033K(1280K)->1033K(1280K)
[29.764s][info][gc             ] GC(106) Pause Young (Normal) (G1 Evacuation Pause) 7039M->6741M(7168M) 25.240ms
[29.764s][info][gc,cpu         ] GC(106) User=0.39s Sys=0.00s Real=0.03s
[29.858s][info][gc,start       ] GC(107) Pause Young (Normal) (G1 Evacuation Pause)
[29.858s][info][gc,task        ] GC(107) Using 13 workers of 13 for evacuation
[29.881s][info][gc,phases      ] GC(107)   Pre Evacuate Collection Set: 0.2ms
[29.881s][info][gc,phases      ] GC(107)   Merge Heap Roots: 0.5ms
[29.881s][info][gc,phases      ] GC(107)   Evacuate Collection Set: 21.3ms
[29.881s][info][gc,phases      ] GC(107)   Post Evacuate Collection Set: 0.6ms
[29.881s][info][gc,phases      ] GC(107)   Other: 0.1ms
[29.881s][info][gc,heap        ] GC(107) Eden regions: 82->0(83)
[29.881s][info][gc,heap        ] GC(107) Survivor regions: 7->6(12)
[29.881s][info][gc,heap        ] GC(107) Old regions: 1615->1622
[29.881s][info][gc,heap        ] GC(107) Humongous regions: 73->73
[29.881s][info][gc,metaspace   ] GC(107) Metaspace: 10416K(10944K)->10416K(10944K) NonClass: 9383K(9664K)->9383K(9664K) Class: 1033K(1280K)->1033K(1280K)
[29.881s][info][gc             ] GC(107) Pause Young (Normal) (G1 Evacuation Pause) 7069M->6763M(7168M) 22.931ms
[29.881s][info][gc,cpu         ] GC(107) User=0.20s Sys=0.00s Real=0.02s
[29.972s][info][gc,start       ] GC(108) Pause Young (Normal) (G1 Evacuation Pause)
[29.972s][info][gc,task        ] GC(108) Using 13 workers of 13 for evacuation
[29.999s][info][gc,phases      ] GC(108)   Pre Evacuate Collection Set: 0.2ms
[30.000s][info][gc,phases      ] GC(108)   Merge Heap Roots: 0.5ms
[30.000s][info][gc,phases      ] GC(108)   Evacuate Collection Set: 24.4ms
[30.000s][info][gc,phases      ] GC(108)   Post Evacuate Collection Set: 2.4ms
[30.000s][info][gc,phases      ] GC(108)   Other: 0.1ms
[30.000s][info][gc,heap        ] GC(108) Eden regions: 83->0(0)
[30.000s][info][gc,heap        ] GC(108) Survivor regions: 6->7(7)
[30.000s][info][gc,heap        ] GC(108) Old regions: 1622->1711
[30.000s][info][gc,heap        ] GC(108) Humongous regions: 74->74
[30.000s][info][gc,metaspace   ] GC(108) Metaspace: 10416K(10944K)->10416K(10944K) NonClass: 9383K(9664K)->9383K(9664K) Class: 1033K(1280K)->1033K(1280K)
[30.000s][info][gc             ] GC(108) Pause Young (Normal) (G1 Evacuation Pause) (Evacuation Failure) 7099M->7130M(7168M) 27.780ms
[30.000s][info][gc,cpu         ] GC(108) User=0.39s Sys=0.02s Real=0.03s
[30.000s][info][gc,ergo        ] Attempting full compaction
[30.000s][info][gc,start       ] GC(109) Pause Full (G1 Compaction Pause)
[30.000s][info][gc,task        ] GC(109) Using 13 workers of 13 for full compaction
[30.006s][info][gc,phases,start] GC(109) Phase 1: Mark live objects
[30.209s][info][gc,phases      ] GC(109) Phase 1: Mark live objects 203.333ms
[30.209s][info][gc,phases,start] GC(109) Phase 2: Prepare compaction
[30.309s][info][gc,phases      ] GC(109) Phase 2: Prepare compaction 100.106ms
[30.309s][info][gc,phases,start] GC(109) Phase 3: Adjust pointers
[30.515s][info][gc,phases      ] GC(109) Phase 3: Adjust pointers 205.512ms
[30.515s][info][gc,phases,start] GC(109) Phase 4: Compact heap
[30.648s][info][gc,phases      ] GC(109) Phase 4: Compact heap 133.562ms
[30.648s][info][gc,phases,start] GC(109) Phase 5: Reset Metadata
[30.655s][info][gc,phases      ] GC(109) Phase 5: Reset Metadata 6.642ms
[30.663s][info][gc,heap        ] GC(109) Eden regions: 0->0(291)
[30.663s][info][gc,heap        ] GC(109) Survivor regions: 7->0(7)
[30.663s][info][gc,heap        ] GC(109) Old regions: 1711->1387
[30.663s][info][gc,heap        ] GC(109) Humongous regions: 74->23
[30.663s][info][gc,metaspace   ] GC(109) Metaspace: 10416K(10944K)->10416K(10944K) NonClass: 9383K(9664K)->9383K(9664K) Class: 1033K(1280K)->1033K(1280K)
[30.663s][info][gc             ] GC(109) Pause Full (G1 Compaction Pause) 7130M->5608M(7168M) 663.594ms
[30.663s][info][gc,cpu         ] GC(109) User=7.42s Sys=0.09s Real=0.66s
[30.663s][info][gc,marking     ] GC(95) Concurrent Rebuild Remembered Sets and Scrub Regions 1276.122ms
[30.663s][info][gc,marking     ] GC(95) Concurrent Mark Abort
[30.663s][info][gc             ] GC(95) Concurrent Mark Cycle 2572.290ms
[30.796s][info][gc,start       ] GC(110) Pause Young (Concurrent Start) (G1 Humongous Allocation)
[30.796s][info][gc,task        ] GC(110) Using 13 workers of 13 for evacuation
[30.813s][info][gc,phases      ] GC(110)   Pre Evacuate Collection Set: 0.3ms
[30.813s][info][gc,phases      ] GC(110)   Merge Heap Roots: 0.4ms
[30.813s][info][gc,phases      ] GC(110)   Evacuate Collection Set: 15.3ms
[30.813s][info][gc,phases      ] GC(110)   Post Evacuate Collection Set: 0.5ms
[30.813s][info][gc,phases      ] GC(110)   Other: 0.1ms
[30.813s][info][gc,heap        ] GC(110) Eden regions: 116->0(271)
[30.813s][info][gc,heap        ] GC(110) Survivor regions: 0->10(37)
[30.813s][info][gc,heap        ] GC(110) Old regions: 1387->1387
[30.813s][info][gc,heap        ] GC(110) Humongous regions: 23->23
[30.813s][info][gc,metaspace   ] GC(110) Metaspace: 10424K(10944K)->10424K(10944K) NonClass: 9391K(9664K)->9391K(9664K) Class: 1033K(1280K)->1033K(1280K)
[30.813s][info][gc             ] GC(110) Pause Young (Concurrent Start) (G1 Humongous Allocation) 6068M->5645M(7168M) 16.832ms
[30.813s][info][gc             ] GC(111) Concurrent Mark Cycle
[30.813s][info][gc,cpu         ] GC(110) User=0.19s Sys=0.02s Real=0.02s
[30.813s][info][gc,marking     ] GC(111) Concurrent Scan Root Regions
[30.844s][info][gc,marking     ] GC(111) Concurrent Scan Root Regions 30.389ms
[30.844s][info][gc,marking     ] GC(111) Concurrent Mark
[30.844s][info][gc,marking     ] GC(111) Concurrent Mark From Roots
[30.844s][info][gc,task        ] GC(111) Using 3 workers of 3 for marking
[31.174s][info][gc,start       ] GC(112) Pause Young (Normal) (G1 Evacuation Pause)
[31.175s][info][gc,task        ] GC(112) Using 13 workers of 13 for evacuation
[31.224s][info][gc,phases      ] GC(112)   Pre Evacuate Collection Set: 0.3ms
[31.224s][info][gc,phases      ] GC(112)   Merge Heap Roots: 0.9ms
[31.224s][info][gc,phases      ] GC(112)   Evacuate Collection Set: 47.5ms
[31.224s][info][gc,phases      ] GC(112)   Post Evacuate Collection Set: 0.6ms
[31.224s][info][gc,phases      ] GC(112)   Other: 0.1ms
[31.224s][info][gc,heap        ] GC(112) Eden regions: 271->0(210)
[31.224s][info][gc,heap        ] GC(112) Survivor regions: 10->35(36)
[31.224s][info][gc,heap        ] GC(112) Old regions: 1387->1387
[31.224s][info][gc,heap        ] GC(112) Humongous regions: 34->34
[31.224s][info][gc,metaspace   ] GC(112) Metaspace: 10424K(10944K)->10424K(10944K) NonClass: 9391K(9664K)->9391K(9664K) Class: 1033K(1280K)->1033K(1280K)
[31.224s][info][gc             ] GC(112) Pause Young (Normal) (G1 Evacuation Pause) 6773M->5792M(7168M) 49.683ms
[31.224s][info][gc,cpu         ] GC(112) User=0.50s Sys=0.00s Real=0.05s
[31.569s][info][gc,start       ] GC(113) Pause Young (Normal) (G1 Evacuation Pause)
[31.570s][info][gc,task        ] GC(113) Using 13 workers of 13 for evacuation
[31.622s][info][gc,phases      ] GC(113)   Pre Evacuate Collection Set: 0.2ms
[31.622s][info][gc,phases      ] GC(113)   Merge Heap Roots: 0.4ms
[31.623s][info][gc,phases      ] GC(113)   Evacuate Collection Set: 51.5ms
[31.623s][info][gc,phases      ] GC(113)   Post Evacuate Collection Set: 0.6ms
[31.623s][info][gc,phases      ] GC(113)   Other: 0.1ms
[31.623s][info][gc,heap        ] GC(113) Eden regions: 210->0(213)
[31.623s][info][gc,heap        ] GC(113) Survivor regions: 35->16(31)
[31.623s][info][gc,heap        ] GC(113) Old regions: 1387->1421
[31.623s][info][gc,heap        ] GC(113) Humongous regions: 35->35
[31.623s][info][gc,metaspace   ] GC(113) Metaspace: 10431K(10944K)->10431K(10944K) NonClass: 9398K(9664K)->9398K(9664K) Class: 1033K(1280K)->1033K(1280K)
[31.623s][info][gc             ] GC(113) Pause Young (Normal) (G1 Evacuation Pause) 6636M->5854M(7168M) 53.168ms
[31.623s][info][gc,cpu         ] GC(113) User=0.58s Sys=0.02s Real=0.05s
[31.820s][info][gc,marking     ] GC(111) Concurrent Mark From Roots 976.112ms
[31.820s][info][gc,marking     ] GC(111) Concurrent Preclean
[31.820s][info][gc,marking     ] GC(111) Concurrent Preclean 0.076ms
[31.820s][info][gc,start       ] GC(111) Pause Remark
[31.822s][info][gc             ] GC(111) Pause Remark 6425M->6425M(7168M) 1.565ms
[31.822s][info][gc,cpu         ] GC(111) User=0.00s Sys=0.00s Real=0.00s
[31.823s][info][gc,marking     ] GC(111) Concurrent Mark 979.575ms
[31.823s][info][gc,marking     ] GC(111) Concurrent Rebuild Remembered Sets and Scrub Regions
[31.933s][info][gc,start       ] GC(114) Pause Young (Normal) (G1 Evacuation Pause)
[31.933s][info][gc,task        ] GC(114) Using 13 workers of 13 for evacuation
[31.982s][info][gc,phases      ] GC(114)   Pre Evacuate Collection Set: 0.2ms
[31.982s][info][gc,phases      ] GC(114)   Merge Heap Roots: 0.9ms
[31.982s][info][gc,phases      ] GC(114)   Evacuate Collection Set: 47.3ms
[31.982s][info][gc,phases      ] GC(114)   Post Evacuate Collection Set: 0.7ms
[31.982s][info][gc,phases      ] GC(114)   Other: 0.1ms
[31.982s][info][gc,heap        ] GC(114) Eden regions: 213->0(176)
[31.982s][info][gc,heap        ] GC(114) Survivor regions: 16->29(29)
[31.982s][info][gc,heap        ] GC(114) Old regions: 1421->1424
[31.982s][info][gc,heap        ] GC(114) Humongous regions: 43->43
[31.982s][info][gc,metaspace   ] GC(114) Metaspace: 10431K(10944K)->10431K(10944K) NonClass: 9398K(9664K)->9398K(9664K) Class: 1033K(1280K)->1033K(1280K)
[31.982s][info][gc             ] GC(114) Pause Young (Normal) (G1 Evacuation Pause) 6738M->5952M(7168M) 49.511ms
[31.982s][info][gc,cpu         ] GC(114) User=0.69s Sys=0.02s Real=0.05s
[32.110s][info][gc,marking     ] GC(111) Concurrent Rebuild Remembered Sets and Scrub Regions 286.918ms
[32.110s][info][gc,start       ] GC(111) Pause Cleanup
[32.111s][info][gc             ] GC(111) Pause Cleanup 6366M->6366M(7168M) 0.434ms
[32.111s][info][gc,cpu         ] GC(111) User=0.00s Sys=0.00s Real=0.00s
[32.112s][info][gc,marking     ] GC(111) Concurrent Clear Claimed Marks
[32.112s][info][gc,marking     ] GC(111) Concurrent Clear Claimed Marks 0.050ms
[32.112s][info][gc,marking     ] GC(111) Concurrent Cleanup for Next Mark
[32.119s][info][gc,marking     ] GC(111) Concurrent Cleanup for Next Mark 7.684ms
[32.120s][info][gc             ] GC(111) Concurrent Mark Cycle 1306.469ms
[32.193s][info][gc,start       ] GC(115) Pause Young (Prepare Mixed) (G1 Evacuation Pause)
[32.193s][info][gc,task        ] GC(115) Using 13 workers of 13 for evacuation
[32.243s][info][gc,phases      ] GC(115)   Pre Evacuate Collection Set: 0.3ms
[32.243s][info][gc,phases      ] GC(115)   Merge Heap Roots: 0.6ms
[32.243s][info][gc,phases      ] GC(115)   Evacuate Collection Set: 48.2ms
[32.243s][info][gc,phases      ] GC(115)   Post Evacuate Collection Set: 0.6ms
[32.243s][info][gc,phases      ] GC(115)   Other: 0.1ms
[32.243s][info][gc,heap        ] GC(115) Eden regions: 176->0(171)
[32.243s][info][gc,heap        ] GC(115) Survivor regions: 29->15(26)
[32.243s][info][gc,heap        ] GC(115) Old regions: 1424->1455
[32.243s][info][gc,heap        ] GC(115) Humongous regions: 45->45
[32.243s][info][gc,metaspace   ] GC(115) Metaspace: 10431K(10944K)->10431K(10944K) NonClass: 9398K(9664K)->9398K(9664K) Class: 1033K(1280K)->1033K(1280K)
[32.243s][info][gc             ] GC(115) Pause Young (Prepare Mixed) (G1 Evacuation Pause) 6664M->6025M(7168M) 49.949ms
[32.243s][info][gc,cpu         ] GC(115) User=0.58s Sys=0.00s Real=0.05s
[32.421s][info][gc,start       ] GC(116) Pause Young (Mixed) (G1 Evacuation Pause)
[32.421s][info][gc,task        ] GC(116) Using 13 workers of 13 for evacuation
[32.454s][info][gc,phases      ] GC(116)   Pre Evacuate Collection Set: 0.2ms
[32.454s][info][gc,phases      ] GC(116)   Merge Heap Roots: 0.3ms
[32.454s][info][gc,phases      ] GC(116)   Evacuate Collection Set: 31.5ms
[32.454s][info][gc,phases      ] GC(116)   Post Evacuate Collection Set: 0.5ms
[32.454s][info][gc,phases      ] GC(116)   Other: 0.1ms
[32.454s][info][gc,heap        ] GC(116) Eden regions: 171->0(166)
[32.454s][info][gc,heap        ] GC(116) Survivor regions: 15->11(24)
[32.454s][info][gc,heap        ] GC(116) Old regions: 1455->1468
[32.454s][info][gc,heap        ] GC(116) Humongous regions: 45->45
[32.454s][info][gc,metaspace   ] GC(116) Metaspace: 10439K(10944K)->10439K(10944K) NonClass: 9406K(9664K)->9406K(9664K) Class: 1033K(1280K)->1033K(1280K)
[32.454s][info][gc             ] GC(116) Pause Young (Mixed) (G1 Evacuation Pause) 6709M->6070M(7168M) 33.000ms
[32.454s][info][gc,cpu         ] GC(116) User=0.34s Sys=0.05s Real=0.03s
[32.522s][info][gc,start       ] GC(117) Pause Young (Concurrent Start) (G1 Humongous Allocation)
[32.522s][info][gc,task        ] GC(117) Using 13 workers of 13 for evacuation
[32.538s][info][gc,phases      ] GC(117)   Pre Evacuate Collection Set: 0.3ms
[32.539s][info][gc,phases      ] GC(117)   Merge Heap Roots: 0.2ms
[32.539s][info][gc,phases      ] GC(117)   Evacuate Collection Set: 15.2ms
[32.539s][info][gc,phases      ] GC(117)   Post Evacuate Collection Set: 0.7ms
[32.539s][info][gc,phases      ] GC(117)   Other: 0.1ms
[32.539s][info][gc,heap        ] GC(117) Eden regions: 70->0(160)
[32.539s][info][gc,heap        ] GC(117) Survivor regions: 11->14(23)
[32.539s][info][gc,heap        ] GC(117) Old regions: 1468->1468
[32.539s][info][gc,heap        ] GC(117) Humongous regions: 45->45
[32.539s][info][gc,metaspace   ] GC(117) Metaspace: 10439K(10944K)->10439K(10944K) NonClass: 9406K(9664K)->9406K(9664K) Class: 1033K(1280K)->1033K(1280K)
[32.539s][info][gc             ] GC(117) Pause Young (Concurrent Start) (G1 Humongous Allocation) 6350M->6079M(7168M) 16.806ms
[32.539s][info][gc,cpu         ] GC(117) User=0.17s Sys=0.00s Real=0.02s
[32.539s][info][gc             ] GC(118) Concurrent Mark Cycle
[32.539s][info][gc,marking     ] GC(118) Concurrent Scan Root Regions
[32.556s][info][gc,marking     ] GC(118) Concurrent Scan Root Regions 17.252ms
[32.556s][info][gc,marking     ] GC(118) Concurrent Mark
[32.556s][info][gc,marking     ] GC(118) Concurrent Mark From Roots
[32.556s][info][gc,task        ] GC(118) Using 3 workers of 3 for marking
[32.817s][info][gc,start       ] GC(119) Pause Young (Normal) (G1 Evacuation Pause)
[32.817s][info][gc,task        ] GC(119) Using 13 workers of 13 for evacuation
[32.853s][info][gc,phases      ] GC(119)   Pre Evacuate Collection Set: 0.2ms
[32.853s][info][gc,phases      ] GC(119)   Merge Heap Roots: 0.6ms
[32.853s][info][gc,phases      ] GC(119)   Evacuate Collection Set: 33.8ms
[32.853s][info][gc,phases      ] GC(119)   Post Evacuate Collection Set: 0.5ms
[32.853s][info][gc,phases      ] GC(119)   Other: 0.1ms
[32.853s][info][gc,heap        ] GC(119) Eden regions: 160->0(139)
[32.853s][info][gc,heap        ] GC(119) Survivor regions: 14->18(22)
[32.853s][info][gc,heap        ] GC(119) Old regions: 1468->1478
[32.853s][info][gc,heap        ] GC(119) Humongous regions: 48->48
[32.853s][info][gc,metaspace   ] GC(119) Metaspace: 10440K(10944K)->10440K(10944K) NonClass: 9406K(9664K)->9406K(9664K) Class: 1033K(1280K)->1033K(1280K)
[32.853s][info][gc             ] GC(119) Pause Young (Normal) (G1 Evacuation Pause) 6731M->6144M(7168M) 35.334ms
[32.853s][info][gc,cpu         ] GC(119) User=0.36s Sys=0.03s Real=0.04s
[33.283s][info][gc,start       ] GC(120) Pause Young (Normal) (G1 Evacuation Pause)
[33.283s][info][gc,task        ] GC(120) Using 13 workers of 13 for evacuation
[33.327s][info][gc,phases      ] GC(120)   Pre Evacuate Collection Set: 0.1ms
[33.327s][info][gc,phases      ] GC(120)   Merge Heap Roots: 0.8ms
[33.327s][info][gc,phases      ] GC(120)   Evacuate Collection Set: 42.4ms
[33.327s][info][gc,phases      ] GC(120)   Post Evacuate Collection Set: 0.5ms
[33.327s][info][gc,phases      ] GC(120)   Other: 0.1ms
[33.327s][info][gc,heap        ] GC(120) Eden regions: 139->0(119)
[33.327s][info][gc,heap        ] GC(120) Survivor regions: 18->16(20)
[33.327s][info][gc,heap        ] GC(120) Old regions: 1478->1495
[33.327s][info][gc,heap        ] GC(120) Humongous regions: 55->55
[33.327s][info][gc,metaspace   ] GC(120) Metaspace: 10440K(10944K)->10440K(10944K) NonClass: 9406K(9664K)->9406K(9664K) Class: 1033K(1280K)->1033K(1280K)
[33.327s][info][gc             ] GC(120) Pause Young (Normal) (G1 Evacuation Pause) 6728M->6234M(7168M) 44.048ms
[33.327s][info][gc,cpu         ] GC(120) User=0.58s Sys=0.02s Real=0.04s
[33.589s][info][gc,marking     ] GC(118) Concurrent Mark From Roots 1032.952ms
[33.589s][info][gc,marking     ] GC(118) Concurrent Preclean
[33.589s][info][gc,marking     ] GC(118) Concurrent Preclean 0.058ms
[33.589s][info][gc,start       ] GC(118) Pause Remark
[33.590s][info][gc             ] GC(118) Pause Remark 6489M->6421M(7168M) 1.236ms
[33.591s][info][gc,cpu         ] GC(118) User=0.00s Sys=0.00s Real=0.00s
[33.591s][info][gc,marking     ] GC(118) Concurrent Mark 1034.479ms
[33.591s][info][gc,marking     ] GC(118) Concurrent Rebuild Remembered Sets and Scrub Regions
[33.902s][info][gc,marking     ] GC(118) Concurrent Rebuild Remembered Sets and Scrub Regions 311.775ms
[33.902s][info][gc,start       ] GC(118) Pause Cleanup
[33.903s][info][gc             ] GC(118) Pause Cleanup 6571M->6571M(7168M) 0.423ms
[33.903s][info][gc,cpu         ] GC(118) User=0.00s Sys=0.00s Real=0.00s
[33.903s][info][gc,marking     ] GC(118) Concurrent Clear Claimed Marks
[33.903s][info][gc,marking     ] GC(118) Concurrent Clear Claimed Marks 0.031ms
[33.903s][info][gc,marking     ] GC(118) Concurrent Cleanup for Next Mark
[33.910s][info][gc,marking     ] GC(118) Concurrent Cleanup for Next Mark 6.552ms
[33.910s][info][gc             ] GC(118) Concurrent Mark Cycle 1370.923ms
[35.160s][info][gc,start       ] GC(121) Pause Young (Prepare Mixed) (G1 Evacuation Pause)
[35.160s][info][gc,task        ] GC(121) Using 13 workers of 13 for evacuation
[35.326s][info][gc,phases      ] GC(121)   Pre Evacuate Collection Set: 0.2ms
[35.326s][info][gc,phases      ] GC(121)   Merge Heap Roots: 3.8ms
[35.326s][info][gc,phases      ] GC(121)   Evacuate Collection Set: 144.6ms
[35.326s][info][gc,phases      ] GC(121)   Post Evacuate Collection Set: 17.9ms
[35.326s][info][gc,phases      ] GC(121)   Other: 0.1ms
[35.326s][info][gc,heap        ] GC(121) Eden regions: 119->0(0)
[35.326s][info][gc,heap        ] GC(121) Survivor regions: 16->17(17)
[35.326s][info][gc,heap        ] GC(121) Old regions: 1495->1679
[35.326s][info][gc,heap        ] GC(121) Humongous regions: 91->91
[35.326s][info][gc,metaspace   ] GC(121) Metaspace: 10442K(11008K)->10442K(11008K) NonClass: 9409K(9728K)->9409K(9728K) Class: 1033K(1280K)->1033K(1280K)
[35.327s][info][gc             ] GC(121) Pause Young (Prepare Mixed) (G1 Evacuation Pause) (Evacuation Failure) 6854M->7122M(7168M) 166.839ms
[35.327s][info][gc,cpu         ] GC(121) User=2.08s Sys=0.05s Real=0.17s
[35.327s][info][gc,ergo        ] Attempting full compaction
[35.327s][info][gc,start       ] GC(122) Pause Full (G1 Compaction Pause)
[35.327s][info][gc,task        ] GC(122) Using 13 workers of 13 for full compaction
[35.327s][info][gc,phases,start] GC(122) Phase 1: Mark live objects
[35.528s][info][gc,phases      ] GC(122) Phase 1: Mark live objects 201.251ms
[35.528s][info][gc,phases,start] GC(122) Phase 2: Prepare compaction
[35.613s][info][gc,phases      ] GC(122) Phase 2: Prepare compaction 84.909ms
[35.613s][info][gc,phases,start] GC(122) Phase 3: Adjust pointers
[35.796s][info][gc,phases      ] GC(122) Phase 3: Adjust pointers 182.912ms
[35.796s][info][gc,phases,start] GC(122) Phase 4: Compact heap
[35.906s][info][gc,phases      ] GC(122) Phase 4: Compact heap 109.446ms
[35.906s][info][gc,phases,start] GC(122) Phase 5: Reset Metadata
[35.915s][info][gc,phases      ] GC(122) Phase 5: Reset Metadata 9.554ms
[35.924s][info][gc,heap        ] GC(122) Eden regions: 0->0(320)
[35.924s][info][gc,heap        ] GC(122) Survivor regions: 17->0(17)
[35.924s][info][gc,heap        ] GC(122) Old regions: 1679->1334
[35.924s][info][gc,heap        ] GC(122) Humongous regions: 91->22
[35.924s][info][gc,metaspace   ] GC(122) Metaspace: 10442K(11008K)->10442K(11008K) NonClass: 9409K(9728K)->9409K(9728K) Class: 1033K(1280K)->1033K(1280K)
[35.925s][info][gc             ] GC(122) Pause Full (G1 Compaction Pause) 7122M->5391M(7168M) 597.942ms
[35.925s][info][gc,cpu         ] GC(122) User=6.86s Sys=0.05s Real=0.60s
[35.971s][info][gc,start       ] GC(123) Pause Young (Concurrent Start) (G1 Humongous Allocation)
[35.971s][info][gc,task        ] GC(123) Using 13 workers of 13 for evacuation
[35.974s][info][gc,phases      ] GC(123)   Pre Evacuate Collection Set: 0.2ms
[35.974s][info][gc,phases      ] GC(123)   Merge Heap Roots: 0.2ms
[35.974s][info][gc,phases      ] GC(123)   Evacuate Collection Set: 2.1ms
[35.974s][info][gc,phases      ] GC(123)   Post Evacuate Collection Set: 0.3ms
[35.974s][info][gc,phases      ] GC(123)   Other: 0.1ms
[35.974s][info][gc,heap        ] GC(123) Eden regions: 1->0(207)
[35.974s][info][gc,heap        ] GC(123) Survivor regions: 0->3(40)
[35.974s][info][gc,heap        ] GC(123) Old regions: 1334->1334
[35.974s][info][gc,heap        ] GC(123) Humongous regions: 22->22
[35.974s][info][gc,metaspace   ] GC(123) Metaspace: 10482K(11008K)->10482K(11008K) NonClass: 9439K(9728K)->9439K(9728K) Class: 1043K(1280K)->1043K(1280K)
[35.974s][info][gc             ] GC(123) Pause Young (Concurrent Start) (G1 Humongous Allocation) 5395M->5403M(7168M) 3.164ms
[35.974s][info][gc,cpu         ] GC(123) User=0.00s Sys=0.00s Real=0.00s
[35.974s][info][gc             ] GC(124) Concurrent Mark Cycle
[35.974s][info][gc,marking     ] GC(124) Concurrent Scan Root Regions
[35.982s][info][gc,marking     ] GC(124) Concurrent Scan Root Regions 7.620ms
[35.982s][info][gc,marking     ] GC(124) Concurrent Mark
[35.982s][info][gc,marking     ] GC(124) Concurrent Mark From Roots
[35.982s][info][gc,task        ] GC(124) Using 3 workers of 3 for marking
[36.538s][info][gc,marking     ] GC(124) Concurrent Mark From Roots 555.891ms
[36.538s][info][gc,marking     ] GC(124) Concurrent Preclean
[36.538s][info][gc,marking     ] GC(124) Concurrent Preclean 0.042ms
[36.538s][info][gc,start       ] GC(124) Pause Remark
[36.539s][info][gc             ] GC(124) Pause Remark 5440M->5413M(7168M) 1.162ms
[36.539s][info][gc,cpu         ] GC(124) User=0.00s Sys=0.00s Real=0.00s
[36.539s][info][gc,marking     ] GC(124) Concurrent Mark 557.392ms
[36.539s][info][gc,marking     ] GC(124) Concurrent Rebuild Remembered Sets and Scrub Regions
[36.741s][info][gc,marking     ] GC(124) Concurrent Rebuild Remembered Sets and Scrub Regions 201.489ms
[36.741s][info][gc,start       ] GC(124) Pause Cleanup
[36.741s][info][gc             ] GC(124) Pause Cleanup 5417M->5417M(7168M) 0.367ms
[36.741s][info][gc,cpu         ] GC(124) User=0.00s Sys=0.00s Real=0.00s
[36.741s][info][gc,marking     ] GC(124) Concurrent Clear Claimed Marks
[36.741s][info][gc,marking     ] GC(124) Concurrent Clear Claimed Marks 0.022ms
[36.741s][info][gc,marking     ] GC(124) Concurrent Cleanup for Next Mark
[36.747s][info][gc,marking     ] GC(124) Concurrent Cleanup for Next Mark 5.994ms
[36.747s][info][gc             ] GC(124) Concurrent Mark Cycle 773.209ms
[38.229s][info][gc,heap,exit   ] Heap
[38.229s][info][gc,heap,exit   ]  garbage-first heap   total 7340032K, used 6016860K [0x0000000640000000, 0x0000000800000000)
[38.229s][info][gc,heap,exit   ]   region size 4096K, 77 young (315392K), 3 survivors (12288K)
[38.229s][info][gc,heap,exit   ]  Metaspace       used 10542K, committed 11008K, reserved 1114112K
[38.229s][info][gc,heap,exit   ]   class space    used 1050K, committed 1280K, reserved 1048576K
