[0.009s][info][gc,init] CardTable entry size: 512
[0.009s][info][gc     ] Using G1
[0.200s][info][gc,init] Version: 21.0.2+13-58 (release)
[0.200s][info][gc,init] CPUs: 16 total, 16 available
[0.200s][info][gc,init] Memory: 32555M
[0.200s][info][gc,init] Large Page Support: Disabled
[0.200s][info][gc,init] NUMA Support: Disabled
[0.200s][info][gc,init] Compressed Oops: Enabled (Zero based)
[0.200s][info][gc,init] Heap Region Size: 8M
[0.200s][info][gc,init] Heap Min Capacity: 15G
[0.200s][info][gc,init] Heap Initial Capacity: 15G
[0.200s][info][gc,init] Heap Max Capacity: 15G
[0.200s][info][gc,init] Pre-touch: Disabled
[0.200s][info][gc,init] Parallel Workers: 13
[0.200s][info][gc,init] Concurrent Workers: 3
[0.200s][info][gc,init] Concurrent Refinement Workers: 13
[0.200s][info][gc,init] Periodic GC: Disabled
[0.208s][info][gc,metaspace] CDS archive(s) mapped at: [0x000001c030000000-0x000001c030c90000-0x000001c030c90000), size 13172736, SharedBaseAddress: 0x000001c030000000, ArchiveRelocationMode: 1.
[0.208s][info][gc,metaspace] Compressed class space mapped at: 0x000001c031000000-0x000001c071000000, reserved size: 1073741824
[0.208s][info][gc,metaspace] Narrow klass base: 0x000001c030000000, Narrow klass shift: 0, Narrow klass range: 0x100000000
[3.897s][info][gc,start    ] GC(0) Pause Young (Normal) (G1 Evacuation Pause)
[3.898s][info][gc,task     ] GC(0) Using 13 workers of 13 for evacuation
[3.924s][info][gc,phases   ] GC(0)   Pre Evacuate Collection Set: 0.2ms
[3.924s][info][gc,phases   ] GC(0)   Merge Heap Roots: 0.1ms
[3.924s][info][gc,phases   ] GC(0)   Evacuate Collection Set: 25.6ms
[3.924s][info][gc,phases   ] GC(0)   Post Evacuate Collection Set: 0.6ms
[3.924s][info][gc,phases   ] GC(0)   Other: 0.3ms
[3.924s][info][gc,heap     ] GC(0) Eden regions: 96->0(84)
[3.924s][info][gc,heap     ] GC(0) Survivor regions: 0->12(12)
[3.924s][info][gc,heap     ] GC(0) Old regions: 0->6
[3.924s][info][gc,heap     ] GC(0) Humongous regions: 0->0
[3.924s][info][gc,metaspace] GC(0) Metaspace: 7712K(8064K)->7712K(8064K) NonClass: 6901K(7104K)->6901K(7104K) Class: 810K(960K)->810K(960K)
[3.924s][info][gc          ] GC(0) Pause Young (Normal) (G1 Evacuation Pause) 768M->143M(15360M) 27.051ms
[3.924s][info][gc,cpu      ] GC(0) User=0.09s Sys=0.09s Real=0.03s
[4.206s][info][gc,start    ] GC(1) Pause Young (Normal) (G1 Evacuation Pause)
[4.206s][info][gc,task     ] GC(1) Using 13 workers of 13 for evacuation
[4.235s][info][gc,phases   ] GC(1)   Pre Evacuate Collection Set: 0.2ms
[4.235s][info][gc,phases   ] GC(1)   Merge Heap Roots: 0.0ms
[4.235s][info][gc,phases   ] GC(1)   Evacuate Collection Set: 28.2ms
[4.235s][info][gc,phases   ] GC(1)   Post Evacuate Collection Set: 0.7ms
[4.235s][info][gc,phases   ] GC(1)   Other: 0.1ms
[4.235s][info][gc,heap     ] GC(1) Eden regions: 84->0(84)
[4.235s][info][gc,heap     ] GC(1) Survivor regions: 12->12(12)
[4.235s][info][gc,heap     ] GC(1) Old regions: 6->23
[4.235s][info][gc,heap     ] GC(1) Humongous regions: 0->0
[4.235s][info][gc,metaspace] GC(1) Metaspace: 7726K(8064K)->7726K(8064K) NonClass: 6916K(7104K)->6916K(7104K) Class: 810K(960K)->810K(960K)
[4.235s][info][gc          ] GC(1) Pause Young (Normal) (G1 Evacuation Pause) 815M->277M(15360M) 29.402ms
[4.235s][info][gc,cpu      ] GC(1) User=0.08s Sys=0.05s Real=0.03s
[4.487s][info][gc,start    ] GC(2) Pause Young (Normal) (G1 Evacuation Pause)
[4.487s][info][gc,task     ] GC(2) Using 13 workers of 13 for evacuation
[4.516s][info][gc,phases   ] GC(2)   Pre Evacuate Collection Set: 0.2ms
[4.516s][info][gc,phases   ] GC(2)   Merge Heap Roots: 0.1ms
[4.516s][info][gc,phases   ] GC(2)   Evacuate Collection Set: 28.1ms
[4.516s][info][gc,phases   ] GC(2)   Post Evacuate Collection Set: 0.7ms
[4.516s][info][gc,phases   ] GC(2)   Other: 0.1ms
[4.516s][info][gc,heap     ] GC(2) Eden regions: 84->0(84)
[4.516s][info][gc,heap     ] GC(2) Survivor regions: 12->12(12)
[4.516s][info][gc,heap     ] GC(2) Old regions: 23->40
[4.516s][info][gc,heap     ] GC(2) Humongous regions: 0->0
[4.516s][info][gc,metaspace] GC(2) Metaspace: 7726K(8064K)->7726K(8064K) NonClass: 6916K(7104K)->6916K(7104K) Class: 810K(960K)->810K(960K)
[4.516s][info][gc          ] GC(2) Pause Young (Normal) (G1 Evacuation Pause) 949M->411M(15360M) 29.331ms
[4.516s][info][gc,cpu      ] GC(2) User=0.06s Sys=0.17s Real=0.03s
[4.780s][info][gc,start    ] GC(3) Pause Young (Normal) (G1 Evacuation Pause)
[4.780s][info][gc,task     ] GC(3) Using 13 workers of 13 for evacuation
[4.810s][info][gc,phases   ] GC(3)   Pre Evacuate Collection Set: 0.2ms
[4.810s][info][gc,phases   ] GC(3)   Merge Heap Roots: 0.1ms
[4.810s][info][gc,phases   ] GC(3)   Evacuate Collection Set: 28.8ms
[4.810s][info][gc,phases   ] GC(3)   Post Evacuate Collection Set: 0.5ms
[4.810s][info][gc,phases   ] GC(3)   Other: 0.1ms
[4.810s][info][gc,heap     ] GC(3) Eden regions: 84->0(84)
[4.810s][info][gc,heap     ] GC(3) Survivor regions: 12->12(12)
[4.810s][info][gc,heap     ] GC(3) Old regions: 40->57
[4.810s][info][gc,heap     ] GC(3) Humongous regions: 0->0
[4.810s][info][gc,metaspace] GC(3) Metaspace: 7726K(8064K)->7726K(8064K) NonClass: 6916K(7104K)->6916K(7104K) Class: 810K(960K)->810K(960K)
[4.810s][info][gc          ] GC(3) Pause Young (Normal) (G1 Evacuation Pause) 1083M->544M(15360M) 29.911ms
[4.810s][info][gc,cpu      ] GC(3) User=0.02s Sys=0.17s Real=0.03s
[5.071s][info][gc,start    ] GC(4) Pause Young (Normal) (G1 Evacuation Pause)
[5.071s][info][gc,task     ] GC(4) Using 13 workers of 13 for evacuation
[5.100s][info][gc,phases   ] GC(4)   Pre Evacuate Collection Set: 0.2ms
[5.100s][info][gc,phases   ] GC(4)   Merge Heap Roots: 0.1ms
[5.100s][info][gc,phases   ] GC(4)   Evacuate Collection Set: 28.1ms
[5.100s][info][gc,phases   ] GC(4)   Post Evacuate Collection Set: 0.5ms
[5.100s][info][gc,phases   ] GC(4)   Other: 0.1ms
[5.100s][info][gc,heap     ] GC(4) Eden regions: 84->0(84)
[5.100s][info][gc,heap     ] GC(4) Survivor regions: 12->12(12)
[5.100s][info][gc,heap     ] GC(4) Old regions: 57->73
[5.100s][info][gc,heap     ] GC(4) Humongous regions: 0->0
[5.100s][info][gc,metaspace] GC(4) Metaspace: 7726K(8064K)->7726K(8064K) NonClass: 6916K(7104K)->6916K(7104K) Class: 810K(960K)->810K(960K)
[5.100s][info][gc          ] GC(4) Pause Young (Normal) (G1 Evacuation Pause) 1216M->679M(15360M) 29.132ms
[5.100s][info][gc,cpu      ] GC(4) User=0.06s Sys=0.11s Real=0.03s
[5.369s][info][gc,start    ] GC(5) Pause Young (Normal) (G1 Evacuation Pause)
[5.369s][info][gc,task     ] GC(5) Using 13 workers of 13 for evacuation
[5.398s][info][gc,phases   ] GC(5)   Pre Evacuate Collection Set: 0.2ms
[5.398s][info][gc,phases   ] GC(5)   Merge Heap Roots: 0.1ms
[5.398s][info][gc,phases   ] GC(5)   Evacuate Collection Set: 27.7ms
[5.398s][info][gc,phases   ] GC(5)   Post Evacuate Collection Set: 0.7ms
[5.398s][info][gc,phases   ] GC(5)   Other: 0.1ms
[5.398s][info][gc,heap     ] GC(5) Eden regions: 84->0(84)
[5.398s][info][gc,heap     ] GC(5) Survivor regions: 12->12(12)
[5.398s][info][gc,heap     ] GC(5) Old regions: 73->90
[5.398s][info][gc,heap     ] GC(5) Humongous regions: 0->0
[5.398s][info][gc,metaspace] GC(5) Metaspace: 7740K(8064K)->7740K(8064K) NonClass: 6929K(7104K)->6929K(7104K) Class: 810K(960K)->810K(960K)
[5.398s][info][gc          ] GC(5) Pause Young (Normal) (G1 Evacuation Pause) 1351M->813M(15360M) 28.901ms
[5.398s][info][gc,cpu      ] GC(5) User=0.14s Sys=0.08s Real=0.03s
[5.665s][info][gc,start    ] GC(6) Pause Young (Normal) (G1 Evacuation Pause)
[5.665s][info][gc,task     ] GC(6) Using 13 workers of 13 for evacuation
[5.696s][info][gc,phases   ] GC(6)   Pre Evacuate Collection Set: 0.2ms
[5.696s][info][gc,phases   ] GC(6)   Merge Heap Roots: 0.3ms
[5.696s][info][gc,phases   ] GC(6)   Evacuate Collection Set: 28.8ms
[5.696s][info][gc,phases   ] GC(6)   Post Evacuate Collection Set: 1.0ms
[5.696s][info][gc,phases   ] GC(6)   Other: 0.1ms
[5.696s][info][gc,heap     ] GC(6) Eden regions: 84->0(84)
[5.696s][info][gc,heap     ] GC(6) Survivor regions: 12->12(12)
[5.696s][info][gc,heap     ] GC(6) Old regions: 90->107
[5.696s][info][gc,heap     ] GC(6) Humongous regions: 0->0
[5.696s][info][gc,metaspace] GC(6) Metaspace: 7740K(8064K)->7740K(8064K) NonClass: 6929K(7104K)->6929K(7104K) Class: 810K(960K)->810K(960K)
[5.696s][info][gc          ] GC(6) Pause Young (Normal) (G1 Evacuation Pause) 1485M->946M(15360M) 30.500ms
[5.696s][info][gc,cpu      ] GC(6) User=0.08s Sys=0.16s Real=0.03s
[5.974s][info][gc,start    ] GC(7) Pause Young (Normal) (G1 Evacuation Pause)
[5.974s][info][gc,task     ] GC(7) Using 13 workers of 13 for evacuation
[6.002s][info][gc,phases   ] GC(7)   Pre Evacuate Collection Set: 0.5ms
[6.002s][info][gc,phases   ] GC(7)   Merge Heap Roots: 0.1ms
[6.002s][info][gc,phases   ] GC(7)   Evacuate Collection Set: 26.7ms
[6.002s][info][gc,phases   ] GC(7)   Post Evacuate Collection Set: 0.5ms
[6.002s][info][gc,phases   ] GC(7)   Other: 0.1ms
[6.002s][info][gc,heap     ] GC(7) Eden regions: 84->0(84)
[6.002s][info][gc,heap     ] GC(7) Survivor regions: 12->12(12)
[6.002s][info][gc,heap     ] GC(7) Old regions: 107->124
[6.002s][info][gc,heap     ] GC(7) Humongous regions: 0->0
[6.002s][info][gc,metaspace] GC(7) Metaspace: 7740K(8064K)->7740K(8064K) NonClass: 6929K(7104K)->6929K(7104K) Class: 810K(960K)->810K(960K)
[6.002s][info][gc          ] GC(7) Pause Young (Normal) (G1 Evacuation Pause) 1618M->1081M(15360M) 28.068ms
[6.002s][info][gc,cpu      ] GC(7) User=0.09s Sys=0.20s Real=0.03s
[6.275s][info][gc,start    ] GC(8) Pause Young (Normal) (G1 Evacuation Pause)
[6.275s][info][gc,task     ] GC(8) Using 13 workers of 13 for evacuation
[6.302s][info][gc,phases   ] GC(8)   Pre Evacuate Collection Set: 0.3ms
[6.302s][info][gc,phases   ] GC(8)   Merge Heap Roots: 0.1ms
[6.302s][info][gc,phases   ] GC(8)   Evacuate Collection Set: 26.2ms
[6.302s][info][gc,phases   ] GC(8)   Post Evacuate Collection Set: 0.4ms
[6.302s][info][gc,phases   ] GC(8)   Other: 0.1ms
[6.302s][info][gc,heap     ] GC(8) Eden regions: 84->0(84)
[6.302s][info][gc,heap     ] GC(8) Survivor regions: 12->12(12)
[6.302s][info][gc,heap     ] GC(8) Old regions: 124->140
[6.302s][info][gc,heap     ] GC(8) Humongous regions: 0->0
[6.302s][info][gc,metaspace] GC(8) Metaspace: 7744K(8064K)->7744K(8064K) NonClass: 6934K(7104K)->6934K(7104K) Class: 810K(960K)->810K(960K)
[6.302s][info][gc          ] GC(8) Pause Young (Normal) (G1 Evacuation Pause) 1753M->1214M(15360M) 27.188ms
[6.302s][info][gc,cpu      ] GC(8) User=0.08s Sys=0.12s Real=0.03s
[6.569s][info][gc,start    ] GC(9) Pause Young (Normal) (G1 Evacuation Pause)
[6.569s][info][gc,task     ] GC(9) Using 13 workers of 13 for evacuation
[6.599s][info][gc,phases   ] GC(9)   Pre Evacuate Collection Set: 0.2ms
[6.599s][info][gc,phases   ] GC(9)   Merge Heap Roots: 0.1ms
[6.599s][info][gc,phases   ] GC(9)   Evacuate Collection Set: 29.5ms
[6.599s][info][gc,phases   ] GC(9)   Post Evacuate Collection Set: 0.7ms
[6.599s][info][gc,phases   ] GC(9)   Other: 0.1ms
[6.599s][info][gc,heap     ] GC(9) Eden regions: 84->0(84)
[6.599s][info][gc,heap     ] GC(9) Survivor regions: 12->12(12)
[6.599s][info][gc,heap     ] GC(9) Old regions: 140->157
[6.599s][info][gc,heap     ] GC(9) Humongous regions: 0->0
[6.599s][info][gc,metaspace] GC(9) Metaspace: 7744K(8064K)->7744K(8064K) NonClass: 6934K(7104K)->6934K(7104K) Class: 810K(960K)->810K(960K)
[6.599s][info][gc          ] GC(9) Pause Young (Normal) (G1 Evacuation Pause) 1886M->1349M(15360M) 30.755ms
[6.599s][info][gc,cpu      ] GC(9) User=0.08s Sys=0.14s Real=0.03s
[6.867s][info][gc,start    ] GC(10) Pause Young (Normal) (G1 Evacuation Pause)
[6.867s][info][gc,task     ] GC(10) Using 13 workers of 13 for evacuation
[6.897s][info][gc,phases   ] GC(10)   Pre Evacuate Collection Set: 0.2ms
[6.897s][info][gc,phases   ] GC(10)   Merge Heap Roots: 0.0ms
[6.897s][info][gc,phases   ] GC(10)   Evacuate Collection Set: 29.0ms
[6.897s][info][gc,phases   ] GC(10)   Post Evacuate Collection Set: 0.6ms
[6.897s][info][gc,phases   ] GC(10)   Other: 0.1ms
[6.897s][info][gc,heap     ] GC(10) Eden regions: 84->0(84)
[6.897s][info][gc,heap     ] GC(10) Survivor regions: 12->12(12)
[6.897s][info][gc,heap     ] GC(10) Old regions: 157->174
[6.897s][info][gc,heap     ] GC(10) Humongous regions: 0->0
[6.897s][info][gc,metaspace] GC(10) Metaspace: 7744K(8064K)->7744K(8064K) NonClass: 6934K(7104K)->6934K(7104K) Class: 810K(960K)->810K(960K)
[6.897s][info][gc          ] GC(10) Pause Young (Normal) (G1 Evacuation Pause) 2021M->1483M(15360M) 30.083ms
[6.897s][info][gc,cpu      ] GC(10) User=0.05s Sys=0.09s Real=0.03s
[7.160s][info][gc,start    ] GC(11) Pause Young (Normal) (G1 Evacuation Pause)
[7.160s][info][gc,task     ] GC(11) Using 13 workers of 13 for evacuation
[7.191s][info][gc,phases   ] GC(11)   Pre Evacuate Collection Set: 0.2ms
[7.191s][info][gc,phases   ] GC(11)   Merge Heap Roots: 0.1ms
[7.191s][info][gc,phases   ] GC(11)   Evacuate Collection Set: 30.2ms
[7.191s][info][gc,phases   ] GC(11)   Post Evacuate Collection Set: 0.4ms
[7.191s][info][gc,phases   ] GC(11)   Other: 0.1ms
[7.191s][info][gc,heap     ] GC(11) Eden regions: 84->0(84)
[7.191s][info][gc,heap     ] GC(11) Survivor regions: 12->12(12)
[7.191s][info][gc,heap     ] GC(11) Old regions: 174->191
[7.191s][info][gc,heap     ] GC(11) Humongous regions: 0->0
[7.191s][info][gc,metaspace] GC(11) Metaspace: 7744K(8064K)->7744K(8064K) NonClass: 6934K(7104K)->6934K(7104K) Class: 810K(960K)->810K(960K)
[7.191s][info][gc          ] GC(11) Pause Young (Normal) (G1 Evacuation Pause) 2155M->1618M(15360M) 31.213ms
[7.191s][info][gc,cpu      ] GC(11) User=0.11s Sys=0.20s Real=0.03s
[7.470s][info][gc,start    ] GC(12) Pause Young (Normal) (G1 Evacuation Pause)
[7.470s][info][gc,task     ] GC(12) Using 13 workers of 13 for evacuation
[7.499s][info][gc,phases   ] GC(12)   Pre Evacuate Collection Set: 0.2ms
[7.499s][info][gc,phases   ] GC(12)   Merge Heap Roots: 0.1ms
[7.499s][info][gc,phases   ] GC(12)   Evacuate Collection Set: 28.7ms
[7.499s][info][gc,phases   ] GC(12)   Post Evacuate Collection Set: 0.3ms
[7.499s][info][gc,phases   ] GC(12)   Other: 0.1ms
[7.499s][info][gc,heap     ] GC(12) Eden regions: 84->0(84)
[7.499s][info][gc,heap     ] GC(12) Survivor regions: 12->12(12)
[7.499s][info][gc,heap     ] GC(12) Old regions: 191->207
[7.499s][info][gc,heap     ] GC(12) Humongous regions: 0->0
[7.499s][info][gc,metaspace] GC(12) Metaspace: 7757K(8064K)->7757K(8064K) NonClass: 6947K(7104K)->6947K(7104K) Class: 810K(960K)->810K(960K)
[7.499s][info][gc          ] GC(12) Pause Young (Normal) (G1 Evacuation Pause) 2290M->1751M(15360M) 29.535ms
[7.499s][info][gc,cpu      ] GC(12) User=0.11s Sys=0.23s Real=0.03s
[7.807s][info][gc,start    ] GC(13) Pause Young (Normal) (G1 Evacuation Pause)
[7.807s][info][gc,task     ] GC(13) Using 13 workers of 13 for evacuation
[7.837s][info][gc,phases   ] GC(13)   Pre Evacuate Collection Set: 0.2ms
[7.837s][info][gc,phases   ] GC(13)   Merge Heap Roots: 0.1ms
[7.837s][info][gc,phases   ] GC(13)   Evacuate Collection Set: 29.5ms
[7.837s][info][gc,phases   ] GC(13)   Post Evacuate Collection Set: 0.3ms
[7.838s][info][gc,phases   ] GC(13)   Other: 0.1ms
[7.838s][info][gc,heap     ] GC(13) Eden regions: 84->0(84)
[7.838s][info][gc,heap     ] GC(13) Survivor regions: 12->12(12)
[7.838s][info][gc,heap     ] GC(13) Old regions: 207->224
[7.838s][info][gc,heap     ] GC(13) Humongous regions: 0->0
[7.838s][info][gc,metaspace] GC(13) Metaspace: 7757K(8064K)->7757K(8064K) NonClass: 6947K(7104K)->6947K(7104K) Class: 810K(960K)->810K(960K)
[7.838s][info][gc          ] GC(13) Pause Young (Normal) (G1 Evacuation Pause) 2423M->1880M(15360M) 30.355ms
[7.838s][info][gc,cpu      ] GC(13) User=0.12s Sys=0.08s Real=0.03s
[8.214s][info][gc,start    ] GC(14) Pause Young (Normal) (G1 Evacuation Pause)
[8.214s][info][gc,task     ] GC(14) Using 13 workers of 13 for evacuation
[8.245s][info][gc,phases   ] GC(14)   Pre Evacuate Collection Set: 0.3ms
[8.245s][info][gc,phases   ] GC(14)   Merge Heap Roots: 0.1ms
[8.245s][info][gc,phases   ] GC(14)   Evacuate Collection Set: 30.4ms
[8.245s][info][gc,phases   ] GC(14)   Post Evacuate Collection Set: 0.3ms
[8.245s][info][gc,phases   ] GC(14)   Other: 0.1ms
[8.246s][info][gc,heap     ] GC(14) Eden regions: 84->0(84)
[8.246s][info][gc,heap     ] GC(14) Survivor regions: 12->12(12)
[8.246s][info][gc,heap     ] GC(14) Old regions: 224->240
[8.246s][info][gc,heap     ] GC(14) Humongous regions: 0->0
[8.246s][info][gc,metaspace] GC(14) Metaspace: 7763K(8064K)->7763K(8064K) NonClass: 6953K(7104K)->6953K(7104K) Class: 810K(960K)->810K(960K)
[8.246s][info][gc          ] GC(14) Pause Young (Normal) (G1 Evacuation Pause) 2552M->2009M(15360M) 31.463ms
[8.246s][info][gc,cpu      ] GC(14) User=0.08s Sys=0.30s Real=0.03s
[8.523s][info][gc,start    ] GC(15) Pause Young (Normal) (G1 Evacuation Pause)
[8.523s][info][gc,task     ] GC(15) Using 13 workers of 13 for evacuation
[8.548s][info][gc,phases   ] GC(15)   Pre Evacuate Collection Set: 0.3ms
[8.549s][info][gc,phases   ] GC(15)   Merge Heap Roots: 0.1ms
[8.549s][info][gc,phases   ] GC(15)   Evacuate Collection Set: 24.2ms
[8.549s][info][gc,phases   ] GC(15)   Post Evacuate Collection Set: 0.4ms
[8.549s][info][gc,phases   ] GC(15)   Other: 0.1ms
[8.549s][info][gc,heap     ] GC(15) Eden regions: 84->0(84)
[8.549s][info][gc,heap     ] GC(15) Survivor regions: 12->12(12)
[8.549s][info][gc,heap     ] GC(15) Old regions: 240->256
[8.549s][info][gc,heap     ] GC(15) Humongous regions: 0->0
[8.549s][info][gc,metaspace] GC(15) Metaspace: 7774K(8128K)->7774K(8128K) NonClass: 6963K(7168K)->6963K(7168K) Class: 810K(960K)->810K(960K)
[8.549s][info][gc          ] GC(15) Pause Young (Normal) (G1 Evacuation Pause) 2681M->2141M(15360M) 25.286ms
[8.549s][info][gc,cpu      ] GC(15) User=0.12s Sys=0.09s Real=0.03s
[8.819s][info][gc,start    ] GC(16) Pause Young (Normal) (G1 Evacuation Pause)
[8.819s][info][gc,task     ] GC(16) Using 13 workers of 13 for evacuation
[8.845s][info][gc,phases   ] GC(16)   Pre Evacuate Collection Set: 0.3ms
[8.845s][info][gc,phases   ] GC(16)   Merge Heap Roots: 0.1ms
[8.845s][info][gc,phases   ] GC(16)   Evacuate Collection Set: 24.9ms
[8.845s][info][gc,phases   ] GC(16)   Post Evacuate Collection Set: 0.5ms
[8.845s][info][gc,phases   ] GC(16)   Other: 0.1ms
[8.845s][info][gc,heap     ] GC(16) Eden regions: 84->0(84)
[8.845s][info][gc,heap     ] GC(16) Survivor regions: 12->12(12)
[8.845s][info][gc,heap     ] GC(16) Old regions: 256->273
[8.845s][info][gc,heap     ] GC(16) Humongous regions: 0->0
[8.845s][info][gc,metaspace] GC(16) Metaspace: 7774K(8128K)->7774K(8128K) NonClass: 6963K(7168K)->6963K(7168K) Class: 810K(960K)->810K(960K)
[8.845s][info][gc          ] GC(16) Pause Young (Normal) (G1 Evacuation Pause) 2813M->2273M(15360M) 26.049ms
[8.845s][info][gc,cpu      ] GC(16) User=0.11s Sys=0.09s Real=0.03s
[9.110s][info][gc,start    ] GC(17) Pause Young (Normal) (G1 Evacuation Pause)
[9.110s][info][gc,task     ] GC(17) Using 13 workers of 13 for evacuation
[9.139s][info][gc,phases   ] GC(17)   Pre Evacuate Collection Set: 0.4ms
[9.139s][info][gc,phases   ] GC(17)   Merge Heap Roots: 0.1ms
[9.139s][info][gc,phases   ] GC(17)   Evacuate Collection Set: 27.5ms
[9.139s][info][gc,phases   ] GC(17)   Post Evacuate Collection Set: 0.6ms
[9.139s][info][gc,phases   ] GC(17)   Other: 0.1ms
[9.139s][info][gc,heap     ] GC(17) Eden regions: 84->0(103)
[9.139s][info][gc,heap     ] GC(17) Survivor regions: 12->12(12)
[9.139s][info][gc,heap     ] GC(17) Old regions: 273->289
[9.139s][info][gc,heap     ] GC(17) Humongous regions: 0->0
[9.139s][info][gc,metaspace] GC(17) Metaspace: 7774K(8128K)->7774K(8128K) NonClass: 6963K(7168K)->6963K(7168K) Class: 810K(960K)->810K(960K)
[9.139s][info][gc          ] GC(17) Pause Young (Normal) (G1 Evacuation Pause) 2945M->2407M(15360M) 28.757ms
[9.139s][info][gc,cpu      ] GC(17) User=0.06s Sys=0.17s Real=0.03s
[9.479s][info][gc,start    ] GC(18) Pause Young (Normal) (G1 Evacuation Pause)
[9.479s][info][gc,task     ] GC(18) Using 13 workers of 13 for evacuation
[9.509s][info][gc,phases   ] GC(18)   Pre Evacuate Collection Set: 0.3ms
[9.509s][info][gc,phases   ] GC(18)   Merge Heap Roots: 0.1ms
[9.509s][info][gc,phases   ] GC(18)   Evacuate Collection Set: 29.2ms
[9.509s][info][gc,phases   ] GC(18)   Post Evacuate Collection Set: 0.4ms
[9.509s][info][gc,phases   ] GC(18)   Other: 0.1ms
[9.509s][info][gc,heap     ] GC(18) Eden regions: 103->0(115)
[9.509s][info][gc,heap     ] GC(18) Survivor regions: 12->15(15)
[9.509s][info][gc,heap     ] GC(18) Old regions: 289->306
[9.509s][info][gc,heap     ] GC(18) Humongous regions: 0->0
[9.509s][info][gc,metaspace] GC(18) Metaspace: 7781K(8128K)->7781K(8128K) NonClass: 6970K(7168K)->6970K(7168K) Class: 810K(960K)->810K(960K)
[9.509s][info][gc          ] GC(18) Pause Young (Normal) (G1 Evacuation Pause) 3231M->2566M(15360M) 30.167ms
[9.509s][info][gc,cpu      ] GC(18) User=0.05s Sys=0.03s Real=0.03s
[9.879s][info][gc,start    ] GC(19) Pause Young (Normal) (G1 Evacuation Pause)
[9.879s][info][gc,task     ] GC(19) Using 13 workers of 13 for evacuation
[9.922s][info][gc,phases   ] GC(19)   Pre Evacuate Collection Set: 0.3ms
[9.922s][info][gc,phases   ] GC(19)   Merge Heap Roots: 0.1ms
[9.922s][info][gc,phases   ] GC(19)   Evacuate Collection Set: 42.1ms
[9.922s][info][gc,phases   ] GC(19)   Post Evacuate Collection Set: 0.4ms
[9.922s][info][gc,phases   ] GC(19)   Other: 0.1ms
[9.922s][info][gc,heap     ] GC(19) Eden regions: 115->0(116)
[9.922s][info][gc,heap     ] GC(19) Survivor regions: 15->17(17)
[9.922s][info][gc,heap     ] GC(19) Old regions: 306->326
[9.922s][info][gc,heap     ] GC(19) Humongous regions: 0->0
[9.922s][info][gc,metaspace] GC(19) Metaspace: 7781K(8128K)->7781K(8128K) NonClass: 6970K(7168K)->6970K(7168K) Class: 810K(960K)->810K(960K)
[9.922s][info][gc          ] GC(19) Pause Young (Normal) (G1 Evacuation Pause) 3486M->2743M(15360M) 43.051ms
[9.922s][info][gc,cpu      ] GC(19) User=0.12s Sys=0.30s Real=0.04s
[10.308s][info][gc,start    ] GC(20) Pause Young (Normal) (G1 Evacuation Pause)
[10.308s][info][gc,task     ] GC(20) Using 13 workers of 13 for evacuation
[10.352s][info][gc,phases   ] GC(20)   Pre Evacuate Collection Set: 0.2ms
[10.352s][info][gc,phases   ] GC(20)   Merge Heap Roots: 0.1ms
[10.352s][info][gc,phases   ] GC(20)   Evacuate Collection Set: 43.3ms
[10.352s][info][gc,phases   ] GC(20)   Post Evacuate Collection Set: 0.4ms
[10.352s][info][gc,phases   ] GC(20)   Other: 0.1ms
[10.352s][info][gc,heap     ] GC(20) Eden regions: 116->0(119)
[10.352s][info][gc,heap     ] GC(20) Survivor regions: 17->17(17)
[10.352s][info][gc,heap     ] GC(20) Old regions: 326->349
[10.352s][info][gc,heap     ] GC(20) Humongous regions: 0->0
[10.352s][info][gc,metaspace] GC(20) Metaspace: 7791K(8128K)->7791K(8128K) NonClass: 6981K(7168K)->6981K(7168K) Class: 810K(960K)->810K(960K)
[10.352s][info][gc          ] GC(20) Pause Young (Normal) (G1 Evacuation Pause) 3671M->2920M(15360M) 44.171ms
[10.352s][info][gc,cpu      ] GC(20) User=0.19s Sys=0.16s Real=0.04s
[10.726s][info][gc,start    ] GC(21) Pause Young (Normal) (G1 Evacuation Pause)
[10.726s][info][gc,task     ] GC(21) Using 13 workers of 13 for evacuation
[10.771s][info][gc,phases   ] GC(21)   Pre Evacuate Collection Set: 0.3ms
[10.771s][info][gc,phases   ] GC(21)   Merge Heap Roots: 0.1ms
[10.771s][info][gc,phases   ] GC(21)   Evacuate Collection Set: 44.0ms
[10.771s][info][gc,phases   ] GC(21)   Post Evacuate Collection Set: 0.5ms
[10.771s][info][gc,phases   ] GC(21)   Other: 0.1ms
[10.771s][info][gc,heap     ] GC(21) Eden regions: 119->0(129)
[10.771s][info][gc,heap     ] GC(21) Survivor regions: 17->17(17)
[10.771s][info][gc,heap     ] GC(21) Old regions: 349->371
[10.771s][info][gc,heap     ] GC(21) Humongous regions: 0->0
[10.771s][info][gc,metaspace] GC(21) Metaspace: 7793K(8128K)->7793K(8128K) NonClass: 6982K(7168K)->6982K(7168K) Class: 810K(960K)->810K(960K)
[10.771s][info][gc          ] GC(21) Pause Young (Normal) (G1 Evacuation Pause) 3872M->3103M(15360M) 45.108ms
[10.771s][info][gc,cpu      ] GC(21) User=0.17s Sys=0.34s Real=0.05s
[11.209s][info][gc,start    ] GC(22) Pause Young (Normal) (G1 Evacuation Pause)
[11.209s][info][gc,task     ] GC(22) Using 13 workers of 13 for evacuation
[11.258s][info][gc,phases   ] GC(22)   Pre Evacuate Collection Set: 0.3ms
[11.258s][info][gc,phases   ] GC(22)   Merge Heap Roots: 0.1ms
[11.258s][info][gc,phases   ] GC(22)   Evacuate Collection Set: 48.0ms
[11.258s][info][gc,phases   ] GC(22)   Post Evacuate Collection Set: 0.5ms
[11.258s][info][gc,phases   ] GC(22)   Other: 0.1ms
[11.258s][info][gc,heap     ] GC(22) Eden regions: 129->0(137)
[11.258s][info][gc,heap     ] GC(22) Survivor regions: 17->19(19)
[11.258s][info][gc,heap     ] GC(22) Old regions: 371->394
[11.258s][info][gc,heap     ] GC(22) Humongous regions: 0->0
[11.258s][info][gc,metaspace] GC(22) Metaspace: 7794K(8128K)->7794K(8128K) NonClass: 6983K(7168K)->6983K(7168K) Class: 810K(960K)->810K(960K)
[11.258s][info][gc          ] GC(22) Pause Young (Normal) (G1 Evacuation Pause) 4135M->3296M(15360M) 49.054ms
[11.258s][info][gc,cpu      ] GC(22) User=0.16s Sys=0.33s Real=0.05s
[12.022s][info][gc,start    ] GC(23) Pause Young (Normal) (G1 Evacuation Pause)
[12.022s][info][gc,task     ] GC(23) Using 13 workers of 13 for evacuation
[12.068s][info][gc,phases   ] GC(23)   Pre Evacuate Collection Set: 0.2ms
[12.068s][info][gc,phases   ] GC(23)   Merge Heap Roots: 0.1ms
[12.068s][info][gc,phases   ] GC(23)   Evacuate Collection Set: 45.7ms
[12.068s][info][gc,phases   ] GC(23)   Post Evacuate Collection Set: 0.5ms
[12.068s][info][gc,phases   ] GC(23)   Other: 0.1ms
[12.068s][info][gc,heap     ] GC(23) Eden regions: 137->0(140)
[12.068s][info][gc,heap     ] GC(23) Survivor regions: 19->20(20)
[12.068s][info][gc,heap     ] GC(23) Old regions: 394->418
[12.068s][info][gc,heap     ] GC(23) Humongous regions: 0->0
[12.068s][info][gc,metaspace] GC(23) Metaspace: 10035K(10304K)->10035K(10304K) NonClass: 9010K(9152K)->9010K(9152K) Class: 1025K(1152K)->1025K(1152K)
[12.069s][info][gc          ] GC(23) Pause Young (Normal) (G1 Evacuation Pause) 4392M->3498M(15360M) 46.761ms
[12.069s][info][gc,cpu      ] GC(23) User=0.17s Sys=0.31s Real=0.05s
[12.520s][info][gc,start    ] GC(24) Pause Young (Normal) (G1 Evacuation Pause)
[12.520s][info][gc,task     ] GC(24) Using 13 workers of 13 for evacuation
[12.570s][info][gc,phases   ] GC(24)   Pre Evacuate Collection Set: 0.2ms
[12.570s][info][gc,phases   ] GC(24)   Merge Heap Roots: 0.1ms
[12.570s][info][gc,phases   ] GC(24)   Evacuate Collection Set: 48.7ms
[12.570s][info][gc,phases   ] GC(24)   Post Evacuate Collection Set: 0.5ms
[12.570s][info][gc,phases   ] GC(24)   Other: 0.1ms
[12.570s][info][gc,heap     ] GC(24) Eden regions: 140->0(145)
[12.570s][info][gc,heap     ] GC(24) Survivor regions: 20->20(20)
[12.570s][info][gc,heap     ] GC(24) Old regions: 418->444
[12.570s][info][gc,heap     ] GC(24) Humongous regions: 0->0
[12.570s][info][gc,metaspace] GC(24) Metaspace: 10035K(10304K)->10035K(10304K) NonClass: 9010K(9152K)->9010K(9152K) Class: 1025K(1152K)->1025K(1152K)
[12.570s][info][gc          ] GC(24) Pause Young (Normal) (G1 Evacuation Pause) 4618M->3710M(15360M) 49.693ms
[12.570s][info][gc,cpu      ] GC(24) User=0.22s Sys=0.33s Real=0.05s
[13.032s][info][gc,start    ] GC(25) Pause Young (Normal) (G1 Evacuation Pause)
[13.032s][info][gc,task     ] GC(25) Using 13 workers of 13 for evacuation
[13.074s][info][gc,phases   ] GC(25)   Pre Evacuate Collection Set: 0.2ms
[13.074s][info][gc,phases   ] GC(25)   Merge Heap Roots: 0.1ms
[13.074s][info][gc,phases   ] GC(25)   Evacuate Collection Set: 41.1ms
[13.074s][info][gc,phases   ] GC(25)   Post Evacuate Collection Set: 0.7ms
[13.074s][info][gc,phases   ] GC(25)   Other: 0.1ms
[13.074s][info][gc,heap     ] GC(25) Eden regions: 145->0(167)
[13.075s][info][gc,heap     ] GC(25) Survivor regions: 20->21(21)
[13.075s][info][gc,heap     ] GC(25) Old regions: 444->471
[13.075s][info][gc,heap     ] GC(25) Humongous regions: 0->0
[13.075s][info][gc,metaspace] GC(25) Metaspace: 10067K(10432K)->10067K(10432K) NonClass: 9031K(9216K)->9031K(9216K) Class: 1035K(1216K)->1035K(1216K)
[13.075s][info][gc          ] GC(25) Pause Young (Normal) (G1 Evacuation Pause) 4870M->3932M(15360M) 42.362ms
[13.075s][info][gc,cpu      ] GC(25) User=0.17s Sys=0.31s Real=0.04s
[13.597s][info][gc,start    ] GC(26) Pause Young (Normal) (G1 Evacuation Pause)
[13.597s][info][gc,task     ] GC(26) Using 13 workers of 13 for evacuation
[13.633s][info][gc,phases   ] GC(26)   Pre Evacuate Collection Set: 0.3ms
[13.633s][info][gc,phases   ] GC(26)   Merge Heap Roots: 0.1ms
[13.633s][info][gc,phases   ] GC(26)   Evacuate Collection Set: 34.9ms
[13.633s][info][gc,phases   ] GC(26)   Post Evacuate Collection Set: 0.4ms
[13.633s][info][gc,phases   ] GC(26)   Other: 0.1ms
[13.633s][info][gc,heap     ] GC(26) Eden regions: 167->0(201)
[13.633s][info][gc,heap     ] GC(26) Survivor regions: 21->24(24)
[13.633s][info][gc,heap     ] GC(26) Old regions: 471->500
[13.633s][info][gc,heap     ] GC(26) Humongous regions: 0->0
[13.633s][info][gc,metaspace] GC(26) Metaspace: 10071K(10432K)->10071K(10432K) NonClass: 9035K(9216K)->9035K(9216K) Class: 1036K(1216K)->1036K(1216K)
[13.633s][info][gc          ] GC(26) Pause Young (Normal) (G1 Evacuation Pause) 5268M->4188M(15360M) 35.976ms
[13.633s][info][gc,cpu      ] GC(26) User=0.09s Sys=0.16s Real=0.04s
[14.270s][info][gc,start    ] GC(27) Pause Young (Normal) (G1 Evacuation Pause)
[14.270s][info][gc,task     ] GC(27) Using 13 workers of 13 for evacuation
[14.315s][info][gc,phases   ] GC(27)   Pre Evacuate Collection Set: 0.3ms
[14.315s][info][gc,phases   ] GC(27)   Merge Heap Roots: 0.1ms
[14.315s][info][gc,phases   ] GC(27)   Evacuate Collection Set: 43.8ms
[14.315s][info][gc,phases   ] GC(27)   Post Evacuate Collection Set: 0.5ms
[14.315s][info][gc,phases   ] GC(27)   Other: 0.1ms
[14.315s][info][gc,heap     ] GC(27) Eden regions: 201->0(218)
[14.315s][info][gc,heap     ] GC(27) Survivor regions: 24->29(29)
[14.315s][info][gc,heap     ] GC(27) Old regions: 500->535
[14.315s][info][gc,heap     ] GC(27) Humongous regions: 0->0
[14.315s][info][gc,metaspace] GC(27) Metaspace: 10071K(10432K)->10071K(10432K) NonClass: 9035K(9216K)->9035K(9216K) Class: 1036K(1216K)->1036K(1216K)
[14.315s][info][gc          ] GC(27) Pause Young (Normal) (G1 Evacuation Pause) 5796M->4509M(15360M) 44.919ms
[14.315s][info][gc,cpu      ] GC(27) User=0.19s Sys=0.11s Real=0.04s
[14.918s][info][gc,start    ] GC(28) Pause Young (Normal) (G1 Evacuation Pause)
[14.918s][info][gc,task     ] GC(28) Using 13 workers of 13 for evacuation
[14.982s][info][gc,phases   ] GC(28)   Pre Evacuate Collection Set: 0.3ms
[14.982s][info][gc,phases   ] GC(28)   Merge Heap Roots: 0.1ms
[14.982s][info][gc,phases   ] GC(28)   Evacuate Collection Set: 62.8ms
[14.982s][info][gc,phases   ] GC(28)   Post Evacuate Collection Set: 0.6ms
[14.982s][info][gc,phases   ] GC(28)   Other: 0.1ms
[14.982s][info][gc,heap     ] GC(28) Eden regions: 218->0(205)
[14.982s][info][gc,heap     ] GC(28) Survivor regions: 29->24(31)
[14.982s][info][gc,heap     ] GC(28) Old regions: 535->567
[14.982s][info][gc,heap     ] GC(28) Humongous regions: 0->0
[14.982s][info][gc,metaspace] GC(28) Metaspace: 10206K(10624K)->10206K(10624K) NonClass: 9144K(9344K)->9144K(9344K) Class: 1061K(1280K)->1061K(1280K)
[14.982s][info][gc          ] GC(28) Pause Young (Normal) (G1 Evacuation Pause) 6253M->4723M(15360M) 64.146ms
[14.982s][info][gc,cpu      ] GC(28) User=0.67s Sys=0.11s Real=0.06s
[15.371s][info][gc,start    ] GC(29) Pause Young (Normal) (G1 Evacuation Pause)
[15.371s][info][gc,task     ] GC(29) Using 13 workers of 13 for evacuation
[15.437s][info][gc,phases   ] GC(29)   Pre Evacuate Collection Set: 0.2ms
[15.437s][info][gc,phases   ] GC(29)   Merge Heap Roots: 0.1ms
[15.437s][info][gc,phases   ] GC(29)   Evacuate Collection Set: 64.4ms
[15.437s][info][gc,phases   ] GC(29)   Post Evacuate Collection Set: 0.6ms
[15.437s][info][gc,phases   ] GC(29)   Other: 0.1ms
[15.437s][info][gc,heap     ] GC(29) Eden regions: 205->0(207)
[15.437s][info][gc,heap     ] GC(29) Survivor regions: 24->14(29)
[15.437s][info][gc,heap     ] GC(29) Old regions: 567->590
[15.437s][info][gc,heap     ] GC(29) Humongous regions: 0->0
[15.437s][info][gc,metaspace] GC(29) Metaspace: 10211K(10624K)->10211K(10624K) NonClass: 9150K(9344K)->9150K(9344K) Class: 1061K(1280K)->1061K(1280K)
[15.437s][info][gc          ] GC(29) Pause Young (Normal) (G1 Evacuation Pause) 6363M->4822M(15360M) 65.698ms
[15.437s][info][gc,cpu      ] GC(29) User=0.75s Sys=0.03s Real=0.07s
[15.951s][info][gc,start    ] GC(30) Pause Young (Normal) (G1 Evacuation Pause)
[15.952s][info][gc,task     ] GC(30) Using 13 workers of 13 for evacuation
[16.011s][info][gc,phases   ] GC(30)   Pre Evacuate Collection Set: 0.2ms
[16.011s][info][gc,phases   ] GC(30)   Merge Heap Roots: 0.4ms
[16.011s][info][gc,phases   ] GC(30)   Evacuate Collection Set: 58.3ms
[16.011s][info][gc,phases   ] GC(30)   Post Evacuate Collection Set: 0.5ms
[16.011s][info][gc,phases   ] GC(30)   Other: 0.1ms
[16.011s][info][gc,heap     ] GC(30) Eden regions: 207->0(72)
[16.011s][info][gc,heap     ] GC(30) Survivor regions: 14->24(28)
[16.011s][info][gc,heap     ] GC(30) Old regions: 590->590
[16.011s][info][gc,heap     ] GC(30) Humongous regions: 0->0
[16.011s][info][gc,metaspace] GC(30) Metaspace: 10248K(10624K)->10248K(10624K) NonClass: 9185K(9344K)->9185K(9344K) Class: 1062K(1280K)->1062K(1280K)
[16.011s][info][gc          ] GC(30) Pause Young (Normal) (G1 Evacuation Pause) 6478M->4907M(15360M) 59.709ms
[16.011s][info][gc,cpu      ] GC(30) User=0.77s Sys=0.00s Real=0.06s
[16.173s][info][gc,start    ] GC(31) Pause Young (Normal) (G1 Evacuation Pause)
[16.173s][info][gc,task     ] GC(31) Using 13 workers of 13 for evacuation
[16.224s][info][gc,phases   ] GC(31)   Pre Evacuate Collection Set: 0.2ms
[16.224s][info][gc,phases   ] GC(31)   Merge Heap Roots: 0.2ms
[16.224s][info][gc,phases   ] GC(31)   Evacuate Collection Set: 50.4ms
[16.224s][info][gc,phases   ] GC(31)   Post Evacuate Collection Set: 0.4ms
[16.224s][info][gc,phases   ] GC(31)   Other: 0.1ms
[16.224s][info][gc,heap     ] GC(31) Eden regions: 72->0(89)
[16.224s][info][gc,heap     ] GC(31) Survivor regions: 24->7(12)
[16.224s][info][gc,heap     ] GC(31) Old regions: 590->614
[16.224s][info][gc,heap     ] GC(31) Humongous regions: 0->0
[16.224s][info][gc,metaspace] GC(31) Metaspace: 10248K(10624K)->10248K(10624K) NonClass: 9185K(9344K)->9185K(9344K) Class: 1062K(1280K)->1062K(1280K)
[16.224s][info][gc          ] GC(31) Pause Young (Normal) (G1 Evacuation Pause) 5483M->4957M(15360M) 51.413ms
[16.224s][info][gc,cpu      ] GC(31) User=0.55s Sys=0.05s Real=0.05s
[16.424s][info][gc,start    ] GC(32) Pause Young (Normal) (G1 Evacuation Pause)
[16.424s][info][gc,task     ] GC(32) Using 13 workers of 13 for evacuation
[16.453s][info][gc,phases   ] GC(32)   Pre Evacuate Collection Set: 0.2ms
[16.453s][info][gc,phases   ] GC(32)   Merge Heap Roots: 0.4ms
[16.453s][info][gc,phases   ] GC(32)   Evacuate Collection Set: 27.5ms
[16.453s][info][gc,phases   ] GC(32)   Post Evacuate Collection Set: 0.4ms
[16.453s][info][gc,phases   ] GC(32)   Other: 0.1ms
[16.453s][info][gc,heap     ] GC(32) Eden regions: 89->0(85)
[16.453s][info][gc,heap     ] GC(32) Survivor regions: 7->11(12)
[16.453s][info][gc,heap     ] GC(32) Old regions: 614->614
[16.453s][info][gc,heap     ] GC(32) Humongous regions: 0->0
[16.453s][info][gc,metaspace] GC(32) Metaspace: 10249K(10624K)->10249K(10624K) NonClass: 9187K(9344K)->9187K(9344K) Class: 1062K(1280K)->1062K(1280K)
[16.453s][info][gc          ] GC(32) Pause Young (Normal) (G1 Evacuation Pause) 5669M->4991M(15360M) 29.008ms
[16.453s][info][gc,cpu      ] GC(32) User=0.39s Sys=0.02s Real=0.03s
[16.631s][info][gc,start    ] GC(33) Pause Young (Normal) (G1 Evacuation Pause)
[16.631s][info][gc,task     ] GC(33) Using 13 workers of 13 for evacuation
[16.668s][info][gc,phases   ] GC(33)   Pre Evacuate Collection Set: 0.2ms
[16.668s][info][gc,phases   ] GC(33)   Merge Heap Roots: 0.3ms
[16.668s][info][gc,phases   ] GC(33)   Evacuate Collection Set: 36.5ms
[16.668s][info][gc,phases   ] GC(33)   Post Evacuate Collection Set: 0.4ms
[16.668s][info][gc,phases   ] GC(33)   Other: 0.1ms
[16.668s][info][gc,heap     ] GC(33) Eden regions: 85->0(84)
[16.668s][info][gc,heap     ] GC(33) Survivor regions: 11->12(12)
[16.668s][info][gc,heap     ] GC(33) Old regions: 614->618
[16.668s][info][gc,heap     ] GC(33) Humongous regions: 0->0
[16.668s][info][gc,metaspace] GC(33) Metaspace: 10302K(10688K)->10302K(10688K) NonClass: 9231K(9408K)->9231K(9408K) Class: 1071K(1280K)->1071K(1280K)
[16.668s][info][gc          ] GC(33) Pause Young (Normal) (G1 Evacuation Pause) 5671M->5037M(15360M) 37.702ms
[16.668s][info][gc,cpu      ] GC(33) User=0.45s Sys=0.02s Real=0.04s
[16.833s][info][gc,start    ] GC(34) Pause Young (Normal) (G1 Evacuation Pause)
[16.833s][info][gc,task     ] GC(34) Using 13 workers of 13 for evacuation
[16.870s][info][gc,phases   ] GC(34)   Pre Evacuate Collection Set: 0.2ms
[16.870s][info][gc,phases   ] GC(34)   Merge Heap Roots: 0.3ms
[16.870s][info][gc,phases   ] GC(34)   Evacuate Collection Set: 36.1ms
[16.870s][info][gc,phases   ] GC(34)   Post Evacuate Collection Set: 0.5ms
[16.870s][info][gc,phases   ] GC(34)   Other: 0.1ms
[16.870s][info][gc,heap     ] GC(34) Eden regions: 84->0(84)
[16.870s][info][gc,heap     ] GC(34) Survivor regions: 12->12(12)
[16.870s][info][gc,heap     ] GC(34) Old regions: 618->625
[16.870s][info][gc,heap     ] GC(34) Humongous regions: 0->0
[16.870s][info][gc,metaspace] GC(34) Metaspace: 10307K(10752K)->10307K(10752K) NonClass: 9236K(9472K)->9236K(9472K) Class: 1071K(1280K)->1071K(1280K)
[16.870s][info][gc          ] GC(34) Pause Young (Normal) (G1 Evacuation Pause) 5709M->5082M(15360M) 37.501ms
[16.870s][info][gc,cpu      ] GC(34) User=0.56s Sys=0.02s Real=0.04s
[17.017s][info][gc,start    ] GC(35) Pause Young (Normal) (G1 Evacuation Pause)
[17.017s][info][gc,task     ] GC(35) Using 13 workers of 13 for evacuation
[17.059s][info][gc,phases   ] GC(35)   Pre Evacuate Collection Set: 0.2ms
[17.059s][info][gc,phases   ] GC(35)   Merge Heap Roots: 0.5ms
[17.059s][info][gc,phases   ] GC(35)   Evacuate Collection Set: 40.4ms
[17.059s][info][gc,phases   ] GC(35)   Post Evacuate Collection Set: 0.5ms
[17.059s][info][gc,phases   ] GC(35)   Other: 0.1ms
[17.059s][info][gc,heap     ] GC(35) Eden regions: 84->0(84)
[17.059s][info][gc,heap     ] GC(35) Survivor regions: 12->12(12)
[17.059s][info][gc,heap     ] GC(35) Old regions: 625->631
[17.059s][info][gc,heap     ] GC(35) Humongous regions: 0->0
[17.059s][info][gc,metaspace] GC(35) Metaspace: 10307K(10752K)->10307K(10752K) NonClass: 9236K(9472K)->9236K(9472K) Class: 1071K(1280K)->1071K(1280K)
[17.059s][info][gc          ] GC(35) Pause Young (Normal) (G1 Evacuation Pause) 5754M->5136M(15360M) 41.908ms
[17.059s][info][gc,cpu      ] GC(35) User=0.61s Sys=0.00s Real=0.04s
[17.221s][info][gc,start    ] GC(36) Pause Young (Normal) (G1 Evacuation Pause)
[17.221s][info][gc,task     ] GC(36) Using 13 workers of 13 for evacuation
[17.264s][info][gc,phases   ] GC(36)   Pre Evacuate Collection Set: 0.2ms
[17.264s][info][gc,phases   ] GC(36)   Merge Heap Roots: 0.3ms
[17.264s][info][gc,phases   ] GC(36)   Evacuate Collection Set: 41.8ms
[17.264s][info][gc,phases   ] GC(36)   Post Evacuate Collection Set: 0.4ms
[17.264s][info][gc,phases   ] GC(36)   Other: 0.1ms
[17.264s][info][gc,heap     ] GC(36) Eden regions: 84->0(88)
[17.264s][info][gc,heap     ] GC(36) Survivor regions: 12->8(12)
[17.264s][info][gc,heap     ] GC(36) Old regions: 631->643
[17.264s][info][gc,heap     ] GC(36) Humongous regions: 0->0
[17.264s][info][gc,metaspace] GC(36) Metaspace: 10310K(10752K)->10310K(10752K) NonClass: 9239K(9472K)->9239K(9472K) Class: 1071K(1280K)->1071K(1280K)
[17.264s][info][gc          ] GC(36) Pause Young (Normal) (G1 Evacuation Pause) 5808M->5196M(15360M) 43.038ms
[17.264s][info][gc,cpu      ] GC(36) User=0.59s Sys=0.02s Real=0.04s
[17.421s][info][gc,start    ] GC(37) Pause Young (Normal) (G1 Evacuation Pause)
[17.421s][info][gc,task     ] GC(37) Using 13 workers of 13 for evacuation
[17.458s][info][gc,phases   ] GC(37)   Pre Evacuate Collection Set: 0.2ms
[17.458s][info][gc,phases   ] GC(37)   Merge Heap Roots: 0.6ms
[17.458s][info][gc,phases   ] GC(37)   Evacuate Collection Set: 34.9ms
[17.458s][info][gc,phases   ] GC(37)   Post Evacuate Collection Set: 0.4ms
[17.458s][info][gc,phases   ] GC(37)   Other: 0.1ms
[17.458s][info][gc,heap     ] GC(37) Eden regions: 88->0(84)
[17.458s][info][gc,heap     ] GC(37) Survivor regions: 8->12(12)
[17.458s][info][gc,heap     ] GC(37) Old regions: 643->645
[17.458s][info][gc,heap     ] GC(37) Humongous regions: 0->0
[17.458s][info][gc,metaspace] GC(37) Metaspace: 10311K(10752K)->10311K(10752K) NonClass: 9239K(9472K)->9239K(9472K) Class: 1071K(1280K)->1071K(1280K)
[17.458s][info][gc          ] GC(37) Pause Young (Normal) (G1 Evacuation Pause) 5900M->5250M(15360M) 36.613ms
[17.458s][info][gc,cpu      ] GC(37) User=0.41s Sys=0.00s Real=0.04s
[17.635s][info][gc,start    ] GC(38) Pause Young (Normal) (G1 Evacuation Pause)
[17.635s][info][gc,task     ] GC(38) Using 13 workers of 13 for evacuation
[17.681s][info][gc,phases   ] GC(38)   Pre Evacuate Collection Set: 0.2ms
[17.681s][info][gc,phases   ] GC(38)   Merge Heap Roots: 0.3ms
[17.681s][info][gc,phases   ] GC(38)   Evacuate Collection Set: 44.7ms
[17.681s][info][gc,phases   ] GC(38)   Post Evacuate Collection Set: 0.4ms
[17.681s][info][gc,phases   ] GC(38)   Other: 0.1ms
[17.681s][info][gc,heap     ] GC(38) Eden regions: 84->0(88)
[17.681s][info][gc,heap     ] GC(38) Survivor regions: 12->8(12)
[17.681s][info][gc,heap     ] GC(38) Old regions: 645->657
[17.681s][info][gc,heap     ] GC(38) Humongous regions: 0->0
[17.681s][info][gc,metaspace] GC(38) Metaspace: 10316K(10752K)->10316K(10752K) NonClass: 9244K(9472K)->9244K(9472K) Class: 1071K(1280K)->1071K(1280K)
[17.681s][info][gc          ] GC(38) Pause Young (Normal) (G1 Evacuation Pause) 5922M->5309M(15360M) 45.984ms
[17.681s][info][gc,cpu      ] GC(38) User=0.36s Sys=0.02s Real=0.05s
[17.853s][info][gc,start    ] GC(39) Pause Young (Normal) (G1 Evacuation Pause)
[17.853s][info][gc,task     ] GC(39) Using 13 workers of 13 for evacuation
[17.886s][info][gc,phases   ] GC(39)   Pre Evacuate Collection Set: 0.2ms
[17.886s][info][gc,phases   ] GC(39)   Merge Heap Roots: 0.5ms
[17.886s][info][gc,phases   ] GC(39)   Evacuate Collection Set: 31.5ms
[17.886s][info][gc,phases   ] GC(39)   Post Evacuate Collection Set: 0.6ms
[17.886s][info][gc,phases   ] GC(39)   Other: 0.1ms
[17.886s][info][gc,heap     ] GC(39) Eden regions: 88->0(89)
[17.886s][info][gc,heap     ] GC(39) Survivor regions: 8->7(12)
[17.886s][info][gc,heap     ] GC(39) Old regions: 657->664
[17.886s][info][gc,heap     ] GC(39) Humongous regions: 0->0
[17.886s][info][gc,metaspace] GC(39) Metaspace: 10334K(10752K)->10334K(10752K) NonClass: 9258K(9472K)->9258K(9472K) Class: 1075K(1280K)->1075K(1280K)
[17.886s][info][gc          ] GC(39) Pause Young (Normal) (G1 Evacuation Pause) 6013M->5357M(15360M) 33.112ms
[17.886s][info][gc,cpu      ] GC(39) User=0.38s Sys=0.03s Real=0.03s
[18.073s][info][gc,start    ] GC(40) Pause Young (Normal) (G1 Evacuation Pause)
[18.073s][info][gc,task     ] GC(40) Using 13 workers of 13 for evacuation
[18.103s][info][gc,phases   ] GC(40)   Pre Evacuate Collection Set: 0.2ms
[18.103s][info][gc,phases   ] GC(40)   Merge Heap Roots: 0.5ms
[18.103s][info][gc,phases   ] GC(40)   Evacuate Collection Set: 28.9ms
[18.103s][info][gc,phases   ] GC(40)   Post Evacuate Collection Set: 0.4ms
[18.103s][info][gc,phases   ] GC(40)   Other: 0.1ms
[18.103s][info][gc,heap     ] GC(40) Eden regions: 89->0(84)
[18.103s][info][gc,heap     ] GC(40) Survivor regions: 7->12(12)
[18.103s][info][gc,heap     ] GC(40) Old regions: 664->664
[18.103s][info][gc,heap     ] GC(40) Humongous regions: 0->0
[18.103s][info][gc,metaspace] GC(40) Metaspace: 10334K(10752K)->10334K(10752K) NonClass: 9258K(9472K)->9258K(9472K) Class: 1075K(1280K)->1075K(1280K)
[18.103s][info][gc          ] GC(40) Pause Young (Normal) (G1 Evacuation Pause) 6069M->5402M(15360M) 30.246ms
[18.103s][info][gc,cpu      ] GC(40) User=0.20s Sys=0.00s Real=0.03s
[18.251s][info][gc,start    ] GC(41) Pause Young (Normal) (G1 Evacuation Pause)
[18.251s][info][gc,task     ] GC(41) Using 13 workers of 13 for evacuation
[18.291s][info][gc,phases   ] GC(41)   Pre Evacuate Collection Set: 0.2ms
[18.291s][info][gc,phases   ] GC(41)   Merge Heap Roots: 0.4ms
[18.291s][info][gc,phases   ] GC(41)   Evacuate Collection Set: 38.8ms
[18.291s][info][gc,phases   ] GC(41)   Post Evacuate Collection Set: 0.4ms
[18.291s][info][gc,phases   ] GC(41)   Other: 0.1ms
[18.291s][info][gc,heap     ] GC(41) Eden regions: 84->0(84)
[18.291s][info][gc,heap     ] GC(41) Survivor regions: 12->12(12)
[18.291s][info][gc,heap     ] GC(41) Old regions: 664->670
[18.291s][info][gc,heap     ] GC(41) Humongous regions: 0->0
[18.291s][info][gc,metaspace] GC(41) Metaspace: 10334K(10752K)->10334K(10752K) NonClass: 9258K(9472K)->9258K(9472K) Class: 1075K(1280K)->1075K(1280K)
[18.291s][info][gc          ] GC(41) Pause Young (Normal) (G1 Evacuation Pause) 6074M->5451M(15360M) 40.072ms
[18.291s][info][gc,cpu      ] GC(41) User=0.41s Sys=0.00s Real=0.04s
[18.440s][info][gc,start    ] GC(42) Pause Young (Normal) (G1 Evacuation Pause)
[18.440s][info][gc,task     ] GC(42) Using 13 workers of 13 for evacuation
[18.483s][info][gc,phases   ] GC(42)   Pre Evacuate Collection Set: 0.2ms
[18.483s][info][gc,phases   ] GC(42)   Merge Heap Roots: 0.6ms
[18.483s][info][gc,phases   ] GC(42)   Evacuate Collection Set: 40.8ms
[18.483s][info][gc,phases   ] GC(42)   Post Evacuate Collection Set: 0.4ms
[18.483s][info][gc,phases   ] GC(42)   Other: 0.1ms
[18.483s][info][gc,heap     ] GC(42) Eden regions: 84->0(88)
[18.483s][info][gc,heap     ] GC(42) Survivor regions: 12->8(12)
[18.483s][info][gc,heap     ] GC(42) Old regions: 670->682
[18.483s][info][gc,heap     ] GC(42) Humongous regions: 0->0
[18.483s][info][gc,metaspace] GC(42) Metaspace: 10334K(10752K)->10334K(10752K) NonClass: 9258K(9472K)->9258K(9472K) Class: 1075K(1280K)->1075K(1280K)
[18.483s][info][gc          ] GC(42) Pause Young (Normal) (G1 Evacuation Pause) 6123M->5507M(15360M) 42.435ms
[18.483s][info][gc,cpu      ] GC(42) User=0.58s Sys=0.03s Real=0.04s
[18.645s][info][gc,start    ] GC(43) Pause Young (Normal) (G1 Evacuation Pause)
[18.645s][info][gc,task     ] GC(43) Using 13 workers of 13 for evacuation
[18.685s][info][gc,phases   ] GC(43)   Pre Evacuate Collection Set: 0.4ms
[18.685s][info][gc,phases   ] GC(43)   Merge Heap Roots: 0.9ms
[18.685s][info][gc,phases   ] GC(43)   Evacuate Collection Set: 38.2ms
[18.685s][info][gc,phases   ] GC(43)   Post Evacuate Collection Set: 0.4ms
[18.685s][info][gc,phases   ] GC(43)   Other: 0.1ms
[18.685s][info][gc,heap     ] GC(43) Eden regions: 88->0(87)
[18.685s][info][gc,heap     ] GC(43) Survivor regions: 8->9(12)
[18.685s][info][gc,heap     ] GC(43) Old regions: 682->689
[18.685s][info][gc,heap     ] GC(43) Humongous regions: 0->0
[18.685s][info][gc,metaspace] GC(43) Metaspace: 10342K(10752K)->10342K(10752K) NonClass: 9267K(9472K)->9267K(9472K) Class: 1075K(1280K)->1075K(1280K)
[18.685s][info][gc          ] GC(43) Pause Young (Normal) (G1 Evacuation Pause) 6211M->5575M(15360M) 40.286ms
[18.685s][info][gc,cpu      ] GC(43) User=0.58s Sys=0.03s Real=0.04s
[18.879s][info][gc,start    ] GC(44) Pause Young (Normal) (G1 Evacuation Pause)
[18.879s][info][gc,task     ] GC(44) Using 13 workers of 13 for evacuation
[18.917s][info][gc,phases   ] GC(44)   Pre Evacuate Collection Set: 0.2ms
[18.917s][info][gc,phases   ] GC(44)   Merge Heap Roots: 0.6ms
[18.917s][info][gc,phases   ] GC(44)   Evacuate Collection Set: 37.3ms
[18.917s][info][gc,phases   ] GC(44)   Post Evacuate Collection Set: 0.4ms
[18.917s][info][gc,phases   ] GC(44)   Other: 0.1ms
[18.917s][info][gc,heap     ] GC(44) Eden regions: 102->0(88)
[18.917s][info][gc,heap     ] GC(44) Survivor regions: 9->8(14)
[18.917s][info][gc,heap     ] GC(44) Old regions: 689->697
[18.917s][info][gc,heap     ] GC(44) Humongous regions: 0->0
[18.917s][info][gc,metaspace] GC(44) Metaspace: 10345K(10752K)->10345K(10752K) NonClass: 9270K(9472K)->9270K(9472K) Class: 1075K(1280K)->1075K(1280K)
[18.917s][info][gc          ] GC(44) Pause Young (Normal) (G1 Evacuation Pause) 6391M->5638M(15360M) 38.756ms
[18.917s][info][gc,cpu      ] GC(44) User=0.55s Sys=0.02s Real=0.04s
[19.186s][info][gc,start    ] GC(45) Pause Young (Normal) (G1 Evacuation Pause)
[19.186s][info][gc,task     ] GC(45) Using 13 workers of 13 for evacuation
[19.228s][info][gc,phases   ] GC(45)   Pre Evacuate Collection Set: 0.2ms
[19.229s][info][gc,phases   ] GC(45)   Merge Heap Roots: 0.4ms
[19.229s][info][gc,phases   ] GC(45)   Evacuate Collection Set: 41.3ms
[19.229s][info][gc,phases   ] GC(45)   Post Evacuate Collection Set: 0.4ms
[19.229s][info][gc,phases   ] GC(45)   Other: 0.1ms
[19.229s][info][gc,heap     ] GC(45) Eden regions: 153->0(78)
[19.229s][info][gc,heap     ] GC(45) Survivor regions: 8->18(21)
[19.229s][info][gc,heap     ] GC(45) Old regions: 697->697
[19.229s][info][gc,heap     ] GC(45) Humongous regions: 0->0
[19.229s][info][gc,metaspace] GC(45) Metaspace: 10346K(10752K)->10346K(10752K) NonClass: 9270K(9472K)->9270K(9472K) Class: 1075K(1280K)->1075K(1280K)
[19.229s][info][gc          ] GC(45) Pause Young (Normal) (G1 Evacuation Pause) 6862M->5715M(15360M) 42.651ms
[19.229s][info][gc,cpu      ] GC(45) User=0.41s Sys=0.00s Real=0.04s
[19.433s][info][gc,start    ] GC(46) Pause Young (Normal) (G1 Evacuation Pause)
[19.433s][info][gc,task     ] GC(46) Using 13 workers of 13 for evacuation
[19.485s][info][gc,phases   ] GC(46)   Pre Evacuate Collection Set: 0.2ms
[19.485s][info][gc,phases   ] GC(46)   Merge Heap Roots: 0.4ms
[19.485s][info][gc,phases   ] GC(46)   Evacuate Collection Set: 50.6ms
[19.485s][info][gc,phases   ] GC(46)   Post Evacuate Collection Set: 0.5ms
[19.485s][info][gc,phases   ] GC(46)   Other: 0.1ms
[19.485s][info][gc,heap     ] GC(46) Eden regions: 118->0(187)
[19.485s][info][gc,heap     ] GC(46) Survivor regions: 18->9(17)
[19.485s][info][gc,heap     ] GC(46) Old regions: 697->715
[19.485s][info][gc,heap     ] GC(46) Humongous regions: 0->0
[19.485s][info][gc,metaspace] GC(46) Metaspace: 10346K(10752K)->10346K(10752K) NonClass: 9270K(9472K)->9270K(9472K) Class: 1075K(1280K)->1075K(1280K)
[19.485s][info][gc          ] GC(46) Pause Young (Normal) (G1 Evacuation Pause) 6659M->5782M(15360M) 52.107ms
[19.485s][info][gc,cpu      ] GC(46) User=0.58s Sys=0.02s Real=0.05s
[19.691s][info][gc,start    ] GC(47) Pause Young (Normal) (G1 Evacuation Pause)
[19.691s][info][gc,task     ] GC(47) Using 13 workers of 13 for evacuation
[19.738s][info][gc,phases   ] GC(47)   Pre Evacuate Collection Set: 0.2ms
[19.738s][info][gc,phases   ] GC(47)   Merge Heap Roots: 0.8ms
[19.738s][info][gc,phases   ] GC(47)   Evacuate Collection Set: 45.2ms
[19.738s][info][gc,phases   ] GC(47)   Post Evacuate Collection Set: 0.4ms
[19.738s][info][gc,phases   ] GC(47)   Other: 0.1ms
[19.738s][info][gc,heap     ] GC(47) Eden regions: 110->0(129)
[19.738s][info][gc,heap     ] GC(47) Survivor regions: 9->11(15)
[19.738s][info][gc,heap     ] GC(47) Old regions: 715->723
[19.738s][info][gc,heap     ] GC(47) Humongous regions: 2->2
[19.738s][info][gc,metaspace] GC(47) Metaspace: 10364K(10752K)->10364K(10752K) NonClass: 9289K(9472K)->9289K(9472K) Class: 1075K(1280K)->1075K(1280K)
[19.738s][info][gc          ] GC(47) Pause Young (Normal) (G1 Evacuation Pause) 6678M->5885M(15360M) 46.821ms
[19.738s][info][gc,cpu      ] GC(47) User=0.59s Sys=0.00s Real=0.05s
[20.005s][info][gc,start    ] GC(48) Pause Young (Normal) (G1 Evacuation Pause)
[20.006s][info][gc,task     ] GC(48) Using 13 workers of 13 for evacuation
[20.056s][info][gc,phases   ] GC(48)   Pre Evacuate Collection Set: 0.2ms
[20.056s][info][gc,phases   ] GC(48)   Merge Heap Roots: 0.6ms
[20.056s][info][gc,phases   ] GC(48)   Evacuate Collection Set: 49.5ms
[20.056s][info][gc,phases   ] GC(48)   Post Evacuate Collection Set: 0.5ms
[20.056s][info][gc,phases   ] GC(48)   Other: 0.1ms
[20.056s][info][gc,heap     ] GC(48) Eden regions: 150->0(75)
[20.056s][info][gc,heap     ] GC(48) Survivor regions: 11->21(21)
[20.056s][info][gc,heap     ] GC(48) Old regions: 723->724
[20.056s][info][gc,heap     ] GC(48) Humongous regions: 2->2
[20.057s][info][gc,metaspace] GC(48) Metaspace: 10367K(10752K)->10367K(10752K) NonClass: 9291K(9472K)->9291K(9472K) Class: 1075K(1280K)->1075K(1280K)
[20.057s][info][gc          ] GC(48) Pause Young (Normal) (G1 Evacuation Pause) 7085M->5973M(15360M) 51.082ms
[20.057s][info][gc,cpu      ] GC(48) User=0.56s Sys=0.03s Real=0.05s
[20.220s][info][gc,start    ] GC(49) Pause Young (Normal) (G1 Evacuation Pause)
[20.220s][info][gc,task     ] GC(49) Using 13 workers of 13 for evacuation
[20.276s][info][gc,phases   ] GC(49)   Pre Evacuate Collection Set: 0.2ms
[20.276s][info][gc,phases   ] GC(49)   Merge Heap Roots: 0.4ms
[20.276s][info][gc,phases   ] GC(49)   Evacuate Collection Set: 54.0ms
[20.276s][info][gc,phases   ] GC(49)   Post Evacuate Collection Set: 0.4ms
[20.276s][info][gc,phases   ] GC(49)   Other: 0.1ms
[20.276s][info][gc,heap     ] GC(49) Eden regions: 93->0(178)
[20.276s][info][gc,heap     ] GC(49) Survivor regions: 21->8(15)
[20.276s][info][gc,heap     ] GC(49) Old regions: 724->745
[20.276s][info][gc,heap     ] GC(49) Humongous regions: 3->3
[20.276s][info][gc,metaspace] GC(49) Metaspace: 10367K(10752K)->10367K(10752K) NonClass: 9291K(9472K)->9291K(9472K) Class: 1075K(1280K)->1075K(1280K)
[20.276s][info][gc          ] GC(49) Pause Young (Normal) (G1 Evacuation Pause) 6725M->6042M(15360M) 55.349ms
[20.276s][info][gc,cpu      ] GC(49) User=0.53s Sys=0.05s Real=0.05s
[20.578s][info][gc,start    ] GC(50) Pause Young (Normal) (G1 Evacuation Pause)
[20.578s][info][gc,task     ] GC(50) Using 13 workers of 13 for evacuation
[20.636s][info][gc,phases   ] GC(50)   Pre Evacuate Collection Set: 0.2ms
[20.636s][info][gc,phases   ] GC(50)   Merge Heap Roots: 0.9ms
[20.636s][info][gc,phases   ] GC(50)   Evacuate Collection Set: 56.8ms
[20.636s][info][gc,phases   ] GC(50)   Post Evacuate Collection Set: 0.5ms
[20.636s][info][gc,phases   ] GC(50)   Other: 0.1ms
[20.636s][info][gc,heap     ] GC(50) Eden regions: 158->0(75)
[20.636s][info][gc,heap     ] GC(50) Survivor regions: 8->21(21)
[20.636s][info][gc,heap     ] GC(50) Old regions: 745->746
[20.636s][info][gc,heap     ] GC(50) Humongous regions: 6->6
[20.636s][info][gc,metaspace] GC(50) Metaspace: 10367K(10752K)->10367K(10752K) NonClass: 9291K(9472K)->9291K(9472K) Class: 1075K(1280K)->1075K(1280K)
[20.636s][info][gc          ] GC(50) Pause Young (Normal) (G1 Evacuation Pause) 7330M->6182M(15360M) 58.674ms
[20.636s][info][gc,cpu      ] GC(50) User=0.75s Sys=0.06s Real=0.06s
[20.778s][info][gc,start    ] GC(51) Pause Young (Normal) (G1 Evacuation Pause)
[20.778s][info][gc,task     ] GC(51) Using 13 workers of 13 for evacuation
[20.839s][info][gc,phases   ] GC(51)   Pre Evacuate Collection Set: 0.2ms
[20.839s][info][gc,phases   ] GC(51)   Merge Heap Roots: 0.5ms
[20.839s][info][gc,phases   ] GC(51)   Evacuate Collection Set: 59.9ms
[20.839s][info][gc,phases   ] GC(51)   Post Evacuate Collection Set: 0.4ms
[20.839s][info][gc,phases   ] GC(51)   Other: 0.1ms
[20.839s][info][gc,heap     ] GC(51) Eden regions: 75->0(142)
[20.839s][info][gc,heap     ] GC(51) Survivor regions: 21->8(12)
[20.839s][info][gc,heap     ] GC(51) Old regions: 746->767
[20.839s][info][gc,heap     ] GC(51) Humongous regions: 7->7
[20.839s][info][gc,metaspace] GC(51) Metaspace: 10407K(10816K)->10407K(10816K) NonClass: 9331K(9536K)->9331K(9536K) Class: 1076K(1280K)->1076K(1280K)
[20.839s][info][gc          ] GC(51) Pause Young (Normal) (G1 Evacuation Pause) 6790M->6254M(15360M) 61.359ms
[20.839s][info][gc,cpu      ] GC(51) User=0.77s Sys=0.03s Real=0.06s
[21.113s][info][gc,start    ] GC(52) Pause Young (Normal) (G1 Evacuation Pause)
[21.113s][info][gc,task     ] GC(52) Using 13 workers of 13 for evacuation
[21.165s][info][gc,phases   ] GC(52)   Pre Evacuate Collection Set: 0.2ms
[21.165s][info][gc,phases   ] GC(52)   Merge Heap Roots: 0.7ms
[21.165s][info][gc,phases   ] GC(52)   Evacuate Collection Set: 50.9ms
[21.165s][info][gc,phases   ] GC(52)   Post Evacuate Collection Set: 0.5ms
[21.165s][info][gc,phases   ] GC(52)   Other: 0.1ms
[21.165s][info][gc,heap     ] GC(52) Eden regions: 146->0(76)
[21.165s][info][gc,heap     ] GC(52) Survivor regions: 8->20(20)
[21.165s][info][gc,heap     ] GC(52) Old regions: 767->767
[21.165s][info][gc,heap     ] GC(52) Humongous regions: 8->8
[21.165s][info][gc,metaspace] GC(52) Metaspace: 10424K(10816K)->10424K(10816K) NonClass: 9348K(9536K)->9348K(9536K) Class: 1076K(1280K)->1076K(1280K)
[21.165s][info][gc          ] GC(52) Pause Young (Normal) (G1 Evacuation Pause) 7430M->6354M(15360M) 52.686ms
[21.165s][info][gc,cpu      ] GC(52) User=0.56s Sys=0.02s Real=0.05s
[21.340s][info][gc,start    ] GC(53) Pause Young (Normal) (G1 Evacuation Pause)
[21.341s][info][gc,task     ] GC(53) Using 13 workers of 13 for evacuation
[21.398s][info][gc,phases   ] GC(53)   Pre Evacuate Collection Set: 0.2ms
[21.399s][info][gc,phases   ] GC(53)   Merge Heap Roots: 0.7ms
[21.399s][info][gc,phases   ] GC(53)   Evacuate Collection Set: 56.4ms
[21.399s][info][gc,phases   ] GC(53)   Post Evacuate Collection Set: 0.5ms
[21.399s][info][gc,phases   ] GC(53)   Other: 0.1ms
[21.399s][info][gc,heap     ] GC(53) Eden regions: 85->0(163)
[21.399s][info][gc,heap     ] GC(53) Survivor regions: 20->9(14)
[21.399s][info][gc,heap     ] GC(53) Old regions: 767->787
[21.399s][info][gc,heap     ] GC(53) Humongous regions: 11->11
[21.399s][info][gc,metaspace] GC(53) Metaspace: 10425K(10816K)->10425K(10816K) NonClass: 9349K(9536K)->9349K(9536K) Class: 1076K(1280K)->1076K(1280K)
[21.399s][info][gc          ] GC(53) Pause Young (Normal) (G1 Evacuation Pause) 7058M->6444M(15360M) 58.136ms
[21.399s][info][gc,cpu      ] GC(53) User=0.53s Sys=0.05s Real=0.06s
[21.729s][info][gc,start    ] GC(54) Pause Young (Normal) (G1 Evacuation Pause)
[21.729s][info][gc,task     ] GC(54) Using 13 workers of 13 for evacuation
[21.778s][info][gc,phases   ] GC(54)   Pre Evacuate Collection Set: 0.2ms
[21.778s][info][gc,phases   ] GC(54)   Merge Heap Roots: 0.6ms
[21.778s][info][gc,phases   ] GC(54)   Evacuate Collection Set: 47.4ms
[21.778s][info][gc,phases   ] GC(54)   Post Evacuate Collection Set: 0.4ms
[21.778s][info][gc,phases   ] GC(54)   Other: 0.1ms
[21.778s][info][gc,heap     ] GC(54) Eden regions: 176->0(100)
[21.778s][info][gc,heap     ] GC(54) Survivor regions: 9->19(24)
[21.778s][info][gc,heap     ] GC(54) Old regions: 787->787
[21.778s][info][gc,heap     ] GC(54) Humongous regions: 11->11
[21.778s][info][gc,metaspace] GC(54) Metaspace: 10426K(10816K)->10426K(10816K) NonClass: 9350K(9536K)->9350K(9536K) Class: 1076K(1280K)->1076K(1280K)
[21.778s][info][gc          ] GC(54) Pause Young (Normal) (G1 Evacuation Pause) 7852M->6530M(15360M) 48.929ms
[21.778s][info][gc,cpu      ] GC(54) User=0.56s Sys=0.02s Real=0.05s
[21.984s][info][gc,start    ] GC(55) Pause Young (Normal) (G1 Evacuation Pause)
[21.984s][info][gc,task     ] GC(55) Using 13 workers of 13 for evacuation
[22.043s][info][gc,phases   ] GC(55)   Pre Evacuate Collection Set: 0.2ms
[22.043s][info][gc,phases   ] GC(55)   Merge Heap Roots: 0.6ms
[22.043s][info][gc,phases   ] GC(55)   Evacuate Collection Set: 57.3ms
[22.043s][info][gc,phases   ] GC(55)   Post Evacuate Collection Set: 0.4ms
[22.043s][info][gc,phases   ] GC(55)   Other: 0.1ms
[22.043s][info][gc,heap     ] GC(55) Eden regions: 116->0(190)
[22.043s][info][gc,heap     ] GC(55) Survivor regions: 19->11(17)
[22.043s][info][gc,heap     ] GC(55) Old regions: 787->805
[22.043s][info][gc,heap     ] GC(55) Humongous regions: 12->12
[22.043s][info][gc,metaspace] GC(55) Metaspace: 10426K(10816K)->10426K(10816K) NonClass: 9350K(9536K)->9350K(9536K) Class: 1076K(1280K)->1076K(1280K)
[22.043s][info][gc          ] GC(55) Pause Young (Normal) (G1 Evacuation Pause) 7466M->6612M(15360M) 58.858ms
[22.043s][info][gc,cpu      ] GC(55) User=0.80s Sys=0.02s Real=0.06s
[22.390s][info][gc,start    ] GC(56) Pause Young (Normal) (G1 Evacuation Pause)
[22.390s][info][gc,task     ] GC(56) Using 13 workers of 13 for evacuation
[22.451s][info][gc,phases   ] GC(56)   Pre Evacuate Collection Set: 0.2ms
[22.451s][info][gc,phases   ] GC(56)   Merge Heap Roots: 0.6ms
[22.451s][info][gc,phases   ] GC(56)   Evacuate Collection Set: 59.3ms
[22.451s][info][gc,phases   ] GC(56)   Post Evacuate Collection Set: 0.4ms
[22.451s][info][gc,phases   ] GC(56)   Other: 0.1ms
[22.451s][info][gc,heap     ] GC(56) Eden regions: 190->0(71)
[22.451s][info][gc,heap     ] GC(56) Survivor regions: 11->25(26)
[22.451s][info][gc,heap     ] GC(56) Old regions: 805->805
[22.451s][info][gc,heap     ] GC(56) Humongous regions: 12->12
[22.451s][info][gc,metaspace] GC(56) Metaspace: 10429K(10816K)->10429K(10816K) NonClass: 9352K(9536K)->9352K(9536K) Class: 1076K(1280K)->1076K(1280K)
[22.451s][info][gc          ] GC(56) Pause Young (Normal) (G1 Evacuation Pause) 8132M->6730M(15360M) 60.863ms
[22.451s][info][gc,cpu      ] GC(56) User=0.77s Sys=0.02s Real=0.06s
[22.596s][info][gc,start    ] GC(57) Pause Young (Normal) (G1 Evacuation Pause)
[22.596s][info][gc,task     ] GC(57) Using 13 workers of 13 for evacuation
[22.656s][info][gc,phases   ] GC(57)   Pre Evacuate Collection Set: 0.2ms
[22.656s][info][gc,phases   ] GC(57)   Merge Heap Roots: 0.6ms
[22.656s][info][gc,phases   ] GC(57)   Evacuate Collection Set: 58.9ms
[22.656s][info][gc,phases   ] GC(57)   Post Evacuate Collection Set: 0.4ms
[22.656s][info][gc,phases   ] GC(57)   Other: 0.1ms
[22.656s][info][gc,heap     ] GC(57) Eden regions: 83->0(271)
[22.656s][info][gc,heap     ] GC(57) Survivor regions: 25->8(14)
[22.656s][info][gc,heap     ] GC(57) Old regions: 805->829
[22.656s][info][gc,heap     ] GC(57) Humongous regions: 13->13
[22.656s][info][gc,metaspace] GC(57) Metaspace: 10429K(10816K)->10429K(10816K) NonClass: 9352K(9536K)->9352K(9536K) Class: 1076K(1280K)->1076K(1280K)
[22.656s][info][gc          ] GC(57) Pause Young (Normal) (G1 Evacuation Pause) 7402M->6793M(15360M) 60.465ms
[22.656s][info][gc,cpu      ] GC(57) User=0.78s Sys=0.03s Real=0.06s
[23.195s][info][gc,start    ] GC(58) Pause Young (Normal) (G1 Evacuation Pause)
[23.195s][info][gc,task     ] GC(58) Using 13 workers of 13 for evacuation
[23.271s][info][gc,phases   ] GC(58)   Pre Evacuate Collection Set: 0.2ms
[23.271s][info][gc,phases   ] GC(58)   Merge Heap Roots: 0.7ms
[23.271s][info][gc,phases   ] GC(58)   Evacuate Collection Set: 74.3ms
[23.271s][info][gc,phases   ] GC(58)   Post Evacuate Collection Set: 0.5ms
[23.271s][info][gc,phases   ] GC(58)   Other: 0.1ms
[23.271s][info][gc,heap     ] GC(58) Eden regions: 264->0(69)
[23.271s][info][gc,heap     ] GC(58) Survivor regions: 8->27(34)
[23.271s][info][gc,heap     ] GC(58) Old regions: 829->829
[23.271s][info][gc,heap     ] GC(58) Humongous regions: 14->14
[23.271s][info][gc,metaspace] GC(58) Metaspace: 10446K(10816K)->10446K(10816K) NonClass: 9369K(9536K)->9369K(9536K) Class: 1076K(1280K)->1076K(1280K)
[23.271s][info][gc          ] GC(58) Pause Young (Normal) (G1 Evacuation Pause) 8913M->6953M(15360M) 76.036ms
[23.271s][info][gc,cpu      ] GC(58) User=0.94s Sys=0.03s Real=0.08s
[23.395s][info][gc,start    ] GC(59) Pause Young (Normal) (G1 Evacuation Pause)
[23.395s][info][gc,task     ] GC(59) Using 13 workers of 13 for evacuation
[23.462s][info][gc,phases   ] GC(59)   Pre Evacuate Collection Set: 0.3ms
[23.462s][info][gc,phases   ] GC(59)   Merge Heap Roots: 0.4ms
[23.462s][info][gc,phases   ] GC(59)   Evacuate Collection Set: 66.0ms
[23.462s][info][gc,phases   ] GC(59)   Post Evacuate Collection Set: 0.5ms
[23.462s][info][gc,phases   ] GC(59)   Other: 0.1ms
[23.462s][info][gc,heap     ] GC(59) Eden regions: 69->0(226)
[23.462s][info][gc,heap     ] GC(59) Survivor regions: 27->7(12)
[23.462s][info][gc,heap     ] GC(59) Old regions: 829->855
[23.462s][info][gc,heap     ] GC(59) Humongous regions: 14->14
[23.463s][info][gc,metaspace] GC(59) Metaspace: 10446K(10816K)->10446K(10816K) NonClass: 9369K(9536K)->9369K(9536K) Class: 1076K(1280K)->1076K(1280K)
[23.463s][info][gc          ] GC(59) Pause Young (Normal) (G1 Evacuation Pause) 7505M->7006M(15360M) 67.545ms
[23.463s][info][gc,cpu      ] GC(59) User=0.72s Sys=0.06s Real=0.07s
[23.539s][info][gc,start    ] GC(60) Pause Young (Concurrent Start) (G1 Humongous Allocation)
[23.539s][info][gc,task     ] GC(60) Using 13 workers of 13 for evacuation
[23.564s][info][gc,phases   ] GC(60)   Pre Evacuate Collection Set: 0.3ms
[23.564s][info][gc,phases   ] GC(60)   Merge Heap Roots: 0.5ms
[23.564s][info][gc,phases   ] GC(60)   Evacuate Collection Set: 23.2ms
[23.564s][info][gc,phases   ] GC(60)   Post Evacuate Collection Set: 0.5ms
[23.564s][info][gc,phases   ] GC(60)   Other: 0.1ms
[23.564s][info][gc,heap     ] GC(60) Eden regions: 40->0(213)
[23.564s][info][gc,heap     ] GC(60) Survivor regions: 7->11(32)
[23.564s][info][gc,heap     ] GC(60) Old regions: 855->855
[23.564s][info][gc,heap     ] GC(60) Humongous regions: 14->14
[23.564s][info][gc,metaspace] GC(60) Metaspace: 10446K(10816K)->10446K(10816K) NonClass: 9369K(9536K)->9369K(9536K) Class: 1076K(1280K)->1076K(1280K)
[23.564s][info][gc          ] GC(60) Pause Young (Concurrent Start) (G1 Humongous Allocation) 7322M->7033M(15360M) 24.942ms
[23.564s][info][gc          ] GC(61) Concurrent Mark Cycle
[23.564s][info][gc,cpu      ] GC(60) User=0.38s Sys=0.03s Real=0.03s
[23.564s][info][gc,marking  ] GC(61) Concurrent Scan Root Regions
[23.666s][info][gc,marking  ] GC(61) Concurrent Scan Root Regions 101.970ms
[23.666s][info][gc,marking  ] GC(61) Concurrent Mark
[23.666s][info][gc,marking  ] GC(61) Concurrent Mark From Roots
[23.666s][info][gc,task     ] GC(61) Using 3 workers of 3 for marking
[24.092s][info][gc,start    ] GC(62) Pause Young (Normal) (G1 Evacuation Pause)
[24.093s][info][gc,task     ] GC(62) Using 13 workers of 13 for evacuation
[24.168s][info][gc,phases   ] GC(62)   Pre Evacuate Collection Set: 0.2ms
[24.168s][info][gc,phases   ] GC(62)   Merge Heap Roots: 0.8ms
[24.168s][info][gc,phases   ] GC(62)   Evacuate Collection Set: 73.8ms
[24.168s][info][gc,phases   ] GC(62)   Post Evacuate Collection Set: 0.7ms
[24.168s][info][gc,phases   ] GC(62)   Other: 0.1ms
[24.168s][info][gc,heap     ] GC(62) Eden regions: 205->0(69)
[24.168s][info][gc,heap     ] GC(62) Survivor regions: 11->27(27)
[24.168s][info][gc,heap     ] GC(62) Old regions: 855->857
[24.168s][info][gc,heap     ] GC(62) Humongous regions: 24->24
[24.168s][info][gc,metaspace] GC(62) Metaspace: 10446K(10816K)->10446K(10816K) NonClass: 9370K(9536K)->9370K(9536K) Class: 1076K(1280K)->1076K(1280K)
[24.168s][info][gc          ] GC(62) Pause Young (Normal) (G1 Evacuation Pause) 8753M->7259M(15360M) 75.866ms
[24.168s][info][gc,cpu      ] GC(62) User=0.92s Sys=0.02s Real=0.08s
[24.344s][info][gc,start    ] GC(63) Pause Young (Normal) (G1 Evacuation Pause)
[24.344s][info][gc,task     ] GC(63) Using 13 workers of 13 for evacuation
[24.424s][info][gc,phases   ] GC(63)   Pre Evacuate Collection Set: 0.2ms
[24.424s][info][gc,phases   ] GC(63)   Merge Heap Roots: 0.7ms
[24.424s][info][gc,phases   ] GC(63)   Evacuate Collection Set: 78.5ms
[24.424s][info][gc,phases   ] GC(63)   Post Evacuate Collection Set: 0.4ms
[24.424s][info][gc,phases   ] GC(63)   Other: 0.1ms
[24.424s][info][gc,heap     ] GC(63) Eden regions: 69->0(201)
[24.424s][info][gc,heap     ] GC(63) Survivor regions: 27->8(12)
[24.424s][info][gc,heap     ] GC(63) Old regions: 857->884
[24.424s][info][gc,heap     ] GC(63) Humongous regions: 28->28
[24.424s][info][gc,metaspace] GC(63) Metaspace: 10450K(10816K)->10450K(10816K) NonClass: 9373K(9536K)->9373K(9536K) Class: 1076K(1280K)->1076K(1280K)
[24.424s][info][gc          ] GC(63) Pause Young (Normal) (G1 Evacuation Pause) 7843M->7360M(15360M) 80.058ms
[24.424s][info][gc,cpu      ] GC(63) User=0.86s Sys=0.08s Real=0.08s
[24.756s][info][gc,marking  ] GC(61) Concurrent Mark From Roots 1090.049ms
[24.756s][info][gc,marking  ] GC(61) Concurrent Preclean
[24.756s][info][gc,marking  ] GC(61) Concurrent Preclean 0.084ms
[24.756s][info][gc,start    ] GC(61) Pause Remark
[24.758s][info][gc          ] GC(61) Pause Remark 8418M->8402M(15360M) 1.751ms
[24.758s][info][gc,cpu      ] GC(61) User=0.00s Sys=0.00s Real=0.00s
[24.759s][info][gc,marking  ] GC(61) Concurrent Mark 1093.666ms
[24.760s][info][gc,marking  ] GC(61) Concurrent Rebuild Remembered Sets and Scrub Regions
[24.929s][info][gc,start    ] GC(64) Pause Young (Normal) (G1 Evacuation Pause)
[24.929s][info][gc,task     ] GC(64) Using 13 workers of 13 for evacuation
[25.015s][info][gc,mmu      ] GC(64) MMU target violated: 81.0ms (80.0ms/81.0ms)
[25.015s][info][gc,phases   ] GC(64)   Pre Evacuate Collection Set: 0.2ms
[25.015s][info][gc,phases   ] GC(64)   Merge Heap Roots: 1.1ms
[25.015s][info][gc,phases   ] GC(64)   Evacuate Collection Set: 83.5ms
[25.015s][info][gc,phases   ] GC(64)   Post Evacuate Collection Set: 0.8ms
[25.015s][info][gc,phases   ] GC(64)   Other: 0.2ms
[25.015s][info][gc,heap     ] GC(64) Eden regions: 191->0(71)
[25.015s][info][gc,heap     ] GC(64) Survivor regions: 8->25(25)
[25.015s][info][gc,heap     ] GC(64) Old regions: 884->891
[25.015s][info][gc,heap     ] GC(64) Humongous regions: 30->30
[25.015s][info][gc,metaspace] GC(64) Metaspace: 10474K(10880K)->10474K(10880K) NonClass: 9397K(9600K)->9397K(9600K) Class: 1076K(1280K)->1076K(1280K)
[25.015s][info][gc          ] GC(64) Pause Young (Normal) (G1 Evacuation Pause) 8904M->7562M(15360M) 86.018ms
[25.015s][info][gc,cpu      ] GC(64) User=1.14s Sys=0.03s Real=0.09s
[25.254s][info][gc,start    ] GC(65) Pause Young (Normal) (G1 Evacuation Pause)
[25.255s][info][gc,task     ] GC(65) Using 13 workers of 13 for evacuation
[25.347s][info][gc,mmu      ] GC(65) MMU target violated: 81.0ms (80.0ms/81.0ms)
[25.347s][info][gc,phases   ] GC(65)   Pre Evacuate Collection Set: 0.2ms
[25.347s][info][gc,phases   ] GC(65)   Merge Heap Roots: 0.7ms
[25.347s][info][gc,phases   ] GC(65)   Evacuate Collection Set: 90.2ms
[25.347s][info][gc,phases   ] GC(65)   Post Evacuate Collection Set: 1.4ms
[25.347s][info][gc,phases   ] GC(65)   Other: 0.2ms
[25.347s][info][gc,heap     ] GC(65) Eden regions: 71->0(118)
[25.347s][info][gc,heap     ] GC(65) Survivor regions: 25->11(12)
[25.347s][info][gc,heap     ] GC(65) Old regions: 891->916
[25.347s][info][gc,heap     ] GC(65) Humongous regions: 36->36
[25.347s][info][gc,metaspace] GC(65) Metaspace: 10476K(10880K)->10476K(10880K) NonClass: 9399K(9600K)->9399K(9600K) Class: 1076K(1280K)->1076K(1280K)
[25.347s][info][gc          ] GC(65) Pause Young (Normal) (G1 Evacuation Pause) 8178M->7703M(15360M) 92.967ms
[25.347s][info][gc,cpu      ] GC(65) User=1.08s Sys=0.08s Real=0.09s
[25.673s][info][gc,marking  ] GC(61) Concurrent Rebuild Remembered Sets and Scrub Regions 913.641ms
[25.673s][info][gc,start    ] GC(61) Pause Cleanup
[25.674s][info][gc          ] GC(61) Pause Cleanup 8617M->8617M(15360M) 0.733ms
[25.674s][info][gc,cpu      ] GC(61) User=0.00s Sys=0.00s Real=0.00s
[25.677s][info][gc,marking  ] GC(61) Concurrent Clear Claimed Marks
[25.677s][info][gc,marking  ] GC(61) Concurrent Clear Claimed Marks 0.092ms
[25.677s][info][gc,marking  ] GC(61) Concurrent Cleanup for Next Mark
[25.710s][info][gc,start    ] GC(66) Pause Young (Prepare Mixed) (G1 Evacuation Pause)
[25.710s][info][gc,task     ] GC(66) Using 13 workers of 13 for evacuation
[25.769s][info][gc,phases   ] GC(66)   Pre Evacuate Collection Set: 0.2ms
[25.769s][info][gc,phases   ] GC(66)   Merge Heap Roots: 0.8ms
[25.769s][info][gc,phases   ] GC(66)   Evacuate Collection Set: 57.5ms
[25.769s][info][gc,phases   ] GC(66)   Post Evacuate Collection Set: 0.7ms
[25.769s][info][gc,phases   ] GC(66)   Other: 0.1ms
[25.769s][info][gc,heap     ] GC(66) Eden regions: 121->0(82)
[25.769s][info][gc,heap     ] GC(66) Survivor regions: 11->14(17)
[25.769s][info][gc,heap     ] GC(66) Old regions: 916->927
[25.769s][info][gc,heap     ] GC(66) Humongous regions: 39->39
[25.769s][info][gc,metaspace] GC(66) Metaspace: 10486K(10880K)->10486K(10880K) NonClass: 9410K(9600K)->9410K(9600K) Class: 1076K(1280K)->1076K(1280K)
[25.769s][info][gc          ] GC(66) Pause Young (Prepare Mixed) (G1 Evacuation Pause) 8695M->7835M(15360M) 59.561ms
[25.769s][info][gc,cpu      ] GC(66) User=0.73s Sys=0.02s Real=0.06s
[25.775s][info][gc,marking  ] GC(61) Concurrent Cleanup for Next Mark 98.210ms
[25.775s][info][gc          ] GC(61) Concurrent Mark Cycle 2211.589ms
[25.955s][info][gc,start    ] GC(67) Pause Young (Mixed) (G1 Evacuation Pause)
[25.955s][info][gc,task     ] GC(67) Using 13 workers of 13 for evacuation
[26.018s][info][gc,phases   ] GC(67)   Pre Evacuate Collection Set: 0.2ms
[26.018s][info][gc,phases   ] GC(67)   Merge Heap Roots: 0.7ms
[26.018s][info][gc,phases   ] GC(67)   Evacuate Collection Set: 61.3ms
[26.018s][info][gc,phases   ] GC(67)   Post Evacuate Collection Set: 0.9ms
[26.018s][info][gc,phases   ] GC(67)   Other: 0.1ms
[26.019s][info][gc,heap     ] GC(67) Eden regions: 84->0(90)
[26.019s][info][gc,heap     ] GC(67) Survivor regions: 14->10(13)
[26.019s][info][gc,heap     ] GC(67) Old regions: 927->932
[26.019s][info][gc,heap     ] GC(67) Humongous regions: 42->42
[26.019s][info][gc,metaspace] GC(67) Metaspace: 10488K(10880K)->10488K(10880K) NonClass: 9411K(9600K)->9411K(9600K) Class: 1076K(1280K)->1076K(1280K)
[26.019s][info][gc          ] GC(67) Pause Young (Mixed) (G1 Evacuation Pause) 8531M->7868M(15360M) 63.271ms
[26.019s][info][gc,cpu      ] GC(67) User=0.72s Sys=0.02s Real=0.06s
[26.256s][info][gc,start    ] GC(68) Pause Young (Mixed) (G1 Evacuation Pause)
[26.256s][info][gc,task     ] GC(68) Using 13 workers of 13 for evacuation
[26.317s][info][gc,phases   ] GC(68)   Pre Evacuate Collection Set: 0.2ms
[26.317s][info][gc,phases   ] GC(68)   Merge Heap Roots: 0.6ms
[26.317s][info][gc,phases   ] GC(68)   Evacuate Collection Set: 59.4ms
[26.317s][info][gc,phases   ] GC(68)   Post Evacuate Collection Set: 0.7ms
[26.317s][info][gc,phases   ] GC(68)   Other: 0.1ms
[26.317s][info][gc,heap     ] GC(68) Eden regions: 110->0(103)
[26.317s][info][gc,heap     ] GC(68) Survivor regions: 10->9(15)
[26.317s][info][gc,heap     ] GC(68) Old regions: 932->934
[26.317s][info][gc,heap     ] GC(68) Humongous regions: 42->42
[26.317s][info][gc,metaspace] GC(68) Metaspace: 10488K(10880K)->10488K(10880K) NonClass: 9411K(9600K)->9411K(9600K) Class: 1076K(1280K)->1076K(1280K)
[26.317s][info][gc          ] GC(68) Pause Young (Mixed) (G1 Evacuation Pause) 8748M->7872M(15360M) 61.203ms
[26.317s][info][gc,cpu      ] GC(68) User=0.72s Sys=0.02s Real=0.06s
[26.572s][info][gc,start    ] GC(69) Pause Young (Mixed) (G1 Evacuation Pause)
[26.573s][info][gc,task     ] GC(69) Using 13 workers of 13 for evacuation
[26.635s][info][gc,phases   ] GC(69)   Pre Evacuate Collection Set: 0.2ms
[26.635s][info][gc,phases   ] GC(69)   Merge Heap Roots: 0.8ms
[26.635s][info][gc,phases   ] GC(69)   Evacuate Collection Set: 60.6ms
[26.635s][info][gc,phases   ] GC(69)   Post Evacuate Collection Set: 0.7ms
[26.635s][info][gc,phases   ] GC(69)   Other: 0.1ms
[26.635s][info][gc,heap     ] GC(69) Eden regions: 124->0(79)
[26.635s][info][gc,heap     ] GC(69) Survivor regions: 9->17(17)
[26.635s][info][gc,heap     ] GC(69) Old regions: 934->927
[26.635s][info][gc,heap     ] GC(69) Humongous regions: 43->43
[26.635s][info][gc,metaspace] GC(69) Metaspace: 10488K(10880K)->10488K(10880K) NonClass: 9411K(9600K)->9411K(9600K) Class: 1076K(1280K)->1076K(1280K)
[26.635s][info][gc          ] GC(69) Pause Young (Mixed) (G1 Evacuation Pause) 8872M->7896M(15360M) 62.726ms
[26.635s][info][gc,cpu      ] GC(69) User=0.72s Sys=0.02s Real=0.06s
[26.784s][info][gc,start    ] GC(70) Pause Young (Mixed) (G1 Evacuation Pause)
[26.785s][info][gc,task     ] GC(70) Using 13 workers of 13 for evacuation
[26.853s][info][gc,phases   ] GC(70)   Pre Evacuate Collection Set: 0.2ms
[26.853s][info][gc,phases   ] GC(70)   Merge Heap Roots: 0.7ms
[26.853s][info][gc,phases   ] GC(70)   Evacuate Collection Set: 66.7ms
[26.853s][info][gc,phases   ] GC(70)   Post Evacuate Collection Set: 0.7ms
[26.853s][info][gc,phases   ] GC(70)   Other: 0.1ms
[26.853s][info][gc,heap     ] GC(70) Eden regions: 79->0(89)
[26.853s][info][gc,heap     ] GC(70) Survivor regions: 17->7(12)
[26.853s][info][gc,heap     ] GC(70) Old regions: 927->937
[26.853s][info][gc,heap     ] GC(70) Humongous regions: 45->45
[26.853s][info][gc,metaspace] GC(70) Metaspace: 10499K(10880K)->10499K(10880K) NonClass: 9422K(9600K)->9422K(9600K) Class: 1076K(1280K)->1076K(1280K)
[26.853s][info][gc          ] GC(70) Pause Young (Mixed) (G1 Evacuation Pause) 8544M->7910M(15360M) 68.622ms
[26.853s][info][gc,cpu      ] GC(70) User=0.78s Sys=0.02s Real=0.07s
[27.020s][info][gc,start    ] GC(71) Pause Young (Mixed) (G1 Evacuation Pause)
[27.020s][info][gc,task     ] GC(71) Using 13 workers of 13 for evacuation
[27.068s][info][gc,phases   ] GC(71)   Pre Evacuate Collection Set: 0.3ms
[27.068s][info][gc,phases   ] GC(71)   Merge Heap Roots: 0.6ms
[27.068s][info][gc,phases   ] GC(71)   Evacuate Collection Set: 46.1ms
[27.068s][info][gc,phases   ] GC(71)   Post Evacuate Collection Set: 0.6ms
[27.068s][info][gc,phases   ] GC(71)   Other: 0.1ms
[27.068s][info][gc,heap     ] GC(71) Eden regions: 89->0(85)
[27.068s][info][gc,heap     ] GC(71) Survivor regions: 7->11(12)
[27.068s][info][gc,heap     ] GC(71) Old regions: 937->931
[27.068s][info][gc,heap     ] GC(71) Humongous regions: 45->45
[27.068s][info][gc,metaspace] GC(71) Metaspace: 10499K(10880K)->10499K(10880K) NonClass: 9422K(9600K)->9422K(9600K) Class: 1076K(1280K)->1076K(1280K)
[27.068s][info][gc          ] GC(71) Pause Young (Mixed) (G1 Evacuation Pause) 8622M->7891M(15360M) 48.007ms
[27.068s][info][gc,cpu      ] GC(71) User=0.56s Sys=0.03s Real=0.05s
[27.284s][info][gc,start    ] GC(72) Pause Young (Mixed) (G1 Evacuation Pause)
[27.284s][info][gc,task     ] GC(72) Using 13 workers of 13 for evacuation
[27.346s][info][gc,phases   ] GC(72)   Pre Evacuate Collection Set: 0.2ms
[27.346s][info][gc,phases   ] GC(72)   Merge Heap Roots: 0.7ms
[27.346s][info][gc,phases   ] GC(72)   Evacuate Collection Set: 60.7ms
[27.346s][info][gc,phases   ] GC(72)   Post Evacuate Collection Set: 0.6ms
[27.346s][info][gc,phases   ] GC(72)   Other: 0.1ms
[27.346s][info][gc,heap     ] GC(72) Eden regions: 111->0(83)
[27.346s][info][gc,heap     ] GC(72) Survivor regions: 11->13(16)
[27.346s][info][gc,heap     ] GC(72) Old regions: 931->929
[27.346s][info][gc,heap     ] GC(72) Humongous regions: 45->45
[27.346s][info][gc,metaspace] GC(72) Metaspace: 10499K(10880K)->10499K(10880K) NonClass: 9422K(9600K)->9422K(9600K) Class: 1076K(1280K)->1076K(1280K)
[27.346s][info][gc          ] GC(72) Pause Young (Mixed) (G1 Evacuation Pause) 8779M->7887M(15360M) 62.639ms
[27.346s][info][gc,cpu      ] GC(72) User=0.80s Sys=0.00s Real=0.06s
[27.544s][info][gc,start    ] GC(73) Pause Young (Mixed) (G1 Evacuation Pause)
[27.544s][info][gc,task     ] GC(73) Using 13 workers of 13 for evacuation
[27.608s][info][gc,phases   ] GC(73)   Pre Evacuate Collection Set: 0.2ms
[27.608s][info][gc,phases   ] GC(73)   Merge Heap Roots: 0.8ms
[27.608s][info][gc,phases   ] GC(73)   Evacuate Collection Set: 62.2ms
[27.608s][info][gc,phases   ] GC(73)   Post Evacuate Collection Set: 0.5ms
[27.608s][info][gc,phases   ] GC(73)   Other: 0.1ms
[27.608s][info][gc,heap     ] GC(73) Eden regions: 101->0(81)
[27.608s][info][gc,heap     ] GC(73) Survivor regions: 13->15(15)
[27.608s][info][gc,heap     ] GC(73) Old regions: 929->928
[27.608s][info][gc,heap     ] GC(73) Humongous regions: 46->46
[27.608s][info][gc,metaspace] GC(73) Metaspace: 10499K(10880K)->10499K(10880K) NonClass: 9422K(9600K)->9422K(9600K) Class: 1076K(1280K)->1076K(1280K)
[27.608s][info][gc          ] GC(73) Pause Young (Mixed) (G1 Evacuation Pause) 8703M->7907M(15360M) 63.977ms
[27.608s][info][gc,cpu      ] GC(73) User=0.77s Sys=0.05s Real=0.07s
[27.809s][info][gc,start    ] GC(74) Pause Young (Mixed) (G1 Evacuation Pause)
[27.809s][info][gc,task     ] GC(74) Using 13 workers of 13 for evacuation
[27.876s][info][gc,phases   ] GC(74)   Pre Evacuate Collection Set: 0.2ms
[27.876s][info][gc,phases   ] GC(74)   Merge Heap Roots: 0.7ms
[27.876s][info][gc,phases   ] GC(74)   Evacuate Collection Set: 65.6ms
[27.876s][info][gc,phases   ] GC(74)   Post Evacuate Collection Set: 0.4ms
[27.876s][info][gc,phases   ] GC(74)   Other: 0.1ms
[27.876s][info][gc,heap     ] GC(74) Eden regions: 97->0(157)
[27.876s][info][gc,heap     ] GC(74) Survivor regions: 15->10(14)
[27.876s][info][gc,heap     ] GC(74) Old regions: 928->937
[27.876s][info][gc,heap     ] GC(74) Humongous regions: 47->47
[27.876s][info][gc,metaspace] GC(74) Metaspace: 10504K(10880K)->10504K(10880K) NonClass: 9427K(9600K)->9427K(9600K) Class: 1076K(1280K)->1076K(1280K)
[27.876s][info][gc          ] GC(74) Pause Young (Mixed) (G1 Evacuation Pause) 8691M->7945M(15360M) 67.193ms
[27.876s][info][gc,cpu      ] GC(74) User=0.77s Sys=0.03s Real=0.07s
[27.889s][info][gc,start    ] GC(75) Pause Young (Concurrent Start) (G1 Humongous Allocation)
[27.889s][info][gc,task     ] GC(75) Using 13 workers of 13 for evacuation
[27.905s][info][gc,phases   ] GC(75)   Pre Evacuate Collection Set: 0.2ms
[27.905s][info][gc,phases   ] GC(75)   Merge Heap Roots: 0.2ms
[27.905s][info][gc,phases   ] GC(75)   Evacuate Collection Set: 15.4ms
[27.905s][info][gc,phases   ] GC(75)   Post Evacuate Collection Set: 0.3ms
[27.905s][info][gc,phases   ] GC(75)   Other: 0.1ms
[27.905s][info][gc,heap     ] GC(75) Eden regions: 7->0(171)
[27.905s][info][gc,heap     ] GC(75) Survivor regions: 10->10(27)
[27.905s][info][gc,heap     ] GC(75) Old regions: 937->937
[27.905s][info][gc,heap     ] GC(75) Humongous regions: 47->47
[27.905s][info][gc,metaspace] GC(75) Metaspace: 10504K(10880K)->10504K(10880K) NonClass: 9427K(9600K)->9427K(9600K) Class: 1076K(1280K)->1076K(1280K)
[27.905s][info][gc          ] GC(75) Pause Young (Concurrent Start) (G1 Humongous Allocation) 8001M->7946M(15360M) 16.293ms
[27.905s][info][gc          ] GC(76) Concurrent Mark Cycle
[27.905s][info][gc,cpu      ] GC(75) User=0.20s Sys=0.00s Real=0.02s
[27.905s][info][gc,marking  ] GC(76) Concurrent Scan Root Regions
[27.965s][info][gc,marking  ] GC(76) Concurrent Scan Root Regions 59.375ms
[27.965s][info][gc,marking  ] GC(76) Concurrent Mark
[27.965s][info][gc,marking  ] GC(76) Concurrent Mark From Roots
[27.965s][info][gc,task     ] GC(76) Using 3 workers of 3 for marking
[28.362s][info][gc,start    ] GC(77) Pause Young (Normal) (G1 Evacuation Pause)
[28.362s][info][gc,task     ] GC(77) Using 13 workers of 13 for evacuation
[28.425s][info][gc,phases   ] GC(77)   Pre Evacuate Collection Set: 0.2ms
[28.425s][info][gc,phases   ] GC(77)   Merge Heap Roots: 0.7ms
[28.425s][info][gc,phases   ] GC(77)   Evacuate Collection Set: 61.5ms
[28.425s][info][gc,phases   ] GC(77)   Post Evacuate Collection Set: 0.5ms
[28.425s][info][gc,phases   ] GC(77)   Other: 0.1ms
[28.425s][info][gc,heap     ] GC(77) Eden regions: 180->0(72)
[28.425s][info][gc,heap     ] GC(77) Survivor regions: 10->24(24)
[28.425s][info][gc,heap     ] GC(77) Old regions: 937->937
[28.425s][info][gc,heap     ] GC(77) Humongous regions: 50->50
[28.425s][info][gc,metaspace] GC(77) Metaspace: 10506K(10880K)->10506K(10880K) NonClass: 9429K(9600K)->9429K(9600K) Class: 1076K(1280K)->1076K(1280K)
[28.425s][info][gc          ] GC(77) Pause Young (Normal) (G1 Evacuation Pause) 9410M->8087M(15360M) 63.356ms
[28.425s][info][gc,cpu      ] GC(77) User=0.72s Sys=0.03s Real=0.06s
[28.599s][info][gc,start    ] GC(78) Pause Young (Normal) (G1 Evacuation Pause)
[28.599s][info][gc,task     ] GC(78) Using 13 workers of 13 for evacuation
[28.660s][info][gc,phases   ] GC(78)   Pre Evacuate Collection Set: 0.2ms
[28.660s][info][gc,phases   ] GC(78)   Merge Heap Roots: 0.7ms
[28.660s][info][gc,phases   ] GC(78)   Evacuate Collection Set: 59.8ms
[28.660s][info][gc,phases   ] GC(78)   Post Evacuate Collection Set: 0.4ms
[28.660s][info][gc,phases   ] GC(78)   Other: 0.1ms
[28.660s][info][gc,heap     ] GC(78) Eden regions: 73->0(189)
[28.660s][info][gc,heap     ] GC(78) Survivor regions: 24->8(13)
[28.660s][info][gc,heap     ] GC(78) Old regions: 937->961
[28.660s][info][gc,heap     ] GC(78) Humongous regions: 52->52
[28.660s][info][gc,metaspace] GC(78) Metaspace: 10507K(10880K)->10507K(10880K) NonClass: 9430K(9600K)->9430K(9600K) Class: 1076K(1280K)->1076K(1280K)
[28.660s][info][gc          ] GC(78) Pause Young (Normal) (G1 Evacuation Pause) 8687M->8156M(15360M) 61.311ms
[28.660s][info][gc,cpu      ] GC(78) User=0.67s Sys=0.06s Real=0.06s
[29.030s][info][gc,marking  ] GC(76) Concurrent Mark From Roots 1065.509ms
[29.030s][info][gc,marking  ] GC(76) Concurrent Preclean
[29.030s][info][gc,marking  ] GC(76) Concurrent Preclean 0.110ms
[29.031s][info][gc,start    ] GC(76) Pause Remark
[29.034s][info][gc          ] GC(76) Pause Remark 9123M->8859M(15360M) 3.745ms
[29.034s][info][gc,cpu      ] GC(76) User=0.00s Sys=0.00s Real=0.00s
[29.034s][info][gc,marking  ] GC(76) Concurrent Mark 1069.656ms
[29.034s][info][gc,marking  ] GC(76) Concurrent Rebuild Remembered Sets and Scrub Regions
[29.310s][info][gc,start    ] GC(79) Pause Young (Normal) (G1 Evacuation Pause)
[29.310s][info][gc,task     ] GC(79) Using 13 workers of 13 for evacuation
[29.381s][info][gc,phases   ] GC(79)   Pre Evacuate Collection Set: 0.2ms
[29.381s][info][gc,phases   ] GC(79)   Merge Heap Roots: 1.1ms
[29.381s][info][gc,phases   ] GC(79)   Evacuate Collection Set: 69.3ms
[29.381s][info][gc,phases   ] GC(79)   Post Evacuate Collection Set: 0.6ms
[29.381s][info][gc,phases   ] GC(79)   Other: 0.1ms
[29.381s][info][gc,heap     ] GC(79) Eden regions: 183->0(72)
[29.381s][info][gc,heap     ] GC(79) Survivor regions: 8->24(24)
[29.381s][info][gc,heap     ] GC(79) Old regions: 961->965
[29.381s][info][gc,heap     ] GC(79) Humongous regions: 25->25
[29.381s][info][gc,metaspace] GC(79) Metaspace: 10531K(10944K)->10531K(10944K) NonClass: 9454K(9664K)->9454K(9664K) Class: 1076K(1280K)->1076K(1280K)
[29.381s][info][gc          ] GC(79) Pause Young (Normal) (G1 Evacuation Pause) 9404M->8109M(15360M) 71.391ms
[29.381s][info][gc,cpu      ] GC(79) User=0.77s Sys=0.05s Real=0.07s
[29.736s][info][gc,marking  ] GC(76) Concurrent Rebuild Remembered Sets and Scrub Regions 701.496ms
[29.736s][info][gc,start    ] GC(76) Pause Cleanup
[29.736s][info][gc          ] GC(76) Pause Cleanup 8556M->8556M(15360M) 0.461ms
[29.737s][info][gc,cpu      ] GC(76) User=0.00s Sys=0.00s Real=0.00s
[29.737s][info][gc,marking  ] GC(76) Concurrent Clear Claimed Marks
[29.737s][info][gc,marking  ] GC(76) Concurrent Clear Claimed Marks 0.039ms
[29.737s][info][gc,marking  ] GC(76) Concurrent Cleanup for Next Mark
[29.751s][info][gc,marking  ] GC(76) Concurrent Cleanup for Next Mark 13.963ms
[29.751s][info][gc          ] GC(76) Concurrent Mark Cycle 1845.398ms
[30.598s][info][gc,start    ] GC(80) Pause Young (Prepare Mixed) (G1 Evacuation Pause)
[30.598s][info][gc,task     ] GC(80) Using 13 workers of 13 for evacuation
[30.745s][info][gc,mmu      ] GC(80) MMU target violated: 81.0ms (80.0ms/81.0ms)
[30.745s][info][gc,phases   ] GC(80)   Pre Evacuate Collection Set: 0.3ms
[30.745s][info][gc,phases   ] GC(80)   Merge Heap Roots: 1.7ms
[30.745s][info][gc,phases   ] GC(80)   Evacuate Collection Set: 144.3ms
[30.745s][info][gc,phases   ] GC(80)   Post Evacuate Collection Set: 1.1ms
[30.745s][info][gc,phases   ] GC(80)   Other: 0.1ms
[30.745s][info][gc,heap     ] GC(80) Eden regions: 72->0(84)
[30.745s][info][gc,heap     ] GC(80) Survivor regions: 24->12(12)
[30.745s][info][gc,heap     ] GC(80) Old regions: 965->1007
[30.746s][info][gc,heap     ] GC(80) Humongous regions: 41->41
[30.746s][info][gc,metaspace] GC(80) Metaspace: 10547K(10944K)->10547K(10944K) NonClass: 9469K(9664K)->9469K(9664K) Class: 1077K(1280K)->1077K(1280K)
[30.746s][info][gc          ] GC(80) Pause Young (Prepare Mixed) (G1 Evacuation Pause) 8813M->8476M(15360M) 147.604ms
[30.746s][info][gc,cpu      ] GC(80) User=1.69s Sys=0.11s Real=0.15s
[33.420s][info][gc,heap,exit] Heap
[33.420s][info][gc,heap,exit]  garbage-first heap   total 15728640K, used 9366442K [0x0000000440000000, 0x0000000800000000)
[33.420s][info][gc,heap,exit]   region size 8192K, 60 young (491520K), 12 survivors (98304K)
[33.420s][info][gc,heap,exit]  Metaspace       used 10669K, committed 11072K, reserved 1114112K
[33.420s][info][gc,heap,exit]   class space    used 1087K, committed 1280K, reserved 1048576K
