[0.009s][info][gc,init] CardTable entry size: 512
[0.009s][info][gc     ] Using Parallel
[0.026s][info][gc,init] Version: 21.0.2+13-58 (release)
[0.026s][info][gc,init] CPUs: 16 total, 16 available
[0.026s][info][gc,init] Memory: 32555M
[0.026s][info][gc,init] Large Page Support: Disabled
[0.026s][info][gc,init] NUMA Support: Disabled
[0.026s][info][gc,init] Compressed Oops: Enabled (Zero based)
[0.026s][info][gc,init] Alignments: Space 512K, Generation 512K, Heap 2M
[0.026s][info][gc,init] Heap Min Capacity: 7G
[0.026s][info][gc,init] Heap Initial Capacity: 7G
[0.026s][info][gc,init] Heap Max Capacity: 7G
[0.026s][info][gc,init] Pre-touch: Disabled
[0.026s][info][gc,init] Parallel Workers: 13
[0.035s][info][gc,metaspace] CDS archive(s) mapped at: [0x00000296ab000000-0x00000296abc90000-0x00000296abc90000), size 13172736, SharedBaseAddress: 0x00000296ab000000, ArchiveRelocationMode: 1.
[0.035s][info][gc,metaspace] Compressed class space mapped at: 0x00000296ac000000-0x00000296ec000000, reserved size: 1073741824
[0.035s][info][gc,metaspace] Narrow klass base: 0x00000296ab000000, Narrow klass shift: 0, Narrow klass range: 0x100000000
[3.983s][info][gc,start    ] GC(0) Pause Young (Allocation Failure)
[4.023s][info][gc,heap     ] GC(0) PSYoungGen: 1835008K(2140672K)->237733K(2140672K) Eden: 1835008K(1835008K)->0K(1835008K) From: 0K(305664K)->237733K(305664K)
[4.023s][info][gc,heap     ] GC(0) ParOldGen: 0K(4893696K)->88K(4893696K)
[4.023s][info][gc,metaspace] GC(0) Metaspace: 9870K(10240K)->9870K(10240K) NonClass: 8869K(9088K)->8869K(9088K) Class: 1001K(1152K)->1001K(1152K)
[4.023s][info][gc          ] GC(0) Pause Young (Allocation Failure) 1792M->232M(6869M) 39.969ms
[4.023s][info][gc,cpu      ] GC(0) User=0.19s Sys=0.28s Real=0.04s
[4.929s][info][gc,start    ] GC(1) Pause Young (Allocation Failure)
[5.026s][info][gc,heap     ] GC(1) PSYoungGen: 2072741K(2140672K)->305652K(2140672K) Eden: 1835008K(1835008K)->0K(1835008K) From: 237733K(305664K)->305652K(305664K)
[5.026s][info][gc,heap     ] GC(1) ParOldGen: 88K(4893696K)->265839K(4893696K)
[5.026s][info][gc,metaspace] GC(1) Metaspace: 9970K(10304K)->9970K(10304K) NonClass: 8945K(9152K)->8945K(9152K) Class: 1024K(1152K)->1024K(1152K)
[5.026s][info][gc          ] GC(1) Pause Young (Allocation Failure) 2024M->558M(6869M) 96.254ms
[5.026s][info][gc,cpu      ] GC(1) User=0.19s Sys=1.00s Real=0.10s
[5.680s][info][gc,start    ] GC(2) Pause Young (Allocation Failure)
[5.767s][info][gc,heap     ] GC(2) PSYoungGen: 2140660K(2140672K)->305658K(2140672K) Eden: 1835008K(1835008K)->0K(1835008K) From: 305652K(305664K)->305658K(305664K)
[5.767s][info][gc,heap     ] GC(2) ParOldGen: 265839K(4893696K)->603116K(4893696K)
[5.767s][info][gc,metaspace] GC(2) Metaspace: 10002K(10368K)->10002K(10368K) NonClass: 8967K(9216K)->8967K(9216K) Class: 1035K(1152K)->1035K(1152K)
[5.767s][info][gc          ] GC(2) Pause Young (Allocation Failure) 2350M->887M(6869M) 87.305ms
[5.767s][info][gc,cpu      ] GC(2) User=0.34s Sys=0.66s Real=0.09s
[6.436s][info][gc,start    ] GC(3) Pause Young (Allocation Failure)
[6.515s][info][gc,heap     ] GC(3) PSYoungGen: 2140666K(2140672K)->305650K(2140672K) Eden: 1835008K(1835008K)->0K(1835008K) From: 305658K(305664K)->305650K(305664K)
[6.515s][info][gc,heap     ] GC(3) ParOldGen: 603116K(4893696K)->959443K(4893696K)
[6.515s][info][gc,metaspace] GC(3) Metaspace: 10008K(10368K)->10008K(10368K) NonClass: 8972K(9216K)->8972K(9216K) Class: 1035K(1152K)->1035K(1152K)
[6.515s][info][gc          ] GC(3) Pause Young (Allocation Failure) 2679M->1235M(6869M) 79.054ms
[6.515s][info][gc,cpu      ] GC(3) User=0.34s Sys=0.55s Real=0.08s
[7.148s][info][gc,start    ] GC(4) Pause Young (Allocation Failure)
[7.228s][info][gc,heap     ] GC(4) PSYoungGen: 2140658K(2140672K)->305660K(2140672K) Eden: 1835008K(1835008K)->0K(1835008K) From: 305650K(305664K)->305660K(305664K)
[7.228s][info][gc,heap     ] GC(4) ParOldGen: 959443K(4893696K)->1313784K(4893696K)
[7.228s][info][gc,metaspace] GC(4) Metaspace: 10008K(10368K)->10008K(10368K) NonClass: 8972K(9216K)->8972K(9216K) Class: 1035K(1152K)->1035K(1152K)
[7.229s][info][gc          ] GC(4) Pause Young (Allocation Failure) 3027M->1581M(6869M) 80.630ms
[7.229s][info][gc,cpu      ] GC(4) User=0.47s Sys=0.55s Real=0.08s
[7.876s][info][gc,start    ] GC(5) Pause Young (Allocation Failure)
[7.956s][info][gc,heap     ] GC(5) PSYoungGen: 2140668K(2140672K)->305663K(1121792K) Eden: 1835008K(1835008K)->0K(816128K) From: 305660K(305664K)->305663K(305664K)
[7.956s][info][gc,heap     ] GC(5) ParOldGen: 1313784K(4893696K)->1671148K(4893696K)
[7.956s][info][gc,metaspace] GC(5) Metaspace: 10008K(10368K)->10008K(10368K) NonClass: 8972K(9216K)->8972K(9216K) Class: 1035K(1152K)->1035K(1152K)
[7.956s][info][gc          ] GC(5) Pause Young (Allocation Failure) 3373M->1930M(5874M) 79.999ms
[7.956s][info][gc,cpu      ] GC(5) User=0.36s Sys=0.59s Real=0.08s
[8.249s][info][gc,start    ] GC(6) Pause Young (Allocation Failure)
[8.288s][info][gc,heap     ] GC(6) PSYoungGen: 1121791K(1121792K)->456657K(1631232K) Eden: 816128K(816128K)->0K(816128K) From: 305663K(305664K)->456657K(815104K)
[8.288s][info][gc,heap     ] GC(6) ParOldGen: 1671148K(4893696K)->1675436K(4893696K)
[8.288s][info][gc,metaspace] GC(6) Metaspace: 10008K(10368K)->10008K(10368K) NonClass: 8972K(9216K)->8972K(9216K) Class: 1035K(1152K)->1035K(1152K)
[8.288s][info][gc          ] GC(6) Pause Young (Allocation Failure) 2727M->2082M(6372M) 39.069ms
[8.288s][info][gc,cpu      ] GC(6) User=0.11s Sys=0.20s Real=0.04s
[8.581s][info][gc,start    ] GC(7) Pause Young (Allocation Failure)
[8.631s][info][gc,heap     ] GC(7) PSYoungGen: 1272785K(1631232K)->615724K(1631232K) Eden: 816128K(816128K)->0K(816128K) From: 456657K(815104K)->615724K(815104K)
[8.631s][info][gc,heap     ] GC(7) ParOldGen: 1675436K(4893696K)->1675572K(4893696K)
[8.631s][info][gc,metaspace] GC(7) Metaspace: 10008K(10368K)->10008K(10368K) NonClass: 8972K(9216K)->8972K(9216K) Class: 1035K(1152K)->1035K(1152K)
[8.631s][info][gc          ] GC(7) Pause Young (Allocation Failure) 2879M->2237M(6372M) 49.799ms
[8.631s][info][gc,cpu      ] GC(7) User=0.45s Sys=0.11s Real=0.05s
[8.915s][info][gc,start    ] GC(8) Pause Young (Allocation Failure)
[9.005s][info][gc,heap     ] GC(8) PSYoungGen: 1431852K(1631232K)->474231K(1631232K) Eden: 816128K(816128K)->0K(816128K) From: 615724K(815104K)->474231K(815104K)
[9.005s][info][gc,heap     ] GC(8) ParOldGen: 1675572K(4893696K)->1974779K(4893696K)
[9.005s][info][gc,metaspace] GC(8) Metaspace: 10008K(10368K)->10008K(10368K) NonClass: 8972K(9216K)->8972K(9216K) Class: 1035K(1152K)->1035K(1152K)
[9.005s][info][gc          ] GC(8) Pause Young (Allocation Failure) 3034M->2391M(6372M) 89.608ms
[9.005s][info][gc,cpu      ] GC(8) User=0.75s Sys=0.23s Real=0.09s
[9.298s][info][gc,start    ] GC(9) Pause Young (Allocation Failure)
[9.379s][info][gc,heap     ] GC(9) PSYoungGen: 1290359K(1631232K)->314947K(1631232K) Eden: 816128K(816128K)->0K(816128K) From: 474231K(815104K)->314947K(815104K)
[9.379s][info][gc,heap     ] GC(9) ParOldGen: 1974779K(4893696K)->2287745K(4893696K)
[9.379s][info][gc,metaspace] GC(9) Metaspace: 10049K(10368K)->10049K(10368K) NonClass: 9013K(9216K)->9013K(9216K) Class: 1035K(1152K)->1035K(1152K)
[9.379s][info][gc          ] GC(9) Pause Young (Allocation Failure) 3188M->2541M(6372M) 81.081ms
[9.379s][info][gc,cpu      ] GC(9) User=0.41s Sys=0.58s Real=0.08s
[9.672s][info][gc,start    ] GC(10) Pause Young (Allocation Failure)
[9.739s][info][gc,heap     ] GC(10) PSYoungGen: 1131075K(1631232K)->156223K(1631232K) Eden: 816128K(816128K)->0K(816128K) From: 314947K(815104K)->156223K(815104K)
[9.739s][info][gc,heap     ] GC(10) ParOldGen: 2287745K(4893696K)->2601662K(4893696K)
[9.739s][info][gc,metaspace] GC(10) Metaspace: 10049K(10368K)->10049K(10368K) NonClass: 9013K(9216K)->9013K(9216K) Class: 1035K(1152K)->1035K(1152K)
[9.739s][info][gc          ] GC(10) Pause Young (Allocation Failure) 3338M->2693M(6372M) 66.942ms
[9.739s][info][gc,cpu      ] GC(10) User=0.14s Sys=0.66s Real=0.07s
[10.043s][info][gc,start    ] GC(11) Pause Young (Allocation Failure)
[10.081s][info][gc,heap     ] GC(11) PSYoungGen: 972351K(1631232K)->156169K(1631232K) Eden: 816128K(816128K)->0K(816128K) From: 156223K(815104K)->156169K(815104K)
[10.081s][info][gc,heap     ] GC(11) ParOldGen: 2601662K(4893696K)->2757238K(4893696K)
[10.081s][info][gc,metaspace] GC(11) Metaspace: 10049K(10368K)->10049K(10368K) NonClass: 9013K(9216K)->9013K(9216K) Class: 1035K(1152K)->1035K(1152K)
[10.081s][info][gc          ] GC(11) Pause Young (Allocation Failure) 3490M->2845M(6372M) 37.508ms
[10.081s][info][gc,cpu      ] GC(11) User=0.11s Sys=0.25s Real=0.04s
[10.382s][info][gc,start    ] GC(12) Pause Young (Allocation Failure)
[10.420s][info][gc,heap     ] GC(12) PSYoungGen: 972297K(1631232K)->154887K(1631232K) Eden: 816128K(816128K)->0K(816128K) From: 156169K(815104K)->154887K(815104K)
[10.420s][info][gc,heap     ] GC(12) ParOldGen: 2757238K(4893696K)->2912313K(4893696K)
[10.420s][info][gc,metaspace] GC(12) Metaspace: 10065K(10368K)->10065K(10368K) NonClass: 9029K(9216K)->9029K(9216K) Class: 1035K(1152K)->1035K(1152K)
[10.420s][info][gc          ] GC(12) Pause Young (Allocation Failure) 3642M->2995M(6372M) 38.089ms
[10.420s][info][gc,cpu      ] GC(12) User=0.16s Sys=0.25s Real=0.04s
[10.734s][info][gc,start    ] GC(13) Pause Young (Allocation Failure)
[10.777s][info][gc,heap     ] GC(13) PSYoungGen: 971015K(1631232K)->154383K(1631232K) Eden: 816128K(816128K)->0K(816128K) From: 154887K(815104K)->154383K(815104K)
[10.777s][info][gc,heap     ] GC(13) ParOldGen: 2912313K(4893696K)->3066307K(4893696K)
[10.777s][info][gc,metaspace] GC(13) Metaspace: 10067K(10368K)->10067K(10368K) NonClass: 9031K(9216K)->9031K(9216K) Class: 1035K(1152K)->1035K(1152K)
[10.777s][info][gc          ] GC(13) Pause Young (Allocation Failure) 3792M->3145M(6372M) 43.134ms
[10.777s][info][gc,cpu      ] GC(13) User=0.19s Sys=0.34s Real=0.04s
[11.107s][info][gc,start    ] GC(14) Pause Young (Allocation Failure)
[11.144s][info][gc,heap     ] GC(14) PSYoungGen: 970511K(1631232K)->152758K(1631232K) Eden: 816128K(816128K)->0K(816128K) From: 154383K(815104K)->152758K(815104K)
[11.144s][info][gc,heap     ] GC(14) ParOldGen: 3066307K(4893696K)->3219624K(4893696K)
[11.144s][info][gc,metaspace] GC(14) Metaspace: 10067K(10368K)->10067K(10368K) NonClass: 9031K(9216K)->9031K(9216K) Class: 1035K(1152K)->1035K(1152K)
[11.144s][info][gc          ] GC(14) Pause Young (Allocation Failure) 3942M->3293M(6372M) 37.748ms
[11.144s][info][gc,cpu      ] GC(14) User=0.08s Sys=0.27s Real=0.04s
[11.466s][info][gc,start    ] GC(15) Pause Young (Allocation Failure)
[11.503s][info][gc,heap     ] GC(15) PSYoungGen: 968886K(1631232K)->155050K(1631232K) Eden: 816128K(816128K)->0K(816128K) From: 152758K(815104K)->155050K(815104K)
[11.503s][info][gc,heap     ] GC(15) ParOldGen: 3219624K(4893696K)->3370872K(4893696K)
[11.503s][info][gc,metaspace] GC(15) Metaspace: 10081K(10432K)->10081K(10432K) NonClass: 9045K(9280K)->9045K(9280K) Class: 1035K(1152K)->1035K(1152K)
[11.503s][info][gc          ] GC(15) Pause Young (Allocation Failure) 4090M->3443M(6372M) 37.091ms
[11.503s][info][gc,cpu      ] GC(15) User=0.06s Sys=0.27s Real=0.04s
[11.807s][info][gc,start    ] GC(16) Pause Young (Allocation Failure)
[11.851s][info][gc,heap     ] GC(16) PSYoungGen: 971178K(1631232K)->155850K(1631232K) Eden: 816128K(816128K)->0K(816128K) From: 155050K(815104K)->155850K(815104K)
[11.851s][info][gc,heap     ] GC(16) ParOldGen: 3370872K(4893696K)->3525246K(4893696K)
[11.851s][info][gc,metaspace] GC(16) Metaspace: 10081K(10432K)->10081K(10432K) NonClass: 9045K(9280K)->9045K(9280K) Class: 1035K(1152K)->1035K(1152K)
[11.851s][info][gc          ] GC(16) Pause Young (Allocation Failure) 4240M->3594M(6372M) 43.760ms
[11.851s][info][gc,cpu      ] GC(16) User=0.11s Sys=0.28s Real=0.04s
[12.170s][info][gc,start    ] GC(17) Pause Young (Allocation Failure)
[12.223s][info][gc,heap     ] GC(17) PSYoungGen: 971978K(1631232K)->155951K(1631232K) Eden: 816128K(816128K)->0K(816128K) From: 155850K(815104K)->155951K(815104K)
[12.223s][info][gc,heap     ] GC(17) ParOldGen: 3525246K(4893696K)->3680059K(4893696K)
[12.223s][info][gc,metaspace] GC(17) Metaspace: 10118K(10496K)->10118K(10496K) NonClass: 9074K(9280K)->9074K(9280K) Class: 1044K(1216K)->1044K(1216K)
[12.223s][info][gc          ] GC(17) Pause Young (Allocation Failure) 4391M->3746M(6372M) 52.954ms
[12.223s][info][gc,cpu      ] GC(17) User=0.16s Sys=0.39s Real=0.05s
[12.564s][info][gc,start    ] GC(18) Pause Young (Allocation Failure)
[12.610s][info][gc,heap     ] GC(18) PSYoungGen: 972079K(1631232K)->156812K(1631232K) Eden: 816128K(816128K)->0K(816128K) From: 155951K(815104K)->156812K(815104K)
[12.610s][info][gc,heap     ] GC(18) ParOldGen: 3680059K(4893696K)->3833577K(4893696K)
[12.610s][info][gc,metaspace] GC(18) Metaspace: 10119K(10496K)->10119K(10496K) NonClass: 9074K(9280K)->9074K(9280K) Class: 1044K(1216K)->1044K(1216K)
[12.610s][info][gc          ] GC(18) Pause Young (Allocation Failure) 4543M->3896M(6372M) 45.431ms
[12.610s][info][gc,cpu      ] GC(18) User=0.17s Sys=0.39s Real=0.05s
[12.954s][info][gc,start    ] GC(19) Pause Young (Allocation Failure)
[12.998s][info][gc,heap     ] GC(19) PSYoungGen: 972940K(1631232K)->155024K(1653760K) Eden: 816128K(816128K)->0K(838656K) From: 156812K(815104K)->155024K(815104K)
[12.998s][info][gc,heap     ] GC(19) ParOldGen: 3833577K(4893696K)->3987386K(4893696K)
[12.998s][info][gc,metaspace] GC(19) Metaspace: 10119K(10496K)->10119K(10496K) NonClass: 9074K(9280K)->9074K(9280K) Class: 1044K(1216K)->1044K(1216K)
[12.998s][info][gc          ] GC(19) Pause Young (Allocation Failure) 4693M->4045M(6394M) 44.016ms
[12.998s][info][gc,cpu      ] GC(19) User=0.08s Sys=0.50s Real=0.04s
[13.327s][info][gc,start    ] GC(20) Pause Young (Allocation Failure)
[13.379s][info][gc,heap     ] GC(20) PSYoungGen: 993680K(1653760K)->155005K(1631232K) Eden: 838656K(838656K)->0K(838656K) From: 155024K(815104K)->155005K(792576K)
[13.379s][info][gc,heap     ] GC(20) ParOldGen: 3987386K(4893696K)->4137954K(4893696K)
[13.379s][info][gc,metaspace] GC(20) Metaspace: 10136K(10496K)->10136K(10496K) NonClass: 9091K(9280K)->9091K(9280K) Class: 1044K(1216K)->1044K(1216K)
[13.379s][info][gc          ] GC(20) Pause Young (Allocation Failure) 4864M->4192M(6372M) 52.636ms
[13.379s][info][gc,cpu      ] GC(20) User=0.09s Sys=0.50s Real=0.05s
[13.708s][info][gc,start    ] GC(21) Pause Young (Allocation Failure)
[13.768s][info][gc,heap     ] GC(21) PSYoungGen: 993661K(1631232K)->159820K(1712128K) Eden: 838656K(838656K)->0K(947712K) From: 155005K(792576K)->159820K(764416K)
[13.768s][info][gc,heap     ] GC(21) ParOldGen: 4137954K(4893696K)->4287648K(4893696K)
[13.768s][info][gc,metaspace] GC(21) Metaspace: 10136K(10496K)->10136K(10496K) NonClass: 9091K(9280K)->9091K(9280K) Class: 1044K(1216K)->1044K(1216K)
[13.768s][info][gc          ] GC(21) Pause Young (Allocation Failure) 5011M->4343M(6451M) 59.498ms
[13.768s][info][gc,cpu      ] GC(21) User=0.09s Sys=0.67s Real=0.06s
[14.127s][info][gc,start    ] GC(22) Pause Young (Allocation Failure)
[14.165s][info][gc,heap     ] GC(22) PSYoungGen: 1107532K(1712128K)->156930K(1681920K) Eden: 947712K(947712K)->0K(947712K) From: 159820K(764416K)->156930K(734208K)
[14.165s][info][gc,heap     ] GC(22) ParOldGen: 4287648K(4893696K)->4444029K(4893696K)
[14.165s][info][gc,metaspace] GC(22) Metaspace: 10144K(10496K)->10144K(10496K) NonClass: 9098K(9280K)->9098K(9280K) Class: 1046K(1216K)->1046K(1216K)
[14.165s][info][gc          ] GC(22) Pause Young (Allocation Failure) 5268M->4493M(6421M) 38.303ms
[14.165s][info][gc,cpu      ] GC(22) User=0.08s Sys=0.42s Real=0.04s
[14.577s][info][gc,start    ] GC(23) Pause Young (Allocation Failure)
[14.626s][info][gc,heap     ] GC(23) PSYoungGen: 1104642K(1681920K)->62944K(1755136K) Eden: 947712K(947712K)->0K(1050624K) From: 156930K(734208K)->62944K(704512K)
[14.626s][info][gc,heap     ] GC(23) ParOldGen: 4444029K(4893696K)->4595459K(4893696K)
[14.626s][info][gc,metaspace] GC(23) Metaspace: 10311K(10688K)->10311K(10688K) NonClass: 9238K(9408K)->9238K(9408K) Class: 1073K(1280K)->1073K(1280K)
[14.626s][info][gc          ] GC(23) Pause Young (Allocation Failure) 5418M->4549M(6493M) 49.389ms
[14.626s][info][gc,cpu      ] GC(23) User=0.22s Sys=0.34s Real=0.05s
[14.626s][info][gc,start    ] GC(24) Pause Full (Ergonomics)
[14.626s][info][gc,phases,start] GC(24) Marking Phase
[14.653s][info][gc,phases      ] GC(24) Marking Phase 26.674ms
[14.653s][info][gc,phases,start] GC(24) Summary Phase
[14.653s][info][gc,phases      ] GC(24) Summary Phase 0.061ms
[14.653s][info][gc,phases,start] GC(24) Adjust Roots
[14.655s][info][gc,phases      ] GC(24) Adjust Roots 2.540ms
[14.655s][info][gc,phases,start] GC(24) Compaction Phase
[15.229s][info][gc,phases      ] GC(24) Compaction Phase 573.478ms
[15.229s][info][gc,phases,start] GC(24) Post Compact
[15.247s][info][gc,phases      ] GC(24) Post Compact 17.928ms
[15.247s][info][gc,heap        ] GC(24) PSYoungGen: 62944K(1755136K)->0K(1741824K) Eden: 0K(1050624K)->0K(1050624K) From: 62944K(704512K)->0K(691200K)
[15.247s][info][gc,heap        ] GC(24) ParOldGen: 4595459K(4893696K)->4654513K(4893696K)
[15.247s][info][gc,metaspace   ] GC(24) Metaspace: 10311K(10688K)->10311K(10688K) NonClass: 9238K(9408K)->9238K(9408K) Class: 1073K(1280K)->1073K(1280K)
[15.247s][info][gc             ] GC(24) Pause Full (Ergonomics) 4549M->4545M(6480M) 621.006ms
[15.247s][info][gc,cpu         ] GC(24) User=5.77s Sys=0.59s Real=0.62s
[15.744s][info][gc,start       ] GC(25) Pause Full (Ergonomics)
[15.744s][info][gc,phases,start] GC(25) Marking Phase
[15.793s][info][gc,phases      ] GC(25) Marking Phase 49.200ms
[15.793s][info][gc,phases,start] GC(25) Summary Phase
[15.793s][info][gc,phases      ] GC(25) Summary Phase 0.195ms
[15.793s][info][gc,phases,start] GC(25) Adjust Roots
[15.795s][info][gc,phases      ] GC(25) Adjust Roots 1.280ms
[15.795s][info][gc,phases,start] GC(25) Compaction Phase
[15.866s][info][gc,phases      ] GC(25) Compaction Phase 71.033ms
[15.866s][info][gc,phases,start] GC(25) Post Compact
[15.886s][info][gc,phases      ] GC(25) Post Compact 20.191ms
[15.886s][info][gc,heap        ] GC(25) PSYoungGen: 1050624K(1741824K)->0K(1755136K) Eden: 1050624K(1050624K)->0K(1063936K) From: 0K(691200K)->0K(691200K)
[15.886s][info][gc,heap        ] GC(25) ParOldGen: 4654513K(4893696K)->4699071K(4893696K)
[15.886s][info][gc,metaspace   ] GC(25) Metaspace: 10359K(10752K)->10359K(10752K) NonClass: 9284K(9472K)->9284K(9472K) Class: 1074K(1280K)->1074K(1280K)
[15.886s][info][gc             ] GC(25) Pause Full (Ergonomics) 5571M->4588M(6493M) 142.378ms
[15.886s][info][gc,cpu         ] GC(25) User=0.92s Sys=0.05s Real=0.14s
[16.187s][info][gc,start       ] GC(26) Pause Full (Ergonomics)
[16.187s][info][gc,phases,start] GC(26) Marking Phase
[16.242s][info][gc,phases      ] GC(26) Marking Phase 55.623ms
[16.242s][info][gc,phases,start] GC(26) Summary Phase
[16.242s][info][gc,phases      ] GC(26) Summary Phase 0.074ms
[16.242s][info][gc,phases,start] GC(26) Adjust Roots
[16.243s][info][gc,phases      ] GC(26) Adjust Roots 1.074ms
[16.243s][info][gc,phases,start] GC(26) Compaction Phase
[16.602s][info][gc,phases      ] GC(26) Compaction Phase 358.934ms
[16.602s][info][gc,phases,start] GC(26) Post Compact
[16.619s][info][gc,phases      ] GC(26) Post Compact 16.472ms
[16.619s][info][gc,heap        ] GC(26) PSYoungGen: 1063936K(1755136K)->0K(1755136K) Eden: 1063936K(1063936K)->0K(1063936K) From: 0K(691200K)->0K(691200K)
[16.619s][info][gc,heap        ] GC(26) ParOldGen: 4699071K(4893696K)->4746926K(4893696K)
[16.619s][info][gc,metaspace   ] GC(26) Metaspace: 10359K(10752K)->10359K(10752K) NonClass: 9284K(9472K)->9284K(9472K) Class: 1074K(1280K)->1074K(1280K)
[16.619s][info][gc             ] GC(26) Pause Full (Ergonomics) 5627M->4635M(6493M) 432.510ms
[16.619s][info][gc,cpu         ] GC(26) User=4.03s Sys=0.12s Real=0.43s
[16.881s][info][gc,start       ] GC(27) Pause Full (Ergonomics)
[16.881s][info][gc,phases,start] GC(27) Marking Phase
[16.949s][info][gc,phases      ] GC(27) Marking Phase 67.806ms
[16.949s][info][gc,phases,start] GC(27) Summary Phase
[16.949s][info][gc,phases      ] GC(27) Summary Phase 0.264ms
[16.949s][info][gc,phases,start] GC(27) Adjust Roots
[16.952s][info][gc,phases      ] GC(27) Adjust Roots 2.352ms
[16.952s][info][gc,phases,start] GC(27) Compaction Phase
[17.055s][info][gc,phases      ] GC(27) Compaction Phase 103.119ms
[17.055s][info][gc,phases,start] GC(27) Post Compact
[17.077s][info][gc,phases      ] GC(27) Post Compact 21.710ms
[17.077s][info][gc,heap        ] GC(27) PSYoungGen: 1063936K(1755136K)->0K(1755136K) Eden: 1063936K(1063936K)->0K(1063936K) From: 0K(691200K)->0K(691200K)
[17.077s][info][gc,heap        ] GC(27) ParOldGen: 4746926K(4893696K)->4790731K(4893696K)
[17.077s][info][gc,metaspace   ] GC(27) Metaspace: 10365K(10752K)->10365K(10752K) NonClass: 9290K(9472K)->9290K(9472K) Class: 1074K(1280K)->1074K(1280K)
[17.077s][info][gc             ] GC(27) Pause Full (Ergonomics) 5674M->4678M(6493M) 195.893ms
[17.077s][info][gc,cpu         ] GC(27) User=1.48s Sys=0.05s Real=0.20s
[17.410s][info][gc,start       ] GC(28) Pause Full (Ergonomics)
[17.410s][info][gc,phases,start] GC(28) Marking Phase
[17.503s][info][gc,phases      ] GC(28) Marking Phase 92.931ms
[17.503s][info][gc,phases,start] GC(28) Summary Phase
[17.503s][info][gc,phases      ] GC(28) Summary Phase 0.081ms
[17.503s][info][gc,phases,start] GC(28) Adjust Roots
[17.504s][info][gc,phases      ] GC(28) Adjust Roots 1.293ms
[17.504s][info][gc,phases,start] GC(28) Compaction Phase
[17.600s][info][gc,phases      ] GC(28) Compaction Phase 95.381ms
[17.600s][info][gc,phases,start] GC(28) Post Compact
[17.622s][info][gc,phases      ] GC(28) Post Compact 22.815ms
[17.622s][info][gc,heap        ] GC(28) PSYoungGen: 1063936K(1755136K)->0K(1755136K) Eden: 1063936K(1063936K)->0K(1063936K) From: 0K(691200K)->0K(691200K)
[17.622s][info][gc,heap        ] GC(28) ParOldGen: 4790731K(4893696K)->4830411K(4893696K)
[17.622s][info][gc,metaspace   ] GC(28) Metaspace: 10365K(10752K)->10365K(10752K) NonClass: 9290K(9472K)->9290K(9472K) Class: 1074K(1280K)->1074K(1280K)
[17.623s][info][gc             ] GC(28) Pause Full (Ergonomics) 5717M->4717M(6493M) 212.906ms
[17.623s][info][gc,cpu         ] GC(28) User=1.88s Sys=0.02s Real=0.21s
[17.907s][info][gc,start       ] GC(29) Pause Full (Ergonomics)
[17.907s][info][gc,phases,start] GC(29) Marking Phase
[18.015s][info][gc,phases      ] GC(29) Marking Phase 107.853ms
[18.015s][info][gc,phases,start] GC(29) Summary Phase
[18.015s][info][gc,phases      ] GC(29) Summary Phase 0.065ms
[18.015s][info][gc,phases,start] GC(29) Adjust Roots
[18.016s][info][gc,phases      ] GC(29) Adjust Roots 0.974ms
[18.016s][info][gc,phases,start] GC(29) Compaction Phase
[18.127s][info][gc,phases      ] GC(29) Compaction Phase 110.859ms
[18.127s][info][gc,phases,start] GC(29) Post Compact
[18.142s][info][gc,phases      ] GC(29) Post Compact 15.145ms
[18.142s][info][gc,heap        ] GC(29) PSYoungGen: 1063936K(1755136K)->0K(1755136K) Eden: 1063936K(1063936K)->0K(1063936K) From: 0K(691200K)->0K(691200K)
[18.142s][info][gc,heap        ] GC(29) ParOldGen: 4830411K(4893696K)->4876488K(4893696K)
[18.142s][info][gc,metaspace   ] GC(29) Metaspace: 10378K(10752K)->10378K(10752K) NonClass: 9303K(9472K)->9303K(9472K) Class: 1074K(1280K)->1074K(1280K)
[18.142s][info][gc             ] GC(29) Pause Full (Ergonomics) 5756M->4762M(6493M) 235.197ms
[18.142s][info][gc,cpu         ] GC(29) User=1.92s Sys=0.03s Real=0.23s
[18.464s][info][gc,start       ] GC(30) Pause Full (Ergonomics)
[18.464s][info][gc,phases,start] GC(30) Marking Phase
[18.592s][info][gc,phases      ] GC(30) Marking Phase 127.542ms
[18.592s][info][gc,phases,start] GC(30) Summary Phase
[18.592s][info][gc,phases      ] GC(30) Summary Phase 0.134ms
[18.592s][info][gc,phases,start] GC(30) Adjust Roots
[18.593s][info][gc,phases      ] GC(30) Adjust Roots 1.399ms
[18.593s][info][gc,phases,start] GC(30) Compaction Phase
[18.691s][info][gc,phases      ] GC(30) Compaction Phase 98.171ms
[18.692s][info][gc,phases,start] GC(30) Post Compact
[18.712s][info][gc,phases      ] GC(30) Post Compact 20.279ms
[18.712s][info][gc,heap        ] GC(30) PSYoungGen: 1063936K(1755136K)->30981K(1755136K) Eden: 1063936K(1063936K)->30981K(1063936K) From: 0K(691200K)->0K(691200K)
[18.712s][info][gc,heap        ] GC(30) ParOldGen: 4876488K(4893696K)->4893695K(4893696K)
[18.712s][info][gc,metaspace   ] GC(30) Metaspace: 10388K(10816K)->10388K(10816K) NonClass: 9314K(9536K)->9314K(9536K) Class: 1074K(1280K)->1074K(1280K)
[18.712s][info][gc             ] GC(30) Pause Full (Ergonomics) 5801M->4809M(6493M) 247.997ms
[18.712s][info][gc,cpu         ] GC(30) User=2.30s Sys=0.06s Real=0.25s
[19.085s][info][gc,start       ] GC(31) Pause Full (Ergonomics)
[19.085s][info][gc,phases,start] GC(31) Marking Phase
[19.250s][info][gc,phases      ] GC(31) Marking Phase 165.247ms
[19.250s][info][gc,phases,start] GC(31) Summary Phase
[19.250s][info][gc,phases      ] GC(31) Summary Phase 0.144ms
[19.250s][info][gc,phases,start] GC(31) Adjust Roots
[19.252s][info][gc,phases      ] GC(31) Adjust Roots 1.514ms
[19.252s][info][gc,phases,start] GC(31) Compaction Phase
[19.412s][info][gc,phases      ] GC(31) Compaction Phase 159.981ms
[19.412s][info][gc,phases,start] GC(31) Post Compact
[19.434s][info][gc,phases      ] GC(31) Post Compact 21.729ms
[19.434s][info][gc,heap        ] GC(31) PSYoungGen: 1063936K(1755136K)->72665K(1755136K) Eden: 1063936K(1063936K)->72665K(1063936K) From: 0K(691200K)->0K(691200K)
[19.434s][info][gc,heap        ] GC(31) ParOldGen: 4893695K(4893696K)->4893432K(4893696K)
[19.434s][info][gc,metaspace   ] GC(31) Metaspace: 10392K(10816K)->10392K(10816K) NonClass: 9318K(9536K)->9318K(9536K) Class: 1074K(1280K)->1074K(1280K)
[19.434s][info][gc             ] GC(31) Pause Full (Ergonomics) 5817M->4849M(6493M) 349.159ms
[19.434s][info][gc,cpu         ] GC(31) User=3.53s Sys=0.02s Real=0.35s
[19.780s][info][gc,start       ] GC(32) Pause Full (Ergonomics)
[19.781s][info][gc,phases,start] GC(32) Marking Phase
[19.933s][info][gc,phases      ] GC(32) Marking Phase 152.634ms
[19.933s][info][gc,phases,start] GC(32) Summary Phase
[19.933s][info][gc,phases      ] GC(32) Summary Phase 0.097ms
[19.933s][info][gc,phases,start] GC(32) Adjust Roots
[19.935s][info][gc,phases      ] GC(32) Adjust Roots 1.244ms
[19.935s][info][gc,phases,start] GC(32) Compaction Phase
[20.083s][info][gc,phases      ] GC(32) Compaction Phase 148.823ms
[20.084s][info][gc,phases,start] GC(32) Post Compact
[20.104s][info][gc,phases      ] GC(32) Post Compact 20.185ms
[20.104s][info][gc,heap        ] GC(32) PSYoungGen: 1063936K(1755136K)->84166K(1755136K) Eden: 1063936K(1063936K)->84166K(1063936K) From: 0K(691200K)->0K(691200K)
[20.104s][info][gc,heap        ] GC(32) ParOldGen: 4893432K(4893696K)->4893307K(4893696K)
[20.104s][info][gc,metaspace   ] GC(32) Metaspace: 10397K(10816K)->10397K(10816K) NonClass: 9322K(9536K)->9322K(9536K) Class: 1074K(1280K)->1074K(1280K)
[20.104s][info][gc             ] GC(32) Pause Full (Ergonomics) 5817M->4860M(6493M) 323.352ms
[20.104s][info][gc,cpu         ] GC(32) User=3.31s Sys=0.00s Real=0.32s
[20.406s][info][gc,start       ] GC(33) Pause Full (Ergonomics)
[20.406s][info][gc,phases,start] GC(33) Marking Phase
[20.561s][info][gc,phases      ] GC(33) Marking Phase 155.359ms
[20.561s][info][gc,phases,start] GC(33) Summary Phase
[20.561s][info][gc,phases      ] GC(33) Summary Phase 0.053ms
[20.561s][info][gc,phases,start] GC(33) Adjust Roots
[20.562s][info][gc,phases      ] GC(33) Adjust Roots 0.880ms
[20.562s][info][gc,phases,start] GC(33) Compaction Phase
[20.696s][info][gc,phases      ] GC(33) Compaction Phase 133.692ms
[20.696s][info][gc,phases,start] GC(33) Post Compact
[20.718s][info][gc,phases      ] GC(33) Post Compact 22.319ms
[20.718s][info][gc,heap        ] GC(33) PSYoungGen: 1063936K(1755136K)->131028K(1755136K) Eden: 1063936K(1063936K)->131028K(1063936K) From: 0K(691200K)->0K(691200K)
[20.718s][info][gc,heap        ] GC(33) ParOldGen: 4893307K(4893696K)->4893565K(4893696K)
[20.718s][info][gc,metaspace   ] GC(33) Metaspace: 10409K(10816K)->10409K(10816K) NonClass: 9334K(9536K)->9334K(9536K) Class: 1074K(1280K)->1074K(1280K)
[20.718s][info][gc             ] GC(33) Pause Full (Ergonomics) 5817M->4906M(6493M) 312.622ms
[20.718s][info][gc,cpu         ] GC(33) User=2.97s Sys=0.09s Real=0.31s
[21.006s][info][gc,start       ] GC(34) Pause Full (Ergonomics)
[21.006s][info][gc,phases,start] GC(34) Marking Phase
[21.171s][info][gc,phases      ] GC(34) Marking Phase 164.489ms
[21.171s][info][gc,phases,start] GC(34) Summary Phase
[21.171s][info][gc,phases      ] GC(34) Summary Phase 0.048ms
[21.171s][info][gc,phases,start] GC(34) Adjust Roots
[21.172s][info][gc,phases      ] GC(34) Adjust Roots 0.875ms
[21.172s][info][gc,phases,start] GC(34) Compaction Phase
[21.312s][info][gc,phases      ] GC(34) Compaction Phase 140.639ms
[21.312s][info][gc,phases,start] GC(34) Post Compact
[21.331s][info][gc,phases      ] GC(34) Post Compact 18.947ms
[21.331s][info][gc,heap        ] GC(34) PSYoungGen: 1063936K(1755136K)->153374K(1755136K) Eden: 1063936K(1063936K)->153374K(1063936K) From: 0K(691200K)->0K(691200K)
[21.331s][info][gc,heap        ] GC(34) ParOldGen: 4893565K(4893696K)->4893473K(4893696K)
[21.331s][info][gc,metaspace   ] GC(34) Metaspace: 10418K(10816K)->10418K(10816K) NonClass: 9343K(9536K)->9343K(9536K) Class: 1074K(1280K)->1074K(1280K)
[21.331s][info][gc             ] GC(34) Pause Full (Ergonomics) 5817M->4928M(6493M) 325.358ms
[21.331s][info][gc,cpu         ] GC(34) User=3.45s Sys=0.03s Real=0.33s
[21.540s][info][gc,start       ] GC(35) Pause Full (Ergonomics)
[21.540s][info][gc,phases,start] GC(35) Marking Phase
[21.695s][info][gc,phases      ] GC(35) Marking Phase 154.877ms
[21.695s][info][gc,phases,start] GC(35) Summary Phase
[21.695s][info][gc,phases      ] GC(35) Summary Phase 0.049ms
[21.695s][info][gc,phases,start] GC(35) Adjust Roots
[21.696s][info][gc,phases      ] GC(35) Adjust Roots 0.977ms
[21.696s][info][gc,phases,start] GC(35) Compaction Phase
[21.831s][info][gc,phases      ] GC(35) Compaction Phase 135.125ms
[21.831s][info][gc,phases,start] GC(35) Post Compact
[21.849s][info][gc,phases      ] GC(35) Post Compact 17.615ms
[21.849s][info][gc,heap        ] GC(35) PSYoungGen: 1063936K(1755136K)->190915K(1755136K) Eden: 1063936K(1063936K)->190915K(1063936K) From: 0K(691200K)->0K(691200K)
[21.849s][info][gc,heap        ] GC(35) ParOldGen: 4893473K(4893696K)->4893310K(4893696K)
[21.849s][info][gc,metaspace   ] GC(35) Metaspace: 10419K(10816K)->10419K(10816K) NonClass: 9345K(9536K)->9345K(9536K) Class: 1074K(1280K)->1074K(1280K)
[21.849s][info][gc             ] GC(35) Pause Full (Ergonomics) 5817M->4965M(6493M) 308.946ms
[21.849s][info][gc,cpu         ] GC(35) User=3.05s Sys=0.05s Real=0.31s
[22.051s][info][gc,start       ] GC(36) Pause Full (Ergonomics)
[22.051s][info][gc,phases,start] GC(36) Marking Phase
[22.226s][info][gc,phases      ] GC(36) Marking Phase 175.198ms
[22.226s][info][gc,phases,start] GC(36) Summary Phase
[22.226s][info][gc,phases      ] GC(36) Summary Phase 0.048ms
[22.226s][info][gc,phases,start] GC(36) Adjust Roots
[22.227s][info][gc,phases      ] GC(36) Adjust Roots 0.944ms
[22.227s][info][gc,phases,start] GC(36) Compaction Phase
[22.375s][info][gc,phases      ] GC(36) Compaction Phase 147.831ms
[22.375s][info][gc,phases,start] GC(36) Post Compact
[22.393s][info][gc,phases      ] GC(36) Post Compact 17.742ms
[22.393s][info][gc,heap        ] GC(36) PSYoungGen: 1063936K(1755136K)->208847K(1755136K) Eden: 1063936K(1063936K)->208847K(1063936K) From: 0K(691200K)->0K(691200K)
[22.393s][info][gc,heap        ] GC(36) ParOldGen: 4893310K(4893696K)->4893275K(4893696K)
[22.393s][info][gc,metaspace   ] GC(36) Metaspace: 10421K(10816K)->10421K(10816K) NonClass: 9346K(9536K)->9346K(9536K) Class: 1074K(1280K)->1074K(1280K)
[22.393s][info][gc             ] GC(36) Pause Full (Ergonomics) 5817M->4982M(6493M) 342.035ms
[22.393s][info][gc,cpu         ] GC(36) User=3.58s Sys=0.05s Real=0.34s
[22.589s][info][gc,start       ] GC(37) Pause Full (Ergonomics)
[22.590s][info][gc,phases,start] GC(37) Marking Phase
[22.764s][info][gc,phases      ] GC(37) Marking Phase 174.642ms
[22.764s][info][gc,phases,start] GC(37) Summary Phase
[22.764s][info][gc,phases      ] GC(37) Summary Phase 0.119ms
[22.764s][info][gc,phases,start] GC(37) Adjust Roots
[22.765s][info][gc,phases      ] GC(37) Adjust Roots 0.942ms
[22.765s][info][gc,phases,start] GC(37) Compaction Phase
[22.954s][info][gc,phases      ] GC(37) Compaction Phase 188.398ms
[22.954s][info][gc,phases,start] GC(37) Post Compact
[22.971s][info][gc,phases      ] GC(37) Post Compact 17.447ms
[22.971s][info][gc,heap        ] GC(37) PSYoungGen: 1063936K(1755136K)->248333K(1755136K) Eden: 1063936K(1063936K)->248333K(1063936K) From: 0K(691200K)->0K(691200K)
[22.971s][info][gc,heap        ] GC(37) ParOldGen: 4893275K(4893696K)->4893275K(4893696K)
[22.971s][info][gc,metaspace   ] GC(37) Metaspace: 10437K(10816K)->10437K(10816K) NonClass: 9362K(9536K)->9362K(9536K) Class: 1074K(1280K)->1074K(1280K)
[22.971s][info][gc             ] GC(37) Pause Full (Ergonomics) 5817M->5021M(6493M) 381.871ms
[22.971s][info][gc,cpu         ] GC(37) User=3.02s Sys=0.03s Real=0.38s
[23.176s][info][gc,start       ] GC(38) Pause Full (Ergonomics)
[23.176s][info][gc,phases,start] GC(38) Marking Phase
[23.418s][info][gc,phases      ] GC(38) Marking Phase 241.898ms
[23.418s][info][gc,phases,start] GC(38) Summary Phase
[23.418s][info][gc,phases      ] GC(38) Summary Phase 0.122ms
[23.418s][info][gc,phases,start] GC(38) Adjust Roots
[23.419s][info][gc,phases      ] GC(38) Adjust Roots 0.997ms
[23.419s][info][gc,phases,start] GC(38) Compaction Phase
[23.568s][info][gc,phases      ] GC(38) Compaction Phase 148.280ms
[23.568s][info][gc,phases,start] GC(38) Post Compact
[23.586s][info][gc,phases      ] GC(38) Post Compact 18.487ms
[23.586s][info][gc,heap        ] GC(38) PSYoungGen: 1063936K(1755136K)->286803K(1755136K) Eden: 1063936K(1063936K)->286803K(1063936K) From: 0K(691200K)->0K(691200K)
[23.586s][info][gc,heap        ] GC(38) ParOldGen: 4893275K(4893696K)->4893275K(4893696K)
[23.586s][info][gc,metaspace   ] GC(38) Metaspace: 10437K(10816K)->10437K(10816K) NonClass: 9362K(9536K)->9362K(9536K) Class: 1074K(1280K)->1074K(1280K)
[23.586s][info][gc             ] GC(38) Pause Full (Ergonomics) 5817M->5058M(6493M) 410.196ms
[23.586s][info][gc,cpu         ] GC(38) User=3.58s Sys=0.06s Real=0.41s
[23.768s][info][gc,start       ] GC(39) Pause Full (Ergonomics)
[23.768s][info][gc,phases,start] GC(39) Marking Phase
[23.970s][info][gc,phases      ] GC(39) Marking Phase 201.920ms
[23.970s][info][gc,phases,start] GC(39) Summary Phase
[23.970s][info][gc,phases      ] GC(39) Summary Phase 0.082ms
[23.970s][info][gc,phases,start] GC(39) Adjust Roots
[23.971s][info][gc,phases      ] GC(39) Adjust Roots 1.286ms
[23.971s][info][gc,phases,start] GC(39) Compaction Phase
[24.142s][info][gc,phases      ] GC(39) Compaction Phase 170.730ms
[24.142s][info][gc,phases,start] GC(39) Post Compact
[24.160s][info][gc,phases      ] GC(39) Post Compact 17.399ms
[24.160s][info][gc,heap        ] GC(39) PSYoungGen: 1063936K(1755136K)->304562K(1755136K) Eden: 1063936K(1063936K)->304562K(1063936K) From: 0K(691200K)->0K(691200K)
[24.160s][info][gc,heap        ] GC(39) ParOldGen: 4893275K(4893696K)->4891645K(4893696K)
[24.160s][info][gc,metaspace   ] GC(39) Metaspace: 10451K(10816K)->10451K(10816K) NonClass: 9376K(9536K)->9376K(9536K) Class: 1074K(1280K)->1074K(1280K)
[24.160s][info][gc             ] GC(39) Pause Full (Ergonomics) 5817M->5074M(6493M) 391.761ms
[24.160s][info][gc,cpu         ] GC(39) User=4.12s Sys=0.06s Real=0.39s
[24.327s][info][gc,start       ] GC(40) Pause Full (Ergonomics)
[24.327s][info][gc,phases,start] GC(40) Marking Phase
[24.531s][info][gc,phases      ] GC(40) Marking Phase 204.557ms
[24.531s][info][gc,phases,start] GC(40) Summary Phase
[24.531s][info][gc,phases      ] GC(40) Summary Phase 0.048ms
[24.531s][info][gc,phases,start] GC(40) Adjust Roots
[24.532s][info][gc,phases      ] GC(40) Adjust Roots 0.841ms
[24.532s][info][gc,phases,start] GC(40) Compaction Phase
[24.744s][info][gc,phases      ] GC(40) Compaction Phase 212.186ms
[24.744s][info][gc,phases,start] GC(40) Post Compact
[24.763s][info][gc,phases      ] GC(40) Post Compact 18.150ms
[24.763s][info][gc,heap        ] GC(40) PSYoungGen: 1063936K(1755136K)->338026K(1755136K) Eden: 1063936K(1063936K)->338026K(1063936K) From: 0K(691200K)->0K(691200K)
[24.763s][info][gc,heap        ] GC(40) ParOldGen: 4891645K(4893696K)->4891645K(4893696K)
[24.763s][info][gc,metaspace   ] GC(40) Metaspace: 10451K(10816K)->10451K(10816K) NonClass: 9377K(9536K)->9377K(9536K) Class: 1074K(1280K)->1074K(1280K)
[24.763s][info][gc             ] GC(40) Pause Full (Ergonomics) 5815M->5107M(6493M) 436.111ms
[24.763s][info][gc,cpu         ] GC(40) User=3.62s Sys=0.03s Real=0.44s
[24.936s][info][gc,start       ] GC(41) Pause Full (Ergonomics)
[24.936s][info][gc,phases,start] GC(41) Marking Phase
[25.149s][info][gc,phases      ] GC(41) Marking Phase 213.230ms
[25.149s][info][gc,phases,start] GC(41) Summary Phase
[25.149s][info][gc,phases      ] GC(41) Summary Phase 0.047ms
[25.149s][info][gc,phases,start] GC(41) Adjust Roots
[25.150s][info][gc,phases      ] GC(41) Adjust Roots 0.947ms
[25.150s][info][gc,phases,start] GC(41) Compaction Phase
[25.286s][info][gc,phases      ] GC(41) Compaction Phase 135.445ms
[25.286s][info][gc,phases,start] GC(41) Post Compact
[25.303s][info][gc,phases      ] GC(41) Post Compact 17.286ms
[25.303s][info][gc,heap        ] GC(41) PSYoungGen: 1063936K(1755136K)->368376K(1755136K) Eden: 1063936K(1063936K)->368376K(1063936K) From: 0K(691200K)->0K(691200K)
[25.303s][info][gc,heap        ] GC(41) ParOldGen: 4891645K(4893696K)->4893664K(4893696K)
[25.303s][info][gc,metaspace   ] GC(41) Metaspace: 10478K(10880K)->10478K(10880K) NonClass: 9402K(9600K)->9402K(9600K) Class: 1076K(1280K)->1076K(1280K)
[25.303s][info][gc             ] GC(41) Pause Full (Ergonomics) 5815M->5138M(6493M) 367.189ms
[25.303s][info][gc,cpu         ] GC(41) User=3.72s Sys=0.02s Real=0.37s
[25.454s][info][gc,start       ] GC(42) Pause Full (Ergonomics)
[25.454s][info][gc,phases,start] GC(42) Marking Phase
[25.663s][info][gc,phases      ] GC(42) Marking Phase 209.917ms
[25.664s][info][gc,phases,start] GC(42) Summary Phase
[25.664s][info][gc,phases      ] GC(42) Summary Phase 0.052ms
[25.664s][info][gc,phases,start] GC(42) Adjust Roots
[25.665s][info][gc,phases      ] GC(42) Adjust Roots 0.947ms
[25.665s][info][gc,phases,start] GC(42) Compaction Phase
[25.837s][info][gc,phases      ] GC(42) Compaction Phase 172.568ms
[25.837s][info][gc,phases,start] GC(42) Post Compact
[25.854s][info][gc,phases      ] GC(42) Post Compact 16.986ms
[25.854s][info][gc,heap        ] GC(42) PSYoungGen: 1063936K(1755136K)->388180K(1755136K) Eden: 1063936K(1063936K)->388180K(1063936K) From: 0K(691200K)->0K(691200K)
[25.854s][info][gc,heap        ] GC(42) ParOldGen: 4893664K(4893696K)->4893635K(4893696K)
[25.854s][info][gc,metaspace   ] GC(42) Metaspace: 10483K(10880K)->10483K(10880K) NonClass: 9407K(9600K)->9407K(9600K) Class: 1076K(1280K)->1076K(1280K)
[25.854s][info][gc             ] GC(42) Pause Full (Ergonomics) 5817M->5158M(6493M) 400.725ms
[25.854s][info][gc,cpu         ] GC(42) User=4.09s Sys=0.03s Real=0.40s
[26.020s][info][gc,start       ] GC(43) Pause Full (Ergonomics)
[26.020s][info][gc,phases,start] GC(43) Marking Phase
[26.242s][info][gc,phases      ] GC(43) Marking Phase 221.863ms
[26.242s][info][gc,phases,start] GC(43) Summary Phase
[26.242s][info][gc,phases      ] GC(43) Summary Phase 0.062ms
[26.242s][info][gc,phases,start] GC(43) Adjust Roots
[26.243s][info][gc,phases      ] GC(43) Adjust Roots 1.057ms
[26.243s][info][gc,phases,start] GC(43) Compaction Phase
[26.400s][info][gc,phases      ] GC(43) Compaction Phase 156.407ms
[26.400s][info][gc,phases,start] GC(43) Post Compact
[26.418s][info][gc,phases      ] GC(43) Post Compact 18.344ms
[26.418s][info][gc,heap        ] GC(43) PSYoungGen: 1063936K(1755136K)->404332K(1755136K) Eden: 1063936K(1063936K)->404332K(1063936K) From: 0K(691200K)->0K(691200K)
[26.418s][info][gc,heap        ] GC(43) ParOldGen: 4893635K(4893696K)->4893333K(4893696K)
[26.418s][info][gc,metaspace   ] GC(43) Metaspace: 10487K(10944K)->10487K(10944K) NonClass: 9411K(9664K)->9411K(9664K) Class: 1076K(1280K)->1076K(1280K)
[26.418s][info][gc             ] GC(43) Pause Full (Ergonomics) 5817M->5173M(6493M) 398.051ms
[26.418s][info][gc,cpu         ] GC(43) User=4.41s Sys=0.02s Real=0.40s
[26.575s][info][gc,start       ] GC(44) Pause Full (Ergonomics)
[26.575s][info][gc,phases,start] GC(44) Marking Phase
[26.797s][info][gc,phases      ] GC(44) Marking Phase 222.233ms
[26.797s][info][gc,phases,start] GC(44) Summary Phase
[26.797s][info][gc,phases      ] GC(44) Summary Phase 0.049ms
[26.797s][info][gc,phases,start] GC(44) Adjust Roots
[26.798s][info][gc,phases      ] GC(44) Adjust Roots 1.073ms
[26.798s][info][gc,phases,start] GC(44) Compaction Phase
[26.974s][info][gc,phases      ] GC(44) Compaction Phase 175.292ms
[26.974s][info][gc,phases,start] GC(44) Post Compact
[26.991s][info][gc,phases      ] GC(44) Post Compact 16.968ms
[26.991s][info][gc,heap        ] GC(44) PSYoungGen: 1063936K(1755136K)->413067K(1755136K) Eden: 1063936K(1063936K)->413067K(1063936K) From: 0K(691200K)->0K(691200K)
[26.991s][info][gc,heap        ] GC(44) ParOldGen: 4893333K(4893696K)->4893420K(4893696K)
[26.991s][info][gc,metaspace   ] GC(44) Metaspace: 10494K(10944K)->10494K(10944K) NonClass: 9418K(9664K)->9418K(9664K) Class: 1076K(1280K)->1076K(1280K)
[26.991s][info][gc             ] GC(44) Pause Full (Ergonomics) 5817M->5182M(6493M) 415.859ms
[26.991s][info][gc,cpu         ] GC(44) User=4.66s Sys=0.05s Real=0.41s
[27.166s][info][gc,start       ] GC(45) Pause Full (Ergonomics)
[27.166s][info][gc,phases,start] GC(45) Marking Phase
[27.397s][info][gc,phases      ] GC(45) Marking Phase 231.163ms
[27.397s][info][gc,phases,start] GC(45) Summary Phase
[27.398s][info][gc,phases      ] GC(45) Summary Phase 0.051ms
[27.398s][info][gc,phases,start] GC(45) Adjust Roots
[27.399s][info][gc,phases      ] GC(45) Adjust Roots 1.026ms
[27.399s][info][gc,phases,start] GC(45) Compaction Phase
[27.579s][info][gc,phases      ] GC(45) Compaction Phase 180.723ms
[27.579s][info][gc,phases,start] GC(45) Post Compact
[27.596s][info][gc,phases      ] GC(45) Post Compact 17.005ms
[27.596s][info][gc,heap        ] GC(45) PSYoungGen: 1063936K(1755136K)->409394K(1755136K) Eden: 1063936K(1063936K)->409394K(1063936K) From: 0K(691200K)->0K(691200K)
[27.596s][info][gc,heap        ] GC(45) ParOldGen: 4893420K(4893696K)->4893486K(4893696K)
[27.596s][info][gc,metaspace   ] GC(45) Metaspace: 10499K(10944K)->10499K(10944K) NonClass: 9423K(9664K)->9423K(9664K) Class: 1076K(1280K)->1076K(1280K)
[27.596s][info][gc             ] GC(45) Pause Full (Ergonomics) 5817M->5178M(6493M) 430.234ms
[27.596s][info][gc,cpu         ] GC(45) User=4.55s Sys=0.06s Real=0.43s
[27.745s][info][gc,start       ] GC(46) Pause Full (Ergonomics)
[27.745s][info][gc,phases,start] GC(46) Marking Phase
[27.979s][info][gc,phases      ] GC(46) Marking Phase 233.129ms
[27.979s][info][gc,phases,start] GC(46) Summary Phase
[27.979s][info][gc,phases      ] GC(46) Summary Phase 0.051ms
[27.979s][info][gc,phases,start] GC(46) Adjust Roots
[27.980s][info][gc,phases      ] GC(46) Adjust Roots 1.407ms
[27.980s][info][gc,phases,start] GC(46) Compaction Phase
[28.195s][info][gc,phases      ] GC(46) Compaction Phase 214.993ms
[28.195s][info][gc,phases,start] GC(46) Post Compact
[28.212s][info][gc,phases      ] GC(46) Post Compact 17.195ms
[28.212s][info][gc,heap        ] GC(46) PSYoungGen: 1063936K(1755136K)->405425K(1755136K) Eden: 1063936K(1063936K)->405425K(1063936K) From: 0K(691200K)->0K(691200K)
[28.212s][info][gc,heap        ] GC(46) ParOldGen: 4893486K(4893696K)->4892716K(4893696K)
[28.212s][info][gc,metaspace   ] GC(46) Metaspace: 10505K(10944K)->10505K(10944K) NonClass: 9429K(9664K)->9429K(9664K) Class: 1076K(1280K)->1076K(1280K)
[28.212s][info][gc             ] GC(46) Pause Full (Ergonomics) 5817M->5173M(6493M) 467.038ms
[28.213s][info][gc,cpu         ] GC(46) User=5.11s Sys=0.09s Real=0.47s
[28.397s][info][gc,start       ] GC(47) Pause Full (Ergonomics)
[28.397s][info][gc,phases,start] GC(47) Marking Phase
[28.645s][info][gc,phases      ] GC(47) Marking Phase 248.071ms
[28.646s][info][gc,phases,start] GC(47) Summary Phase
[28.646s][info][gc,phases      ] GC(47) Summary Phase 0.059ms
[28.646s][info][gc,phases,start] GC(47) Adjust Roots
[28.647s][info][gc,phases      ] GC(47) Adjust Roots 1.153ms
[28.647s][info][gc,phases,start] GC(47) Compaction Phase
[28.793s][info][gc,phases      ] GC(47) Compaction Phase 146.252ms
[28.793s][info][gc,phases,start] GC(47) Post Compact
[28.811s][info][gc,phases      ] GC(47) Post Compact 18.198ms
[28.811s][info][gc,heap        ] GC(47) PSYoungGen: 1063936K(1755136K)->426958K(1755136K) Eden: 1063936K(1063936K)->426958K(1063936K) From: 0K(691200K)->0K(691200K)
[28.811s][info][gc,heap        ] GC(47) ParOldGen: 4892716K(4893696K)->4893646K(4893696K)
[28.811s][info][gc,metaspace   ] GC(47) Metaspace: 10533K(10944K)->10533K(10944K) NonClass: 9457K(9664K)->9457K(9664K) Class: 1076K(1280K)->1076K(1280K)
[28.811s][info][gc             ] GC(47) Pause Full (Ergonomics) 5817M->5195M(6493M) 414.049ms
[28.811s][info][gc,cpu         ] GC(47) User=4.84s Sys=0.03s Real=0.41s
[28.970s][info][gc,start       ] GC(48) Pause Full (Ergonomics)
[28.970s][info][gc,phases,start] GC(48) Marking Phase
[29.216s][info][gc,phases      ] GC(48) Marking Phase 246.566ms
[29.216s][info][gc,phases,start] GC(48) Summary Phase
[29.216s][info][gc,phases      ] GC(48) Summary Phase 0.050ms
[29.216s][info][gc,phases,start] GC(48) Adjust Roots
[29.218s][info][gc,phases      ] GC(48) Adjust Roots 1.212ms
[29.218s][info][gc,phases,start] GC(48) Compaction Phase
[29.391s][info][gc,phases      ] GC(48) Compaction Phase 172.912ms
[29.391s][info][gc,phases,start] GC(48) Post Compact
[29.410s][info][gc,phases      ] GC(48) Post Compact 19.623ms
[29.410s][info][gc,heap        ] GC(48) PSYoungGen: 1063936K(1755136K)->430226K(1755136K) Eden: 1063936K(1063936K)->430226K(1063936K) From: 0K(691200K)->0K(691200K)
[29.410s][info][gc,heap        ] GC(48) ParOldGen: 4893646K(4893696K)->4893608K(4893696K)
[29.410s][info][gc,metaspace   ] GC(48) Metaspace: 10533K(10944K)->10533K(10944K) NonClass: 9457K(9664K)->9457K(9664K) Class: 1076K(1280K)->1076K(1280K)
[29.410s][info][gc             ] GC(48) Pause Full (Ergonomics) 5817M->5199M(6493M) 440.607ms
[29.410s][info][gc,cpu         ] GC(48) User=5.08s Sys=0.06s Real=0.44s
[29.562s][info][gc,start       ] GC(49) Pause Full (Ergonomics)
[29.562s][info][gc,phases,start] GC(49) Marking Phase
[29.808s][info][gc,phases      ] GC(49) Marking Phase 246.683ms
[29.808s][info][gc,phases,start] GC(49) Summary Phase
[29.808s][info][gc,phases      ] GC(49) Summary Phase 0.086ms
[29.808s][info][gc,phases,start] GC(49) Adjust Roots
[29.810s][info][gc,phases      ] GC(49) Adjust Roots 1.119ms
[29.810s][info][gc,phases,start] GC(49) Compaction Phase
[29.963s][info][gc,phases      ] GC(49) Compaction Phase 153.819ms
[29.963s][info][gc,phases,start] GC(49) Post Compact
[29.982s][info][gc,phases      ] GC(49) Post Compact 18.503ms
[29.982s][info][gc,heap        ] GC(49) PSYoungGen: 1063936K(1755136K)->448828K(1755136K) Eden: 1063936K(1063936K)->448828K(1063936K) From: 0K(691200K)->0K(691200K)
[29.982s][info][gc,heap        ] GC(49) ParOldGen: 4893608K(4893696K)->4893585K(4893696K)
[29.982s][info][gc,metaspace   ] GC(49) Metaspace: 10571K(11008K)->10571K(11008K) NonClass: 9494K(9728K)->9494K(9728K) Class: 1076K(1280K)->1076K(1280K)
[29.982s][info][gc             ] GC(49) Pause Full (Ergonomics) 5817M->5217M(6493M) 420.482ms
[29.982s][info][gc,cpu         ] GC(49) User=4.81s Sys=0.09s Real=0.42s
[30.124s][info][gc,start       ] GC(50) Pause Full (Ergonomics)
[30.124s][info][gc,phases,start] GC(50) Marking Phase
[30.378s][info][gc,phases      ] GC(50) Marking Phase 254.449ms
[30.378s][info][gc,phases,start] GC(50) Summary Phase
[30.378s][info][gc,phases      ] GC(50) Summary Phase 0.066ms
[30.378s][info][gc,phases,start] GC(50) Adjust Roots
[30.379s][info][gc,phases      ] GC(50) Adjust Roots 1.167ms
[30.380s][info][gc,phases,start] GC(50) Compaction Phase
[30.561s][info][gc,phases      ] GC(50) Compaction Phase 181.203ms
[30.561s][info][gc,phases,start] GC(50) Post Compact
[30.580s][info][gc,phases      ] GC(50) Post Compact 19.047ms
[30.580s][info][gc,heap        ] GC(50) PSYoungGen: 1063936K(1755136K)->470448K(1755136K) Eden: 1063936K(1063936K)->470448K(1063936K) From: 0K(691200K)->0K(691200K)
[30.580s][info][gc,heap        ] GC(50) ParOldGen: 4893585K(4893696K)->4893585K(4893696K)
[30.580s][info][gc,metaspace   ] GC(50) Metaspace: 10571K(11008K)->10571K(11008K) NonClass: 9494K(9728K)->9494K(9728K) Class: 1076K(1280K)->1076K(1280K)
[30.580s][info][gc             ] GC(50) Pause Full (Ergonomics) 5817M->5238M(6493M) 456.229ms
[30.580s][info][gc,cpu         ] GC(50) User=4.78s Sys=0.09s Real=0.46s
[30.724s][info][gc,start       ] GC(51) Pause Full (Ergonomics)
[30.724s][info][gc,phases,start] GC(51) Marking Phase
[31.017s][info][gc,phases      ] GC(51) Marking Phase 292.530ms
[31.017s][info][gc,phases,start] GC(51) Summary Phase
[31.017s][info][gc,phases      ] GC(51) Summary Phase 0.075ms
[31.017s][info][gc,phases,start] GC(51) Adjust Roots
[31.017s][info][gc,phases      ] GC(51) Adjust Roots 0.831ms
[31.018s][info][gc,phases,start] GC(51) Compaction Phase
[31.303s][info][gc,phases      ] GC(51) Compaction Phase 285.889ms
[31.303s][info][gc,phases,start] GC(51) Post Compact
[31.321s][info][gc,phases      ] GC(51) Post Compact 17.694ms
[31.321s][info][gc,heap        ] GC(51) PSYoungGen: 1063936K(1755136K)->498801K(1755136K) Eden: 1063936K(1063936K)->498801K(1063936K) From: 0K(691200K)->0K(691200K)
[31.321s][info][gc,heap        ] GC(51) ParOldGen: 4893585K(4893696K)->4893585K(4893696K)
[31.321s][info][gc,metaspace   ] GC(51) Metaspace: 10572K(11008K)->10572K(11008K) NonClass: 9495K(9728K)->9495K(9728K) Class: 1076K(1280K)->1076K(1280K)
[31.321s][info][gc             ] GC(51) Pause Full (Ergonomics) 5817M->5266M(6493M) 597.276ms
[31.321s][info][gc,cpu         ] GC(51) User=4.66s Sys=0.12s Real=0.60s
[31.464s][info][gc,start       ] GC(52) Pause Full (Ergonomics)
[31.465s][info][gc,phases,start] GC(52) Marking Phase
[31.732s][info][gc,phases      ] GC(52) Marking Phase 267.044ms
[31.732s][info][gc,phases,start] GC(52) Summary Phase
[31.732s][info][gc,phases      ] GC(52) Summary Phase 0.047ms
[31.732s][info][gc,phases,start] GC(52) Adjust Roots
[31.733s][info][gc,phases      ] GC(52) Adjust Roots 0.922ms
[31.733s][info][gc,phases,start] GC(52) Compaction Phase
[31.987s][info][gc,phases      ] GC(52) Compaction Phase 254.790ms
[31.987s][info][gc,phases,start] GC(52) Post Compact
[32.005s][info][gc,phases      ] GC(52) Post Compact 17.093ms
[32.005s][info][gc,heap        ] GC(52) PSYoungGen: 1063936K(1755136K)->518623K(1755136K) Eden: 1063936K(1063936K)->518623K(1063936K) From: 0K(691200K)->0K(691200K)
[32.005s][info][gc,heap        ] GC(52) ParOldGen: 4893585K(4893696K)->4893585K(4893696K)
[32.005s][info][gc,metaspace   ] GC(52) Metaspace: 10572K(11008K)->10572K(11008K) NonClass: 9495K(9728K)->9495K(9728K) Class: 1076K(1280K)->1076K(1280K)
[32.005s][info][gc             ] GC(52) Pause Full (Ergonomics) 5817M->5285M(6493M) 540.141ms
[32.005s][info][gc,cpu         ] GC(52) User=4.34s Sys=0.02s Real=0.54s
[32.152s][info][gc,start       ] GC(53) Pause Full (Ergonomics)
[32.153s][info][gc,phases,start] GC(53) Marking Phase
[32.433s][info][gc,phases      ] GC(53) Marking Phase 280.809ms
[32.433s][info][gc,phases,start] GC(53) Summary Phase
[32.433s][info][gc,phases      ] GC(53) Summary Phase 0.048ms
[32.433s][info][gc,phases,start] GC(53) Adjust Roots
[32.434s][info][gc,phases      ] GC(53) Adjust Roots 0.944ms
[32.434s][info][gc,phases,start] GC(53) Compaction Phase
[32.685s][info][gc,phases      ] GC(53) Compaction Phase 250.308ms
[32.685s][info][gc,phases,start] GC(53) Post Compact
[32.702s][info][gc,phases      ] GC(53) Post Compact 17.176ms
[32.702s][info][gc,heap        ] GC(53) PSYoungGen: 1063936K(1755136K)->533830K(1755136K) Eden: 1063936K(1063936K)->533830K(1063936K) From: 0K(691200K)->0K(691200K)
[32.702s][info][gc,heap        ] GC(53) ParOldGen: 4893585K(4893696K)->4893584K(4893696K)
[32.702s][info][gc,metaspace   ] GC(53) Metaspace: 10575K(11008K)->10575K(11008K) NonClass: 9499K(9728K)->9499K(9728K) Class: 1076K(1280K)->1076K(1280K)
[32.702s][info][gc             ] GC(53) Pause Full (Ergonomics) 5817M->5300M(6493M) 549.551ms
[32.702s][info][gc,cpu         ] GC(53) User=5.00s Sys=0.05s Real=0.55s
[32.833s][info][gc,start       ] GC(54) Pause Full (Ergonomics)
[32.833s][info][gc,phases,start] GC(54) Marking Phase
[33.117s][info][gc,phases      ] GC(54) Marking Phase 284.019ms
[33.117s][info][gc,phases,start] GC(54) Summary Phase
[33.117s][info][gc,phases      ] GC(54) Summary Phase 0.054ms
[33.117s][info][gc,phases,start] GC(54) Adjust Roots
[33.118s][info][gc,phases      ] GC(54) Adjust Roots 1.178ms
[33.118s][info][gc,phases,start] GC(54) Compaction Phase
[33.318s][info][gc,phases      ] GC(54) Compaction Phase 200.314ms
[33.319s][info][gc,phases,start] GC(54) Post Compact
[33.336s][info][gc,phases      ] GC(54) Post Compact 17.346ms
[33.336s][info][gc,heap        ] GC(54) PSYoungGen: 1063936K(1755136K)->549264K(1755136K) Eden: 1063936K(1063936K)->549264K(1063936K) From: 0K(691200K)->0K(691200K)
[33.336s][info][gc,heap        ] GC(54) ParOldGen: 4893584K(4893696K)->4893584K(4893696K)
[33.336s][info][gc,metaspace   ] GC(54) Metaspace: 10577K(11008K)->10577K(11008K) NonClass: 9500K(9728K)->9500K(9728K) Class: 1076K(1280K)->1076K(1280K)
[33.336s][info][gc             ] GC(54) Pause Full (Ergonomics) 5817M->5315M(6493M) 503.180ms
[33.336s][info][gc,cpu         ] GC(54) User=5.45s Sys=0.03s Real=0.50s
[33.476s][info][gc,start       ] GC(55) Pause Full (Ergonomics)
[33.476s][info][gc,phases,start] GC(55) Marking Phase
[33.777s][info][gc,phases      ] GC(55) Marking Phase 300.800ms
[33.777s][info][gc,phases,start] GC(55) Summary Phase
[33.777s][info][gc,phases      ] GC(55) Summary Phase 0.054ms
[33.777s][info][gc,phases,start] GC(55) Adjust Roots
[33.778s][info][gc,phases      ] GC(55) Adjust Roots 1.222ms
[33.778s][info][gc,phases,start] GC(55) Compaction Phase
[33.974s][info][gc,phases      ] GC(55) Compaction Phase 196.039ms
[33.975s][info][gc,phases,start] GC(55) Post Compact
[33.992s][info][gc,phases      ] GC(55) Post Compact 17.393ms
[33.992s][info][gc,heap        ] GC(55) PSYoungGen: 1063936K(1755136K)->546227K(1755136K) Eden: 1063936K(1063936K)->546227K(1063936K) From: 0K(691200K)->0K(691200K)
[33.992s][info][gc,heap        ] GC(55) ParOldGen: 4893584K(4893696K)->4893313K(4893696K)
[33.992s][info][gc,metaspace   ] GC(55) Metaspace: 10587K(11008K)->10587K(11008K) NonClass: 9510K(9728K)->9510K(9728K) Class: 1076K(1280K)->1076K(1280K)
[33.992s][info][gc             ] GC(55) Pause Full (Ergonomics) 5817M->5312M(6493M) 515.751ms
[33.992s][info][gc,cpu         ] GC(55) User=5.88s Sys=0.05s Real=0.51s
[34.117s][info][gc,start       ] GC(56) Pause Full (Ergonomics)
[34.117s][info][gc,phases,start] GC(56) Marking Phase
[34.406s][info][gc,phases      ] GC(56) Marking Phase 288.613ms
[34.406s][info][gc,phases,start] GC(56) Summary Phase
[34.406s][info][gc,phases      ] GC(56) Summary Phase 0.069ms
[34.406s][info][gc,phases,start] GC(56) Adjust Roots
[34.407s][info][gc,phases      ] GC(56) Adjust Roots 1.037ms
[34.407s][info][gc,phases,start] GC(56) Compaction Phase
[34.604s][info][gc,phases      ] GC(56) Compaction Phase 196.788ms
[34.604s][info][gc,phases,start] GC(56) Post Compact
[34.622s][info][gc,phases      ] GC(56) Post Compact 17.742ms
[34.622s][info][gc,heap        ] GC(56) PSYoungGen: 1063936K(1755136K)->565016K(1755136K) Eden: 1063936K(1063936K)->565016K(1063936K) From: 0K(691200K)->0K(691200K)
[34.622s][info][gc,heap        ] GC(56) ParOldGen: 4893313K(4893696K)->4893312K(4893696K)
[34.622s][info][gc,metaspace   ] GC(56) Metaspace: 10587K(11008K)->10587K(11008K) NonClass: 9511K(9728K)->9511K(9728K) Class: 1076K(1280K)->1076K(1280K)
[34.622s][info][gc             ] GC(56) Pause Full (Ergonomics) 5817M->5330M(6493M) 504.517ms
[34.622s][info][gc,cpu         ] GC(56) User=5.06s Sys=0.03s Real=0.50s
[34.745s][info][gc,start       ] GC(57) Pause Full (Ergonomics)
[34.745s][info][gc,phases,start] GC(57) Marking Phase
[35.046s][info][gc,phases      ] GC(57) Marking Phase 300.777ms
[35.046s][info][gc,phases,start] GC(57) Summary Phase
[35.046s][info][gc,phases      ] GC(57) Summary Phase 0.047ms
[35.046s][info][gc,phases,start] GC(57) Adjust Roots
[35.047s][info][gc,phases      ] GC(57) Adjust Roots 1.422ms
[35.047s][info][gc,phases,start] GC(57) Compaction Phase
[35.233s][info][gc,phases      ] GC(57) Compaction Phase 185.890ms
[35.233s][info][gc,phases,start] GC(57) Post Compact
[35.251s][info][gc,phases      ] GC(57) Post Compact 17.203ms
[35.251s][info][gc,heap        ] GC(57) PSYoungGen: 1063936K(1755136K)->580797K(1755136K) Eden: 1063936K(1063936K)->580797K(1063936K) From: 0K(691200K)->0K(691200K)
[35.251s][info][gc,heap        ] GC(57) ParOldGen: 4893312K(4893696K)->4893312K(4893696K)
[35.251s][info][gc,metaspace   ] GC(57) Metaspace: 10588K(11008K)->10588K(11008K) NonClass: 9511K(9728K)->9511K(9728K) Class: 1076K(1280K)->1076K(1280K)
[35.251s][info][gc             ] GC(57) Pause Full (Ergonomics) 5817M->5345M(6493M) 505.592ms
[35.251s][info][gc,cpu         ] GC(57) User=5.88s Sys=0.06s Real=0.51s
[35.365s][info][gc,start       ] GC(58) Pause Full (Ergonomics)
[35.365s][info][gc,phases,start] GC(58) Marking Phase
[35.671s][info][gc,phases      ] GC(58) Marking Phase 306.517ms
[35.671s][info][gc,phases,start] GC(58) Summary Phase
[35.671s][info][gc,phases      ] GC(58) Summary Phase 0.048ms
[35.671s][info][gc,phases,start] GC(58) Adjust Roots
[35.673s][info][gc,phases      ] GC(58) Adjust Roots 1.354ms
[35.673s][info][gc,phases,start] GC(58) Compaction Phase
[35.935s][info][gc,phases      ] GC(58) Compaction Phase 261.854ms
[35.935s][info][gc,phases,start] GC(58) Post Compact
[35.952s][info][gc,phases      ] GC(58) Post Compact 17.738ms
[35.952s][info][gc,heap        ] GC(58) PSYoungGen: 1063936K(1755136K)->598278K(1755136K) Eden: 1063936K(1063936K)->598278K(1063936K) From: 0K(691200K)->0K(691200K)
[35.952s][info][gc,heap        ] GC(58) ParOldGen: 4893312K(4893696K)->4893536K(4893696K)
[35.952s][info][gc,metaspace   ] GC(58) Metaspace: 10588K(11008K)->10588K(11008K) NonClass: 9512K(9728K)->9512K(9728K) Class: 1076K(1280K)->1076K(1280K)
[35.952s][info][gc             ] GC(58) Pause Full (Ergonomics) 5817M->5363M(6493M) 587.834ms
[35.952s][info][gc,cpu         ] GC(58) User=6.59s Sys=0.05s Real=0.59s
[36.070s][info][gc,start       ] GC(59) Pause Full (Ergonomics)
[36.070s][info][gc,phases,start] GC(59) Marking Phase
[36.366s][info][gc,phases      ] GC(59) Marking Phase 295.768ms
[36.366s][info][gc,phases,start] GC(59) Summary Phase
[36.366s][info][gc,phases      ] GC(59) Summary Phase 0.049ms
[36.366s][info][gc,phases,start] GC(59) Adjust Roots
[36.368s][info][gc,phases      ] GC(59) Adjust Roots 1.674ms
[36.368s][info][gc,phases,start] GC(59) Compaction Phase
[36.621s][info][gc,phases      ] GC(59) Compaction Phase 253.023ms
[36.621s][info][gc,phases,start] GC(59) Post Compact
[36.638s][info][gc,phases      ] GC(59) Post Compact 17.096ms
[36.638s][info][gc,heap        ] GC(59) PSYoungGen: 1063936K(1755136K)->588158K(1755136K) Eden: 1063936K(1063936K)->588158K(1063936K) From: 0K(691200K)->0K(691200K)
[36.638s][info][gc,heap        ] GC(59) ParOldGen: 4893536K(4893696K)->4893262K(4893696K)
[36.638s][info][gc,metaspace   ] GC(59) Metaspace: 10588K(11008K)->10588K(11008K) NonClass: 9512K(9728K)->9512K(9728K) Class: 1076K(1280K)->1076K(1280K)
[36.638s][info][gc             ] GC(59) Pause Full (Ergonomics) 5817M->5352M(6493M) 567.865ms
[36.638s][info][gc,cpu         ] GC(59) User=6.44s Sys=0.03s Real=0.57s
[36.745s][info][gc,start       ] GC(60) Pause Full (Ergonomics)
[36.745s][info][gc,phases,start] GC(60) Marking Phase
[37.048s][info][gc,phases      ] GC(60) Marking Phase 302.961ms
[37.048s][info][gc,phases,start] GC(60) Summary Phase
[37.048s][info][gc,phases      ] GC(60) Summary Phase 0.053ms
[37.048s][info][gc,phases,start] GC(60) Adjust Roots
[37.049s][info][gc,phases      ] GC(60) Adjust Roots 0.965ms
[37.049s][info][gc,phases,start] GC(60) Compaction Phase
[37.247s][info][gc,phases      ] GC(60) Compaction Phase 197.972ms
[37.247s][info][gc,phases,start] GC(60) Post Compact
[37.265s][info][gc,phases      ] GC(60) Post Compact 17.625ms
[37.265s][info][gc,heap        ] GC(60) PSYoungGen: 1063936K(1755136K)->605404K(1755136K) Eden: 1063936K(1063936K)->605404K(1063936K) From: 0K(691200K)->0K(691200K)
[37.265s][info][gc,heap        ] GC(60) ParOldGen: 4893262K(4893696K)->4893262K(4893696K)
[37.265s][info][gc,metaspace   ] GC(60) Metaspace: 10597K(11008K)->10597K(11008K) NonClass: 9521K(9728K)->9521K(9728K) Class: 1076K(1280K)->1076K(1280K)
[37.265s][info][gc             ] GC(60) Pause Full (Ergonomics) 5817M->5369M(6493M) 519.845ms
[37.265s][info][gc,cpu         ] GC(60) User=4.84s Sys=0.05s Real=0.52s
[37.367s][info][gc,start       ] GC(61) Pause Full (Ergonomics)
[37.367s][info][gc,phases,start] GC(61) Marking Phase
[37.674s][info][gc,phases      ] GC(61) Marking Phase 307.490ms
[37.674s][info][gc,phases,start] GC(61) Summary Phase
[37.675s][info][gc,phases      ] GC(61) Summary Phase 0.046ms
[37.675s][info][gc,phases,start] GC(61) Adjust Roots
[37.675s][info][gc,phases      ] GC(61) Adjust Roots 0.854ms
[37.675s][info][gc,phases,start] GC(61) Compaction Phase
[37.900s][info][gc,phases      ] GC(61) Compaction Phase 224.684ms
[37.900s][info][gc,phases,start] GC(61) Post Compact
[37.918s][info][gc,phases      ] GC(61) Post Compact 17.314ms
[37.918s][info][gc,heap        ] GC(61) PSYoungGen: 1063936K(1755136K)->627102K(1755136K) Eden: 1063936K(1063936K)->627102K(1063936K) From: 0K(691200K)->0K(691200K)
[37.918s][info][gc,heap        ] GC(61) ParOldGen: 4893262K(4893696K)->4893262K(4893696K)
[37.918s][info][gc,metaspace   ] GC(61) Metaspace: 10597K(11008K)->10597K(11008K) NonClass: 9521K(9728K)->9521K(9728K) Class: 1076K(1280K)->1076K(1280K)
[37.918s][info][gc             ] GC(61) Pause Full (Ergonomics) 5817M->5390M(6493M) 550.726ms
[37.918s][info][gc,cpu         ] GC(61) User=4.67s Sys=0.00s Real=0.55s
[38.015s][info][gc,start       ] GC(62) Pause Full (Ergonomics)
[38.015s][info][gc,phases,start] GC(62) Marking Phase
[38.360s][info][gc,phases      ] GC(62) Marking Phase 345.133ms
[38.361s][info][gc,phases,start] GC(62) Summary Phase
[38.361s][info][gc,phases      ] GC(62) Summary Phase 0.057ms
[38.361s][info][gc,phases,start] GC(62) Adjust Roots
[38.361s][info][gc,phases      ] GC(62) Adjust Roots 0.885ms
[38.361s][info][gc,phases,start] GC(62) Compaction Phase
[38.672s][info][gc,phases      ] GC(62) Compaction Phase 310.352ms
[38.672s][info][gc,phases,start] GC(62) Post Compact
[38.689s][info][gc,phases      ] GC(62) Post Compact 17.168ms
[38.689s][info][gc,heap        ] GC(62) PSYoungGen: 1063936K(1755136K)->646688K(1755136K) Eden: 1063936K(1063936K)->646688K(1063936K) From: 0K(691200K)->0K(691200K)
[38.689s][info][gc,heap        ] GC(62) ParOldGen: 4893262K(4893696K)->4893262K(4893696K)
[38.689s][info][gc,metaspace   ] GC(62) Metaspace: 10597K(11008K)->10597K(11008K) NonClass: 9521K(9728K)->9521K(9728K) Class: 1076K(1280K)->1076K(1280K)
[38.689s][info][gc             ] GC(62) Pause Full (Ergonomics) 5817M->5410M(6493M) 673.834ms
[38.689s][info][gc,cpu         ] GC(62) User=5.33s Sys=0.05s Real=0.67s
[38.796s][info][gc,start       ] GC(63) Pause Full (Ergonomics)
[38.796s][info][gc,phases,start] GC(63) Marking Phase
[39.129s][info][gc,phases      ] GC(63) Marking Phase 332.202ms
[39.129s][info][gc,phases,start] GC(63) Summary Phase
[39.129s][info][gc,phases      ] GC(63) Summary Phase 0.045ms
[39.129s][info][gc,phases,start] GC(63) Adjust Roots
[39.130s][info][gc,phases      ] GC(63) Adjust Roots 1.017ms
[39.130s][info][gc,phases,start] GC(63) Compaction Phase
[39.430s][info][gc,phases      ] GC(63) Compaction Phase 300.646ms
[39.430s][info][gc,phases,start] GC(63) Post Compact
[39.448s][info][gc,phases      ] GC(63) Post Compact 17.330ms
[39.448s][info][gc,heap        ] GC(63) PSYoungGen: 1063936K(1755136K)->662607K(1755136K) Eden: 1063936K(1063936K)->662607K(1063936K) From: 0K(691200K)->0K(691200K)
[39.448s][info][gc,heap        ] GC(63) ParOldGen: 4893262K(4893696K)->4893261K(4893696K)
[39.448s][info][gc,metaspace   ] GC(63) Metaspace: 10597K(11008K)->10597K(11008K) NonClass: 9521K(9728K)->9521K(9728K) Class: 1076K(1280K)->1076K(1280K)
[39.448s][info][gc             ] GC(63) Pause Full (Ergonomics) 5817M->5425M(6493M) 651.604ms
[39.448s][info][gc,cpu         ] GC(63) User=5.81s Sys=0.09s Real=0.65s
[39.549s][info][gc,start       ] GC(64) Pause Full (Ergonomics)
[39.549s][info][gc,phases,start] GC(64) Marking Phase
[39.881s][info][gc,phases      ] GC(64) Marking Phase 332.018ms
[39.881s][info][gc,phases,start] GC(64) Summary Phase
[39.881s][info][gc,phases      ] GC(64) Summary Phase 0.057ms
[39.881s][info][gc,phases,start] GC(64) Adjust Roots
[39.882s][info][gc,phases      ] GC(64) Adjust Roots 0.882ms
[39.882s][info][gc,phases,start] GC(64) Compaction Phase
[40.384s][info][gc,phases      ] GC(64) Compaction Phase 502.261ms
[40.384s][info][gc,phases,start] GC(64) Post Compact
[40.402s][info][gc,phases      ] GC(64) Post Compact 18.079ms
[40.402s][info][gc,heap        ] GC(64) PSYoungGen: 1063936K(1755136K)->691829K(1755136K) Eden: 1063936K(1063936K)->691829K(1063936K) From: 0K(691200K)->0K(691200K)
[40.402s][info][gc,heap        ] GC(64) ParOldGen: 4893261K(4893696K)->4893261K(4893696K)
[40.402s][info][gc,metaspace   ] GC(64) Metaspace: 10598K(11008K)->10598K(11008K) NonClass: 9521K(9728K)->9521K(9728K) Class: 1076K(1280K)->1076K(1280K)
[40.402s][info][gc             ] GC(64) Pause Full (Ergonomics) 5817M->5454M(6493M) 853.547ms
[40.402s][info][gc,cpu         ] GC(64) User=5.30s Sys=0.03s Real=0.85s
[40.498s][info][gc,start       ] GC(65) Pause Full (Ergonomics)
[40.498s][info][gc,phases,start] GC(65) Marking Phase
[40.823s][info][gc,phases      ] GC(65) Marking Phase 324.840ms
[40.823s][info][gc,phases,start] GC(65) Summary Phase
[40.823s][info][gc,phases      ] GC(65) Summary Phase 0.046ms
[40.823s][info][gc,phases,start] GC(65) Adjust Roots
[40.825s][info][gc,phases      ] GC(65) Adjust Roots 1.551ms
[40.825s][info][gc,phases,start] GC(65) Compaction Phase
[41.112s][info][gc,phases      ] GC(65) Compaction Phase 287.158ms
[41.112s][info][gc,phases,start] GC(65) Post Compact
[41.130s][info][gc,phases      ] GC(65) Post Compact 17.432ms
[41.130s][info][gc,heap        ] GC(65) PSYoungGen: 1063936K(1755136K)->669685K(1755136K) Eden: 1063936K(1063936K)->669685K(1063936K) From: 0K(691200K)->0K(691200K)
[41.130s][info][gc,heap        ] GC(65) ParOldGen: 4893261K(4893696K)->4893663K(4893696K)
[41.130s][info][gc,metaspace   ] GC(65) Metaspace: 10600K(11008K)->10600K(11008K) NonClass: 9523K(9728K)->9523K(9728K) Class: 1076K(1280K)->1076K(1280K)
[41.130s][info][gc             ] GC(65) Pause Full (Ergonomics) 5817M->5432M(6493M) 631.369ms
[41.130s][info][gc,cpu         ] GC(65) User=7.16s Sys=0.08s Real=0.63s
[41.223s][info][gc,start       ] GC(66) Pause Full (Ergonomics)
[41.223s][info][gc,phases,start] GC(66) Marking Phase
[41.558s][info][gc,phases      ] GC(66) Marking Phase 334.791ms
[41.558s][info][gc,phases,start] GC(66) Summary Phase
[41.558s][info][gc,phases      ] GC(66) Summary Phase 0.061ms
[41.558s][info][gc,phases,start] GC(66) Adjust Roots
[41.559s][info][gc,phases      ] GC(66) Adjust Roots 0.992ms
[41.559s][info][gc,phases,start] GC(66) Compaction Phase
[41.843s][info][gc,phases      ] GC(66) Compaction Phase 284.391ms
[41.843s][info][gc,phases,start] GC(66) Post Compact
[41.861s][info][gc,phases      ] GC(66) Post Compact 17.384ms
[41.861s][info][gc,heap        ] GC(66) PSYoungGen: 1063936K(1755136K)->670993K(1755136K) Eden: 1063936K(1063936K)->670993K(1063936K) From: 0K(691200K)->0K(691200K)
[41.861s][info][gc,heap        ] GC(66) ParOldGen: 4893663K(4893696K)->4893663K(4893696K)
[41.861s][info][gc,metaspace   ] GC(66) Metaspace: 10600K(11008K)->10600K(11008K) NonClass: 9523K(9728K)->9523K(9728K) Class: 1076K(1280K)->1076K(1280K)
[41.861s][info][gc             ] GC(66) Pause Full (Ergonomics) 5817M->5434M(6493M) 637.885ms
[41.861s][info][gc,cpu         ] GC(66) User=5.80s Sys=0.09s Real=0.64s
[41.959s][info][gc,start       ] GC(67) Pause Full (Ergonomics)
[41.959s][info][gc,phases,start] GC(67) Marking Phase
[42.302s][info][gc,phases      ] GC(67) Marking Phase 342.358ms
[42.302s][info][gc,phases,start] GC(67) Summary Phase
[42.302s][info][gc,phases      ] GC(67) Summary Phase 0.046ms
[42.302s][info][gc,phases,start] GC(67) Adjust Roots
[42.303s][info][gc,phases      ] GC(67) Adjust Roots 0.904ms
[42.303s][info][gc,phases,start] GC(67) Compaction Phase
[42.735s][info][gc,phases      ] GC(67) Compaction Phase 432.423ms
[42.735s][info][gc,phases,start] GC(67) Post Compact
[42.753s][info][gc,phases      ] GC(67) Post Compact 17.757ms
[42.753s][info][gc,heap        ] GC(67) PSYoungGen: 1063936K(1755136K)->707313K(1755136K) Eden: 1063936K(1063936K)->707313K(1063936K) From: 0K(691200K)->0K(691200K)
[42.753s][info][gc,heap        ] GC(67) ParOldGen: 4893663K(4893696K)->4893663K(4893696K)
[42.753s][info][gc,metaspace   ] GC(67) Metaspace: 10601K(11008K)->10601K(11008K) NonClass: 9524K(9728K)->9524K(9728K) Class: 1076K(1280K)->1076K(1280K)
[42.753s][info][gc             ] GC(67) Pause Full (Ergonomics) 5817M->5469M(6493M) 793.770ms
[42.753s][info][gc,cpu         ] GC(67) User=5.59s Sys=0.05s Real=0.79s
[42.834s][info][gc,start       ] GC(68) Pause Full (Ergonomics)
[42.834s][info][gc,phases,start] GC(68) Marking Phase
[43.180s][info][gc,phases      ] GC(68) Marking Phase 345.643ms
[43.180s][info][gc,phases,start] GC(68) Summary Phase
[43.180s][info][gc,phases      ] GC(68) Summary Phase 0.049ms
[43.180s][info][gc,phases,start] GC(68) Adjust Roots
[43.181s][info][gc,phases      ] GC(68) Adjust Roots 1.010ms
[43.181s][info][gc,phases,start] GC(68) Compaction Phase
[43.467s][info][gc,phases      ] GC(68) Compaction Phase 286.391ms
[43.467s][info][gc,phases,start] GC(68) Post Compact
[43.484s][info][gc,phases      ] GC(68) Post Compact 17.244ms
[43.484s][info][gc,heap        ] GC(68) PSYoungGen: 1063936K(1755136K)->694618K(1755136K) Eden: 1063936K(1063936K)->694618K(1063936K) From: 0K(691200K)->0K(691200K)
[43.484s][info][gc,heap        ] GC(68) ParOldGen: 4893663K(4893696K)->4893662K(4893696K)
[43.484s][info][gc,metaspace   ] GC(68) Metaspace: 10601K(11008K)->10601K(11008K) NonClass: 9524K(9728K)->9524K(9728K) Class: 1076K(1280K)->1076K(1280K)
[43.484s][info][gc             ] GC(68) Pause Full (Ergonomics) 5817M->5457M(6493M) 650.577ms
[43.484s][info][gc,cpu         ] GC(68) User=6.14s Sys=0.09s Real=0.65s
[43.578s][info][gc,start       ] GC(69) Pause Full (Ergonomics)
[43.578s][info][gc,phases,start] GC(69) Marking Phase
[43.915s][info][gc,phases      ] GC(69) Marking Phase 337.640ms
[43.915s][info][gc,phases,start] GC(69) Summary Phase
[43.915s][info][gc,phases      ] GC(69) Summary Phase 0.049ms
[43.915s][info][gc,phases,start] GC(69) Adjust Roots
[43.916s][info][gc,phases      ] GC(69) Adjust Roots 0.856ms
[43.916s][info][gc,phases,start] GC(69) Compaction Phase
[44.157s][info][gc,phases      ] GC(69) Compaction Phase 241.084ms
[44.157s][info][gc,phases,start] GC(69) Post Compact
[44.175s][info][gc,phases      ] GC(69) Post Compact 17.268ms
[44.175s][info][gc,heap        ] GC(69) PSYoungGen: 1063936K(1755136K)->708536K(1755136K) Eden: 1063936K(1063936K)->708536K(1063936K) From: 0K(691200K)->0K(691200K)
[44.175s][info][gc,heap        ] GC(69) ParOldGen: 4893662K(4893696K)->4893662K(4893696K)
[44.175s][info][gc,metaspace   ] GC(69) Metaspace: 10602K(11008K)->10602K(11008K) NonClass: 9526K(9728K)->9526K(9728K) Class: 1076K(1280K)->1076K(1280K)
[44.175s][info][gc             ] GC(69) Pause Full (Ergonomics) 5817M->5470M(6493M) 597.155ms
[44.175s][info][gc,cpu         ] GC(69) User=5.42s Sys=0.03s Real=0.60s
[44.258s][info][gc,start       ] GC(70) Pause Full (Ergonomics)
[44.258s][info][gc,phases,start] GC(70) Marking Phase
[44.604s][info][gc,phases      ] GC(70) Marking Phase 346.117ms
[44.604s][info][gc,phases,start] GC(70) Summary Phase
[44.604s][info][gc,phases      ] GC(70) Summary Phase 0.056ms
[44.604s][info][gc,phases,start] GC(70) Adjust Roots
[44.605s][info][gc,phases      ] GC(70) Adjust Roots 0.974ms
[44.605s][info][gc,phases,start] GC(70) Compaction Phase
[44.834s][info][gc,phases      ] GC(70) Compaction Phase 228.235ms
[44.834s][info][gc,phases,start] GC(70) Post Compact
[44.851s][info][gc,phases      ] GC(70) Post Compact 17.233ms
[44.851s][info][gc,heap        ] GC(70) PSYoungGen: 1063936K(1755136K)->726085K(1755136K) Eden: 1063936K(1063936K)->726085K(1063936K) From: 0K(691200K)->0K(691200K)
[44.851s][info][gc,heap        ] GC(70) ParOldGen: 4893662K(4893696K)->4893662K(4893696K)
[44.851s][info][gc,metaspace   ] GC(70) Metaspace: 10602K(11008K)->10602K(11008K) NonClass: 9526K(9728K)->9526K(9728K) Class: 1076K(1280K)->1076K(1280K)
[44.851s][info][gc             ] GC(70) Pause Full (Ergonomics) 5817M->5488M(6493M) 592.872ms
[44.851s][info][gc,cpu         ] GC(70) User=5.36s Sys=0.05s Real=0.59s
[44.938s][info][gc,start       ] GC(71) Pause Full (Ergonomics)
[44.938s][info][gc,phases,start] GC(71) Marking Phase
[45.291s][info][gc,phases      ] GC(71) Marking Phase 353.508ms
[45.291s][info][gc,phases,start] GC(71) Summary Phase
[45.291s][info][gc,phases      ] GC(71) Summary Phase 0.047ms
[45.291s][info][gc,phases,start] GC(71) Adjust Roots
[45.292s][info][gc,phases      ] GC(71) Adjust Roots 0.974ms
[45.292s][info][gc,phases,start] GC(71) Compaction Phase
[45.661s][info][gc,phases      ] GC(71) Compaction Phase 369.065ms
[45.661s][info][gc,phases,start] GC(71) Post Compact
[45.679s][info][gc,phases      ] GC(71) Post Compact 17.175ms
[45.679s][info][gc,heap        ] GC(71) PSYoungGen: 1063936K(1755136K)->734027K(1755136K) Eden: 1063936K(1063936K)->734027K(1063936K) From: 0K(691200K)->0K(691200K)
[45.679s][info][gc,heap        ] GC(71) ParOldGen: 4893662K(4893696K)->4893662K(4893696K)
[45.679s][info][gc,metaspace   ] GC(71) Metaspace: 10618K(11008K)->10618K(11008K) NonClass: 9541K(9728K)->9541K(9728K) Class: 1076K(1280K)->1076K(1280K)
[45.679s][info][gc             ] GC(71) Pause Full (Ergonomics) 5817M->5495M(6493M) 741.010ms
[45.679s][info][gc,cpu         ] GC(71) User=5.97s Sys=0.08s Real=0.74s
[45.758s][info][gc,start       ] GC(72) Pause Full (Ergonomics)
[45.758s][info][gc,phases,start] GC(72) Marking Phase
[46.156s][info][gc,phases      ] GC(72) Marking Phase 397.885ms
[46.156s][info][gc,phases,start] GC(72) Summary Phase
[46.156s][info][gc,phases      ] GC(72) Summary Phase 0.048ms
[46.156s][info][gc,phases,start] GC(72) Adjust Roots
[46.157s][info][gc,phases      ] GC(72) Adjust Roots 1.026ms
[46.158s][info][gc,phases,start] GC(72) Compaction Phase
[46.376s][info][gc,phases      ] GC(72) Compaction Phase 218.069ms
[46.376s][info][gc,phases,start] GC(72) Post Compact
[46.394s][info][gc,phases      ] GC(72) Post Compact 17.876ms
[46.394s][info][gc,heap        ] GC(72) PSYoungGen: 1063936K(1755136K)->744360K(1755136K) Eden: 1063936K(1063936K)->744360K(1063936K) From: 0K(691200K)->0K(691200K)
[46.394s][info][gc,heap        ] GC(72) ParOldGen: 4893662K(4893696K)->4893662K(4893696K)
[46.394s][info][gc,metaspace   ] GC(72) Metaspace: 10618K(11008K)->10618K(11008K) NonClass: 9541K(9728K)->9541K(9728K) Class: 1076K(1280K)->1076K(1280K)
[46.394s][info][gc             ] GC(72) Pause Full (Ergonomics) 5817M->5505M(6493M) 635.181ms
[46.394s][info][gc,cpu         ] GC(72) User=6.83s Sys=0.11s Real=0.64s
[46.476s][info][gc,start       ] GC(73) Pause Full (Ergonomics)
[46.476s][info][gc,phases,start] GC(73) Marking Phase
[46.833s][info][gc,phases      ] GC(73) Marking Phase 357.651ms
[46.833s][info][gc,phases,start] GC(73) Summary Phase
[46.833s][info][gc,phases      ] GC(73) Summary Phase 0.046ms
[46.833s][info][gc,phases,start] GC(73) Adjust Roots
[46.835s][info][gc,phases      ] GC(73) Adjust Roots 1.240ms
[46.835s][info][gc,phases,start] GC(73) Compaction Phase
[47.058s][info][gc,phases      ] GC(73) Compaction Phase 223.873ms
[47.058s][info][gc,phases,start] GC(73) Post Compact
[47.076s][info][gc,phases      ] GC(73) Post Compact 17.694ms
[47.076s][info][gc,heap        ] GC(73) PSYoungGen: 1063936K(1755136K)->746311K(1755136K) Eden: 1063936K(1063936K)->746311K(1063936K) From: 0K(691200K)->0K(691200K)
[47.076s][info][gc,heap        ] GC(73) ParOldGen: 4893662K(4893696K)->4893661K(4893696K)
[47.076s][info][gc,metaspace   ] GC(73) Metaspace: 10620K(11008K)->10620K(11008K) NonClass: 9542K(9728K)->9542K(9728K) Class: 1077K(1280K)->1077K(1280K)
[47.076s][info][gc             ] GC(73) Pause Full (Ergonomics) 5817M->5507M(6493M) 600.761ms
[47.076s][info][gc,cpu         ] GC(73) User=6.66s Sys=0.06s Real=0.60s
[47.146s][info][gc,start       ] GC(74) Pause Full (Ergonomics)
[47.146s][info][gc,phases,start] GC(74) Marking Phase
[47.512s][info][gc,phases      ] GC(74) Marking Phase 365.897ms
[47.512s][info][gc,phases,start] GC(74) Summary Phase
[47.512s][info][gc,phases      ] GC(74) Summary Phase 0.045ms
[47.512s][info][gc,phases,start] GC(74) Adjust Roots
[47.513s][info][gc,phases      ] GC(74) Adjust Roots 0.957ms
[47.513s][info][gc,phases,start] GC(74) Compaction Phase
[47.730s][info][gc,phases      ] GC(74) Compaction Phase 217.070ms
[47.730s][info][gc,phases,start] GC(74) Post Compact
[47.747s][info][gc,phases      ] GC(74) Post Compact 17.192ms
[47.747s][info][gc,heap        ] GC(74) PSYoungGen: 1063936K(1755136K)->765601K(1755136K) Eden: 1063936K(1063936K)->765601K(1063936K) From: 0K(691200K)->0K(691200K)
[47.747s][info][gc,heap        ] GC(74) ParOldGen: 4893661K(4893696K)->4893661K(4893696K)
[47.747s][info][gc,metaspace   ] GC(74) Metaspace: 10620K(11008K)->10620K(11008K) NonClass: 9542K(9728K)->9542K(9728K) Class: 1077K(1280K)->1077K(1280K)
[47.747s][info][gc             ] GC(74) Pause Full (Ergonomics) 5817M->5526M(6493M) 601.442ms
[47.747s][info][gc,cpu         ] GC(74) User=5.98s Sys=0.00s Real=0.60s
[47.815s][info][gc,start       ] GC(75) Pause Full (Ergonomics)
[47.815s][info][gc,phases,start] GC(75) Marking Phase
[48.196s][info][gc,phases      ] GC(75) Marking Phase 380.650ms
[48.196s][info][gc,phases,start] GC(75) Summary Phase
[48.196s][info][gc,phases      ] GC(75) Summary Phase 0.046ms
[48.196s][info][gc,phases,start] GC(75) Adjust Roots
[48.197s][info][gc,phases      ] GC(75) Adjust Roots 1.161ms
[48.197s][info][gc,phases,start] GC(75) Compaction Phase
[48.384s][info][gc,phases      ] GC(75) Compaction Phase 187.020ms
[48.384s][info][gc,phases,start] GC(75) Post Compact
[48.402s][info][gc,phases      ] GC(75) Post Compact 17.602ms
[48.402s][info][gc,heap        ] GC(75) PSYoungGen: 1063936K(1755136K)->774582K(1755136K) Eden: 1063936K(1063936K)->774582K(1063936K) From: 0K(691200K)->0K(691200K)
[48.402s][info][gc,heap        ] GC(75) ParOldGen: 4893661K(4893696K)->4893661K(4893696K)
[48.402s][info][gc,metaspace   ] GC(75) Metaspace: 10620K(11008K)->10620K(11008K) NonClass: 9542K(9728K)->9542K(9728K) Class: 1077K(1280K)->1077K(1280K)
[48.402s][info][gc             ] GC(75) Pause Full (Ergonomics) 5817M->5535M(6493M) 586.777ms
[48.402s][info][gc,cpu         ] GC(75) User=5.84s Sys=0.09s Real=0.59s
[48.473s][info][gc,start       ] GC(76) Pause Full (Ergonomics)
[48.474s][info][gc,phases,start] GC(76) Marking Phase
[48.845s][info][gc,phases      ] GC(76) Marking Phase 371.379ms
[48.845s][info][gc,phases,start] GC(76) Summary Phase
[48.845s][info][gc,phases      ] GC(76) Summary Phase 0.049ms
[48.845s][info][gc,phases,start] GC(76) Adjust Roots
[48.846s][info][gc,phases      ] GC(76) Adjust Roots 0.984ms
[48.846s][info][gc,phases,start] GC(76) Compaction Phase
[48.997s][info][gc,phases      ] GC(76) Compaction Phase 150.582ms
[48.997s][info][gc,phases,start] GC(76) Post Compact
[49.014s][info][gc,phases      ] GC(76) Post Compact 17.490ms
[49.014s][info][gc,heap        ] GC(76) PSYoungGen: 1063936K(1755136K)->787196K(1755136K) Eden: 1063936K(1063936K)->787196K(1063936K) From: 0K(691200K)->0K(691200K)
[49.014s][info][gc,heap        ] GC(76) ParOldGen: 4893661K(4893696K)->4893661K(4893696K)
[49.014s][info][gc,metaspace   ] GC(76) Metaspace: 10620K(11008K)->10620K(11008K) NonClass: 9542K(9728K)->9542K(9728K) Class: 1077K(1280K)->1077K(1280K)
[49.014s][info][gc             ] GC(76) Pause Full (Ergonomics) 5817M->5547M(6493M) 540.740ms
[49.014s][info][gc,cpu         ] GC(76) User=5.83s Sys=0.03s Real=0.54s
[49.078s][info][gc,start       ] GC(77) Pause Full (Ergonomics)
[49.078s][info][gc,phases,start] GC(77) Marking Phase
[49.454s][info][gc,phases      ] GC(77) Marking Phase 376.014ms
[49.454s][info][gc,phases,start] GC(77) Summary Phase
[49.454s][info][gc,phases      ] GC(77) Summary Phase 0.053ms
[49.454s][info][gc,phases,start] GC(77) Adjust Roots
[49.455s][info][gc,phases      ] GC(77) Adjust Roots 0.920ms
[49.455s][info][gc,phases,start] GC(77) Compaction Phase
[49.864s][info][gc,phases      ] GC(77) Compaction Phase 408.571ms
[49.864s][info][gc,phases,start] GC(77) Post Compact
[49.882s][info][gc,phases      ] GC(77) Post Compact 17.925ms
[49.882s][info][gc,heap        ] GC(77) PSYoungGen: 1063936K(1755136K)->804960K(1755136K) Eden: 1063936K(1063936K)->804960K(1063936K) From: 0K(691200K)->0K(691200K)
[49.882s][info][gc,heap        ] GC(77) ParOldGen: 4893661K(4893696K)->4893661K(4893696K)
[49.882s][info][gc,metaspace   ] GC(77) Metaspace: 10620K(11008K)->10620K(11008K) NonClass: 9543K(9728K)->9543K(9728K) Class: 1077K(1280K)->1077K(1280K)
[49.882s][info][gc             ] GC(77) Pause Full (Ergonomics) 5817M->5565M(6493M) 803.731ms
[49.882s][info][gc,cpu         ] GC(77) User=5.77s Sys=0.09s Real=0.80s
[49.944s][info][gc,start       ] GC(78) Pause Full (Ergonomics)
[49.944s][info][gc,phases,start] GC(78) Marking Phase
[50.322s][info][gc,phases      ] GC(78) Marking Phase 378.189ms
[50.322s][info][gc,phases,start] GC(78) Summary Phase
[50.322s][info][gc,phases      ] GC(78) Summary Phase 0.047ms
[50.322s][info][gc,phases,start] GC(78) Adjust Roots
[50.323s][info][gc,phases      ] GC(78) Adjust Roots 1.007ms
[50.323s][info][gc,phases,start] GC(78) Compaction Phase
[50.543s][info][gc,phases      ] GC(78) Compaction Phase 219.446ms
[50.543s][info][gc,phases,start] GC(78) Post Compact
[50.560s][info][gc,phases      ] GC(78) Post Compact 17.150ms
[50.560s][info][gc,heap        ] GC(78) PSYoungGen: 1063936K(1755136K)->812203K(1755136K) Eden: 1063936K(1063936K)->812203K(1063936K) From: 0K(691200K)->0K(691200K)
[50.560s][info][gc,heap        ] GC(78) ParOldGen: 4893661K(4893696K)->4893661K(4893696K)
[50.560s][info][gc,metaspace   ] GC(78) Metaspace: 10625K(11072K)->10625K(11072K) NonClass: 9548K(9792K)->9548K(9792K) Class: 1077K(1280K)->1077K(1280K)
[50.560s][info][gc             ] GC(78) Pause Full (Ergonomics) 5817M->5572M(6493M) 616.076ms
[50.560s][info][gc,cpu         ] GC(78) User=6.36s Sys=0.05s Real=0.62s
[50.622s][info][gc,start       ] GC(79) Pause Full (Ergonomics)
[50.622s][info][gc,phases,start] GC(79) Marking Phase
[51.003s][info][gc,phases      ] GC(79) Marking Phase 380.549ms
[51.003s][info][gc,phases,start] GC(79) Summary Phase
[51.003s][info][gc,phases      ] GC(79) Summary Phase 0.045ms
[51.003s][info][gc,phases,start] GC(79) Adjust Roots
[51.004s][info][gc,phases      ] GC(79) Adjust Roots 0.917ms
[51.004s][info][gc,phases,start] GC(79) Compaction Phase
[51.129s][info][gc,phases      ] GC(79) Compaction Phase 125.006ms
[51.129s][info][gc,phases,start] GC(79) Post Compact
[51.146s][info][gc,phases      ] GC(79) Post Compact 17.272ms
[51.146s][info][gc,heap        ] GC(79) PSYoungGen: 1063936K(1755136K)->826145K(1755136K) Eden: 1063936K(1063936K)->826145K(1063936K) From: 0K(691200K)->0K(691200K)
[51.146s][info][gc,heap        ] GC(79) ParOldGen: 4893661K(4893696K)->4893661K(4893696K)
[51.146s][info][gc,metaspace   ] GC(79) Metaspace: 10627K(11072K)->10627K(11072K) NonClass: 9550K(9792K)->9550K(9792K) Class: 1077K(1280K)->1077K(1280K)
[51.146s][info][gc             ] GC(79) Pause Full (Ergonomics) 5817M->5585M(6493M) 524.033ms
[51.146s][info][gc,cpu         ] GC(79) User=5.59s Sys=0.08s Real=0.52s
[51.202s][info][gc,start       ] GC(80) Pause Full (Ergonomics)
[51.202s][info][gc,phases,start] GC(80) Marking Phase
[51.588s][info][gc,phases      ] GC(80) Marking Phase 385.467ms
[51.588s][info][gc,phases,start] GC(80) Summary Phase
[51.588s][info][gc,phases      ] GC(80) Summary Phase 0.049ms
[51.588s][info][gc,phases,start] GC(80) Adjust Roots
[51.589s][info][gc,phases      ] GC(80) Adjust Roots 0.962ms
[51.589s][info][gc,phases,start] GC(80) Compaction Phase
[51.801s][info][gc,phases      ] GC(80) Compaction Phase 211.864ms
[51.801s][info][gc,phases,start] GC(80) Post Compact
[51.818s][info][gc,phases      ] GC(80) Post Compact 17.148ms
[51.818s][info][gc,heap        ] GC(80) PSYoungGen: 1063936K(1755136K)->839162K(1755136K) Eden: 1063936K(1063936K)->839162K(1063936K) From: 0K(691200K)->0K(691200K)
[51.818s][info][gc,heap        ] GC(80) ParOldGen: 4893661K(4893696K)->4893661K(4893696K)
[51.818s][info][gc,metaspace   ] GC(80) Metaspace: 10627K(11072K)->10627K(11072K) NonClass: 9550K(9792K)->9550K(9792K) Class: 1077K(1280K)->1077K(1280K)
[51.818s][info][gc             ] GC(80) Pause Full (Ergonomics) 5817M->5598M(6493M) 615.730ms
[51.818s][info][gc,cpu         ] GC(80) User=6.02s Sys=0.06s Real=0.62s
[51.876s][info][gc,start       ] GC(81) Pause Full (Ergonomics)
[51.876s][info][gc,phases,start] GC(81) Marking Phase
[52.268s][info][gc,phases      ] GC(81) Marking Phase 391.955ms
[52.268s][info][gc,phases,start] GC(81) Summary Phase
[52.268s][info][gc,phases      ] GC(81) Summary Phase 0.049ms
[52.268s][info][gc,phases,start] GC(81) Adjust Roots
[52.269s][info][gc,phases      ] GC(81) Adjust Roots 1.059ms
[52.269s][info][gc,phases,start] GC(81) Compaction Phase
[52.671s][info][gc,phases      ] GC(81) Compaction Phase 401.577ms
[52.671s][info][gc,phases,start] GC(81) Post Compact
[52.688s][info][gc,phases      ] GC(81) Post Compact 17.171ms
[52.688s][info][gc,heap        ] GC(81) PSYoungGen: 1063936K(1755136K)->855386K(1755136K) Eden: 1063936K(1063936K)->855386K(1063936K) From: 0K(691200K)->0K(691200K)
[52.688s][info][gc,heap        ] GC(81) ParOldGen: 4893661K(4893696K)->4893661K(4893696K)
[52.688s][info][gc,metaspace   ] GC(81) Metaspace: 10628K(11072K)->10628K(11072K) NonClass: 9550K(9792K)->9550K(9792K) Class: 1077K(1280K)->1077K(1280K)
[52.688s][info][gc             ] GC(81) Pause Full (Ergonomics) 5817M->5614M(6493M) 812.060ms
[52.688s][info][gc,cpu         ] GC(81) User=6.44s Sys=0.05s Real=0.81s
[52.744s][info][gc,start       ] GC(82) Pause Full (Ergonomics)
[52.745s][info][gc,phases,start] GC(82) Marking Phase
[53.142s][info][gc,phases      ] GC(82) Marking Phase 397.355ms
[53.142s][info][gc,phases,start] GC(82) Summary Phase
[53.142s][info][gc,phases      ] GC(82) Summary Phase 0.050ms
[53.142s][info][gc,phases,start] GC(82) Adjust Roots
[53.143s][info][gc,phases      ] GC(82) Adjust Roots 1.112ms
[53.143s][info][gc,phases,start] GC(82) Compaction Phase
[53.501s][info][gc,phases      ] GC(82) Compaction Phase 358.060ms
[53.501s][info][gc,phases,start] GC(82) Post Compact
[53.520s][info][gc,phases      ] GC(82) Post Compact 18.631ms
[53.520s][info][gc,heap        ] GC(82) PSYoungGen: 1063936K(1755136K)->850108K(1755136K) Eden: 1063936K(1063936K)->850108K(1063936K) From: 0K(691200K)->0K(691200K)
[53.520s][info][gc,heap        ] GC(82) ParOldGen: 4893661K(4893696K)->4893660K(4893696K)
[53.520s][info][gc,metaspace   ] GC(82) Metaspace: 10628K(11072K)->10628K(11072K) NonClass: 9550K(9792K)->9550K(9792K) Class: 1077K(1280K)->1077K(1280K)
[53.520s][info][gc             ] GC(82) Pause Full (Ergonomics) 5817M->5609M(6493M) 775.476ms
[53.520s][info][gc,cpu         ] GC(82) User=6.98s Sys=0.05s Real=0.78s
[53.576s][info][gc,start       ] GC(83) Pause Full (Ergonomics)
[53.576s][info][gc,phases,start] GC(83) Marking Phase
[53.971s][info][gc,phases      ] GC(83) Marking Phase 394.970ms
[53.971s][info][gc,phases,start] GC(83) Summary Phase
[53.971s][info][gc,phases      ] GC(83) Summary Phase 0.052ms
[53.971s][info][gc,phases,start] GC(83) Adjust Roots
[53.972s][info][gc,phases      ] GC(83) Adjust Roots 1.038ms
[53.972s][info][gc,phases,start] GC(83) Compaction Phase
[54.414s][info][gc,phases      ] GC(83) Compaction Phase 441.037ms
[54.414s][info][gc,phases,start] GC(83) Post Compact
[54.431s][info][gc,phases      ] GC(83) Post Compact 17.491ms
[54.431s][info][gc,heap        ] GC(83) PSYoungGen: 1063936K(1755136K)->854142K(1755136K) Eden: 1063936K(1063936K)->854142K(1063936K) From: 0K(691200K)->0K(691200K)
[54.431s][info][gc,heap        ] GC(83) ParOldGen: 4893660K(4893696K)->4893660K(4893696K)
[54.431s][info][gc,metaspace   ] GC(83) Metaspace: 10628K(11072K)->10628K(11072K) NonClass: 9550K(9792K)->9550K(9792K) Class: 1077K(1280K)->1077K(1280K)
[54.431s][info][gc             ] GC(83) Pause Full (Ergonomics) 5817M->5613M(6493M) 854.847ms
[54.431s][info][gc,cpu         ] GC(83) User=6.50s Sys=0.05s Real=0.86s
[54.483s][info][gc,start       ] GC(84) Pause Full (Ergonomics)
[54.483s][info][gc,phases,start] GC(84) Marking Phase
[54.874s][info][gc,phases      ] GC(84) Marking Phase 391.009ms
[54.874s][info][gc,phases,start] GC(84) Summary Phase
[54.875s][info][gc,phases      ] GC(84) Summary Phase 0.048ms
[54.875s][info][gc,phases,start] GC(84) Adjust Roots
[54.876s][info][gc,phases      ] GC(84) Adjust Roots 1.225ms
[54.876s][info][gc,phases,start] GC(84) Compaction Phase
[55.145s][info][gc,phases      ] GC(84) Compaction Phase 268.924ms
[55.145s][info][gc,phases,start] GC(84) Post Compact
[55.162s][info][gc,phases      ] GC(84) Post Compact 17.064ms
[55.162s][info][gc,heap        ] GC(84) PSYoungGen: 1063936K(1755136K)->832342K(1755136K) Eden: 1063936K(1063936K)->832342K(1063936K) From: 0K(691200K)->0K(691200K)
[55.162s][info][gc,heap        ] GC(84) ParOldGen: 4893660K(4893696K)->4893660K(4893696K)
[55.162s][info][gc,metaspace   ] GC(84) Metaspace: 10628K(11072K)->10628K(11072K) NonClass: 9550K(9792K)->9550K(9792K) Class: 1077K(1280K)->1077K(1280K)
[55.162s][info][gc             ] GC(84) Pause Full (Ergonomics) 5817M->5591M(6493M) 678.506ms
[55.162s][info][gc,cpu         ] GC(84) User=7.48s Sys=0.08s Real=0.68s
[55.223s][info][gc,start       ] GC(85) Pause Full (Ergonomics)
[55.223s][info][gc,phases,start] GC(85) Marking Phase
[55.631s][info][gc,phases      ] GC(85) Marking Phase 408.336ms
[55.631s][info][gc,phases,start] GC(85) Summary Phase
[55.631s][info][gc,phases      ] GC(85) Summary Phase 0.091ms
[55.631s][info][gc,phases,start] GC(85) Adjust Roots
[55.632s][info][gc,phases      ] GC(85) Adjust Roots 1.263ms
[55.632s][info][gc,phases,start] GC(85) Compaction Phase
[55.956s][info][gc,phases      ] GC(85) Compaction Phase 323.856ms
[55.956s][info][gc,phases,start] GC(85) Post Compact
[55.974s][info][gc,phases      ] GC(85) Post Compact 17.167ms
[55.974s][info][gc,heap        ] GC(85) PSYoungGen: 1063936K(1755136K)->838556K(1755136K) Eden: 1063936K(1063936K)->838556K(1063936K) From: 0K(691200K)->0K(691200K)
[55.974s][info][gc,heap        ] GC(85) ParOldGen: 4893660K(4893696K)->4893660K(4893696K)
[55.974s][info][gc,metaspace   ] GC(85) Metaspace: 10628K(11072K)->10628K(11072K) NonClass: 9550K(9792K)->9550K(9792K) Class: 1077K(1280K)->1077K(1280K)
[55.974s][info][gc             ] GC(85) Pause Full (Ergonomics) 5817M->5597M(6493M) 750.995ms
[55.974s][info][gc,cpu         ] GC(85) User=6.55s Sys=0.08s Real=0.75s
[56.028s][info][gc,start       ] GC(86) Pause Full (Ergonomics)
[56.028s][info][gc,phases,start] GC(86) Marking Phase
[56.443s][info][gc,phases      ] GC(86) Marking Phase 415.318ms
[56.443s][info][gc,phases,start] GC(86) Summary Phase
[56.443s][info][gc,phases      ] GC(86) Summary Phase 0.058ms
[56.443s][info][gc,phases,start] GC(86) Adjust Roots
[56.444s][info][gc,phases      ] GC(86) Adjust Roots 1.062ms
[56.444s][info][gc,phases,start] GC(86) Compaction Phase
[56.740s][info][gc,phases      ] GC(86) Compaction Phase 295.820ms
[56.740s][info][gc,phases,start] GC(86) Post Compact
[56.759s][info][gc,phases      ] GC(86) Post Compact 18.431ms
[56.759s][info][gc,heap        ] GC(86) PSYoungGen: 1063936K(1755136K)->835560K(1755136K) Eden: 1063936K(1063936K)->835560K(1063936K) From: 0K(691200K)->0K(691200K)
[56.759s][info][gc,heap        ] GC(86) ParOldGen: 4893660K(4893696K)->4893660K(4893696K)
[56.759s][info][gc,metaspace   ] GC(86) Metaspace: 10628K(11072K)->10628K(11072K) NonClass: 9550K(9792K)->9550K(9792K) Class: 1077K(1280K)->1077K(1280K)
[56.759s][info][gc             ] GC(86) Pause Full (Ergonomics) 5817M->5594M(6493M) 730.981ms
[56.759s][info][gc,cpu         ] GC(86) User=6.52s Sys=0.03s Real=0.73s
[56.815s][info][gc,start       ] GC(87) Pause Full (Ergonomics)
[56.815s][info][gc,phases,start] GC(87) Marking Phase
[57.234s][info][gc,phases      ] GC(87) Marking Phase 418.760ms
[57.234s][info][gc,phases,start] GC(87) Summary Phase
[57.234s][info][gc,phases      ] GC(87) Summary Phase 0.050ms
[57.234s][info][gc,phases,start] GC(87) Adjust Roots
[57.235s][info][gc,phases      ] GC(87) Adjust Roots 0.914ms
[57.235s][info][gc,phases,start] GC(87) Compaction Phase
[57.413s][info][gc,phases      ] GC(87) Compaction Phase 178.033ms
[57.413s][info][gc,phases,start] GC(87) Post Compact
[57.431s][info][gc,phases      ] GC(87) Post Compact 18.237ms
[57.431s][info][gc,heap        ] GC(87) PSYoungGen: 1063936K(1755136K)->844572K(1755136K) Eden: 1063936K(1063936K)->844572K(1063936K) From: 0K(691200K)->0K(691200K)
[57.431s][info][gc,heap        ] GC(87) ParOldGen: 4893660K(4893696K)->4893660K(4893696K)
[57.431s][info][gc,metaspace   ] GC(87) Metaspace: 10630K(11072K)->10630K(11072K) NonClass: 9553K(9792K)->9553K(9792K) Class: 1077K(1280K)->1077K(1280K)
[57.431s][info][gc             ] GC(87) Pause Full (Ergonomics) 5817M->5603M(6493M) 616.272ms
[57.431s][info][gc,cpu         ] GC(87) User=6.36s Sys=0.08s Real=0.62s
[57.486s][info][gc,start       ] GC(88) Pause Full (Ergonomics)
[57.487s][info][gc,phases,start] GC(88) Marking Phase
[57.910s][info][gc,phases      ] GC(88) Marking Phase 423.320ms
[57.910s][info][gc,phases,start] GC(88) Summary Phase
[57.910s][info][gc,phases      ] GC(88) Summary Phase 0.051ms
[57.910s][info][gc,phases,start] GC(88) Adjust Roots
[57.911s][info][gc,phases      ] GC(88) Adjust Roots 1.079ms
[57.911s][info][gc,phases,start] GC(88) Compaction Phase
[58.153s][info][gc,phases      ] GC(88) Compaction Phase 241.927ms
[58.153s][info][gc,phases,start] GC(88) Post Compact
[58.171s][info][gc,phases      ] GC(88) Post Compact 17.650ms
[58.171s][info][gc,heap        ] GC(88) PSYoungGen: 1063936K(1755136K)->857878K(1755136K) Eden: 1063936K(1063936K)->857878K(1063936K) From: 0K(691200K)->0K(691200K)
[58.171s][info][gc,heap        ] GC(88) ParOldGen: 4893660K(4893696K)->4893660K(4893696K)
[58.171s][info][gc,metaspace   ] GC(88) Metaspace: 10635K(11072K)->10635K(11072K) NonClass: 9558K(9792K)->9558K(9792K) Class: 1077K(1280K)->1077K(1280K)
[58.171s][info][gc             ] GC(88) Pause Full (Ergonomics) 5817M->5616M(6493M) 684.303ms
[58.171s][info][gc,cpu         ] GC(88) User=6.66s Sys=0.09s Real=0.68s
[58.225s][info][gc,start       ] GC(89) Pause Full (Ergonomics)
[58.225s][info][gc,phases,start] GC(89) Marking Phase
[58.662s][info][gc,phases      ] GC(89) Marking Phase 436.684ms
[58.662s][info][gc,phases,start] GC(89) Summary Phase
[58.662s][info][gc,phases      ] GC(89) Summary Phase 0.046ms
[58.662s][info][gc,phases,start] GC(89) Adjust Roots
[58.663s][info][gc,phases      ] GC(89) Adjust Roots 0.976ms
[58.663s][info][gc,phases,start] GC(89) Compaction Phase
[58.955s][info][gc,phases      ] GC(89) Compaction Phase 292.446ms
[58.956s][info][gc,phases,start] GC(89) Post Compact
[58.973s][info][gc,phases      ] GC(89) Post Compact 17.366ms
[58.973s][info][gc,heap        ] GC(89) PSYoungGen: 1063936K(1755136K)->861831K(1755136K) Eden: 1063936K(1063936K)->861831K(1063936K) From: 0K(691200K)->0K(691200K)
[58.973s][info][gc,heap        ] GC(89) ParOldGen: 4893660K(4893696K)->4893660K(4893696K)
[58.973s][info][gc,metaspace   ] GC(89) Metaspace: 10635K(11072K)->10635K(11072K) NonClass: 9558K(9792K)->9558K(9792K) Class: 1077K(1280K)->1077K(1280K)
[58.973s][info][gc             ] GC(89) Pause Full (Ergonomics) 5817M->5620M(6493M) 747.786ms
[58.973s][info][gc,cpu         ] GC(89) User=6.44s Sys=0.19s Real=0.75s
[59.019s][info][gc,start       ] GC(90) Pause Full (Ergonomics)
[59.019s][info][gc,phases,start] GC(90) Marking Phase
[59.429s][info][gc,phases      ] GC(90) Marking Phase 410.120ms
[59.429s][info][gc,phases,start] GC(90) Summary Phase
[59.430s][info][gc,phases      ] GC(90) Summary Phase 0.046ms
[59.430s][info][gc,phases,start] GC(90) Adjust Roots
[59.431s][info][gc,phases      ] GC(90) Adjust Roots 1.007ms
[59.431s][info][gc,phases,start] GC(90) Compaction Phase
[59.752s][info][gc,phases      ] GC(90) Compaction Phase 321.810ms
[59.752s][info][gc,phases,start] GC(90) Post Compact
[59.770s][info][gc,phases      ] GC(90) Post Compact 17.131ms
[59.770s][info][gc,heap        ] GC(90) PSYoungGen: 1063936K(1755136K)->870444K(1755136K) Eden: 1063936K(1063936K)->870444K(1063936K) From: 0K(691200K)->0K(691200K)
[59.770s][info][gc,heap        ] GC(90) ParOldGen: 4893660K(4893696K)->4893660K(4893696K)
[59.770s][info][gc,metaspace   ] GC(90) Metaspace: 10636K(11072K)->10636K(11072K) NonClass: 9558K(9792K)->9558K(9792K) Class: 1077K(1280K)->1077K(1280K)
[59.770s][info][gc             ] GC(90) Pause Full (Ergonomics) 5817M->5629M(6493M) 750.385ms
[59.770s][info][gc,cpu         ] GC(90) User=6.38s Sys=0.09s Real=0.75s
[59.821s][info][gc,start       ] GC(91) Pause Full (Ergonomics)
[59.822s][info][gc,phases,start] GC(91) Marking Phase
[60.239s][info][gc,phases      ] GC(91) Marking Phase 417.416ms
[60.239s][info][gc,phases,start] GC(91) Summary Phase
[60.239s][info][gc,phases      ] GC(91) Summary Phase 0.066ms
[60.239s][info][gc,phases,start] GC(91) Adjust Roots
[60.240s][info][gc,phases      ] GC(91) Adjust Roots 1.087ms
[60.240s][info][gc,phases,start] GC(91) Compaction Phase
[60.651s][info][gc,phases      ] GC(91) Compaction Phase 411.134ms
[60.651s][info][gc,phases,start] GC(91) Post Compact
[60.669s][info][gc,phases      ] GC(91) Post Compact 17.504ms
[60.669s][info][gc,heap        ] GC(91) PSYoungGen: 1063936K(1755136K)->873201K(1755136K) Eden: 1063936K(1063936K)->873201K(1063936K) From: 0K(691200K)->0K(691200K)
[60.669s][info][gc,heap        ] GC(91) ParOldGen: 4893660K(4893696K)->4893660K(4893696K)
[60.669s][info][gc,metaspace   ] GC(91) Metaspace: 10636K(11072K)->10636K(11072K) NonClass: 9558K(9792K)->9558K(9792K) Class: 1077K(1280K)->1077K(1280K)
[60.669s][info][gc             ] GC(91) Pause Full (Ergonomics) 5817M->5631M(6493M) 847.465ms
[60.669s][info][gc,cpu         ] GC(91) User=6.78s Sys=0.06s Real=0.85s
[60.718s][info][gc,start       ] GC(92) Pause Full (Ergonomics)
[60.718s][info][gc,phases,start] GC(92) Marking Phase
[61.188s][info][gc,phases      ] GC(92) Marking Phase 469.961ms
[61.188s][info][gc,phases,start] GC(92) Summary Phase
[61.188s][info][gc,phases      ] GC(92) Summary Phase 0.053ms
[61.188s][info][gc,phases,start] GC(92) Adjust Roots
[61.189s][info][gc,phases      ] GC(92) Adjust Roots 0.916ms
[61.189s][info][gc,phases,start] GC(92) Compaction Phase
[61.485s][info][gc,phases      ] GC(92) Compaction Phase 295.765ms
[61.485s][info][gc,phases,start] GC(92) Post Compact
[61.502s][info][gc,phases      ] GC(92) Post Compact 17.569ms
[61.503s][info][gc,heap        ] GC(92) PSYoungGen: 1063936K(1755136K)->888212K(1755136K) Eden: 1063936K(1063936K)->888212K(1063936K) From: 0K(691200K)->0K(691200K)
[61.503s][info][gc,heap        ] GC(92) ParOldGen: 4893660K(4893696K)->4893660K(4893696K)
[61.503s][info][gc,metaspace   ] GC(92) Metaspace: 10637K(11072K)->10637K(11072K) NonClass: 9559K(9792K)->9559K(9792K) Class: 1077K(1280K)->1077K(1280K)
[61.503s][info][gc             ] GC(92) Pause Full (Ergonomics) 5817M->5646M(6493M) 784.563ms
[61.503s][info][gc,cpu         ] GC(92) User=6.89s Sys=0.02s Real=0.79s
[61.556s][info][gc,start       ] GC(93) Pause Full (Ergonomics)
[61.556s][info][gc,phases,start] GC(93) Marking Phase
[61.975s][info][gc,phases      ] GC(93) Marking Phase 419.018ms
[61.976s][info][gc,phases,start] GC(93) Summary Phase
[61.976s][info][gc,phases      ] GC(93) Summary Phase 0.052ms
[61.976s][info][gc,phases,start] GC(93) Adjust Roots
[61.977s][info][gc,phases      ] GC(93) Adjust Roots 1.070ms
[61.977s][info][gc,phases,start] GC(93) Compaction Phase
[62.217s][info][gc,phases      ] GC(93) Compaction Phase 240.143ms
[62.217s][info][gc,phases,start] GC(93) Post Compact
[62.234s][info][gc,phases      ] GC(93) Post Compact 17.440ms
[62.234s][info][gc,heap        ] GC(93) PSYoungGen: 1063936K(1755136K)->886147K(1755136K) Eden: 1063936K(1063936K)->886147K(1063936K) From: 0K(691200K)->0K(691200K)
[62.234s][info][gc,heap        ] GC(93) ParOldGen: 4893660K(4893696K)->4893660K(4893696K)
[62.234s][info][gc,metaspace   ] GC(93) Metaspace: 10637K(11072K)->10637K(11072K) NonClass: 9560K(9792K)->9560K(9792K) Class: 1077K(1280K)->1077K(1280K)
[62.234s][info][gc             ] GC(93) Pause Full (Ergonomics) 5817M->5644M(6493M) 677.977ms
[62.234s][info][gc,cpu         ] GC(93) User=7.16s Sys=0.11s Real=0.68s
[62.279s][info][gc,start       ] GC(94) Pause Full (Ergonomics)
[62.279s][info][gc,phases,start] GC(94) Marking Phase
[62.698s][info][gc,phases      ] GC(94) Marking Phase 419.805ms
[62.698s][info][gc,phases,start] GC(94) Summary Phase
[62.698s][info][gc,phases      ] GC(94) Summary Phase 0.051ms
[62.699s][info][gc,phases,start] GC(94) Adjust Roots
[62.700s][info][gc,phases      ] GC(94) Adjust Roots 1.097ms
[62.700s][info][gc,phases,start] GC(94) Compaction Phase
[63.161s][info][gc,phases      ] GC(94) Compaction Phase 461.149ms
[63.161s][info][gc,phases,start] GC(94) Post Compact
[63.178s][info][gc,phases      ] GC(94) Post Compact 16.948ms
[63.178s][info][gc,heap        ] GC(94) PSYoungGen: 1063936K(1755136K)->890724K(1755136K) Eden: 1063936K(1063936K)->890724K(1063936K) From: 0K(691200K)->0K(691200K)
[63.178s][info][gc,heap        ] GC(94) ParOldGen: 4893660K(4893696K)->4893660K(4893696K)
[63.178s][info][gc,metaspace   ] GC(94) Metaspace: 10637K(11072K)->10637K(11072K) NonClass: 9560K(9792K)->9560K(9792K) Class: 1077K(1280K)->1077K(1280K)
[63.178s][info][gc             ] GC(94) Pause Full (Ergonomics) 5817M->5648M(6493M) 899.332ms
[63.178s][info][gc,cpu         ] GC(94) User=7.17s Sys=0.02s Real=0.90s
[63.232s][info][gc,start       ] GC(95) Pause Full (Ergonomics)
[63.232s][info][gc,phases,start] GC(95) Marking Phase
[63.688s][info][gc,phases      ] GC(95) Marking Phase 456.827ms
[63.688s][info][gc,phases,start] GC(95) Summary Phase
[63.689s][info][gc,phases      ] GC(95) Summary Phase 0.054ms
[63.689s][info][gc,phases,start] GC(95) Adjust Roots
[63.689s][info][gc,phases      ] GC(95) Adjust Roots 0.953ms
[63.690s][info][gc,phases,start] GC(95) Compaction Phase
[64.034s][info][gc,phases      ] GC(95) Compaction Phase 344.138ms
[64.034s][info][gc,phases,start] GC(95) Post Compact
[64.052s][info][gc,phases      ] GC(95) Post Compact 18.385ms
[64.052s][info][gc,heap        ] GC(95) PSYoungGen: 1063936K(1755136K)->916976K(1755136K) Eden: 1063936K(1063936K)->916976K(1063936K) From: 0K(691200K)->0K(691200K)
[64.052s][info][gc,heap        ] GC(95) ParOldGen: 4893660K(4893696K)->4893659K(4893696K)
[64.052s][info][gc,metaspace   ] GC(95) Metaspace: 10637K(11072K)->10637K(11072K) NonClass: 9560K(9792K)->9560K(9792K) Class: 1077K(1280K)->1077K(1280K)
[64.052s][info][gc             ] GC(95) Pause Full (Ergonomics) 5817M->5674M(6493M) 820.621ms
[64.052s][info][gc,cpu         ] GC(95) User=6.89s Sys=0.05s Real=0.82s
[64.097s][info][gc,start       ] GC(96) Pause Full (Ergonomics)
[64.097s][info][gc,phases,start] GC(96) Marking Phase
[64.515s][info][gc,phases      ] GC(96) Marking Phase 418.084ms
[64.515s][info][gc,phases,start] GC(96) Summary Phase
[64.515s][info][gc,phases      ] GC(96) Summary Phase 0.048ms
[64.515s][info][gc,phases,start] GC(96) Adjust Roots
[64.516s][info][gc,phases      ] GC(96) Adjust Roots 1.402ms
[64.516s][info][gc,phases,start] GC(96) Compaction Phase
[64.785s][info][gc,phases      ] GC(96) Compaction Phase 269.019ms
[64.785s][info][gc,phases,start] GC(96) Post Compact
[64.803s][info][gc,phases      ] GC(96) Post Compact 17.372ms
[64.803s][info][gc,heap        ] GC(96) PSYoungGen: 1063936K(1755136K)->877826K(1755136K) Eden: 1063936K(1063936K)->877826K(1063936K) From: 0K(691200K)->0K(691200K)
[64.803s][info][gc,heap        ] GC(96) ParOldGen: 4893659K(4893696K)->4893659K(4893696K)
[64.803s][info][gc,metaspace   ] GC(96) Metaspace: 10637K(11072K)->10637K(11072K) NonClass: 9560K(9792K)->9560K(9792K) Class: 1077K(1280K)->1077K(1280K)
[64.803s][info][gc             ] GC(96) Pause Full (Ergonomics) 5817M->5636M(6493M) 706.232ms
[64.803s][info][gc,cpu         ] GC(96) User=8.25s Sys=0.00s Real=0.71s
[64.853s][info][gc,start       ] GC(97) Pause Full (Ergonomics)
[64.853s][info][gc,phases,start] GC(97) Marking Phase
[65.296s][info][gc,phases      ] GC(97) Marking Phase 442.410ms
[65.296s][info][gc,phases,start] GC(97) Summary Phase
[65.296s][info][gc,phases      ] GC(97) Summary Phase 0.113ms
[65.296s][info][gc,phases,start] GC(97) Adjust Roots
[65.297s][info][gc,phases      ] GC(97) Adjust Roots 1.211ms
[65.297s][info][gc,phases,start] GC(97) Compaction Phase
[65.898s][info][gc,phases      ] GC(97) Compaction Phase 601.265ms
[65.899s][info][gc,phases,start] GC(97) Post Compact
[65.916s][info][gc,phases      ] GC(97) Post Compact 17.626ms
[65.916s][info][gc,heap        ] GC(97) PSYoungGen: 1063936K(1755136K)->896591K(1755136K) Eden: 1063936K(1063936K)->896591K(1063936K) From: 0K(691200K)->0K(691200K)
[65.916s][info][gc,heap        ] GC(97) ParOldGen: 4893659K(4893696K)->4893658K(4893696K)
[65.916s][info][gc,metaspace   ] GC(97) Metaspace: 10637K(11072K)->10637K(11072K) NonClass: 9560K(9792K)->9560K(9792K) Class: 1077K(1280K)->1077K(1280K)
[65.916s][info][gc             ] GC(97) Pause Full (Ergonomics) 5817M->5654M(6493M) 1062.983ms
[65.916s][info][gc,cpu         ] GC(97) User=6.84s Sys=0.08s Real=1.06s
[65.963s][info][gc,start       ] GC(98) Pause Full (Ergonomics)
[65.963s][info][gc,phases,start] GC(98) Marking Phase
[66.400s][info][gc,phases      ] GC(98) Marking Phase 436.250ms
[66.400s][info][gc,phases,start] GC(98) Summary Phase
[66.400s][info][gc,phases      ] GC(98) Summary Phase 0.048ms
[66.400s][info][gc,phases,start] GC(98) Adjust Roots
[66.401s][info][gc,phases      ] GC(98) Adjust Roots 0.895ms
[66.401s][info][gc,phases,start] GC(98) Compaction Phase
[66.933s][info][gc,phases      ] GC(98) Compaction Phase 532.364ms
[66.933s][info][gc,phases,start] GC(98) Post Compact
[66.950s][info][gc,phases      ] GC(98) Post Compact 17.214ms
[66.950s][info][gc,heap        ] GC(98) PSYoungGen: 1063936K(1755136K)->919705K(1755136K) Eden: 1063936K(1063936K)->919705K(1063936K) From: 0K(691200K)->0K(691200K)
[66.950s][info][gc,heap        ] GC(98) ParOldGen: 4893658K(4893696K)->4893658K(4893696K)
[66.950s][info][gc,metaspace   ] GC(98) Metaspace: 10638K(11072K)->10638K(11072K) NonClass: 9561K(9792K)->9561K(9792K) Class: 1077K(1280K)->1077K(1280K)
[66.950s][info][gc             ] GC(98) Pause Full (Ergonomics) 5817M->5677M(6493M) 987.016ms
[66.950s][info][gc,cpu         ] GC(98) User=6.98s Sys=0.03s Real=0.99s
[66.990s][info][gc,start       ] GC(99) Pause Full (Ergonomics)
[66.990s][info][gc,phases,start] GC(99) Marking Phase
[67.416s][info][gc,phases      ] GC(99) Marking Phase 426.690ms
[67.416s][info][gc,phases,start] GC(99) Summary Phase
[67.417s][info][gc,phases      ] GC(99) Summary Phase 0.049ms
[67.417s][info][gc,phases,start] GC(99) Adjust Roots
[67.418s][info][gc,phases      ] GC(99) Adjust Roots 1.222ms
[67.418s][info][gc,phases,start] GC(99) Compaction Phase
[67.689s][info][gc,phases      ] GC(99) Compaction Phase 271.391ms
[67.689s][info][gc,phases,start] GC(99) Post Compact
[67.706s][info][gc,phases      ] GC(99) Post Compact 17.221ms
[67.706s][info][gc,heap        ] GC(99) PSYoungGen: 1063936K(1755136K)->901055K(1755136K) Eden: 1063936K(1063936K)->901055K(1063936K) From: 0K(691200K)->0K(691200K)
[67.706s][info][gc,heap        ] GC(99) ParOldGen: 4893658K(4893696K)->4893658K(4893696K)
[67.706s][info][gc,metaspace   ] GC(99) Metaspace: 10638K(11072K)->10638K(11072K) NonClass: 9561K(9792K)->9561K(9792K) Class: 1077K(1280K)->1077K(1280K)
[67.707s][info][gc             ] GC(99) Pause Full (Ergonomics) 5817M->5658M(6493M) 716.859ms
[67.707s][info][gc,cpu         ] GC(99) User=8.31s Sys=0.16s Real=0.72s
[67.749s][info][gc,start       ] GC(100) Pause Full (Ergonomics)
[67.749s][info][gc,phases,start] GC(100) Marking Phase
[68.203s][info][gc,phases      ] GC(100) Marking Phase 453.927ms
[68.203s][info][gc,phases,start] GC(100) Summary Phase
[68.203s][info][gc,phases      ] GC(100) Summary Phase 0.052ms
[68.203s][info][gc,phases,start] GC(100) Adjust Roots
[68.204s][info][gc,phases      ] GC(100) Adjust Roots 0.964ms
[68.204s][info][gc,phases,start] GC(100) Compaction Phase
[68.705s][info][gc,phases      ] GC(100) Compaction Phase 501.036ms
[68.705s][info][gc,phases,start] GC(100) Post Compact
[68.722s][info][gc,phases      ] GC(100) Post Compact 17.009ms
[68.722s][info][gc,heap        ] GC(100) PSYoungGen: 1063936K(1755136K)->913380K(1755136K) Eden: 1063936K(1063936K)->913380K(1063936K) From: 0K(691200K)->0K(691200K)
[68.722s][info][gc,heap        ] GC(100) ParOldGen: 4893658K(4893696K)->4893658K(4893696K)
[68.722s][info][gc,metaspace   ] GC(100) Metaspace: 10640K(11072K)->10640K(11072K) NonClass: 9563K(9792K)->9563K(9792K) Class: 1077K(1280K)->1077K(1280K)
[68.722s][info][gc             ] GC(100) Pause Full (Ergonomics) 5817M->5670M(6493M) 973.248ms
[68.722s][info][gc,cpu         ] GC(100) User=6.98s Sys=0.08s Real=0.97s
[68.764s][info][gc,start       ] GC(101) Pause Full (Ergonomics)
[68.764s][info][gc,phases,start] GC(101) Marking Phase
[69.186s][info][gc,phases      ] GC(101) Marking Phase 421.611ms
[69.186s][info][gc,phases,start] GC(101) Summary Phase
[69.186s][info][gc,phases      ] GC(101) Summary Phase 0.048ms
[69.186s][info][gc,phases,start] GC(101) Adjust Roots
[69.188s][info][gc,phases      ] GC(101) Adjust Roots 1.638ms
[69.188s][info][gc,phases,start] GC(101) Compaction Phase
[69.522s][info][gc,phases      ] GC(101) Compaction Phase 334.303ms
[69.522s][info][gc,phases,start] GC(101) Post Compact
[69.539s][info][gc,phases      ] GC(101) Post Compact 17.223ms
[69.539s][info][gc,heap        ] GC(101) PSYoungGen: 1063936K(1755136K)->870681K(1755136K) Eden: 1063936K(1063936K)->870681K(1063936K) From: 0K(691200K)->0K(691200K)
[69.539s][info][gc,heap        ] GC(101) ParOldGen: 4893658K(4893696K)->4893436K(4893696K)
[69.539s][info][gc,metaspace   ] GC(101) Metaspace: 10648K(11072K)->10648K(11072K) NonClass: 9570K(9792K)->9570K(9792K) Class: 1077K(1280K)->1077K(1280K)
[69.539s][info][gc             ] GC(101) Pause Full (Ergonomics) 5817M->5629M(6493M) 775.140ms
[69.539s][info][gc,cpu         ] GC(101) User=8.45s Sys=0.08s Real=0.78s
[69.589s][info][gc,start       ] GC(102) Pause Full (Ergonomics)
[69.589s][info][gc,phases,start] GC(102) Marking Phase
[70.007s][info][gc,phases      ] GC(102) Marking Phase 417.578ms
[70.007s][info][gc,phases,start] GC(102) Summary Phase
[70.007s][info][gc,phases      ] GC(102) Summary Phase 0.047ms
[70.007s][info][gc,phases,start] GC(102) Adjust Roots
[70.008s][info][gc,phases      ] GC(102) Adjust Roots 1.009ms
[70.008s][info][gc,phases,start] GC(102) Compaction Phase
[70.223s][info][gc,phases      ] GC(102) Compaction Phase 215.730ms
[70.223s][info][gc,phases,start] GC(102) Post Compact
[70.241s][info][gc,phases      ] GC(102) Post Compact 17.217ms
[70.241s][info][gc,heap        ] GC(102) PSYoungGen: 1063936K(1755136K)->874269K(1755136K) Eden: 1063936K(1063936K)->874269K(1063936K) From: 0K(691200K)->0K(691200K)
[70.241s][info][gc,heap        ] GC(102) ParOldGen: 4893436K(4893696K)->4893436K(4893696K)
[70.241s][info][gc,metaspace   ] GC(102) Metaspace: 10648K(11072K)->10648K(11072K) NonClass: 9570K(9792K)->9570K(9792K) Class: 1077K(1280K)->1077K(1280K)
[70.241s][info][gc             ] GC(102) Pause Full (Ergonomics) 5817M->5632M(6493M) 651.862ms
[70.241s][info][gc,cpu         ] GC(102) User=6.72s Sys=0.09s Real=0.65s
[70.293s][info][gc,start       ] GC(103) Pause Full (Ergonomics)
[70.293s][info][gc,phases,start] GC(103) Marking Phase
[70.713s][info][gc,phases      ] GC(103) Marking Phase 419.849ms
[70.713s][info][gc,phases,start] GC(103) Summary Phase
[70.713s][info][gc,phases      ] GC(103) Summary Phase 0.053ms
[70.713s][info][gc,phases,start] GC(103) Adjust Roots
[70.714s][info][gc,phases      ] GC(103) Adjust Roots 1.254ms
[70.714s][info][gc,phases,start] GC(103) Compaction Phase
[70.988s][info][gc,phases      ] GC(103) Compaction Phase 273.728ms
[70.988s][info][gc,phases,start] GC(103) Post Compact
[71.005s][info][gc,phases      ] GC(103) Post Compact 17.164ms
[71.005s][info][gc,heap        ] GC(103) PSYoungGen: 1063936K(1755136K)->875657K(1755136K) Eden: 1063936K(1063936K)->875657K(1063936K) From: 0K(691200K)->0K(691200K)
[71.005s][info][gc,heap        ] GC(103) ParOldGen: 4893436K(4893696K)->4893436K(4893696K)
[71.005s][info][gc,metaspace   ] GC(103) Metaspace: 10648K(11072K)->10648K(11072K) NonClass: 9570K(9792K)->9570K(9792K) Class: 1077K(1280K)->1077K(1280K)
[71.005s][info][gc             ] GC(103) Pause Full (Ergonomics) 5817M->5633M(6493M) 712.318ms
[71.005s][info][gc,cpu         ] GC(103) User=6.55s Sys=0.11s Real=0.71s
[71.054s][info][gc,start       ] GC(104) Pause Full (Ergonomics)
[71.054s][info][gc,phases,start] GC(104) Marking Phase
[71.485s][info][gc,phases      ] GC(104) Marking Phase 431.509ms
[71.485s][info][gc,phases,start] GC(104) Summary Phase
[71.486s][info][gc,phases      ] GC(104) Summary Phase 0.046ms
[71.486s][info][gc,phases,start] GC(104) Adjust Roots
[71.486s][info][gc,phases      ] GC(104) Adjust Roots 0.897ms
[71.486s][info][gc,phases,start] GC(104) Compaction Phase
[71.860s][info][gc,phases      ] GC(104) Compaction Phase 373.469ms
[71.860s][info][gc,phases,start] GC(104) Post Compact
[71.878s][info][gc,phases      ] GC(104) Post Compact 17.565ms
[71.878s][info][gc,heap        ] GC(104) PSYoungGen: 1063936K(1755136K)->892911K(1755136K) Eden: 1063936K(1063936K)->892911K(1063936K) From: 0K(691200K)->0K(691200K)
[71.878s][info][gc,heap        ] GC(104) ParOldGen: 4893436K(4893696K)->4893436K(4893696K)
[71.878s][info][gc,metaspace   ] GC(104) Metaspace: 10649K(11072K)->10649K(11072K) NonClass: 9571K(9792K)->9571K(9792K) Class: 1077K(1280K)->1077K(1280K)
[71.878s][info][gc             ] GC(104) Pause Full (Ergonomics) 5817M->5650M(6493M) 823.735ms
[71.878s][info][gc,cpu         ] GC(104) User=6.38s Sys=0.08s Real=0.82s
[71.924s][info][gc,start       ] GC(105) Pause Full (Ergonomics)
[71.924s][info][gc,phases,start] GC(105) Marking Phase
[72.363s][info][gc,phases      ] GC(105) Marking Phase 439.486ms
[72.363s][info][gc,phases,start] GC(105) Summary Phase
[72.363s][info][gc,phases      ] GC(105) Summary Phase 0.048ms
[72.363s][info][gc,phases,start] GC(105) Adjust Roots
[72.365s][info][gc,phases      ] GC(105) Adjust Roots 1.172ms
[72.365s][info][gc,phases,start] GC(105) Compaction Phase
[72.714s][info][gc,phases      ] GC(105) Compaction Phase 349.361ms
[72.714s][info][gc,phases,start] GC(105) Post Compact
[72.731s][info][gc,phases      ] GC(105) Post Compact 17.018ms
[72.731s][info][gc,heap        ] GC(105) PSYoungGen: 1063936K(1755136K)->892179K(1755136K) Eden: 1063936K(1063936K)->892179K(1063936K) From: 0K(691200K)->0K(691200K)
[72.731s][info][gc,heap        ] GC(105) ParOldGen: 4893436K(4893696K)->4893436K(4893696K)
[72.731s][info][gc,metaspace   ] GC(105) Metaspace: 10649K(11072K)->10649K(11072K) NonClass: 9571K(9792K)->9571K(9792K) Class: 1077K(1280K)->1077K(1280K)
[72.731s][info][gc             ] GC(105) Pause Full (Ergonomics) 5817M->5650M(6493M) 807.341ms
[72.731s][info][gc,cpu         ] GC(105) User=7.89s Sys=0.06s Real=0.81s
[72.773s][info][gc,start       ] GC(106) Pause Full (Ergonomics)
[72.773s][info][gc,phases,start] GC(106) Marking Phase
[73.217s][info][gc,phases      ] GC(106) Marking Phase 443.408ms
[73.217s][info][gc,phases,start] GC(106) Summary Phase
[73.217s][info][gc,phases      ] GC(106) Summary Phase 0.086ms
[73.217s][info][gc,phases,start] GC(106) Adjust Roots
[73.218s][info][gc,phases      ] GC(106) Adjust Roots 1.310ms
[73.218s][info][gc,phases,start] GC(106) Compaction Phase
[73.569s][info][gc,phases      ] GC(106) Compaction Phase 350.920ms
[73.569s][info][gc,phases,start] GC(106) Post Compact
[73.588s][info][gc,phases      ] GC(106) Post Compact 18.792ms
[73.588s][info][gc,heap        ] GC(106) PSYoungGen: 1063936K(1755136K)->906916K(1755136K) Eden: 1063936K(1063936K)->906916K(1063936K) From: 0K(691200K)->0K(691200K)
[73.588s][info][gc,heap        ] GC(106) ParOldGen: 4893436K(4893696K)->4893435K(4893696K)
[73.588s][info][gc,metaspace   ] GC(106) Metaspace: 10652K(11072K)->10652K(11072K) NonClass: 9575K(9792K)->9575K(9792K) Class: 1077K(1280K)->1077K(1280K)
[73.588s][info][gc             ] GC(106) Pause Full (Ergonomics) 5817M->5664M(6493M) 814.803ms
[73.588s][info][gc,cpu         ] GC(106) User=6.88s Sys=0.03s Real=0.82s
[73.634s][info][gc,start       ] GC(107) Pause Full (Ergonomics)
[73.634s][info][gc,phases,start] GC(107) Marking Phase
[74.090s][info][gc,phases      ] GC(107) Marking Phase 455.355ms
[74.090s][info][gc,phases,start] GC(107) Summary Phase
[74.090s][info][gc,phases      ] GC(107) Summary Phase 0.066ms
[74.090s][info][gc,phases,start] GC(107) Adjust Roots
[74.091s][info][gc,phases      ] GC(107) Adjust Roots 0.880ms
[74.091s][info][gc,phases,start] GC(107) Compaction Phase
[74.704s][info][gc,phases      ] GC(107) Compaction Phase 612.945ms
[74.704s][info][gc,phases,start] GC(107) Post Compact
[74.726s][info][gc,phases      ] GC(107) Post Compact 22.590ms
[74.726s][info][gc,heap        ] GC(107) PSYoungGen: 1063936K(1755136K)->918999K(1755136K) Eden: 1063936K(1063936K)->918999K(1063936K) From: 0K(691200K)->0K(691200K)
[74.726s][info][gc,heap        ] GC(107) ParOldGen: 4893435K(4893696K)->4893435K(4893696K)
[74.726s][info][gc,metaspace   ] GC(107) Metaspace: 10652K(11072K)->10652K(11072K) NonClass: 9575K(9792K)->9575K(9792K) Class: 1077K(1280K)->1077K(1280K)
[74.726s][info][gc             ] GC(107) Pause Full (Ergonomics) 5817M->5676M(6493M) 1092.114ms
[74.726s][info][gc,cpu         ] GC(107) User=6.83s Sys=0.08s Real=1.09s
[74.772s][info][gc,start       ] GC(108) Pause Full (Ergonomics)
[74.772s][info][gc,phases,start] GC(108) Marking Phase
[75.277s][info][gc,phases      ] GC(108) Marking Phase 505.209ms
[75.277s][info][gc,phases,start] GC(108) Summary Phase
[75.277s][info][gc,phases      ] GC(108) Summary Phase 0.053ms
[75.277s][info][gc,phases,start] GC(108) Adjust Roots
[75.279s][info][gc,phases      ] GC(108) Adjust Roots 1.555ms
[75.279s][info][gc,phases,start] GC(108) Compaction Phase
[75.646s][info][gc,phases      ] GC(108) Compaction Phase 367.008ms
[75.646s][info][gc,phases,start] GC(108) Post Compact
[75.664s][info][gc,phases      ] GC(108) Post Compact 18.419ms
[75.664s][info][gc,heap        ] GC(108) PSYoungGen: 1063936K(1755136K)->900128K(1755136K) Eden: 1063936K(1063936K)->900128K(1063936K) From: 0K(691200K)->0K(691200K)
[75.664s][info][gc,heap        ] GC(108) ParOldGen: 4893435K(4893696K)->4893435K(4893696K)
[75.664s][info][gc,metaspace   ] GC(108) Metaspace: 10652K(11072K)->10652K(11072K) NonClass: 9575K(9792K)->9575K(9792K) Class: 1077K(1280K)->1077K(1280K)
[75.664s][info][gc             ] GC(108) Pause Full (Ergonomics) 5817M->5657M(6493M) 892.631ms
[75.664s][info][gc,cpu         ] GC(108) User=8.89s Sys=0.08s Real=0.89s
[75.709s][info][gc,start       ] GC(109) Pause Full (Ergonomics)
[75.709s][info][gc,phases,start] GC(109) Marking Phase
[76.214s][info][gc,phases      ] GC(109) Marking Phase 505.398ms
[76.214s][info][gc,phases,start] GC(109) Summary Phase
[76.214s][info][gc,phases      ] GC(109) Summary Phase 0.061ms
[76.214s][info][gc,phases,start] GC(109) Adjust Roots
[76.216s][info][gc,phases      ] GC(109) Adjust Roots 1.282ms
[76.216s][info][gc,phases,start] GC(109) Compaction Phase
[76.513s][info][gc,phases      ] GC(109) Compaction Phase 297.239ms
[76.513s][info][gc,phases,start] GC(109) Post Compact
[76.531s][info][gc,phases      ] GC(109) Post Compact 17.476ms
[76.531s][info][gc,heap        ] GC(109) PSYoungGen: 1063936K(1755136K)->910562K(1755136K) Eden: 1063936K(1063936K)->910562K(1063936K) From: 0K(691200K)->0K(691200K)
[76.531s][info][gc,heap        ] GC(109) ParOldGen: 4893435K(4893696K)->4893435K(4893696K)
[76.531s][info][gc,metaspace   ] GC(109) Metaspace: 10652K(11072K)->10652K(11072K) NonClass: 9575K(9792K)->9575K(9792K) Class: 1077K(1280K)->1077K(1280K)
[76.531s][info][gc             ] GC(109) Pause Full (Ergonomics) 5817M->5667M(6493M) 821.740ms
[76.531s][info][gc,cpu         ] GC(109) User=7.58s Sys=0.06s Real=0.82s
[76.571s][info][gc,start       ] GC(110) Pause Full (Ergonomics)
[76.571s][info][gc,phases,start] GC(110) Marking Phase
[77.004s][info][gc,phases      ] GC(110) Marking Phase 432.841ms
[77.004s][info][gc,phases,start] GC(110) Summary Phase
[77.004s][info][gc,phases      ] GC(110) Summary Phase 0.046ms
[77.004s][info][gc,phases,start] GC(110) Adjust Roots
[77.005s][info][gc,phases      ] GC(110) Adjust Roots 1.004ms
[77.005s][info][gc,phases,start] GC(110) Compaction Phase
[77.340s][info][gc,phases      ] GC(110) Compaction Phase 334.539ms
[77.340s][info][gc,phases,start] GC(110) Post Compact
[77.357s][info][gc,phases      ] GC(110) Post Compact 16.929ms
[77.357s][info][gc,heap        ] GC(110) PSYoungGen: 1063936K(1755136K)->913511K(1755136K) Eden: 1063936K(1063936K)->913511K(1063936K) From: 0K(691200K)->0K(691200K)
[77.357s][info][gc,heap        ] GC(110) ParOldGen: 4893435K(4893696K)->4893435K(4893696K)
[77.357s][info][gc,metaspace   ] GC(110) Metaspace: 10654K(11072K)->10654K(11072K) NonClass: 9576K(9792K)->9576K(9792K) Class: 1077K(1280K)->1077K(1280K)
[77.357s][info][gc             ] GC(110) Pause Full (Ergonomics) 5817M->5670M(6493M) 785.630ms
[77.357s][info][gc,cpu         ] GC(110) User=6.97s Sys=0.05s Real=0.78s
[77.397s][info][gc,start       ] GC(111) Pause Full (Ergonomics)
[77.397s][info][gc,phases,start] GC(111) Marking Phase
[77.834s][info][gc,phases      ] GC(111) Marking Phase 436.750ms
[77.834s][info][gc,phases,start] GC(111) Summary Phase
[77.834s][info][gc,phases      ] GC(111) Summary Phase 0.046ms
[77.834s][info][gc,phases,start] GC(111) Adjust Roots
[77.835s][info][gc,phases      ] GC(111) Adjust Roots 1.056ms
[77.835s][info][gc,phases,start] GC(111) Compaction Phase
[78.112s][info][gc,phases      ] GC(111) Compaction Phase 277.257ms
[78.112s][info][gc,phases,start] GC(111) Post Compact
[78.131s][info][gc,phases      ] GC(111) Post Compact 18.718ms
[78.131s][info][gc,heap        ] GC(111) PSYoungGen: 1063936K(1755136K)->910379K(1755136K) Eden: 1063936K(1063936K)->910379K(1063936K) From: 0K(691200K)->0K(691200K)
[78.131s][info][gc,heap        ] GC(111) ParOldGen: 4893435K(4893696K)->4893435K(4893696K)
[78.131s][info][gc,metaspace   ] GC(111) Metaspace: 10654K(11072K)->10654K(11072K) NonClass: 9576K(9792K)->9576K(9792K) Class: 1077K(1280K)->1077K(1280K)
[78.131s][info][gc             ] GC(111) Pause Full (Ergonomics) 5817M->5667M(6493M) 734.065ms
[78.131s][info][gc,cpu         ] GC(111) User=7.08s Sys=0.08s Real=0.73s
[78.174s][info][gc,start       ] GC(112) Pause Full (Ergonomics)
[78.174s][info][gc,phases,start] GC(112) Marking Phase
[78.644s][info][gc,phases      ] GC(112) Marking Phase 470.173ms
[78.644s][info][gc,phases,start] GC(112) Summary Phase
[78.644s][info][gc,phases      ] GC(112) Summary Phase 0.044ms
[78.644s][info][gc,phases,start] GC(112) Adjust Roots
[78.645s][info][gc,phases      ] GC(112) Adjust Roots 1.039ms
[78.645s][info][gc,phases,start] GC(112) Compaction Phase
[78.983s][info][gc,phases      ] GC(112) Compaction Phase 337.208ms
[78.983s][info][gc,phases,start] GC(112) Post Compact
[79.000s][info][gc,phases      ] GC(112) Post Compact 17.214ms
[79.000s][info][gc,heap        ] GC(112) PSYoungGen: 1063936K(1755136K)->914903K(1755136K) Eden: 1063936K(1063936K)->914903K(1063936K) From: 0K(691200K)->0K(691200K)
[79.000s][info][gc,heap        ] GC(112) ParOldGen: 4893435K(4893696K)->4893435K(4893696K)
[79.000s][info][gc,metaspace   ] GC(112) Metaspace: 10654K(11072K)->10654K(11072K) NonClass: 9576K(9792K)->9576K(9792K) Class: 1077K(1280K)->1077K(1280K)
[79.000s][info][gc             ] GC(112) Pause Full (Ergonomics) 5817M->5672M(6493M) 825.926ms
[79.000s][info][gc,cpu         ] GC(112) User=7.09s Sys=0.16s Real=0.83s
[79.043s][info][gc,start       ] GC(113) Pause Full (Ergonomics)
[79.043s][info][gc,phases,start] GC(113) Marking Phase
[79.482s][info][gc,phases      ] GC(113) Marking Phase 439.352ms
[79.482s][info][gc,phases,start] GC(113) Summary Phase
[79.482s][info][gc,phases      ] GC(113) Summary Phase 0.062ms
[79.482s][info][gc,phases,start] GC(113) Adjust Roots
[79.483s][info][gc,phases      ] GC(113) Adjust Roots 1.013ms
[79.483s][info][gc,phases,start] GC(113) Compaction Phase
[79.768s][info][gc,phases      ] GC(113) Compaction Phase 284.425ms
[79.768s][info][gc,phases,start] GC(113) Post Compact
[79.785s][info][gc,phases      ] GC(113) Post Compact 17.117ms
[79.785s][info][gc,heap        ] GC(113) PSYoungGen: 1063936K(1755136K)->916356K(1755136K) Eden: 1063936K(1063936K)->916356K(1063936K) From: 0K(691200K)->0K(691200K)
[79.785s][info][gc,heap        ] GC(113) ParOldGen: 4893435K(4893696K)->4893435K(4893696K)
[79.785s][info][gc,metaspace   ] GC(113) Metaspace: 10654K(11072K)->10654K(11072K) NonClass: 9576K(9792K)->9576K(9792K) Class: 1077K(1280K)->1077K(1280K)
[79.785s][info][gc             ] GC(113) Pause Full (Ergonomics) 5817M->5673M(6493M) 742.223ms
[79.785s][info][gc,cpu         ] GC(113) User=7.03s Sys=0.05s Real=0.74s
[79.830s][info][gc,start       ] GC(114) Pause Full (Ergonomics)
[79.830s][info][gc,phases,start] GC(114) Marking Phase
[80.317s][info][gc,phases      ] GC(114) Marking Phase 487.597ms
[80.318s][info][gc,phases,start] GC(114) Summary Phase
[80.318s][info][gc,phases      ] GC(114) Summary Phase 0.072ms
[80.318s][info][gc,phases,start] GC(114) Adjust Roots
[80.319s][info][gc,phases      ] GC(114) Adjust Roots 1.171ms
[80.319s][info][gc,phases,start] GC(114) Compaction Phase
[80.566s][info][gc,phases      ] GC(114) Compaction Phase 247.215ms
[80.566s][info][gc,phases,start] GC(114) Post Compact
[80.584s][info][gc,phases      ] GC(114) Post Compact 18.234ms
[80.584s][info][gc,heap        ] GC(114) PSYoungGen: 1063936K(1755136K)->917723K(1755136K) Eden: 1063936K(1063936K)->917723K(1063936K) From: 0K(691200K)->0K(691200K)
[80.584s][info][gc,heap        ] GC(114) ParOldGen: 4893435K(4893696K)->4893435K(4893696K)
[80.584s][info][gc,metaspace   ] GC(114) Metaspace: 10654K(11072K)->10654K(11072K) NonClass: 9576K(9792K)->9576K(9792K) Class: 1077K(1280K)->1077K(1280K)
[80.584s][info][gc             ] GC(114) Pause Full (Ergonomics) 5817M->5674M(6493M) 754.568ms
[80.584s][info][gc,cpu         ] GC(114) User=7.34s Sys=0.05s Real=0.76s
[80.626s][info][gc,start       ] GC(115) Pause Full (Ergonomics)
[80.626s][info][gc,phases,start] GC(115) Marking Phase
[81.092s][info][gc,phases      ] GC(115) Marking Phase 465.149ms
[81.092s][info][gc,phases,start] GC(115) Summary Phase
[81.092s][info][gc,phases      ] GC(115) Summary Phase 0.046ms
[81.092s][info][gc,phases,start] GC(115) Adjust Roots
[81.093s][info][gc,phases      ] GC(115) Adjust Roots 1.044ms
[81.093s][info][gc,phases,start] GC(115) Compaction Phase
[81.359s][info][gc,phases      ] GC(115) Compaction Phase 266.208ms
[81.359s][info][gc,phases,start] GC(115) Post Compact
[81.376s][info][gc,phases      ] GC(115) Post Compact 17.102ms
[81.376s][info][gc,heap        ] GC(115) PSYoungGen: 1063936K(1755136K)->921724K(1755136K) Eden: 1063936K(1063936K)->921724K(1063936K) From: 0K(691200K)->0K(691200K)
[81.376s][info][gc,heap        ] GC(115) ParOldGen: 4893435K(4893696K)->4893435K(4893696K)
[81.376s][info][gc,metaspace   ] GC(115) Metaspace: 10654K(11072K)->10654K(11072K) NonClass: 9576K(9792K)->9576K(9792K) Class: 1077K(1280K)->1077K(1280K)
[81.376s][info][gc             ] GC(115) Pause Full (Ergonomics) 5817M->5678M(6493M) 749.796ms
[81.376s][info][gc,cpu         ] GC(115) User=7.22s Sys=0.08s Real=0.75s
[81.414s][info][gc,start       ] GC(116) Pause Full (Ergonomics)
[81.414s][info][gc,phases,start] GC(116) Marking Phase
[81.863s][info][gc,phases      ] GC(116) Marking Phase 449.029ms
[81.863s][info][gc,phases,start] GC(116) Summary Phase
[81.863s][info][gc,phases      ] GC(116) Summary Phase 0.145ms
[81.863s][info][gc,phases,start] GC(116) Adjust Roots
[81.864s][info][gc,phases      ] GC(116) Adjust Roots 1.147ms
[81.864s][info][gc,phases,start] GC(116) Compaction Phase
[82.124s][info][gc,phases      ] GC(116) Compaction Phase 259.515ms
[82.124s][info][gc,phases,start] GC(116) Post Compact
[82.141s][info][gc,phases      ] GC(116) Post Compact 17.344ms
[82.141s][info][gc,heap        ] GC(116) PSYoungGen: 1063936K(1755136K)->923209K(1755136K) Eden: 1063936K(1063936K)->923209K(1063936K) From: 0K(691200K)->0K(691200K)
[82.141s][info][gc,heap        ] GC(116) ParOldGen: 4893435K(4893696K)->4893435K(4893696K)
[82.141s][info][gc,metaspace   ] GC(116) Metaspace: 10654K(11072K)->10654K(11072K) NonClass: 9576K(9792K)->9576K(9792K) Class: 1077K(1280K)->1077K(1280K)
[82.141s][info][gc             ] GC(116) Pause Full (Ergonomics) 5817M->5680M(6493M) 727.493ms
[82.141s][info][gc,cpu         ] GC(116) User=6.86s Sys=0.08s Real=0.73s
[82.178s][info][gc,start       ] GC(117) Pause Full (Ergonomics)
[82.178s][info][gc,phases,start] GC(117) Marking Phase
[82.630s][info][gc,phases      ] GC(117) Marking Phase 451.191ms
[82.630s][info][gc,phases,start] GC(117) Summary Phase
[82.630s][info][gc,phases      ] GC(117) Summary Phase 0.063ms
[82.630s][info][gc,phases,start] GC(117) Adjust Roots
[82.631s][info][gc,phases      ] GC(117) Adjust Roots 1.048ms
[82.631s][info][gc,phases,start] GC(117) Compaction Phase
[82.860s][info][gc,phases      ] GC(117) Compaction Phase 228.843ms
[82.860s][info][gc,phases,start] GC(117) Post Compact
[82.877s][info][gc,phases      ] GC(117) Post Compact 17.460ms
[82.877s][info][gc,heap        ] GC(117) PSYoungGen: 1063936K(1755136K)->935881K(1755136K) Eden: 1063936K(1063936K)->935881K(1063936K) From: 0K(691200K)->0K(691200K)
[82.877s][info][gc,heap        ] GC(117) ParOldGen: 4893435K(4893696K)->4893435K(4893696K)
[82.877s][info][gc,metaspace   ] GC(117) Metaspace: 10654K(11072K)->10654K(11072K) NonClass: 9576K(9792K)->9576K(9792K) Class: 1077K(1280K)->1077K(1280K)
[82.877s][info][gc             ] GC(117) Pause Full (Ergonomics) 5817M->5692M(6493M) 698.856ms
[82.877s][info][gc,cpu         ] GC(117) User=6.91s Sys=0.03s Real=0.70s
[82.912s][info][gc,start       ] GC(118) Pause Full (Ergonomics)
[82.912s][info][gc,phases,start] GC(118) Marking Phase
[83.387s][info][gc,phases      ] GC(118) Marking Phase 474.909ms
[83.387s][info][gc,phases,start] GC(118) Summary Phase
[83.387s][info][gc,phases      ] GC(118) Summary Phase 0.045ms
[83.387s][info][gc,phases,start] GC(118) Adjust Roots
[83.389s][info][gc,phases      ] GC(118) Adjust Roots 1.396ms
[83.389s][info][gc,phases,start] GC(118) Compaction Phase
[83.759s][info][gc,phases      ] GC(118) Compaction Phase 369.992ms
[83.759s][info][gc,phases,start] GC(118) Post Compact
[83.776s][info][gc,phases      ] GC(118) Post Compact 16.997ms
[83.776s][info][gc,heap        ] GC(118) PSYoungGen: 1063936K(1755136K)->933690K(1755136K) Eden: 1063936K(1063936K)->933690K(1063936K) From: 0K(691200K)->0K(691200K)
[83.776s][info][gc,heap        ] GC(118) ParOldGen: 4893435K(4893696K)->4893435K(4893696K)
[83.776s][info][gc,metaspace   ] GC(118) Metaspace: 10654K(11072K)->10654K(11072K) NonClass: 9576K(9792K)->9576K(9792K) Class: 1077K(1280K)->1077K(1280K)
[83.776s][info][gc             ] GC(118) Pause Full (Ergonomics) 5817M->5690M(6493M) 863.603ms
[83.776s][info][gc,cpu         ] GC(118) User=7.77s Sys=0.16s Real=0.86s
[83.813s][info][gc,start       ] GC(119) Pause Full (Ergonomics)
[83.813s][info][gc,phases,start] GC(119) Marking Phase
[84.264s][info][gc,phases      ] GC(119) Marking Phase 450.605ms
[84.264s][info][gc,phases,start] GC(119) Summary Phase
[84.264s][info][gc,phases      ] GC(119) Summary Phase 0.049ms
[84.264s][info][gc,phases,start] GC(119) Adjust Roots
[84.265s][info][gc,phases      ] GC(119) Adjust Roots 0.883ms
[84.265s][info][gc,phases,start] GC(119) Compaction Phase
[84.640s][info][gc,phases      ] GC(119) Compaction Phase 375.494ms
[84.640s][info][gc,phases,start] GC(119) Post Compact
[84.658s][info][gc,phases      ] GC(119) Post Compact 17.140ms
[84.658s][info][gc,heap        ] GC(119) PSYoungGen: 1063936K(1755136K)->948047K(1755136K) Eden: 1063936K(1063936K)->948047K(1063936K) From: 0K(691200K)->0K(691200K)
[84.658s][info][gc,heap        ] GC(119) ParOldGen: 4893435K(4893696K)->4893435K(4893696K)
[84.658s][info][gc,metaspace   ] GC(119) Metaspace: 10654K(11072K)->10654K(11072K) NonClass: 9576K(9792K)->9576K(9792K) Class: 1077K(1280K)->1077K(1280K)
[84.658s][info][gc             ] GC(119) Pause Full (Ergonomics) 5817M->5704M(6493M) 844.421ms
[84.658s][info][gc,cpu         ] GC(119) User=6.92s Sys=0.05s Real=0.85s
[84.691s][info][gc,start       ] GC(120) Pause Full (Ergonomics)
[84.691s][info][gc,phases,start] GC(120) Marking Phase
[85.148s][info][gc,phases      ] GC(120) Marking Phase 457.118ms
[85.148s][info][gc,phases,start] GC(120) Summary Phase
[85.148s][info][gc,phases      ] GC(120) Summary Phase 0.058ms
[85.148s][info][gc,phases,start] GC(120) Adjust Roots
[85.149s][info][gc,phases      ] GC(120) Adjust Roots 0.982ms
[85.149s][info][gc,phases,start] GC(120) Compaction Phase
[85.397s][info][gc,phases      ] GC(120) Compaction Phase 247.601ms
[85.397s][info][gc,phases,start] GC(120) Post Compact
[85.416s][info][gc,phases      ] GC(120) Post Compact 18.845ms
[85.416s][info][gc,heap        ] GC(120) PSYoungGen: 1063936K(1755136K)->955250K(1755136K) Eden: 1063936K(1063936K)->955250K(1063936K) From: 0K(691200K)->0K(691200K)
[85.416s][info][gc,heap        ] GC(120) ParOldGen: 4893435K(4893696K)->4893435K(4893696K)
[85.416s][info][gc,metaspace   ] GC(120) Metaspace: 10654K(11072K)->10654K(11072K) NonClass: 9576K(9792K)->9576K(9792K) Class: 1077K(1280K)->1077K(1280K)
[85.416s][info][gc             ] GC(120) Pause Full (Ergonomics) 5817M->5711M(6493M) 724.895ms
[85.416s][info][gc,cpu         ] GC(120) User=6.77s Sys=0.08s Real=0.72s
[85.445s][info][gc,start       ] GC(121) Pause Full (Ergonomics)
[85.445s][info][gc,phases,start] GC(121) Marking Phase
[85.896s][info][gc,phases      ] GC(121) Marking Phase 450.962ms
[85.896s][info][gc,phases,start] GC(121) Summary Phase
[85.896s][info][gc,phases      ] GC(121) Summary Phase 0.052ms
[85.896s][info][gc,phases,start] GC(121) Adjust Roots
[85.897s][info][gc,phases      ] GC(121) Adjust Roots 1.206ms
[85.897s][info][gc,phases,start] GC(121) Compaction Phase
[86.211s][info][gc,phases      ] GC(121) Compaction Phase 313.849ms
[86.211s][info][gc,phases,start] GC(121) Post Compact
[86.228s][info][gc,phases      ] GC(121) Post Compact 17.671ms
[86.228s][info][gc,heap        ] GC(121) PSYoungGen: 1063936K(1755136K)->931356K(1755136K) Eden: 1063936K(1063936K)->931356K(1063936K) From: 0K(691200K)->0K(691200K)
[86.228s][info][gc,heap        ] GC(121) ParOldGen: 4893435K(4893696K)->4893434K(4893696K)
[86.228s][info][gc,metaspace   ] GC(121) Metaspace: 10654K(11072K)->10654K(11072K) NonClass: 9576K(9792K)->9576K(9792K) Class: 1077K(1280K)->1077K(1280K)
[86.229s][info][gc             ] GC(121) Pause Full (Ergonomics) 5817M->5688M(6493M) 783.978ms
[86.229s][info][gc,cpu         ] GC(121) User=8.09s Sys=0.09s Real=0.79s
[86.264s][info][gc,start       ] GC(122) Pause Full (Ergonomics)
[86.264s][info][gc,phases,start] GC(122) Marking Phase
[86.717s][info][gc,phases      ] GC(122) Marking Phase 452.983ms
[86.717s][info][gc,phases,start] GC(122) Summary Phase
[86.717s][info][gc,phases      ] GC(122) Summary Phase 0.045ms
[86.717s][info][gc,phases,start] GC(122) Adjust Roots
[86.718s][info][gc,phases      ] GC(122) Adjust Roots 0.891ms
[86.718s][info][gc,phases,start] GC(122) Compaction Phase
[87.204s][info][gc,phases      ] GC(122) Compaction Phase 486.137ms
[87.204s][info][gc,phases,start] GC(122) Post Compact
[87.222s][info][gc,phases      ] GC(122) Post Compact 17.597ms
[87.222s][info][gc,heap        ] GC(122) PSYoungGen: 1063936K(1755136K)->944696K(1755136K) Eden: 1063936K(1063936K)->944696K(1063936K) From: 0K(691200K)->0K(691200K)
[87.222s][info][gc,heap        ] GC(122) ParOldGen: 4893434K(4893696K)->4893434K(4893696K)
[87.222s][info][gc,metaspace   ] GC(122) Metaspace: 10654K(11072K)->10654K(11072K) NonClass: 9576K(9792K)->9576K(9792K) Class: 1077K(1280K)->1077K(1280K)
[87.222s][info][gc             ] GC(122) Pause Full (Ergonomics) 5817M->5701M(6493M) 957.933ms
[87.222s][info][gc,cpu         ] GC(122) User=6.95s Sys=0.08s Real=0.96s
[87.254s][info][gc,start       ] GC(123) Pause Full (Ergonomics)
[87.254s][info][gc,phases,start] GC(123) Marking Phase
[87.714s][info][gc,phases      ] GC(123) Marking Phase 459.995ms
[87.715s][info][gc,phases,start] GC(123) Summary Phase
[87.715s][info][gc,phases      ] GC(123) Summary Phase 0.044ms
[87.715s][info][gc,phases,start] GC(123) Adjust Roots
[87.716s][info][gc,phases      ] GC(123) Adjust Roots 1.122ms
[87.716s][info][gc,phases,start] GC(123) Compaction Phase
[88.248s][info][gc,phases      ] GC(123) Compaction Phase 532.312ms
[88.248s][info][gc,phases,start] GC(123) Post Compact
[88.268s][info][gc,phases      ] GC(123) Post Compact 20.187ms
[88.268s][info][gc,heap        ] GC(123) PSYoungGen: 1063936K(1755136K)->949710K(1755136K) Eden: 1063936K(1063936K)->949710K(1063936K) From: 0K(691200K)->0K(691200K)
[88.268s][info][gc,heap        ] GC(123) ParOldGen: 4893434K(4893696K)->4893434K(4893696K)
[88.268s][info][gc,metaspace   ] GC(123) Metaspace: 10655K(11072K)->10655K(11072K) NonClass: 9577K(9792K)->9577K(9792K) Class: 1077K(1280K)->1077K(1280K)
[88.268s][info][gc             ] GC(123) Pause Full (Ergonomics) 5817M->5706M(6493M) 1013.905ms
[88.268s][info][gc,cpu         ] GC(123) User=7.64s Sys=0.05s Real=1.01s
[88.302s][info][gc,start       ] GC(124) Pause Full (Ergonomics)
[88.302s][info][gc,phases,start] GC(124) Marking Phase
[88.778s][info][gc,phases      ] GC(124) Marking Phase 475.117ms
[88.778s][info][gc,phases,start] GC(124) Summary Phase
[88.778s][info][gc,phases      ] GC(124) Summary Phase 0.053ms
[88.778s][info][gc,phases,start] GC(124) Adjust Roots
[88.779s][info][gc,phases      ] GC(124) Adjust Roots 1.158ms
[88.779s][info][gc,phases,start] GC(124) Compaction Phase
[89.215s][info][gc,phases      ] GC(124) Compaction Phase 435.887ms
[89.215s][info][gc,phases,start] GC(124) Post Compact
[89.232s][info][gc,phases      ] GC(124) Post Compact 17.171ms
[89.232s][info][gc,heap        ] GC(124) PSYoungGen: 1056888K(1755136K)->946282K(1755136K) Eden: 1056888K(1063936K)->946282K(1063936K) From: 0K(691200K)->0K(691200K)
[89.232s][info][gc,heap        ] GC(124) ParOldGen: 4893434K(4893696K)->4893434K(4893696K)
[89.232s][info][gc,metaspace   ] GC(124) Metaspace: 10655K(11072K)->10655K(11072K) NonClass: 9577K(9792K)->9577K(9792K) Class: 1077K(1280K)->1077K(1280K)
[89.232s][info][gc             ] GC(124) Pause Full (Ergonomics) 5810M->5702M(6493M) 929.699ms
[89.232s][info][gc,cpu         ] GC(124) User=7.88s Sys=0.11s Real=0.93s
[89.264s][info][gc,start       ] GC(125) Pause Full (Ergonomics)
[89.264s][info][gc,phases,start] GC(125) Marking Phase
[89.723s][info][gc,phases      ] GC(125) Marking Phase 459.590ms
[89.723s][info][gc,phases,start] GC(125) Summary Phase
[89.723s][info][gc,phases      ] GC(125) Summary Phase 0.051ms
[89.723s][info][gc,phases,start] GC(125) Adjust Roots
[89.724s][info][gc,phases      ] GC(125) Adjust Roots 0.939ms
[89.724s][info][gc,phases,start] GC(125) Compaction Phase
[90.080s][info][gc,phases      ] GC(125) Compaction Phase 355.556ms
[90.080s][info][gc,phases,start] GC(125) Post Compact
[90.098s][info][gc,phases      ] GC(125) Post Compact 17.957ms
[90.098s][info][gc,heap        ] GC(125) PSYoungGen: 1063936K(1755136K)->964102K(1755136K) Eden: 1063936K(1063936K)->964102K(1063936K) From: 0K(691200K)->0K(691200K)
[90.098s][info][gc,heap        ] GC(125) ParOldGen: 4893434K(4893696K)->4893434K(4893696K)
[90.098s][info][gc,metaspace   ] GC(125) Metaspace: 10665K(11072K)->10665K(11072K) NonClass: 9585K(9792K)->9585K(9792K) Class: 1080K(1280K)->1080K(1280K)
[90.098s][info][gc             ] GC(125) Pause Full (Ergonomics) 5817M->5720M(6493M) 834.348ms
[90.098s][info][gc,cpu         ] GC(125) User=6.94s Sys=0.11s Real=0.83s
[90.128s][info][gc,start       ] GC(126) Pause Full (Ergonomics)
[90.128s][info][gc,phases,start] GC(126) Marking Phase
[90.652s][info][gc,phases      ] GC(126) Marking Phase 524.024ms
[90.652s][info][gc,phases,start] GC(126) Summary Phase
[90.652s][info][gc,phases      ] GC(126) Summary Phase 0.120ms
[90.652s][info][gc,phases,start] GC(126) Adjust Roots
[90.654s][info][gc,phases      ] GC(126) Adjust Roots 1.642ms
[90.654s][info][gc,phases,start] GC(126) Compaction Phase
[90.998s][info][gc,phases      ] GC(126) Compaction Phase 344.036ms
[90.998s][info][gc,phases,start] GC(126) Post Compact
[91.017s][info][gc,phases      ] GC(126) Post Compact 18.857ms
[91.017s][info][gc,heap        ] GC(126) PSYoungGen: 1063936K(1755136K)->934526K(1755136K) Eden: 1063936K(1063936K)->934526K(1063936K) From: 0K(691200K)->0K(691200K)
[91.017s][info][gc,heap        ] GC(126) ParOldGen: 4893434K(4893696K)->4893434K(4893696K)
[91.017s][info][gc,metaspace   ] GC(126) Metaspace: 10668K(11072K)->10668K(11072K) NonClass: 9588K(9792K)->9588K(9792K) Class: 1080K(1280K)->1080K(1280K)
[91.017s][info][gc             ] GC(126) Pause Full (Ergonomics) 5817M->5691M(6493M) 889.075ms
[91.017s][info][gc,cpu         ] GC(126) User=9.23s Sys=0.12s Real=0.89s
[91.054s][info][gc,start       ] GC(127) Pause Full (Ergonomics)
[91.054s][info][gc,phases,start] GC(127) Marking Phase
[91.524s][info][gc,phases      ] GC(127) Marking Phase 470.108ms
[91.524s][info][gc,phases,start] GC(127) Summary Phase
[91.524s][info][gc,phases      ] GC(127) Summary Phase 0.047ms
[91.524s][info][gc,phases,start] GC(127) Adjust Roots
[91.525s][info][gc,phases      ] GC(127) Adjust Roots 0.987ms
[91.525s][info][gc,phases,start] GC(127) Compaction Phase
[92.063s][info][gc,phases      ] GC(127) Compaction Phase 537.848ms
[92.063s][info][gc,phases,start] GC(127) Post Compact
[92.080s][info][gc,phases      ] GC(127) Post Compact 17.152ms
[92.080s][info][gc,heap        ] GC(127) PSYoungGen: 1063936K(1755136K)->944707K(1755136K) Eden: 1063936K(1063936K)->944707K(1063936K) From: 0K(691200K)->0K(691200K)
[92.080s][info][gc,heap        ] GC(127) ParOldGen: 4893434K(4893696K)->4893434K(4893696K)
[92.080s][info][gc,metaspace   ] GC(127) Metaspace: 10668K(11072K)->10668K(11072K) NonClass: 9588K(9792K)->9588K(9792K) Class: 1080K(1280K)->1080K(1280K)
[92.080s][info][gc             ] GC(127) Pause Full (Ergonomics) 5817M->5701M(6493M) 1026.383ms
[92.080s][info][gc,cpu         ] GC(127) User=7.05s Sys=0.09s Real=1.03s
[92.113s][info][gc,start       ] GC(128) Pause Full (Ergonomics)
[92.113s][info][gc,phases,start] GC(128) Marking Phase
[92.623s][info][gc,phases      ] GC(128) Marking Phase 510.067ms
[92.623s][info][gc,phases,start] GC(128) Summary Phase
[92.624s][info][gc,phases      ] GC(128) Summary Phase 0.068ms
[92.624s][info][gc,phases,start] GC(128) Adjust Roots
[92.625s][info][gc,phases      ] GC(128) Adjust Roots 0.984ms
[92.625s][info][gc,phases,start] GC(128) Compaction Phase
[93.193s][info][gc,phases      ] GC(128) Compaction Phase 568.587ms
[93.193s][info][gc,phases,start] GC(128) Post Compact
[93.212s][info][gc,phases      ] GC(128) Post Compact 18.774ms
[93.212s][info][gc,heap        ] GC(128) PSYoungGen: 1063936K(1755136K)->954466K(1755136K) Eden: 1063936K(1063936K)->954466K(1063936K) From: 0K(691200K)->0K(691200K)
[93.212s][info][gc,heap        ] GC(128) ParOldGen: 4893434K(4893696K)->4893434K(4893696K)
[93.212s][info][gc,metaspace   ] GC(128) Metaspace: 10668K(11072K)->10668K(11072K) NonClass: 9588K(9792K)->9588K(9792K) Class: 1080K(1280K)->1080K(1280K)
[93.212s][info][gc             ] GC(128) Pause Full (Ergonomics) 5817M->5710M(6493M) 1098.763ms
[93.212s][info][gc,cpu         ] GC(128) User=7.84s Sys=0.08s Real=1.10s
[93.249s][info][gc,start       ] GC(129) Pause Full (Ergonomics)
[93.249s][info][gc,phases,start] GC(129) Marking Phase
[93.750s][info][gc,phases      ] GC(129) Marking Phase 501.210ms
[93.750s][info][gc,phases,start] GC(129) Summary Phase
[93.750s][info][gc,phases      ] GC(129) Summary Phase 0.053ms
[93.750s][info][gc,phases,start] GC(129) Adjust Roots
[93.751s][info][gc,phases      ] GC(129) Adjust Roots 1.187ms
[93.751s][info][gc,phases,start] GC(129) Compaction Phase
[94.250s][info][gc,phases      ] GC(129) Compaction Phase 498.708ms
[94.250s][info][gc,phases,start] GC(129) Post Compact
[94.267s][info][gc,phases      ] GC(129) Post Compact 17.355ms
[94.267s][info][gc,heap        ] GC(129) PSYoungGen: 1063936K(1755136K)->962339K(1755136K) Eden: 1063936K(1063936K)->962339K(1063936K) From: 0K(691200K)->0K(691200K)
[94.267s][info][gc,heap        ] GC(129) ParOldGen: 4893434K(4893696K)->4893434K(4893696K)
[94.267s][info][gc,metaspace   ] GC(129) Metaspace: 10668K(11072K)->10668K(11072K) NonClass: 9588K(9792K)->9588K(9792K) Class: 1080K(1280K)->1080K(1280K)
[94.267s][info][gc             ] GC(129) Pause Full (Ergonomics) 5817M->5718M(6493M) 1018.818ms
[94.267s][info][gc,cpu         ] GC(129) User=7.69s Sys=0.08s Real=1.02s
[94.294s][info][gc,start       ] GC(130) Pause Full (Ergonomics)
[94.295s][info][gc,phases,start] GC(130) Marking Phase
[94.759s][info][gc,phases      ] GC(130) Marking Phase 464.925ms
[94.760s][info][gc,phases,start] GC(130) Summary Phase
[94.760s][info][gc,phases      ] GC(130) Summary Phase 0.068ms
[94.760s][info][gc,phases,start] GC(130) Adjust Roots
[94.761s][info][gc,phases      ] GC(130) Adjust Roots 0.946ms
[94.761s][info][gc,phases,start] GC(130) Compaction Phase
[95.336s][info][gc,phases      ] GC(130) Compaction Phase 575.876ms
[95.337s][info][gc,phases,start] GC(130) Post Compact
[95.354s][info][gc,phases      ] GC(130) Post Compact 17.313ms
[95.354s][info][gc,heap        ] GC(130) PSYoungGen: 1063936K(1755136K)->970529K(1755136K) Eden: 1063936K(1063936K)->970529K(1063936K) From: 0K(691200K)->0K(691200K)
[95.354s][info][gc,heap        ] GC(130) ParOldGen: 4893434K(4893696K)->4893434K(4893696K)
[95.354s][info][gc,metaspace   ] GC(130) Metaspace: 10669K(11072K)->10669K(11072K) NonClass: 9589K(9792K)->9589K(9792K) Class: 1080K(1280K)->1080K(1280K)
[95.354s][info][gc             ] GC(130) Pause Full (Ergonomics) 5817M->5726M(6493M) 1059.400ms
[95.354s][info][gc,cpu         ] GC(130) User=7.16s Sys=0.05s Real=1.06s
[95.382s][info][gc,start       ] GC(131) Pause Full (Ergonomics)
[95.382s][info][gc,phases,start] GC(131) Marking Phase
[95.837s][info][gc,phases      ] GC(131) Marking Phase 455.150ms
[95.837s][info][gc,phases,start] GC(131) Summary Phase
[95.837s][info][gc,phases      ] GC(131) Summary Phase 0.047ms
[95.837s][info][gc,phases,start] GC(131) Adjust Roots
[95.838s][info][gc,phases      ] GC(131) Adjust Roots 1.240ms
[95.838s][info][gc,phases,start] GC(131) Compaction Phase
[96.127s][info][gc,phases      ] GC(131) Compaction Phase 288.503ms
[96.127s][info][gc,phases,start] GC(131) Post Compact
[96.144s][info][gc,phases      ] GC(131) Post Compact 17.140ms
[96.144s][info][gc,heap        ] GC(131) PSYoungGen: 1063936K(1755136K)->945488K(1755136K) Eden: 1063936K(1063936K)->945488K(1063936K) From: 0K(691200K)->0K(691200K)
[96.144s][info][gc,heap        ] GC(131) ParOldGen: 4893434K(4893696K)->4893433K(4893696K)
[96.144s][info][gc,metaspace   ] GC(131) Metaspace: 10669K(11072K)->10669K(11072K) NonClass: 9589K(9792K)->9589K(9792K) Class: 1080K(1280K)->1080K(1280K)
[96.144s][info][gc             ] GC(131) Pause Full (Ergonomics) 5817M->5702M(6493M) 762.338ms
[96.144s][info][gc,cpu         ] GC(131) User=8.19s Sys=0.11s Real=0.76s
[96.175s][info][gc,start       ] GC(132) Pause Full (Ergonomics)
[96.175s][info][gc,phases,start] GC(132) Marking Phase
[96.629s][info][gc,phases      ] GC(132) Marking Phase 454.563ms
[96.629s][info][gc,phases,start] GC(132) Summary Phase
[96.629s][info][gc,phases      ] GC(132) Summary Phase 0.060ms
[96.629s][info][gc,phases,start] GC(132) Adjust Roots
[96.630s][info][gc,phases      ] GC(132) Adjust Roots 0.969ms
[96.630s][info][gc,phases,start] GC(132) Compaction Phase
[97.224s][info][gc,phases      ] GC(132) Compaction Phase 593.414ms
[97.224s][info][gc,phases,start] GC(132) Post Compact
[97.241s][info][gc,phases      ] GC(132) Post Compact 17.189ms
[97.241s][info][gc,heap        ] GC(132) PSYoungGen: 1063936K(1755136K)->954009K(1755136K) Eden: 1063936K(1063936K)->954009K(1063936K) From: 0K(691200K)->0K(691200K)
[97.241s][info][gc,heap        ] GC(132) ParOldGen: 4893433K(4893696K)->4893432K(4893696K)
[97.241s][info][gc,metaspace   ] GC(132) Metaspace: 10669K(11072K)->10669K(11072K) NonClass: 9589K(9792K)->9589K(9792K) Class: 1080K(1280K)->1080K(1280K)
[97.241s][info][gc             ] GC(132) Pause Full (Ergonomics) 5817M->5710M(6493M) 1066.464ms
[97.241s][info][gc,cpu         ] GC(132) User=6.95s Sys=0.00s Real=1.07s
[97.271s][info][gc,start       ] GC(133) Pause Full (Ergonomics)
[97.271s][info][gc,phases,start] GC(133) Marking Phase
[97.738s][info][gc,phases      ] GC(133) Marking Phase 466.837ms
[97.738s][info][gc,phases,start] GC(133) Summary Phase
[97.738s][info][gc,phases      ] GC(133) Summary Phase 0.044ms
[97.738s][info][gc,phases,start] GC(133) Adjust Roots
[97.739s][info][gc,phases      ] GC(133) Adjust Roots 0.943ms
[97.739s][info][gc,phases,start] GC(133) Compaction Phase
[98.327s][info][gc,phases      ] GC(133) Compaction Phase 588.698ms
[98.327s][info][gc,phases,start] GC(133) Post Compact
[98.346s][info][gc,phases      ] GC(133) Post Compact 18.204ms
[98.346s][info][gc,heap        ] GC(133) PSYoungGen: 1063936K(1755136K)->975865K(1755136K) Eden: 1063936K(1063936K)->975865K(1063936K) From: 0K(691200K)->0K(691200K)
[98.346s][info][gc,heap        ] GC(133) ParOldGen: 4893432K(4893696K)->4893432K(4893696K)
[98.346s][info][gc,metaspace   ] GC(133) Metaspace: 10670K(11072K)->10670K(11072K) NonClass: 9590K(9792K)->9590K(9792K) Class: 1080K(1280K)->1080K(1280K)
[98.346s][info][gc             ] GC(133) Pause Full (Ergonomics) 5817M->5731M(6493M) 1074.994ms
[98.346s][info][gc,cpu         ] GC(133) User=7.19s Sys=0.02s Real=1.08s
[98.373s][info][gc,start       ] GC(134) Pause Full (Ergonomics)
[98.373s][info][gc,phases,start] GC(134) Marking Phase
[98.847s][info][gc,phases      ] GC(134) Marking Phase 474.432ms
[98.847s][info][gc,phases,start] GC(134) Summary Phase
[98.847s][info][gc,phases      ] GC(134) Summary Phase 0.044ms
[98.847s][info][gc,phases,start] GC(134) Adjust Roots
[98.848s][info][gc,phases      ] GC(134) Adjust Roots 0.873ms
[98.848s][info][gc,phases,start] GC(134) Compaction Phase
[99.072s][info][gc,phases      ] GC(134) Compaction Phase 223.966ms
[99.072s][info][gc,phases,start] GC(134) Post Compact
[99.090s][info][gc,phases      ] GC(134) Post Compact 17.730ms
[99.090s][info][gc,heap        ] GC(134) PSYoungGen: 1063936K(1755136K)->980592K(1755136K) Eden: 1063936K(1063936K)->980592K(1063936K) From: 0K(691200K)->0K(691200K)
[99.090s][info][gc,heap        ] GC(134) ParOldGen: 4893432K(4893696K)->4893432K(4893696K)
[99.090s][info][gc,metaspace   ] GC(134) Metaspace: 10670K(11072K)->10670K(11072K) NonClass: 9590K(9792K)->9590K(9792K) Class: 1080K(1280K)->1080K(1280K)
[99.090s][info][gc             ] GC(134) Pause Full (Ergonomics) 5817M->5736M(6493M) 717.312ms
[99.090s][info][gc,cpu         ] GC(134) User=6.98s Sys=0.02s Real=0.72s
[99.113s][info][gc,start       ] GC(135) Pause Full (Ergonomics)
[99.113s][info][gc,phases,start] GC(135) Marking Phase
[99.577s][info][gc,phases      ] GC(135) Marking Phase 464.141ms
[99.577s][info][gc,phases,start] GC(135) Summary Phase
[99.577s][info][gc,phases      ] GC(135) Summary Phase 0.055ms
[99.577s][info][gc,phases,start] GC(135) Adjust Roots
[99.578s][info][gc,phases      ] GC(135) Adjust Roots 0.923ms
[99.578s][info][gc,phases,start] GC(135) Compaction Phase
[99.717s][info][gc,phases      ] GC(135) Compaction Phase 138.840ms
[99.717s][info][gc,phases,start] GC(135) Post Compact
[99.734s][info][gc,phases      ] GC(135) Post Compact 16.971ms
[99.734s][info][gc,heap        ] GC(135) PSYoungGen: 1063936K(1755136K)->977420K(1755136K) Eden: 1063936K(1063936K)->977420K(1063936K) From: 0K(691200K)->0K(691200K)
[99.734s][info][gc,heap        ] GC(135) ParOldGen: 4893432K(4893696K)->4893432K(4893696K)
[99.734s][info][gc,metaspace   ] GC(135) Metaspace: 10670K(11072K)->10670K(11072K) NonClass: 9590K(9792K)->9590K(9792K) Class: 1080K(1280K)->1080K(1280K)
[99.734s][info][gc             ] GC(135) Pause Full (Ergonomics) 5817M->5733M(6493M) 621.189ms
[99.734s][info][gc,cpu         ] GC(135) User=7.09s Sys=0.05s Real=0.62s
[99.760s][info][gc,start       ] GC(136) Pause Full (Ergonomics)
[99.760s][info][gc,phases,start] GC(136) Marking Phase
[100.226s][info][gc,phases      ] GC(136) Marking Phase 466.769ms
[100.227s][info][gc,phases,start] GC(136) Summary Phase
[100.227s][info][gc,phases      ] GC(136) Summary Phase 0.045ms
[100.227s][info][gc,phases,start] GC(136) Adjust Roots
[100.228s][info][gc,phases      ] GC(136) Adjust Roots 0.916ms
[100.228s][info][gc,phases,start] GC(136) Compaction Phase
[100.656s][info][gc,phases      ] GC(136) Compaction Phase 428.237ms
[100.656s][info][gc,phases,start] GC(136) Post Compact
[100.673s][info][gc,phases      ] GC(136) Post Compact 17.387ms
[100.673s][info][gc,heap        ] GC(136) PSYoungGen: 1063936K(1755136K)->984811K(1755136K) Eden: 1063936K(1063936K)->984811K(1063936K) From: 0K(691200K)->0K(691200K)
[100.673s][info][gc,heap        ] GC(136) ParOldGen: 4893432K(4893696K)->4893432K(4893696K)
[100.673s][info][gc,metaspace   ] GC(136) Metaspace: 10670K(11072K)->10670K(11072K) NonClass: 9590K(9792K)->9590K(9792K) Class: 1080K(1280K)->1080K(1280K)
[100.673s][info][gc             ] GC(136) Pause Full (Ergonomics) 5817M->5740M(6493M) 913.657ms
[100.673s][info][gc,cpu         ] GC(136) User=6.94s Sys=0.09s Real=0.91s
[100.695s][info][gc,start       ] GC(137) Pause Full (Ergonomics)
[100.695s][info][gc,phases,start] GC(137) Marking Phase
[101.168s][info][gc,phases      ] GC(137) Marking Phase 472.312ms
[101.168s][info][gc,phases,start] GC(137) Summary Phase
[101.168s][info][gc,phases      ] GC(137) Summary Phase 0.043ms
[101.168s][info][gc,phases,start] GC(137) Adjust Roots
[101.169s][info][gc,phases      ] GC(137) Adjust Roots 0.944ms
[101.169s][info][gc,phases,start] GC(137) Compaction Phase
[101.657s][info][gc,phases      ] GC(137) Compaction Phase 487.714ms
[101.657s][info][gc,phases,start] GC(137) Post Compact
[101.674s][info][gc,phases      ] GC(137) Post Compact 17.167ms
[101.674s][info][gc,heap        ] GC(137) PSYoungGen: 1063936K(1755136K)->990152K(1755136K) Eden: 1063936K(1063936K)->990152K(1063936K) From: 0K(691200K)->0K(691200K)
[101.674s][info][gc,heap        ] GC(137) ParOldGen: 4893432K(4893696K)->4893432K(4893696K)
[101.674s][info][gc,metaspace   ] GC(137) Metaspace: 10672K(11072K)->10672K(11072K) NonClass: 9592K(9792K)->9592K(9792K) Class: 1080K(1280K)->1080K(1280K)
[101.674s][info][gc             ] GC(137) Pause Full (Ergonomics) 5817M->5745M(6493M) 978.438ms
[101.674s][info][gc,cpu         ] GC(137) User=7.28s Sys=0.05s Real=0.98s
[101.696s][info][gc,start       ] GC(138) Pause Full (Ergonomics)
[101.696s][info][gc,phases,start] GC(138) Marking Phase
[102.168s][info][gc,phases      ] GC(138) Marking Phase 471.912ms
[102.168s][info][gc,phases,start] GC(138) Summary Phase
[102.168s][info][gc,phases      ] GC(138) Summary Phase 0.072ms
[102.168s][info][gc,phases,start] GC(138) Adjust Roots
[102.169s][info][gc,phases      ] GC(138) Adjust Roots 1.137ms
[102.169s][info][gc,phases,start] GC(138) Compaction Phase
[102.463s][info][gc,phases      ] GC(138) Compaction Phase 293.289ms
[102.463s][info][gc,phases,start] GC(138) Post Compact
[102.480s][info][gc,phases      ] GC(138) Post Compact 17.275ms
[102.480s][info][gc,heap        ] GC(138) PSYoungGen: 1063936K(1755136K)->991720K(1755136K) Eden: 1063936K(1063936K)->991720K(1063936K) From: 0K(691200K)->0K(691200K)
[102.480s][info][gc,heap        ] GC(138) ParOldGen: 4893432K(4893696K)->4893432K(4893696K)
[102.480s][info][gc,metaspace   ] GC(138) Metaspace: 10672K(11072K)->10672K(11072K) NonClass: 9592K(9792K)->9592K(9792K) Class: 1080K(1280K)->1080K(1280K)
[102.480s][info][gc             ] GC(138) Pause Full (Ergonomics) 5817M->5747M(6493M) 783.948ms
[102.480s][info][gc,cpu         ] GC(138) User=7.08s Sys=0.09s Real=0.78s
[102.501s][info][gc,start       ] GC(139) Pause Full (Ergonomics)
[102.501s][info][gc,phases,start] GC(139) Marking Phase
[102.973s][info][gc,phases      ] GC(139) Marking Phase 471.468ms
[102.973s][info][gc,phases,start] GC(139) Summary Phase
[102.973s][info][gc,phases      ] GC(139) Summary Phase 0.045ms
[102.973s][info][gc,phases,start] GC(139) Adjust Roots
[102.974s][info][gc,phases      ] GC(139) Adjust Roots 0.882ms
[102.974s][info][gc,phases,start] GC(139) Compaction Phase
[103.518s][info][gc,phases      ] GC(139) Compaction Phase 544.562ms
[103.518s][info][gc,phases,start] GC(139) Post Compact
[103.537s][info][gc,phases      ] GC(139) Post Compact 18.546ms
[103.537s][info][gc,heap        ] GC(139) PSYoungGen: 1063936K(1755136K)->998329K(1755136K) Eden: 1063936K(1063936K)->998329K(1063936K) From: 0K(691200K)->0K(691200K)
[103.537s][info][gc,heap        ] GC(139) ParOldGen: 4893432K(4893696K)->4893432K(4893696K)
[103.537s][info][gc,metaspace   ] GC(139) Metaspace: 10672K(11072K)->10672K(11072K) NonClass: 9592K(9792K)->9592K(9792K) Class: 1080K(1280K)->1080K(1280K)
[103.537s][info][gc             ] GC(139) Pause Full (Ergonomics) 5817M->5753M(6493M) 1035.765ms
[103.537s][info][gc,cpu         ] GC(139) User=7.22s Sys=0.03s Real=1.04s
[103.558s][info][gc,start       ] GC(140) Pause Full (Ergonomics)
[103.559s][info][gc,phases,start] GC(140) Marking Phase
[104.037s][info][gc,phases      ] GC(140) Marking Phase 478.089ms
[104.037s][info][gc,phases,start] GC(140) Summary Phase
[104.037s][info][gc,phases      ] GC(140) Summary Phase 0.045ms
[104.037s][info][gc,phases,start] GC(140) Adjust Roots
[104.038s][info][gc,phases      ] GC(140) Adjust Roots 1.000ms
[104.038s][info][gc,phases,start] GC(140) Compaction Phase
[104.596s][info][gc,phases      ] GC(140) Compaction Phase 558.087ms
[104.596s][info][gc,phases,start] GC(140) Post Compact
[104.613s][info][gc,phases      ] GC(140) Post Compact 17.263ms
[104.613s][info][gc,heap        ] GC(140) PSYoungGen: 1063936K(1755136K)->1006864K(1755136K) Eden: 1063936K(1063936K)->1006864K(1063936K) From: 0K(691200K)->0K(691200K)
[104.613s][info][gc,heap        ] GC(140) ParOldGen: 4893432K(4893696K)->4893432K(4893696K)
[104.613s][info][gc,metaspace   ] GC(140) Metaspace: 10673K(11072K)->10673K(11072K) NonClass: 9592K(9792K)->9592K(9792K) Class: 1080K(1280K)->1080K(1280K)
[104.613s][info][gc             ] GC(140) Pause Full (Ergonomics) 5817M->5762M(6493M) 1054.753ms
[104.613s][info][gc,cpu         ] GC(140) User=7.02s Sys=0.08s Real=1.05s
[104.632s][info][gc,start       ] GC(141) Pause Full (Ergonomics)
[104.632s][info][gc,phases,start] GC(141) Marking Phase
[105.111s][info][gc,phases      ] GC(141) Marking Phase 479.435ms
[105.111s][info][gc,phases,start] GC(141) Summary Phase
[105.111s][info][gc,phases      ] GC(141) Summary Phase 0.052ms
[105.111s][info][gc,phases,start] GC(141) Adjust Roots
[105.112s][info][gc,phases      ] GC(141) Adjust Roots 1.003ms
[105.112s][info][gc,phases,start] GC(141) Compaction Phase
[105.544s][info][gc,phases      ] GC(141) Compaction Phase 432.003ms
[105.544s][info][gc,phases,start] GC(141) Post Compact
[105.561s][info][gc,phases      ] GC(141) Post Compact 17.051ms
[105.561s][info][gc,heap        ] GC(141) PSYoungGen: 1063936K(1755136K)->1012213K(1755136K) Eden: 1063936K(1063936K)->1012213K(1063936K) From: 0K(691200K)->0K(691200K)
[105.561s][info][gc,heap        ] GC(141) ParOldGen: 4893432K(4893696K)->4893432K(4893696K)
[105.561s][info][gc,metaspace   ] GC(141) Metaspace: 10673K(11072K)->10673K(11072K) NonClass: 9593K(9792K)->9593K(9792K) Class: 1080K(1280K)->1080K(1280K)
[105.561s][info][gc             ] GC(141) Pause Full (Ergonomics) 5817M->5767M(6493M) 929.828ms
[105.561s][info][gc,cpu         ] GC(141) User=7.16s Sys=0.11s Real=0.93s
[105.580s][info][gc,start       ] GC(142) Pause Full (Ergonomics)
[105.580s][info][gc,phases,start] GC(142) Marking Phase
[106.119s][info][gc,phases      ] GC(142) Marking Phase 539.185ms
[106.120s][info][gc,phases,start] GC(142) Summary Phase
[106.120s][info][gc,phases      ] GC(142) Summary Phase 0.053ms
[106.120s][info][gc,phases,start] GC(142) Adjust Roots
[106.121s][info][gc,phases      ] GC(142) Adjust Roots 1.120ms
[106.121s][info][gc,phases,start] GC(142) Compaction Phase
[106.555s][info][gc,phases      ] GC(142) Compaction Phase 433.851ms
[106.555s][info][gc,phases,start] GC(142) Post Compact
[106.573s][info][gc,phases      ] GC(142) Post Compact 18.186ms
[106.573s][info][gc,heap        ] GC(142) PSYoungGen: 1063936K(1755136K)->1013911K(1755136K) Eden: 1063936K(1063936K)->1013911K(1063936K) From: 0K(691200K)->0K(691200K)
[106.573s][info][gc,heap        ] GC(142) ParOldGen: 4893432K(4893696K)->4893432K(4893696K)
[106.573s][info][gc,metaspace   ] GC(142) Metaspace: 10674K(11072K)->10674K(11072K) NonClass: 9593K(9792K)->9593K(9792K) Class: 1080K(1280K)->1080K(1280K)
[106.573s][info][gc             ] GC(142) Pause Full (Ergonomics) 5817M->5768M(6493M) 992.657ms
[106.573s][info][gc,cpu         ] GC(142) User=8.41s Sys=0.11s Real=0.99s
[106.591s][info][gc,start       ] GC(143) Pause Full (Ergonomics)
[106.591s][info][gc,phases,start] GC(143) Marking Phase
[107.077s][info][gc,phases      ] GC(143) Marking Phase 486.258ms
[107.077s][info][gc,phases,start] GC(143) Summary Phase
[107.077s][info][gc,phases      ] GC(143) Summary Phase 0.043ms
[107.077s][info][gc,phases,start] GC(143) Adjust Roots
[107.078s][info][gc,phases      ] GC(143) Adjust Roots 1.133ms
[107.078s][info][gc,phases,start] GC(143) Compaction Phase
[107.321s][info][gc,phases      ] GC(143) Compaction Phase 242.104ms
[107.321s][info][gc,phases,start] GC(143) Post Compact
[107.338s][info][gc,phases      ] GC(143) Post Compact 16.928ms
[107.338s][info][gc,heap        ] GC(143) PSYoungGen: 1063936K(1755136K)->1017243K(1755136K) Eden: 1063936K(1063936K)->1017243K(1063936K) From: 0K(691200K)->0K(691200K)
[107.338s][info][gc,heap        ] GC(143) ParOldGen: 4893432K(4893696K)->4893432K(4893696K)
[107.338s][info][gc,metaspace   ] GC(143) Metaspace: 10674K(11072K)->10674K(11072K) NonClass: 9593K(9792K)->9593K(9792K) Class: 1080K(1280K)->1080K(1280K)
[107.338s][info][gc             ] GC(143) Pause Full (Ergonomics) 5817M->5772M(6493M) 746.738ms
[107.338s][info][gc,cpu         ] GC(143) User=7.70s Sys=0.08s Real=0.75s
[107.355s][info][gc,start       ] GC(144) Pause Full (Ergonomics)
[107.355s][info][gc,phases,start] GC(144) Marking Phase
[107.843s][info][gc,phases      ] GC(144) Marking Phase 487.642ms
[107.843s][info][gc,phases,start] GC(144) Summary Phase
[107.843s][info][gc,phases      ] GC(144) Summary Phase 0.046ms
[107.843s][info][gc,phases,start] GC(144) Adjust Roots
[107.844s][info][gc,phases      ] GC(144) Adjust Roots 1.213ms
[107.844s][info][gc,phases,start] GC(144) Compaction Phase
[108.391s][info][gc,phases      ] GC(144) Compaction Phase 546.611ms
[108.391s][info][gc,phases,start] GC(144) Post Compact
[108.410s][info][gc,phases      ] GC(144) Post Compact 18.939ms
[108.410s][info][gc,heap        ] GC(144) PSYoungGen: 1063936K(1755136K)->1015337K(1755136K) Eden: 1063936K(1063936K)->1015337K(1063936K) From: 0K(691200K)->0K(691200K)
[108.410s][info][gc,heap        ] GC(144) ParOldGen: 4893432K(4893696K)->4893432K(4893696K)
[108.410s][info][gc,metaspace   ] GC(144) Metaspace: 10674K(11072K)->10674K(11072K) NonClass: 9593K(9792K)->9593K(9792K) Class: 1080K(1280K)->1080K(1280K)
[108.410s][info][gc             ] GC(144) Pause Full (Ergonomics) 5817M->5770M(6493M) 1054.743ms
[108.410s][info][gc,cpu         ] GC(144) User=7.92s Sys=0.14s Real=1.06s
[108.428s][info][gc,start       ] GC(145) Pause Full (Ergonomics)
[108.428s][info][gc,phases,start] GC(145) Marking Phase
[108.917s][info][gc,phases      ] GC(145) Marking Phase 488.786ms
[108.917s][info][gc,phases,start] GC(145) Summary Phase
[108.917s][info][gc,phases      ] GC(145) Summary Phase 0.048ms
[108.917s][info][gc,phases,start] GC(145) Adjust Roots
[108.918s][info][gc,phases      ] GC(145) Adjust Roots 1.074ms
[108.918s][info][gc,phases,start] GC(145) Compaction Phase
[109.350s][info][gc,phases      ] GC(145) Compaction Phase 432.073ms
[109.350s][info][gc,phases,start] GC(145) Post Compact
[109.367s][info][gc,phases      ] GC(145) Post Compact 17.431ms
[109.368s][info][gc,heap        ] GC(145) PSYoungGen: 1063936K(1755136K)->1014235K(1755136K) Eden: 1063936K(1063936K)->1014235K(1063936K) From: 0K(691200K)->0K(691200K)
[109.368s][info][gc,heap        ] GC(145) ParOldGen: 4893432K(4893696K)->4893432K(4893696K)
[109.368s][info][gc,metaspace   ] GC(145) Metaspace: 10674K(11072K)->10674K(11072K) NonClass: 9593K(9792K)->9593K(9792K) Class: 1080K(1280K)->1080K(1280K)
[109.368s][info][gc             ] GC(145) Pause Full (Ergonomics) 5817M->5769M(6493M) 939.694ms
[109.368s][info][gc,cpu         ] GC(145) User=7.64s Sys=0.19s Real=0.94s
[109.382s][info][gc,start       ] GC(146) Pause Full (Ergonomics)
[109.382s][info][gc,phases,start] GC(146) Marking Phase
[109.867s][info][gc,phases      ] GC(146) Marking Phase 485.256ms
[109.867s][info][gc,phases,start] GC(146) Summary Phase
[109.867s][info][gc,phases      ] GC(146) Summary Phase 0.044ms
[109.867s][info][gc,phases,start] GC(146) Adjust Roots
[109.868s][info][gc,phases      ] GC(146) Adjust Roots 1.122ms
[109.868s][info][gc,phases,start] GC(146) Compaction Phase
[110.314s][info][gc,phases      ] GC(146) Compaction Phase 445.856ms
[110.314s][info][gc,phases,start] GC(146) Post Compact
[110.331s][info][gc,phases      ] GC(146) Post Compact 16.966ms
[110.331s][info][gc,heap        ] GC(146) PSYoungGen: 1063936K(1755136K)->1018049K(1755136K) Eden: 1063936K(1063936K)->1018049K(1063936K) From: 0K(691200K)->0K(691200K)
[110.331s][info][gc,heap        ] GC(146) ParOldGen: 4893432K(4893696K)->4893432K(4893696K)
[110.331s][info][gc,metaspace   ] GC(146) Metaspace: 10674K(11072K)->10674K(11072K) NonClass: 9593K(9792K)->9593K(9792K) Class: 1080K(1280K)->1080K(1280K)
[110.331s][info][gc             ] GC(146) Pause Full (Ergonomics) 5817M->5772M(6493M) 949.487ms
[110.331s][info][gc,cpu         ] GC(146) User=7.67s Sys=0.06s Real=0.95s
[110.346s][info][gc,start       ] GC(147) Pause Full (Ergonomics)
[110.346s][info][gc,phases,start] GC(147) Marking Phase
[110.833s][info][gc,phases      ] GC(147) Marking Phase 486.700ms
[110.833s][info][gc,phases,start] GC(147) Summary Phase
[110.833s][info][gc,phases      ] GC(147) Summary Phase 0.059ms
[110.833s][info][gc,phases,start] GC(147) Adjust Roots
[110.834s][info][gc,phases      ] GC(147) Adjust Roots 0.924ms
[110.834s][info][gc,phases,start] GC(147) Compaction Phase
[111.430s][info][gc,phases      ] GC(147) Compaction Phase 596.153ms
[111.430s][info][gc,phases,start] GC(147) Post Compact
[111.447s][info][gc,phases      ] GC(147) Post Compact 17.107ms
[111.447s][info][gc,heap        ] GC(147) PSYoungGen: 1063936K(1755136K)->1022103K(1755136K) Eden: 1063936K(1063936K)->1022103K(1063936K) From: 0K(691200K)->0K(691200K)
[111.447s][info][gc,heap        ] GC(147) ParOldGen: 4893432K(4893696K)->4893432K(4893696K)
[111.447s][info][gc,metaspace   ] GC(147) Metaspace: 10674K(11072K)->10674K(11072K) NonClass: 9593K(9792K)->9593K(9792K) Class: 1080K(1280K)->1080K(1280K)
[111.447s][info][gc             ] GC(147) Pause Full (Ergonomics) 5817M->5776M(6493M) 1101.262ms
[111.447s][info][gc,cpu         ] GC(147) User=10.50s Sys=0.09s Real=1.10s
[111.460s][info][gc,start       ] GC(148) Pause Full (Ergonomics)
[111.460s][info][gc,phases,start] GC(148) Marking Phase
[111.941s][info][gc,phases      ] GC(148) Marking Phase 481.212ms
[111.941s][info][gc,phases,start] GC(148) Summary Phase
[111.941s][info][gc,phases      ] GC(148) Summary Phase 0.045ms
[111.941s][info][gc,phases,start] GC(148) Adjust Roots
[111.942s][info][gc,phases      ] GC(148) Adjust Roots 0.883ms
[111.942s][info][gc,phases,start] GC(148) Compaction Phase
[112.243s][info][gc,phases      ] GC(148) Compaction Phase 301.115ms
[112.243s][info][gc,phases,start] GC(148) Post Compact
[112.261s][info][gc,phases      ] GC(148) Post Compact 17.381ms
[112.261s][info][gc,heap        ] GC(148) PSYoungGen: 1063936K(1755136K)->1024019K(1755136K) Eden: 1063936K(1063936K)->1024019K(1063936K) From: 0K(691200K)->0K(691200K)
[112.261s][info][gc,heap        ] GC(148) ParOldGen: 4893432K(4893696K)->4893432K(4893696K)
[112.261s][info][gc,metaspace   ] GC(148) Metaspace: 10674K(11072K)->10674K(11072K) NonClass: 9593K(9792K)->9593K(9792K) Class: 1080K(1280K)->1080K(1280K)
[112.261s][info][gc             ] GC(148) Pause Full (Ergonomics) 5817M->5778M(6493M) 800.910ms
[112.261s][info][gc,cpu         ] GC(148) User=7.11s Sys=0.12s Real=0.80s
[112.273s][info][gc,start       ] GC(149) Pause Full (Ergonomics)
[112.273s][info][gc,phases,start] GC(149) Marking Phase
[112.760s][info][gc,phases      ] GC(149) Marking Phase 486.993ms
[112.760s][info][gc,phases,start] GC(149) Summary Phase
[112.760s][info][gc,phases      ] GC(149) Summary Phase 0.044ms
[112.760s][info][gc,phases,start] GC(149) Adjust Roots
[112.761s][info][gc,phases      ] GC(149) Adjust Roots 0.938ms
[112.761s][info][gc,phases,start] GC(149) Compaction Phase
[113.332s][info][gc,phases      ] GC(149) Compaction Phase 571.543ms
[113.332s][info][gc,phases,start] GC(149) Post Compact
[113.351s][info][gc,phases      ] GC(149) Post Compact 18.945ms
[113.351s][info][gc,heap        ] GC(149) PSYoungGen: 1063936K(1755136K)->1029232K(1755136K) Eden: 1063936K(1063936K)->1029232K(1063936K) From: 0K(691200K)->0K(691200K)
[113.351s][info][gc,heap        ] GC(149) ParOldGen: 4893432K(4893696K)->4893432K(4893696K)
[113.351s][info][gc,metaspace   ] GC(149) Metaspace: 10674K(11072K)->10674K(11072K) NonClass: 9593K(9792K)->9593K(9792K) Class: 1080K(1280K)->1080K(1280K)
[113.351s][info][gc             ] GC(149) Pause Full (Ergonomics) 5817M->5783M(6493M) 1078.718ms
[113.351s][info][gc,cpu         ] GC(149) User=7.27s Sys=0.09s Real=1.08s
[113.362s][info][gc,start       ] GC(150) Pause Full (Ergonomics)
[113.362s][info][gc,phases,start] GC(150) Marking Phase
[113.876s][info][gc,phases      ] GC(150) Marking Phase 514.529ms
[113.877s][info][gc,phases,start] GC(150) Summary Phase
[113.877s][info][gc,phases      ] GC(150) Summary Phase 0.065ms
[113.877s][info][gc,phases,start] GC(150) Adjust Roots
[113.878s][info][gc,phases      ] GC(150) Adjust Roots 1.255ms
[113.878s][info][gc,phases,start] GC(150) Compaction Phase
[114.272s][info][gc,phases      ] GC(150) Compaction Phase 394.550ms
[114.272s][info][gc,phases,start] GC(150) Post Compact
[114.290s][info][gc,phases      ] GC(150) Post Compact 17.214ms
[114.290s][info][gc,heap        ] GC(150) PSYoungGen: 1063936K(1755136K)->1023099K(1755136K) Eden: 1063936K(1063936K)->1023099K(1063936K) From: 0K(691200K)->0K(691200K)
[114.290s][info][gc,heap        ] GC(150) ParOldGen: 4893432K(4893696K)->4893432K(4893696K)
[114.290s][info][gc,metaspace   ] GC(150) Metaspace: 10674K(11072K)->10674K(11072K) NonClass: 9594K(9792K)->9594K(9792K) Class: 1080K(1280K)->1080K(1280K)
[114.290s][info][gc             ] GC(150) Pause Full (Ergonomics) 5817M->5777M(6493M) 927.894ms
[114.290s][info][gc,cpu         ] GC(150) User=8.19s Sys=0.17s Real=0.93s
[114.303s][info][gc,start       ] GC(151) Pause Full (Ergonomics)
[114.304s][info][gc,phases,start] GC(151) Marking Phase
[114.758s][info][gc,phases      ] GC(151) Marking Phase 454.558ms
[114.758s][info][gc,phases,start] GC(151) Summary Phase
[114.758s][info][gc,phases      ] GC(151) Summary Phase 0.050ms
[114.758s][info][gc,phases,start] GC(151) Adjust Roots
[114.760s][info][gc,phases      ] GC(151) Adjust Roots 1.740ms
[114.760s][info][gc,phases,start] GC(151) Compaction Phase
[115.185s][info][gc,phases      ] GC(151) Compaction Phase 424.845ms
[115.185s][info][gc,phases,start] GC(151) Post Compact
[115.202s][info][gc,phases      ] GC(151) Post Compact 17.370ms
[115.202s][info][gc,heap        ] GC(151) PSYoungGen: 1063936K(1755136K)->943978K(1755136K) Eden: 1063936K(1063936K)->943978K(1063936K) From: 0K(691200K)->0K(691200K)
[115.202s][info][gc,heap        ] GC(151) ParOldGen: 4893432K(4893696K)->4893638K(4893696K)
[115.202s][info][gc,metaspace   ] GC(151) Metaspace: 10674K(11072K)->10674K(11072K) NonClass: 9594K(9792K)->9594K(9792K) Class: 1080K(1280K)->1080K(1280K)
[115.202s][info][gc             ] GC(151) Pause Full (Ergonomics) 5817M->5700M(6493M) 898.831ms
[115.202s][info][gc,cpu         ] GC(151) User=9.69s Sys=0.09s Real=0.90s
[115.235s][info][gc,start       ] GC(152) Pause Full (Ergonomics)
[115.235s][info][gc,phases,start] GC(152) Marking Phase
[115.692s][info][gc,phases      ] GC(152) Marking Phase 456.436ms
[115.692s][info][gc,phases,start] GC(152) Summary Phase
[115.692s][info][gc,phases      ] GC(152) Summary Phase 0.046ms
[115.692s][info][gc,phases,start] GC(152) Adjust Roots
[115.693s][info][gc,phases      ] GC(152) Adjust Roots 1.056ms
[115.693s][info][gc,phases,start] GC(152) Compaction Phase
[116.133s][info][gc,phases      ] GC(152) Compaction Phase 440.020ms
[116.133s][info][gc,phases,start] GC(152) Post Compact
[116.154s][info][gc,phases      ] GC(152) Post Compact 20.612ms
[116.154s][info][gc,heap        ] GC(152) PSYoungGen: 1063936K(1755136K)->957305K(1755136K) Eden: 1063936K(1063936K)->957305K(1063936K) From: 0K(691200K)->0K(691200K)
[116.154s][info][gc,heap        ] GC(152) ParOldGen: 4893638K(4893696K)->4893638K(4893696K)
[116.154s][info][gc,metaspace   ] GC(152) Metaspace: 10674K(11072K)->10674K(11072K) NonClass: 9594K(9792K)->9594K(9792K) Class: 1080K(1280K)->1080K(1280K)
[116.154s][info][gc             ] GC(152) Pause Full (Ergonomics) 5817M->5713M(6493M) 918.419ms
[116.154s][info][gc,cpu         ] GC(152) User=6.98s Sys=0.09s Real=0.92s
[116.191s][info][gc,start       ] GC(153) Pause Full (Ergonomics)
[116.191s][info][gc,phases,start] GC(153) Marking Phase
[116.679s][info][gc,phases      ] GC(153) Marking Phase 488.240ms
[116.679s][info][gc,phases,start] GC(153) Summary Phase
[116.679s][info][gc,phases      ] GC(153) Summary Phase 0.046ms
[116.679s][info][gc,phases,start] GC(153) Adjust Roots
[116.680s][info][gc,phases      ] GC(153) Adjust Roots 1.171ms
[116.680s][info][gc,phases,start] GC(153) Compaction Phase
[117.059s][info][gc,phases      ] GC(153) Compaction Phase 378.306ms
[117.059s][info][gc,phases,start] GC(153) Post Compact
[117.076s][info][gc,phases      ] GC(153) Post Compact 17.517ms
[117.076s][info][gc,heap        ] GC(153) PSYoungGen: 1063936K(1755136K)->957783K(1755136K) Eden: 1063936K(1063936K)->957783K(1063936K) From: 0K(691200K)->0K(691200K)
[117.076s][info][gc,heap        ] GC(153) ParOldGen: 4893638K(4893696K)->4893638K(4893696K)
[117.076s][info][gc,metaspace   ] GC(153) Metaspace: 10674K(11072K)->10674K(11072K) NonClass: 9594K(9792K)->9594K(9792K) Class: 1080K(1280K)->1080K(1280K)
[117.076s][info][gc             ] GC(153) Pause Full (Ergonomics) 5817M->5714M(6493M) 885.555ms
[117.076s][info][gc,cpu         ] GC(153) User=7.41s Sys=0.03s Real=0.89s
[117.108s][info][gc,start       ] GC(154) Pause Full (Ergonomics)
[117.108s][info][gc,phases,start] GC(154) Marking Phase
[117.582s][info][gc,phases      ] GC(154) Marking Phase 473.997ms
[117.582s][info][gc,phases,start] GC(154) Summary Phase
[117.582s][info][gc,phases      ] GC(154) Summary Phase 0.045ms
[117.582s][info][gc,phases,start] GC(154) Adjust Roots
[117.583s][info][gc,phases      ] GC(154) Adjust Roots 1.257ms
[117.583s][info][gc,phases,start] GC(154) Compaction Phase
[118.007s][info][gc,phases      ] GC(154) Compaction Phase 423.741ms
[118.007s][info][gc,phases,start] GC(154) Post Compact
[118.026s][info][gc,phases      ] GC(154) Post Compact 19.016ms
[118.026s][info][gc,heap        ] GC(154) PSYoungGen: 1063936K(1755136K)->940851K(1755136K) Eden: 1063936K(1063936K)->940851K(1063936K) From: 0K(691200K)->0K(691200K)
[118.026s][info][gc,heap        ] GC(154) ParOldGen: 4893638K(4893696K)->4893637K(4893696K)
[118.026s][info][gc,metaspace   ] GC(154) Metaspace: 10675K(11072K)->10675K(11072K) NonClass: 9594K(9792K)->9594K(9792K) Class: 1080K(1280K)->1080K(1280K)
[118.026s][info][gc             ] GC(154) Pause Full (Ergonomics) 5817M->5697M(6493M) 918.298ms
[118.026s][info][gc,cpu         ] GC(154) User=8.02s Sys=0.17s Real=0.92s
[118.064s][info][gc,start       ] GC(155) Pause Full (Ergonomics)
[118.064s][info][gc,phases,start] GC(155) Marking Phase
[118.569s][info][gc,phases      ] GC(155) Marking Phase 504.263ms
[118.569s][info][gc,phases,start] GC(155) Summary Phase
[118.569s][info][gc,phases      ] GC(155) Summary Phase 0.046ms
[118.569s][info][gc,phases,start] GC(155) Adjust Roots
[118.570s][info][gc,phases      ] GC(155) Adjust Roots 0.981ms
[118.570s][info][gc,phases,start] GC(155) Compaction Phase
[118.793s][info][gc,phases      ] GC(155) Compaction Phase 223.513ms
[118.793s][info][gc,phases,start] GC(155) Post Compact
[118.812s][info][gc,phases      ] GC(155) Post Compact 18.564ms
[118.812s][info][gc,heap        ] GC(155) PSYoungGen: 1063936K(1755136K)->955576K(1755136K) Eden: 1063936K(1063936K)->955576K(1063936K) From: 0K(691200K)->0K(691200K)
[118.812s][info][gc,heap        ] GC(155) ParOldGen: 4893637K(4893696K)->4893637K(4893696K)
[118.812s][info][gc,metaspace   ] GC(155) Metaspace: 10675K(11072K)->10675K(11072K) NonClass: 9594K(9792K)->9594K(9792K) Class: 1080K(1280K)->1080K(1280K)
[118.812s][info][gc             ] GC(155) Pause Full (Ergonomics) 5817M->5712M(6493M) 747.743ms
[118.812s][info][gc,cpu         ] GC(155) User=7.39s Sys=0.06s Real=0.75s
[118.849s][info][gc,start       ] GC(156) Pause Full (Ergonomics)
[118.849s][info][gc,phases,start] GC(156) Marking Phase
[119.324s][info][gc,phases      ] GC(156) Marking Phase 475.355ms
[119.324s][info][gc,phases,start] GC(156) Summary Phase
[119.324s][info][gc,phases      ] GC(156) Summary Phase 0.077ms
[119.324s][info][gc,phases,start] GC(156) Adjust Roots
[119.325s][info][gc,phases      ] GC(156) Adjust Roots 1.077ms
[119.325s][info][gc,phases,start] GC(156) Compaction Phase
[119.678s][info][gc,phases      ] GC(156) Compaction Phase 352.089ms
[119.678s][info][gc,phases,start] GC(156) Post Compact
[119.695s][info][gc,phases      ] GC(156) Post Compact 17.793ms
[119.695s][info][gc,heap        ] GC(156) PSYoungGen: 1063936K(1755136K)->963646K(1755136K) Eden: 1063936K(1063936K)->963646K(1063936K) From: 0K(691200K)->0K(691200K)
[119.695s][info][gc,heap        ] GC(156) ParOldGen: 4893637K(4893696K)->4893637K(4893696K)
[119.695s][info][gc,metaspace   ] GC(156) Metaspace: 10675K(11072K)->10675K(11072K) NonClass: 9594K(9792K)->9594K(9792K) Class: 1080K(1280K)->1080K(1280K)
[119.696s][info][gc             ] GC(156) Pause Full (Ergonomics) 5817M->5720M(6493M) 846.666ms
[119.696s][info][gc,cpu         ] GC(156) User=7.41s Sys=0.06s Real=0.85s
[119.725s][info][gc,start       ] GC(157) Pause Full (Ergonomics)
[119.725s][info][gc,phases,start] GC(157) Marking Phase
[120.197s][info][gc,phases      ] GC(157) Marking Phase 472.002ms
[120.197s][info][gc,phases,start] GC(157) Summary Phase
[120.197s][info][gc,phases      ] GC(157) Summary Phase 0.051ms
[120.197s][info][gc,phases,start] GC(157) Adjust Roots
[120.198s][info][gc,phases      ] GC(157) Adjust Roots 1.235ms
[120.198s][info][gc,phases,start] GC(157) Compaction Phase
[120.636s][info][gc,phases      ] GC(157) Compaction Phase 437.603ms
[120.636s][info][gc,phases,start] GC(157) Post Compact
[120.655s][info][gc,phases      ] GC(157) Post Compact 19.004ms
[120.655s][info][gc,heap        ] GC(157) PSYoungGen: 1063936K(1755136K)->960299K(1755136K) Eden: 1063936K(1063936K)->960299K(1063936K) From: 0K(691200K)->0K(691200K)
[120.655s][info][gc,heap        ] GC(157) ParOldGen: 4893637K(4893696K)->4893636K(4893696K)
[120.655s][info][gc,metaspace   ] GC(157) Metaspace: 10675K(11072K)->10675K(11072K) NonClass: 9594K(9792K)->9594K(9792K) Class: 1080K(1280K)->1080K(1280K)
[120.655s][info][gc             ] GC(157) Pause Full (Ergonomics) 5817M->5716M(6493M) 930.198ms
[120.655s][info][gc,cpu         ] GC(157) User=8.34s Sys=0.02s Real=0.93s
[120.691s][info][gc,start       ] GC(158) Pause Full (Ergonomics)
[120.691s][info][gc,phases,start] GC(158) Marking Phase
[121.211s][info][gc,phases      ] GC(158) Marking Phase 519.728ms
[121.211s][info][gc,phases,start] GC(158) Summary Phase
[121.211s][info][gc,phases      ] GC(158) Summary Phase 0.088ms
[121.211s][info][gc,phases,start] GC(158) Adjust Roots
[121.212s][info][gc,phases      ] GC(158) Adjust Roots 1.256ms
[121.212s][info][gc,phases,start] GC(158) Compaction Phase
[121.709s][info][gc,phases      ] GC(158) Compaction Phase 496.776ms
[121.709s][info][gc,phases,start] GC(158) Post Compact
[121.726s][info][gc,phases      ] GC(158) Post Compact 16.836ms
[121.726s][info][gc,heap        ] GC(158) PSYoungGen: 1063936K(1755136K)->964750K(1755136K) Eden: 1063936K(1063936K)->964750K(1063936K) From: 0K(691200K)->0K(691200K)
[121.726s][info][gc,heap        ] GC(158) ParOldGen: 4893636K(4893696K)->4893636K(4893696K)
[121.726s][info][gc,metaspace   ] GC(158) Metaspace: 10675K(11072K)->10675K(11072K) NonClass: 9594K(9792K)->9594K(9792K) Class: 1080K(1280K)->1080K(1280K)
[121.726s][info][gc             ] GC(158) Pause Full (Ergonomics) 5817M->5721M(6493M) 1034.954ms
[121.726s][info][gc,cpu         ] GC(158) User=8.31s Sys=0.03s Real=1.04s
[121.758s][info][gc,start       ] GC(159) Pause Full (Ergonomics)
[121.758s][info][gc,phases,start] GC(159) Marking Phase
[122.231s][info][gc,phases      ] GC(159) Marking Phase 472.518ms
[122.231s][info][gc,phases,start] GC(159) Summary Phase
[122.231s][info][gc,phases      ] GC(159) Summary Phase 0.045ms
[122.231s][info][gc,phases,start] GC(159) Adjust Roots
[122.232s][info][gc,phases      ] GC(159) Adjust Roots 1.409ms
[122.232s][info][gc,phases,start] GC(159) Compaction Phase
[122.627s][info][gc,phases      ] GC(159) Compaction Phase 394.923ms
[122.627s][info][gc,phases,start] GC(159) Post Compact
[122.645s][info][gc,phases      ] GC(159) Post Compact 17.448ms
[122.645s][info][gc,heap        ] GC(159) PSYoungGen: 1063936K(1755136K)->945110K(1755136K) Eden: 1063936K(1063936K)->945110K(1063936K) From: 0K(691200K)->0K(691200K)
[122.645s][info][gc,heap        ] GC(159) ParOldGen: 4893636K(4893696K)->4893636K(4893696K)
[122.645s][info][gc,metaspace   ] GC(159) Metaspace: 10675K(11072K)->10675K(11072K) NonClass: 9594K(9792K)->9594K(9792K) Class: 1080K(1280K)->1080K(1280K)
[122.645s][info][gc             ] GC(159) Pause Full (Ergonomics) 5817M->5701M(6493M) 886.683ms
[122.645s][info][gc,cpu         ] GC(159) User=8.58s Sys=0.06s Real=0.89s
[122.685s][info][gc,start       ] GC(160) Pause Full (Ergonomics)
[122.685s][info][gc,phases,start] GC(160) Marking Phase
[123.184s][info][gc,phases      ] GC(160) Marking Phase 499.062ms
[123.184s][info][gc,phases,start] GC(160) Summary Phase
[123.184s][info][gc,phases      ] GC(160) Summary Phase 0.045ms
[123.184s][info][gc,phases,start] GC(160) Adjust Roots
[123.185s][info][gc,phases      ] GC(160) Adjust Roots 0.934ms
[123.185s][info][gc,phases,start] GC(160) Compaction Phase
[123.623s][info][gc,phases      ] GC(160) Compaction Phase 438.662ms
[123.624s][info][gc,phases,start] GC(160) Post Compact
[123.641s][info][gc,phases      ] GC(160) Post Compact 17.129ms
[123.641s][info][gc,heap        ] GC(160) PSYoungGen: 1063936K(1755136K)->965815K(1755136K) Eden: 1063936K(1063936K)->965815K(1063936K) From: 0K(691200K)->0K(691200K)
[123.641s][info][gc,heap        ] GC(160) ParOldGen: 4893636K(4893696K)->4893635K(4893696K)
[123.641s][info][gc,metaspace   ] GC(160) Metaspace: 10678K(11072K)->10678K(11072K) NonClass: 9597K(9792K)->9597K(9792K) Class: 1080K(1280K)->1080K(1280K)
[123.641s][info][gc             ] GC(160) Pause Full (Ergonomics) 5817M->5722M(6493M) 956.068ms
[123.641s][info][gc,cpu         ] GC(160) User=7.53s Sys=0.09s Real=0.96s
[123.675s][info][gc,start       ] GC(161) Pause Full (Ergonomics)
[123.675s][info][gc,phases,start] GC(161) Marking Phase
[124.148s][info][gc,phases      ] GC(161) Marking Phase 473.756ms
[124.148s][info][gc,phases,start] GC(161) Summary Phase
[124.148s][info][gc,phases      ] GC(161) Summary Phase 0.049ms
[124.148s][info][gc,phases,start] GC(161) Adjust Roots
[124.150s][info][gc,phases      ] GC(161) Adjust Roots 1.145ms
[124.150s][info][gc,phases,start] GC(161) Compaction Phase
[124.413s][info][gc,phases      ] GC(161) Compaction Phase 263.493ms
[124.413s][info][gc,phases,start] GC(161) Post Compact
[124.432s][info][gc,phases      ] GC(161) Post Compact 18.702ms
[124.432s][info][gc,heap        ] GC(161) PSYoungGen: 1063936K(1755136K)->950877K(1755136K) Eden: 1063936K(1063936K)->950877K(1063936K) From: 0K(691200K)->0K(691200K)
[124.432s][info][gc,heap        ] GC(161) ParOldGen: 4893635K(4893696K)->4893635K(4893696K)
[124.432s][info][gc,metaspace   ] GC(161) Metaspace: 10680K(11072K)->10680K(11072K) NonClass: 9599K(9792K)->9599K(9792K) Class: 1081K(1280K)->1081K(1280K)
[124.432s][info][gc             ] GC(161) Pause Full (Ergonomics) 5817M->5707M(6493M) 757.405ms
[124.432s][info][gc,cpu         ] GC(161) User=7.64s Sys=0.09s Real=0.76s
[124.468s][info][gc,start       ] GC(162) Pause Full (Ergonomics)
[124.468s][info][gc,phases,start] GC(162) Marking Phase
[124.936s][info][gc,phases      ] GC(162) Marking Phase 468.370ms
[124.936s][info][gc,phases,start] GC(162) Summary Phase
[124.936s][info][gc,phases      ] GC(162) Summary Phase 0.048ms
[124.936s][info][gc,phases,start] GC(162) Adjust Roots
[124.938s][info][gc,phases      ] GC(162) Adjust Roots 1.287ms
[124.938s][info][gc,phases,start] GC(162) Compaction Phase
[125.289s][info][gc,phases      ] GC(162) Compaction Phase 351.579ms
[125.289s][info][gc,phases,start] GC(162) Post Compact
[125.307s][info][gc,phases      ] GC(162) Post Compact 17.543ms
[125.307s][info][gc,heap        ] GC(162) PSYoungGen: 1063936K(1755136K)->933260K(1755136K) Eden: 1063936K(1063936K)->933260K(1063936K) From: 0K(691200K)->0K(691200K)
[125.307s][info][gc,heap        ] GC(162) ParOldGen: 4893635K(4893696K)->4893635K(4893696K)
[125.307s][info][gc,metaspace   ] GC(162) Metaspace: 10680K(11072K)->10680K(11072K) NonClass: 9599K(9792K)->9599K(9792K) Class: 1081K(1280K)->1081K(1280K)
[125.307s][info][gc             ] GC(162) Pause Full (Ergonomics) 5817M->5690M(6493M) 839.082ms
[125.307s][info][gc,cpu         ] GC(162) User=8.73s Sys=0.08s Real=0.84s
[125.342s][info][gc,start       ] GC(163) Pause Full (Ergonomics)
[125.342s][info][gc,phases,start] GC(163) Marking Phase
[125.839s][info][gc,phases      ] GC(163) Marking Phase 497.758ms
[125.840s][info][gc,phases,start] GC(163) Summary Phase
[125.840s][info][gc,phases      ] GC(163) Summary Phase 0.048ms
[125.840s][info][gc,phases,start] GC(163) Adjust Roots
[125.840s][info][gc,phases      ] GC(163) Adjust Roots 0.928ms
[125.841s][info][gc,phases,start] GC(163) Compaction Phase
[126.364s][info][gc,phases      ] GC(163) Compaction Phase 523.330ms
[126.364s][info][gc,phases,start] GC(163) Post Compact
[126.382s][info][gc,phases      ] GC(163) Post Compact 18.265ms
[126.382s][info][gc,heap        ] GC(163) PSYoungGen: 1063936K(1755136K)->958070K(1755136K) Eden: 1063936K(1063936K)->958070K(1063936K) From: 0K(691200K)->0K(691200K)
[126.382s][info][gc,heap        ] GC(163) ParOldGen: 4893635K(4893696K)->4893635K(4893696K)
[126.382s][info][gc,metaspace   ] GC(163) Metaspace: 10680K(11072K)->10680K(11072K) NonClass: 9599K(9792K)->9599K(9792K) Class: 1081K(1280K)->1081K(1280K)
[126.382s][info][gc             ] GC(163) Pause Full (Ergonomics) 5817M->5714M(6493M) 1040.574ms
[126.382s][info][gc,cpu         ] GC(163) User=7.70s Sys=0.08s Real=1.04s
[126.420s][info][gc,start       ] GC(164) Pause Full (Ergonomics)
[126.420s][info][gc,phases,start] GC(164) Marking Phase
[126.896s][info][gc,phases      ] GC(164) Marking Phase 476.140ms
[126.896s][info][gc,phases,start] GC(164) Summary Phase
[126.896s][info][gc,phases      ] GC(164) Summary Phase 0.044ms
[126.896s][info][gc,phases,start] GC(164) Adjust Roots
[126.897s][info][gc,phases      ] GC(164) Adjust Roots 0.944ms
[126.897s][info][gc,phases,start] GC(164) Compaction Phase
[127.343s][info][gc,phases      ] GC(164) Compaction Phase 445.904ms
[127.343s][info][gc,phases,start] GC(164) Post Compact
[127.360s][info][gc,phases      ] GC(164) Post Compact 17.269ms
[127.360s][info][gc,heap        ] GC(164) PSYoungGen: 1063936K(1755136K)->955453K(1755136K) Eden: 1063936K(1063936K)->955453K(1063936K) From: 0K(691200K)->0K(691200K)
[127.360s][info][gc,heap        ] GC(164) ParOldGen: 4893635K(4893696K)->4893635K(4893696K)
[127.360s][info][gc,metaspace   ] GC(164) Metaspace: 10685K(11072K)->10685K(11072K) NonClass: 9604K(9792K)->9604K(9792K) Class: 1081K(1280K)->1081K(1280K)
[127.360s][info][gc             ] GC(164) Pause Full (Ergonomics) 5817M->5712M(6493M) 940.585ms
[127.360s][info][gc,cpu         ] GC(164) User=6.92s Sys=0.12s Real=0.94s
[127.394s][info][gc,start       ] GC(165) Pause Full (Ergonomics)
[127.394s][info][gc,phases,start] GC(165) Marking Phase
[127.872s][info][gc,phases      ] GC(165) Marking Phase 478.201ms
[127.872s][info][gc,phases,start] GC(165) Summary Phase
[127.873s][info][gc,phases      ] GC(165) Summary Phase 0.045ms
[127.873s][info][gc,phases,start] GC(165) Adjust Roots
[127.873s][info][gc,phases      ] GC(165) Adjust Roots 0.922ms
[127.873s][info][gc,phases,start] GC(165) Compaction Phase
[128.233s][info][gc,phases      ] GC(165) Compaction Phase 359.413ms
[128.233s][info][gc,phases,start] GC(165) Post Compact
[128.251s][info][gc,phases      ] GC(165) Post Compact 17.944ms
[128.251s][info][gc,heap        ] GC(165) PSYoungGen: 1063936K(1755136K)->964770K(1755136K) Eden: 1063936K(1063936K)->964770K(1063936K) From: 0K(691200K)->0K(691200K)
[128.251s][info][gc,heap        ] GC(165) ParOldGen: 4893635K(4893696K)->4893635K(4893696K)
[128.251s][info][gc,metaspace   ] GC(165) Metaspace: 10685K(11072K)->10685K(11072K) NonClass: 9604K(9792K)->9604K(9792K) Class: 1081K(1280K)->1081K(1280K)
[128.251s][info][gc             ] GC(165) Pause Full (Ergonomics) 5817M->5721M(6493M) 856.784ms
[128.251s][info][gc,cpu         ] GC(165) User=7.19s Sys=0.03s Real=0.86s
[128.283s][info][gc,start       ] GC(166) Pause Full (Ergonomics)
[128.283s][info][gc,phases,start] GC(166) Marking Phase
[128.785s][info][gc,phases      ] GC(166) Marking Phase 502.413ms
[128.785s][info][gc,phases,start] GC(166) Summary Phase
[128.786s][info][gc,phases      ] GC(166) Summary Phase 0.047ms
[128.786s][info][gc,phases,start] GC(166) Adjust Roots
[128.786s][info][gc,phases      ] GC(166) Adjust Roots 0.876ms
[128.786s][info][gc,phases,start] GC(166) Compaction Phase
[129.320s][info][gc,phases      ] GC(166) Compaction Phase 533.792ms
[129.320s][info][gc,phases,start] GC(166) Post Compact
[129.338s][info][gc,phases      ] GC(166) Post Compact 17.296ms
[129.338s][info][gc,heap        ] GC(166) PSYoungGen: 1063936K(1755136K)->973752K(1755136K) Eden: 1063936K(1063936K)->973752K(1063936K) From: 0K(691200K)->0K(691200K)
[129.338s][info][gc,heap        ] GC(166) ParOldGen: 4893635K(4893696K)->4893635K(4893696K)
[129.338s][info][gc,metaspace   ] GC(166) Metaspace: 10685K(11072K)->10685K(11072K) NonClass: 9604K(9792K)->9604K(9792K) Class: 1081K(1280K)->1081K(1280K)
[129.338s][info][gc             ] GC(166) Pause Full (Ergonomics) 5817M->5729M(6493M) 1054.665ms
[129.338s][info][gc,cpu         ] GC(166) User=7.62s Sys=0.06s Real=1.05s
[129.369s][info][gc,start       ] GC(167) Pause Full (Ergonomics)
[129.369s][info][gc,phases,start] GC(167) Marking Phase
[129.831s][info][gc,phases      ] GC(167) Marking Phase 462.330ms
[129.831s][info][gc,phases,start] GC(167) Summary Phase
[129.831s][info][gc,phases      ] GC(167) Summary Phase 0.046ms
[129.831s][info][gc,phases,start] GC(167) Adjust Roots
[129.833s][info][gc,phases      ] GC(167) Adjust Roots 1.536ms
[129.833s][info][gc,phases,start] GC(167) Compaction Phase
[130.219s][info][gc,phases      ] GC(167) Compaction Phase 386.592ms
[130.219s][info][gc,phases,start] GC(167) Post Compact
[130.237s][info][gc,phases      ] GC(167) Post Compact 17.141ms
[130.237s][info][gc,heap        ] GC(167) PSYoungGen: 1063936K(1755136K)->924766K(1755136K) Eden: 1063936K(1063936K)->924766K(1063936K) From: 0K(691200K)->0K(691200K)
[130.237s][info][gc,heap        ] GC(167) ParOldGen: 4893635K(4893696K)->4893521K(4893696K)
[130.237s][info][gc,metaspace   ] GC(167) Metaspace: 10685K(11072K)->10685K(11072K) NonClass: 9604K(9792K)->9604K(9792K) Class: 1081K(1280K)->1081K(1280K)
[130.237s][info][gc             ] GC(167) Pause Full (Ergonomics) 5817M->5681M(6493M) 867.890ms
[130.237s][info][gc,cpu         ] GC(167) User=9.08s Sys=0.06s Real=0.87s
[130.281s][info][gc,start       ] GC(168) Pause Full (Ergonomics)
[130.281s][info][gc,phases,start] GC(168) Marking Phase
[130.744s][info][gc,phases      ] GC(168) Marking Phase 463.437ms
[130.744s][info][gc,phases,start] GC(168) Summary Phase
[130.744s][info][gc,phases      ] GC(168) Summary Phase 0.045ms
[130.744s][info][gc,phases,start] GC(168) Adjust Roots
[130.745s][info][gc,phases      ] GC(168) Adjust Roots 1.037ms
[130.745s][info][gc,phases,start] GC(168) Compaction Phase
[131.290s][info][gc,phases      ] GC(168) Compaction Phase 544.728ms
[131.290s][info][gc,phases,start] GC(168) Post Compact
[131.307s][info][gc,phases      ] GC(168) Post Compact 17.145ms
[131.307s][info][gc,heap        ] GC(168) PSYoungGen: 1063936K(1755136K)->936203K(1755136K) Eden: 1063936K(1063936K)->936203K(1063936K) From: 0K(691200K)->0K(691200K)
[131.307s][info][gc,heap        ] GC(168) ParOldGen: 4893521K(4893696K)->4893521K(4893696K)
[131.307s][info][gc,metaspace   ] GC(168) Metaspace: 10686K(11072K)->10686K(11072K) NonClass: 9604K(9792K)->9604K(9792K) Class: 1081K(1280K)->1081K(1280K)
[131.307s][info][gc             ] GC(168) Pause Full (Ergonomics) 5817M->5693M(6493M) 1026.662ms
[131.307s][info][gc,cpu         ] GC(168) User=6.98s Sys=0.09s Real=1.03s
[131.352s][info][gc,start       ] GC(169) Pause Full (Ergonomics)
[131.352s][info][gc,phases,start] GC(169) Marking Phase
[131.852s][info][gc,phases      ] GC(169) Marking Phase 500.116ms
[131.852s][info][gc,phases,start] GC(169) Summary Phase
[131.852s][info][gc,phases      ] GC(169) Summary Phase 0.046ms
[131.852s][info][gc,phases,start] GC(169) Adjust Roots
[131.853s][info][gc,phases      ] GC(169) Adjust Roots 0.877ms
[131.853s][info][gc,phases,start] GC(169) Compaction Phase
[132.217s][info][gc,phases      ] GC(169) Compaction Phase 363.929ms
[132.217s][info][gc,phases,start] GC(169) Post Compact
[132.234s][info][gc,phases      ] GC(169) Post Compact 17.343ms
[132.234s][info][gc,heap        ] GC(169) PSYoungGen: 1063936K(1755136K)->946085K(1755136K) Eden: 1063936K(1063936K)->946085K(1063936K) From: 0K(691200K)->0K(691200K)
[132.234s][info][gc,heap        ] GC(169) ParOldGen: 4893521K(4893696K)->4893521K(4893696K)
[132.234s][info][gc,metaspace   ] GC(169) Metaspace: 10686K(11072K)->10686K(11072K) NonClass: 9604K(9792K)->9604K(9792K) Class: 1081K(1280K)->1081K(1280K)
[132.234s][info][gc             ] GC(169) Pause Full (Ergonomics) 5817M->5702M(6493M) 882.559ms
[132.234s][info][gc,cpu         ] GC(169) User=7.44s Sys=0.03s Real=0.88s
[132.269s][info][gc,start       ] GC(170) Pause Full (Ergonomics)
[132.269s][info][gc,phases,start] GC(170) Marking Phase
[132.743s][info][gc,phases      ] GC(170) Marking Phase 473.428ms
[132.743s][info][gc,phases,start] GC(170) Summary Phase
[132.743s][info][gc,phases      ] GC(170) Summary Phase 0.045ms
[132.743s][info][gc,phases,start] GC(170) Adjust Roots
[132.744s][info][gc,phases      ] GC(170) Adjust Roots 0.924ms
[132.744s][info][gc,phases,start] GC(170) Compaction Phase
[133.278s][info][gc,phases      ] GC(170) Compaction Phase 534.178ms
[133.278s][info][gc,phases,start] GC(170) Post Compact
[133.296s][info][gc,phases      ] GC(170) Post Compact 18.602ms
[133.296s][info][gc,heap        ] GC(170) PSYoungGen: 1063936K(1755136K)->955641K(1755136K) Eden: 1063936K(1063936K)->955641K(1063936K) From: 0K(691200K)->0K(691200K)
[133.296s][info][gc,heap        ] GC(170) ParOldGen: 4893521K(4893696K)->4893521K(4893696K)
[133.296s][info][gc,metaspace   ] GC(170) Metaspace: 10689K(11072K)->10689K(11072K) NonClass: 9607K(9792K)->9607K(9792K) Class: 1081K(1280K)->1081K(1280K)
[133.296s][info][gc             ] GC(170) Pause Full (Ergonomics) 5817M->5712M(6493M) 1027.425ms
[133.296s][info][gc,cpu         ] GC(170) User=6.95s Sys=0.16s Real=1.03s
[133.338s][info][gc,start       ] GC(171) Pause Full (Ergonomics)
[133.338s][info][gc,phases,start] GC(171) Marking Phase
[133.835s][info][gc,phases      ] GC(171) Marking Phase 496.880ms
[133.835s][info][gc,phases,start] GC(171) Summary Phase
[133.835s][info][gc,phases      ] GC(171) Summary Phase 0.051ms
[133.835s][info][gc,phases,start] GC(171) Adjust Roots
[133.836s][info][gc,phases      ] GC(171) Adjust Roots 1.034ms
[133.836s][info][gc,phases,start] GC(171) Compaction Phase
[134.308s][info][gc,phases      ] GC(171) Compaction Phase 471.792ms
[134.308s][info][gc,phases,start] GC(171) Post Compact
[134.326s][info][gc,phases      ] GC(171) Post Compact 17.426ms
[134.326s][info][gc,heap        ] GC(171) PSYoungGen: 1063936K(1755136K)->964613K(1755136K) Eden: 1063936K(1063936K)->964613K(1063936K) From: 0K(691200K)->0K(691200K)
[134.326s][info][gc,heap        ] GC(171) ParOldGen: 4893521K(4893696K)->4893521K(4893696K)
[134.326s][info][gc,metaspace   ] GC(171) Metaspace: 10690K(11072K)->10690K(11072K) NonClass: 9608K(9792K)->9608K(9792K) Class: 1081K(1280K)->1081K(1280K)
[134.326s][info][gc             ] GC(171) Pause Full (Ergonomics) 5817M->5720M(6493M) 987.453ms
[134.326s][info][gc,cpu         ] GC(171) User=7.36s Sys=0.09s Real=0.99s
[134.362s][info][gc,start       ] GC(172) Pause Full (Ergonomics)
[134.363s][info][gc,phases,start] GC(172) Marking Phase
[134.851s][info][gc,phases      ] GC(172) Marking Phase 488.779ms
[134.851s][info][gc,phases,start] GC(172) Summary Phase
[134.851s][info][gc,phases      ] GC(172) Summary Phase 0.046ms
[134.851s][info][gc,phases,start] GC(172) Adjust Roots
[134.852s][info][gc,phases      ] GC(172) Adjust Roots 1.002ms
[134.852s][info][gc,phases,start] GC(172) Compaction Phase
[135.142s][info][gc,phases      ] GC(172) Compaction Phase 289.894ms
[135.142s][info][gc,phases,start] GC(172) Post Compact
[135.160s][info][gc,phases      ] GC(172) Post Compact 17.280ms
[135.160s][info][gc,heap        ] GC(172) PSYoungGen: 1063936K(1755136K)->975360K(1755136K) Eden: 1063936K(1063936K)->975360K(1063936K) From: 0K(691200K)->0K(691200K)
[135.160s][info][gc,heap        ] GC(172) ParOldGen: 4893521K(4893696K)->4893521K(4893696K)
[135.160s][info][gc,metaspace   ] GC(172) Metaspace: 10699K(11136K)->10699K(11136K) NonClass: 9615K(9792K)->9615K(9792K) Class: 1083K(1344K)->1083K(1344K)
[135.160s][info][gc             ] GC(172) Pause Full (Ergonomics) 5817M->5731M(6493M) 797.235ms
[135.160s][info][gc,cpu         ] GC(172) User=7.36s Sys=0.03s Real=0.80s
[135.192s][info][gc,start       ] GC(173) Pause Full (Ergonomics)
[135.192s][info][gc,phases,start] GC(173) Marking Phase
[135.707s][info][gc,phases      ] GC(173) Marking Phase 515.526ms
[135.707s][info][gc,phases,start] GC(173) Summary Phase
[135.707s][info][gc,phases      ] GC(173) Summary Phase 0.062ms
[135.707s][info][gc,phases,start] GC(173) Adjust Roots
[135.709s][info][gc,phases      ] GC(173) Adjust Roots 1.262ms
[135.709s][info][gc,phases,start] GC(173) Compaction Phase
[136.195s][info][gc,phases      ] GC(173) Compaction Phase 485.947ms
[136.195s][info][gc,phases,start] GC(173) Post Compact
[136.213s][info][gc,phases      ] GC(173) Post Compact 17.937ms
[136.213s][info][gc,heap        ] GC(173) PSYoungGen: 1063936K(1755136K)->977322K(1755136K) Eden: 1063936K(1063936K)->977322K(1063936K) From: 0K(691200K)->0K(691200K)
[136.213s][info][gc,heap        ] GC(173) ParOldGen: 4893521K(4893696K)->4893521K(4893696K)
[136.213s][info][gc,metaspace   ] GC(173) Metaspace: 10724K(11200K)->10724K(11200K) NonClass: 9640K(9856K)->9640K(9856K) Class: 1084K(1344K)->1084K(1344K)
[136.213s][info][gc             ] GC(173) Pause Full (Ergonomics) 5817M->5733M(6493M) 1020.994ms
[136.213s][info][gc,cpu         ] GC(173) User=8.23s Sys=0.11s Real=1.02s
[136.246s][info][gc,start       ] GC(174) Pause Full (Ergonomics)
[136.246s][info][gc,phases,start] GC(174) Marking Phase
[136.715s][info][gc,phases      ] GC(174) Marking Phase 469.556ms
[136.715s][info][gc,phases,start] GC(174) Summary Phase
[136.715s][info][gc,phases      ] GC(174) Summary Phase 0.049ms
[136.715s][info][gc,phases,start] GC(174) Adjust Roots
[136.717s][info][gc,phases      ] GC(174) Adjust Roots 1.538ms
[136.717s][info][gc,phases,start] GC(174) Compaction Phase
[137.270s][info][gc,phases      ] GC(174) Compaction Phase 553.563ms
[137.271s][info][gc,phases,start] GC(174) Post Compact
[137.288s][info][gc,phases      ] GC(174) Post Compact 17.484ms
[137.288s][info][gc,heap        ] GC(174) PSYoungGen: 1063936K(1755136K)->927610K(1755136K) Eden: 1063936K(1063936K)->927610K(1063936K) From: 0K(691200K)->0K(691200K)
[137.288s][info][gc,heap        ] GC(174) ParOldGen: 4893521K(4893696K)->4893627K(4893696K)
[137.288s][info][gc,metaspace   ] GC(174) Metaspace: 10727K(11200K)->10727K(11200K) NonClass: 9642K(9856K)->9642K(9856K) Class: 1084K(1344K)->1084K(1344K)
[137.288s][info][gc             ] GC(174) Pause Full (Ergonomics) 5817M->5684M(6493M) 1042.423ms
[137.288s][info][gc,cpu         ] GC(174) User=11.72s Sys=0.27s Real=1.04s
[137.354s][info][gc,start       ] GC(175) Pause Full (Ergonomics)
[137.354s][info][gc,phases,start] GC(175) Marking Phase
[137.817s][info][gc,phases      ] GC(175) Marking Phase 462.683ms
[137.817s][info][gc,phases,start] GC(175) Summary Phase
[137.817s][info][gc,phases      ] GC(175) Summary Phase 0.049ms
[137.817s][info][gc,phases,start] GC(175) Adjust Roots
[137.818s][info][gc,phases      ] GC(175) Adjust Roots 1.285ms
[137.818s][info][gc,phases,start] GC(175) Compaction Phase
[138.256s][info][gc,phases      ] GC(175) Compaction Phase 438.175ms
[138.256s][info][gc,phases,start] GC(175) Post Compact
[138.275s][info][gc,phases      ] GC(175) Post Compact 18.594ms
[138.275s][info][gc,heap        ] GC(175) PSYoungGen: 1063936K(1755136K)->915488K(1755136K) Eden: 1063936K(1063936K)->915488K(1063936K) From: 0K(691200K)->0K(691200K)
[138.275s][info][gc,heap        ] GC(175) ParOldGen: 4893627K(4893696K)->4893627K(4893696K)
[138.275s][info][gc,metaspace   ] GC(175) Metaspace: 10729K(11200K)->10729K(11200K) NonClass: 9644K(9856K)->9644K(9856K) Class: 1084K(1344K)->1084K(1344K)
[138.275s][info][gc             ] GC(175) Pause Full (Ergonomics) 5817M->5672M(6493M) 921.036ms
[138.275s][info][gc,cpu         ] GC(175) User=7.98s Sys=0.03s Real=0.92s
[138.373s][info][gc,start       ] GC(176) Pause Full (Ergonomics)
[138.373s][info][gc,phases,start] GC(176) Marking Phase
[138.843s][info][gc,phases      ] GC(176) Marking Phase 470.595ms
[138.843s][info][gc,phases,start] GC(176) Summary Phase
[138.843s][info][gc,phases      ] GC(176) Summary Phase 0.049ms
[138.843s][info][gc,phases,start] GC(176) Adjust Roots
[138.845s][info][gc,phases      ] GC(176) Adjust Roots 1.341ms
[138.845s][info][gc,phases,start] GC(176) Compaction Phase
[139.221s][info][gc,phases      ] GC(176) Compaction Phase 376.204ms
[139.221s][info][gc,phases,start] GC(176) Post Compact
[139.238s][info][gc,phases      ] GC(176) Post Compact 17.117ms
[139.238s][info][gc,heap        ] GC(176) PSYoungGen: 1063936K(1755136K)->895040K(1755136K) Eden: 1063936K(1063936K)->895040K(1063936K) From: 0K(691200K)->0K(691200K)
[139.238s][info][gc,heap        ] GC(176) ParOldGen: 4893627K(4893696K)->4893627K(4893696K)
[139.238s][info][gc,metaspace   ] GC(176) Metaspace: 10731K(11200K)->10731K(11200K) NonClass: 9646K(9856K)->9646K(9856K) Class: 1085K(1344K)->1085K(1344K)
[139.238s][info][gc             ] GC(176) Pause Full (Ergonomics) 5817M->5652M(6493M) 865.554ms
[139.238s][info][gc,cpu         ] GC(176) User=8.02s Sys=0.08s Real=0.87s
[139.356s][info][gc,start       ] GC(177) Pause Full (Ergonomics)
[139.356s][info][gc,phases,start] GC(177) Marking Phase
[139.802s][info][gc,phases      ] GC(177) Marking Phase 445.463ms
[139.802s][info][gc,phases,start] GC(177) Summary Phase
[139.802s][info][gc,phases      ] GC(177) Summary Phase 0.050ms
[139.802s][info][gc,phases,start] GC(177) Adjust Roots
[139.803s][info][gc,phases      ] GC(177) Adjust Roots 1.414ms
[139.803s][info][gc,phases,start] GC(177) Compaction Phase
[140.193s][info][gc,phases      ] GC(177) Compaction Phase 389.387ms
[140.193s][info][gc,phases,start] GC(177) Post Compact
[140.211s][info][gc,phases      ] GC(177) Post Compact 17.787ms
[140.211s][info][gc,heap        ] GC(177) PSYoungGen: 1063936K(1755136K)->846800K(1755136K) Eden: 1063936K(1063936K)->846800K(1063936K) From: 0K(691200K)->0K(691200K)
[140.211s][info][gc,heap        ] GC(177) ParOldGen: 4893627K(4893696K)->4893623K(4893696K)
[140.211s][info][gc,metaspace   ] GC(177) Metaspace: 10731K(11200K)->10731K(11200K) NonClass: 9646K(9856K)->9646K(9856K) Class: 1085K(1344K)->1085K(1344K)
[140.211s][info][gc             ] GC(177) Pause Full (Ergonomics) 5817M->5605M(6493M) 854.344ms
[140.211s][info][gc,cpu         ] GC(177) User=8.84s Sys=0.05s Real=0.85s
[140.453s][info][gc,start       ] GC(178) Pause Full (Ergonomics)
[140.453s][info][gc,phases,start] GC(178) Marking Phase
[140.887s][info][gc,phases      ] GC(178) Marking Phase 434.384ms
[140.887s][info][gc,phases,start] GC(178) Summary Phase
[140.887s][info][gc,phases      ] GC(178) Summary Phase 0.060ms
[140.887s][info][gc,phases,start] GC(178) Adjust Roots
[140.889s][info][gc,phases      ] GC(178) Adjust Roots 2.020ms
[140.889s][info][gc,phases,start] GC(178) Compaction Phase
[141.730s][info][gc,phases      ] GC(178) Compaction Phase 840.745ms
[141.730s][info][gc,phases,start] GC(178) Post Compact
[141.748s][info][gc,phases      ] GC(178) Post Compact 17.513ms
[141.748s][info][gc,heap        ] GC(178) PSYoungGen: 1063936K(1755136K)->786212K(1755136K) Eden: 1063936K(1063936K)->786212K(1063936K) From: 0K(691200K)->0K(691200K)
[141.748s][info][gc,heap        ] GC(178) ParOldGen: 4893623K(4893696K)->4893681K(4893696K)
[141.748s][info][gc,metaspace   ] GC(178) Metaspace: 10733K(11200K)->10733K(11200K) NonClass: 9648K(9856K)->9648K(9856K) Class: 1085K(1344K)->1085K(1344K)
[141.748s][info][gc             ] GC(178) Pause Full (Ergonomics) 5817M->5546M(6493M) 1294.962ms
[141.748s][info][gc,cpu         ] GC(178) User=12.72s Sys=0.22s Real=1.29s
[142.478s][info][gc,start       ] GC(179) Pause Full (Ergonomics)
[142.478s][info][gc,phases,start] GC(179) Marking Phase
[142.794s][info][gc,phases      ] GC(179) Marking Phase 316.837ms
[142.794s][info][gc,phases,start] GC(179) Summary Phase
[142.794s][info][gc,phases      ] GC(179) Summary Phase 0.053ms
[142.794s][info][gc,phases,start] GC(179) Adjust Roots
[142.796s][info][gc,phases      ] GC(179) Adjust Roots 1.699ms
[142.796s][info][gc,phases,start] GC(179) Compaction Phase
[143.343s][info][gc,phases      ] GC(179) Compaction Phase 546.817ms
[143.343s][info][gc,phases,start] GC(179) Post Compact
[143.361s][info][gc,phases      ] GC(179) Post Compact 18.290ms
[143.361s][info][gc,heap        ] GC(179) PSYoungGen: 1055712K(1755136K)->482868K(1755136K) Eden: 1055712K(1063936K)->482868K(1063936K) From: 0K(691200K)->0K(691200K)
[143.361s][info][gc,heap        ] GC(179) ParOldGen: 4893681K(4893696K)->4893332K(4893696K)
[143.361s][info][gc,metaspace   ] GC(179) Metaspace: 10733K(11200K)->10733K(11200K) NonClass: 9648K(9856K)->9648K(9856K) Class: 1085K(1344K)->1085K(1344K)
[143.361s][info][gc             ] GC(179) Pause Full (Ergonomics) 5809M->5250M(6493M) 883.950ms
[143.361s][info][gc,cpu         ] GC(179) User=7.58s Sys=0.05s Real=0.88s
[145.159s][info][gc,start       ] GC(180) Pause Full (Ergonomics)
[145.159s][info][gc,phases,start] GC(180) Marking Phase
[145.545s][info][gc,phases      ] GC(180) Marking Phase 386.474ms
[145.545s][info][gc,phases,start] GC(180) Summary Phase
[145.545s][info][gc,phases      ] GC(180) Summary Phase 0.058ms
[145.545s][info][gc,phases,start] GC(180) Adjust Roots
[145.547s][info][gc,phases      ] GC(180) Adjust Roots 1.658ms
[145.547s][info][gc,phases,start] GC(180) Compaction Phase
[146.128s][info][gc,phases      ] GC(180) Compaction Phase 580.779ms
[146.128s][info][gc,phases,start] GC(180) Post Compact
[146.145s][info][gc,phases      ] GC(180) Post Compact 17.124ms
[146.145s][info][gc,heap        ] GC(180) PSYoungGen: 1063936K(1755136K)->784237K(1755136K) Eden: 1063936K(1063936K)->784237K(1063936K) From: 0K(691200K)->0K(691200K)
[146.145s][info][gc,heap        ] GC(180) ParOldGen: 4893332K(4893696K)->4893221K(4893696K)
[146.145s][info][gc,metaspace   ] GC(180) Metaspace: 10781K(11200K)->10781K(11200K) NonClass: 9690K(9856K)->9690K(9856K) Class: 1091K(1344K)->1091K(1344K)
[146.145s][info][gc             ] GC(180) Pause Full (Ergonomics) 5817M->5544M(6493M) 986.327ms
[146.145s][info][gc,cpu         ] GC(180) User=9.66s Sys=0.03s Real=0.99s
[146.168s][info][gc,heap,exit   ] Heap
[146.168s][info][gc,heap,exit   ]  PSYoungGen      total 1755136K, used 807181K [0x000000076ab00000, 0x0000000800000000, 0x0000000800000000)
[146.168s][info][gc,heap,exit   ]   eden space 1063936K, 75% used [0x000000076ab00000,0x000000079bf43538,0x00000007aba00000)
[146.168s][info][gc,heap,exit   ]   from space 691200K, 0% used [0x00000007aba00000,0x00000007aba00000,0x00000007d5d00000)
[146.168s][info][gc,heap,exit   ]   to   space 691200K, 0% used [0x00000007d5d00000,0x00000007d5d00000,0x0000000800000000)
[146.168s][info][gc,heap,exit   ]  ParOldGen       total 4893696K, used 4893221K [0x0000000640000000, 0x000000076ab00000, 0x000000076ab00000)
[146.168s][info][gc,heap,exit   ]   object space 4893696K, 99% used [0x0000000640000000,0x000000076aa89788,0x000000076ab00000)
[146.168s][info][gc,heap,exit   ]  Metaspace       used 10800K, committed 11200K, reserved 1114112K
[146.168s][info][gc,heap,exit   ]   class space    used 1094K, committed 1344K, reserved 1048576K
