[0.013s][info][gc,init] Initializing The Z Garbage Collector
[0.013s][info][gc,init] Version: 21.0.2+13-58 (release)
[0.013s][info][gc,init] Using legacy single-generation mode
[0.013s][info][gc,init] NUMA Support: Disabled
[0.013s][info][gc,init] CPUs: 16 total, 16 available
[0.014s][info][gc,init] Memory: 32555M
[0.014s][info][gc,init] Large Page Support: Disabled
[0.014s][info][gc,init] GC Workers: 4 (dynamic)
[0.014s][info][gc,init] Address Space Type: Contiguous/Unrestricted/Complete
[0.015s][info][gc,init] Address Space Size: 245760M x 3 = 737280M
[0.015s][info][gc,init] Min Capacity: 15360M
[0.015s][info][gc,init] Initial Capacity: 15360M
[0.015s][info][gc,init] Max Capacity: 15360M
[0.015s][info][gc,init] Medium Page Size: 32M
[0.015s][info][gc,init] Pre-touch: Disabled
[0.015s][info][gc,init] Uncommit: Implicitly Disabled (-Xms equals -Xmx)
[0.421s][info][gc,init] Runtime Workers: 10
[0.422s][info][gc     ] Using The Z Garbage Collector
[0.428s][info][gc,metaspace] CDS archive(s) mapped at: [0x000002c15a000000-0x000002c15ac90000-0x000002c15ac90000), size 13172736, SharedBaseAddress: 0x000002c15a000000, ArchiveRelocationMode: 1.
[0.428s][info][gc,metaspace] Compressed class space mapped at: 0x000002c15b000000-0x000002c19b000000, reserved size: 1073741824
[0.428s][info][gc,metaspace] Narrow klass base: 0x000002c15a000000, Narrow klass shift: 0, Narrow klass range: 0x100000000
[4.848s][info][gc,start    ] GC(0) Garbage Collection (Warmup)
[4.848s][info][gc,task     ] GC(0) Using 4 workers
[4.848s][info][gc,phases   ] GC(0) Pause Mark Start 0.013ms
[4.880s][info][gc,phases   ] GC(0) Concurrent Mark 31.977ms
[4.880s][info][gc,phases   ] GC(0) Pause Mark End 0.020ms
[4.880s][info][gc,phases   ] GC(0) Concurrent Mark Free 0.001ms
[4.881s][info][gc,phases   ] GC(0) Concurrent Process Non-Strong References 0.811ms
[4.881s][info][gc,phases   ] GC(0) Concurrent Reset Relocation Set 0.001ms
[4.884s][info][gc,phases   ] GC(0) Concurrent Select Relocation Set 3.535ms
[4.884s][info][gc,phases   ] GC(0) Pause Relocate Start 0.005ms
[4.923s][info][gc,phases   ] GC(0) Concurrent Relocate 38.234ms
[4.923s][info][gc,load     ] GC(0) Load: 0.00/0.00/0.00
[4.923s][info][gc,mmu      ] GC(0) MMU: 2ms/99.0%, 5ms/99.5%, 10ms/99.8%, 20ms/99.9%, 50ms/99.9%, 100ms/100.0%
[4.923s][info][gc,marking  ] GC(0) Mark: 4 stripe(s), 3 proactive flush(es), 1 terminate flush(es), 0 completion(s), 0 continuation(s) 
[4.923s][info][gc,marking  ] GC(0) Mark Stack Usage: 32M
[4.923s][info][gc,nmethod  ] GC(0) NMethods: 1413 registered, 263 unregistered
[4.923s][info][gc,metaspace] GC(0) Metaspace: 7M used, 7M committed, 1088M reserved
[4.923s][info][gc,ref      ] GC(0) Soft: 498 encountered, 0 discovered, 0 enqueued
[4.923s][info][gc,ref      ] GC(0) Weak: 1382 encountered, 694 discovered, 302 enqueued
[4.923s][info][gc,ref      ] GC(0) Final: 0 encountered, 0 discovered, 0 enqueued
[4.923s][info][gc,ref      ] GC(0) Phantom: 182 encountered, 172 discovered, 167 enqueued
[4.923s][info][gc,reloc    ] GC(0) Small Pages: 620 / 1240M, Empty: 0M, Relocated: 197M, In-Place: 0
[4.923s][info][gc,reloc    ] GC(0) Medium Pages: 12 / 384M, Empty: 0M, Relocated: 101M, In-Place: 0
[4.923s][info][gc,reloc    ] GC(0) Large Pages: 0 / 0M, Empty: 0M, Relocated: 0M, In-Place: 0
[4.923s][info][gc,reloc    ] GC(0) Forwarding Usage: 1M
[4.923s][info][gc,heap     ] GC(0) Min Capacity: 15360M(100%)
[4.923s][info][gc,heap     ] GC(0) Max Capacity: 15360M(100%)
[4.923s][info][gc,heap     ] GC(0) Soft Max Capacity: 15360M(100%)
[4.923s][info][gc,heap     ] GC(0)                Mark Start          Mark End        Relocate Start      Relocate End           High               Low         
[4.923s][info][gc,heap     ] GC(0)  Capacity:    15360M (100%)      15360M (100%)      15360M (100%)      15360M (100%)      15360M (100%)      15360M (100%)   
[4.923s][info][gc,heap     ] GC(0)      Free:    13736M (89%)       13672M (89%)       13666M (89%)       14922M (97%)       14922M (97%)       13628M (89%)    
[4.923s][info][gc,heap     ] GC(0)      Used:     1624M (11%)        1688M (11%)        1694M (11%)         438M (3%)         1732M (11%)         438M (3%)     
[4.923s][info][gc,heap     ] GC(0)      Live:         -               301M (2%)          301M (2%)          301M (2%)             -                  -          
[4.923s][info][gc,heap     ] GC(0) Allocated:         -                64M (0%)           70M (0%)           97M (1%)             -                  -          
[4.923s][info][gc,heap     ] GC(0)   Garbage:         -              1322M (9%)         1322M (9%)           38M (0%)             -                  -          
[4.923s][info][gc,heap     ] GC(0) Reclaimed:         -                  -                 0M (0%)         1283M (8%)             -                  -          
[4.923s][info][gc          ] GC(0) Garbage Collection (Warmup) 1624M(11%)->438M(3%)
[6.439s][info][gc,start    ] GC(1) Garbage Collection (Warmup)
[6.439s][info][gc,task     ] GC(1) Using 4 workers
[6.439s][info][gc,phases   ] GC(1) Pause Mark Start 0.013ms
[6.470s][info][gc,phases   ] GC(1) Concurrent Mark 31.293ms
[6.471s][info][gc,phases   ] GC(1) Pause Mark End 0.020ms
[6.471s][info][gc,phases   ] GC(1) Concurrent Mark Free 0.001ms
[6.471s][info][gc,phases   ] GC(1) Concurrent Process Non-Strong References 0.671ms
[6.471s][info][gc,phases   ] GC(1) Concurrent Reset Relocation Set 0.011ms
[6.473s][info][gc,phases   ] GC(1) Concurrent Select Relocation Set 1.677ms
[6.473s][info][gc,phases   ] GC(1) Pause Relocate Start 0.004ms
[6.525s][info][gc,phases   ] GC(1) Concurrent Relocate 51.597ms
[6.525s][info][gc,load     ] GC(1) Load: 0.00/0.00/0.00
[6.525s][info][gc,mmu      ] GC(1) MMU: 2ms/99.0%, 5ms/99.5%, 10ms/99.8%, 20ms/99.9%, 50ms/99.9%, 100ms/100.0%
[6.525s][info][gc,marking  ] GC(1) Mark: 4 stripe(s), 2 proactive flush(es), 1 terminate flush(es), 0 completion(s), 0 continuation(s) 
[6.525s][info][gc,marking  ] GC(1) Mark Stack Usage: 32M
[6.525s][info][gc,nmethod  ] GC(1) NMethods: 1437 registered, 270 unregistered
[6.525s][info][gc,metaspace] GC(1) Metaspace: 7M used, 7M committed, 1088M reserved
[6.525s][info][gc,ref      ] GC(1) Soft: 498 encountered, 0 discovered, 0 enqueued
[6.525s][info][gc,ref      ] GC(1) Weak: 1080 encountered, 201 discovered, 0 enqueued
[6.525s][info][gc,ref      ] GC(1) Final: 0 encountered, 0 discovered, 0 enqueued
[6.525s][info][gc,ref      ] GC(1) Phantom: 15 encountered, 9 discovered, 0 enqueued
[6.525s][info][gc,reloc    ] GC(1) Small Pages: 1156 / 2312M, Empty: 4M, Relocated: 342M, In-Place: 0
[6.525s][info][gc,reloc    ] GC(1) Medium Pages: 25 / 800M, Empty: 0M, Relocated: 183M, In-Place: 0
[6.525s][info][gc,reloc    ] GC(1) Large Pages: 0 / 0M, Empty: 0M, Relocated: 0M, In-Place: 0
[6.525s][info][gc,reloc    ] GC(1) Forwarding Usage: 1M
[6.525s][info][gc,heap     ] GC(1) Min Capacity: 15360M(100%)
[6.525s][info][gc,heap     ] GC(1) Max Capacity: 15360M(100%)
[6.525s][info][gc,heap     ] GC(1) Soft Max Capacity: 15360M(100%)
[6.525s][info][gc,heap     ] GC(1)                Mark Start          Mark End        Relocate Start      Relocate End           High               Low         
[6.525s][info][gc,heap     ] GC(1)  Capacity:    15360M (100%)      15360M (100%)      15360M (100%)      15360M (100%)      15360M (100%)      15360M (100%)   
[6.525s][info][gc,heap     ] GC(1)      Free:    12248M (80%)       12190M (79%)       12192M (79%)       14408M (94%)       14410M (94%)       12156M (79%)    
[6.525s][info][gc,heap     ] GC(1)      Used:     3112M (20%)        3170M (21%)        3168M (21%)         952M (6%)         3204M (21%)         950M (6%)     
[6.525s][info][gc,heap     ] GC(1)      Live:         -               818M (5%)          818M (5%)          818M (5%)             -                  -          
[6.525s][info][gc,heap     ] GC(1) Allocated:         -                58M (0%)           60M (0%)           99M (1%)             -                  -          
[6.525s][info][gc,heap     ] GC(1)   Garbage:         -              2293M (15%)        2289M (15%)          33M (0%)             -                  -          
[6.525s][info][gc,heap     ] GC(1) Reclaimed:         -                  -                 4M (0%)         2259M (15%)            -                  -          
[6.525s][info][gc          ] GC(1) Garbage Collection (Warmup) 3112M(20%)->952M(6%)
[8.546s][info][gc,start    ] GC(2) Garbage Collection (Warmup)
[8.546s][info][gc,task     ] GC(2) Using 4 workers
[8.546s][info][gc,phases   ] GC(2) Pause Mark Start 0.007ms
[8.592s][info][gc,phases   ] GC(2) Concurrent Mark 46.091ms
[8.593s][info][gc,phases   ] GC(2) Pause Mark End 0.028ms
[8.593s][info][gc,phases   ] GC(2) Concurrent Mark Free 0.001ms
[8.593s][info][gc,phases   ] GC(2) Concurrent Process Non-Strong References 0.695ms
[8.594s][info][gc,phases   ] GC(2) Concurrent Reset Relocation Set 0.033ms
[8.597s][info][gc,phases   ] GC(2) Concurrent Select Relocation Set 3.392ms
[8.597s][info][gc,phases   ] GC(2) Pause Relocate Start 0.006ms
[8.687s][info][gc,phases   ] GC(2) Concurrent Relocate 90.460ms
[8.688s][info][gc,load     ] GC(2) Load: 0.00/0.00/0.00
[8.688s][info][gc,mmu      ] GC(2) MMU: 2ms/98.6%, 5ms/99.3%, 10ms/99.7%, 20ms/99.8%, 50ms/99.9%, 100ms/100.0%
[8.688s][info][gc,marking  ] GC(2) Mark: 4 stripe(s), 3 proactive flush(es), 1 terminate flush(es), 0 completion(s), 0 continuation(s) 
[8.688s][info][gc,marking  ] GC(2) Mark Stack Usage: 32M
[8.688s][info][gc,nmethod  ] GC(2) NMethods: 1456 registered, 275 unregistered
[8.688s][info][gc,metaspace] GC(2) Metaspace: 7M used, 7M committed, 1088M reserved
[8.688s][info][gc,ref      ] GC(2) Soft: 498 encountered, 0 discovered, 0 enqueued
[8.688s][info][gc,ref      ] GC(2) Weak: 1080 encountered, 139 discovered, 0 enqueued
[8.688s][info][gc,ref      ] GC(2) Final: 0 encountered, 0 discovered, 0 enqueued
[8.688s][info][gc,ref      ] GC(2) Phantom: 15 encountered, 8 discovered, 0 enqueued
[8.688s][info][gc,reloc    ] GC(2) Small Pages: 1720 / 3440M, Empty: 4M, Relocated: 475M, In-Place: 0
[8.688s][info][gc,reloc    ] GC(2) Medium Pages: 37 / 1184M, Empty: 0M, Relocated: 236M, In-Place: 0
[8.688s][info][gc,reloc    ] GC(2) Large Pages: 0 / 0M, Empty: 0M, Relocated: 0M, In-Place: 0
[8.688s][info][gc,reloc    ] GC(2) Forwarding Usage: 1M
[8.688s][info][gc,heap     ] GC(2) Min Capacity: 15360M(100%)
[8.688s][info][gc,heap     ] GC(2) Max Capacity: 15360M(100%)
[8.688s][info][gc,heap     ] GC(2) Soft Max Capacity: 15360M(100%)
[8.688s][info][gc,heap     ] GC(2)                Mark Start          Mark End        Relocate Start      Relocate End           High               Low         
[8.688s][info][gc,heap     ] GC(2)  Capacity:    15360M (100%)      15360M (100%)      15360M (100%)      15360M (100%)      15360M (100%)      15360M (100%)   
[8.688s][info][gc,heap     ] GC(2)      Free:    10736M (70%)       10662M (69%)       10662M (69%)       13642M (89%)       13642M (89%)       10624M (69%)    
[8.688s][info][gc,heap     ] GC(2)      Used:     4624M (30%)        4698M (31%)        4698M (31%)        1718M (11%)        4736M (31%)        1718M (11%)    
[8.688s][info][gc,heap     ] GC(2)      Live:         -              1527M (10%)        1527M (10%)        1527M (10%)            -                  -          
[8.688s][info][gc,heap     ] GC(2) Allocated:         -                74M (0%)           78M (1%)          127M (1%)             -                  -          
[8.688s][info][gc,heap     ] GC(2)   Garbage:         -              3096M (20%)        3092M (20%)          62M (0%)             -                  -          
[8.688s][info][gc,heap     ] GC(2) Reclaimed:         -                  -                 4M (0%)         3033M (20%)            -                  -          
[8.688s][info][gc          ] GC(2) Garbage Collection (Warmup) 4624M(30%)->1718M(11%)
[10.440s][info][gc,stats    ] === Garbage Collection Statistics =======================================================================================================================
[10.440s][info][gc,stats    ]                                                              Last 10s              Last 10m              Last 10h                Total
[10.440s][info][gc,stats    ]                                                              Avg / Max             Avg / Max             Avg / Max             Avg / Max
[10.440s][info][gc,stats    ]   Collector: Garbage Collection Cycle                    100.741 / 141.333     100.741 / 141.333     100.741 / 141.333     100.741 / 141.333     ms
[10.440s][info][gc,stats    ]  Contention: Mark Segment Reset Contention                     0 / 2                 0 / 2                 0 / 2                 0 / 2           ops/s
[10.440s][info][gc,stats    ]  Contention: Mark SeqNum Reset Contention                      0 / 0                 0 / 0                 0 / 0                 0 / 0           ops/s
[10.440s][info][gc,stats    ]    Critical: Allocation Stall                                  0 / 0                 0 / 0                 0 / 0                 0 / 0           ops/s
[10.440s][info][gc,stats    ]    Critical: Allocation Stall                              0.000 / 0.000         0.000 / 0.000         0.000 / 0.000         0.000 / 0.000       ms
[10.440s][info][gc,stats    ]    Critical: GC Locker Stall                                   0 / 0                 0 / 0                 0 / 0                 0 / 0           ops/s
[10.440s][info][gc,stats    ]    Critical: GC Locker Stall                               0.000 / 0.000         0.000 / 0.000         0.000 / 0.000         0.000 / 0.000       ms
[10.440s][info][gc,stats    ]    Critical: Relocation Stall                                  0 / 0                 0 / 0                 0 / 0                 0 / 0           ops/s
[10.440s][info][gc,stats    ]    Critical: Relocation Stall                              0.000 / 0.000         0.000 / 0.000         0.000 / 0.000         0.000 / 0.000       ms
[10.440s][info][gc,stats    ]      Memory: Allocation Rate                                1212 / 2382           1212 / 2382           1212 / 2382           1212 / 2382        MB/s
[10.440s][info][gc,stats    ]      Memory: Defragment                                        0 / 0                 0 / 0                 0 / 0                 0 / 0           ops/s
[10.440s][info][gc,stats    ]      Memory: Out Of Memory                                     0 / 0                 0 / 0                 0 / 0                 0 / 0           ops/s
[10.440s][info][gc,stats    ]      Memory: Page Cache Flush                                  0 / 0                 0 / 0                 0 / 0                 0 / 0           MB/s
[10.440s][info][gc,stats    ]      Memory: Page Cache Hit L1                               317 / 1075            317 / 1075            317 / 1075            317 / 1075        ops/s
[10.440s][info][gc,stats    ]      Memory: Page Cache Hit L2                                 0 / 0                 0 / 0                 0 / 0                 0 / 0           ops/s
[10.440s][info][gc,stats    ]      Memory: Page Cache Hit L3                               217 / 520             217 / 520             217 / 520             217 / 520         ops/s
[10.440s][info][gc,stats    ]      Memory: Page Cache Miss                                   0 / 1                 0 / 1                 0 / 1                 0 / 1           ops/s
[10.440s][info][gc,stats    ]      Memory: Uncommit                                          0 / 0                 0 / 0                 0 / 0                 0 / 0           MB/s
[10.440s][info][gc,stats    ]      Memory: Undo Object Allocation Failed                     0 / 0                 0 / 0                 0 / 0                 0 / 0           ops/s
[10.440s][info][gc,stats    ]      Memory: Undo Object Allocation Succeeded                  0 / 0                 0 / 0                 0 / 0                 0 / 0           ops/s
[10.440s][info][gc,stats    ]      Memory: Undo Page Allocation                              0 / 0                 0 / 0                 0 / 0                 0 / 0           ops/s
[10.440s][info][gc,stats    ]       Phase: Concurrent Mark                              36.453 / 46.091       36.453 / 46.091       36.453 / 46.091       36.453 / 46.091      ms
[10.440s][info][gc,stats    ]       Phase: Concurrent Mark Continue                      0.000 / 0.000         0.000 / 0.000         0.000 / 0.000         0.000 / 0.000       ms
[10.440s][info][gc,stats    ]       Phase: Concurrent Mark Free                          0.001 / 0.001         0.001 / 0.001         0.001 / 0.001         0.001 / 0.001       ms
[10.440s][info][gc,stats    ]       Phase: Concurrent Process Non-Strong References      0.726 / 0.811         0.726 / 0.811         0.726 / 0.811         0.726 / 0.811       ms
[10.440s][info][gc,stats    ]       Phase: Concurrent Relocate                          60.097 / 90.460       60.097 / 90.460       60.097 / 90.460       60.097 / 90.460      ms
[10.440s][info][gc,stats    ]       Phase: Concurrent Reset Relocation Set               0.015 / 0.033         0.015 / 0.033         0.015 / 0.033         0.015 / 0.033       ms
[10.440s][info][gc,stats    ]       Phase: Concurrent Select Relocation Set              2.868 / 3.535         2.868 / 3.535         2.868 / 3.535         2.868 / 3.535       ms
[10.440s][info][gc,stats    ]       Phase: Pause Mark End                                0.022 / 0.028         0.022 / 0.028         0.022 / 0.028         0.022 / 0.028       ms
[10.440s][info][gc,stats    ]       Phase: Pause Mark Start                              0.011 / 0.013         0.011 / 0.013         0.011 / 0.013         0.011 / 0.013       ms
[10.440s][info][gc,stats    ]       Phase: Pause Relocate Start                          0.005 / 0.006         0.005 / 0.006         0.005 / 0.006         0.005 / 0.006       ms
[10.440s][info][gc,stats    ]    Subphase: Concurrent Classes Purge                      0.076 / 0.187         0.076 / 0.187         0.076 / 0.187         0.076 / 0.187       ms
[10.440s][info][gc,stats    ]    Subphase: Concurrent Classes Unlink                     0.406 / 0.421         0.406 / 0.421         0.406 / 0.421         0.406 / 0.421       ms
[10.440s][info][gc,stats    ]    Subphase: Concurrent Mark                              33.105 / 45.560       33.105 / 45.560       33.105 / 45.560       33.105 / 45.560      ms
[10.440s][info][gc,stats    ]    Subphase: Concurrent Mark Try Flush                     0.058 / 0.117         0.058 / 0.117         0.058 / 0.117         0.058 / 0.117       ms
[10.440s][info][gc,stats    ]    Subphase: Concurrent Mark Try Terminate                 8.684 / 15.862        8.684 / 15.862        8.684 / 15.862        8.684 / 15.862      ms
[10.440s][info][gc,stats    ]    Subphase: Concurrent References Enqueue                 0.001 / 0.004         0.001 / 0.004         0.001 / 0.004         0.001 / 0.004       ms
[10.440s][info][gc,stats    ]    Subphase: Concurrent References Process                 0.069 / 0.074         0.069 / 0.074         0.069 / 0.074         0.069 / 0.074       ms
[10.440s][info][gc,stats    ]    Subphase: Concurrent Roots ClassLoaderDataGraph         0.054 / 0.171         0.054 / 0.171         0.054 / 0.171         0.054 / 0.171       ms
[10.440s][info][gc,stats    ]    Subphase: Concurrent Roots CodeCache                    0.000 / 0.000         0.000 / 0.000         0.000 / 0.000         0.000 / 0.000       ms
[10.440s][info][gc,stats    ]    Subphase: Concurrent Roots JavaThreads                  0.271 / 0.392         0.271 / 0.392         0.271 / 0.392         0.271 / 0.392       ms
[10.440s][info][gc,stats    ]    Subphase: Concurrent Roots OopStorageSet                0.025 / 0.058         0.025 / 0.058         0.025 / 0.058         0.025 / 0.058       ms
[10.440s][info][gc,stats    ]    Subphase: Concurrent Weak Roots OopStorageSet           0.103 / 0.142         0.103 / 0.142         0.103 / 0.142         0.103 / 0.142       ms
[10.440s][info][gc,stats    ]    Subphase: Pause Mark Try Complete                       0.000 / 0.000         0.000 / 0.000         0.000 / 0.000         0.000 / 0.000       ms
[10.440s][info][gc,stats    ]      System: Java Threads                                     16 / 17               16 / 17               16 / 17               16 / 17          threads
[10.440s][info][gc,stats    ] =========================================================================================================================================================
[16.152s][info][gc,start    ] GC(3) Garbage Collection (Allocation Rate)
[16.152s][info][gc,task     ] GC(3) Using 1 workers
[16.152s][info][gc,phases   ] GC(3) Pause Mark Start 0.009ms
[16.524s][info][gc,phases   ] GC(3) Concurrent Mark 371.889ms
[16.524s][info][gc,phases   ] GC(3) Pause Mark End 0.023ms
[16.524s][info][gc,phases   ] GC(3) Concurrent Mark Free 0.001ms
[16.526s][info][gc,phases   ] GC(3) Concurrent Process Non-Strong References 2.255ms
[16.526s][info][gc,phases   ] GC(3) Concurrent Reset Relocation Set 0.034ms
[16.531s][info][gc,phases   ] GC(3) Concurrent Select Relocation Set 4.303ms
[16.531s][info][gc,phases   ] GC(3) Pause Relocate Start 0.011ms
[16.963s][info][gc,phases   ] GC(3) Concurrent Relocate 432.304ms
[16.963s][info][gc,load     ] GC(3) Load: 0.00/0.00/0.00
[16.963s][info][gc,mmu      ] GC(3) MMU: 2ms/98.6%, 5ms/99.3%, 10ms/99.7%, 20ms/99.8%, 50ms/99.9%, 100ms/100.0%
[16.963s][info][gc,marking  ] GC(3) Mark: 1 stripe(s), 2 proactive flush(es), 1 terminate flush(es), 0 completion(s), 0 continuation(s) 
[16.963s][info][gc,marking  ] GC(3) Mark Stack Usage: 32M
[16.963s][info][gc,nmethod  ] GC(3) NMethods: 1533 registered, 279 unregistered
[16.963s][info][gc,metaspace] GC(3) Metaspace: 7M used, 8M committed, 1088M reserved
[16.963s][info][gc,ref      ] GC(3) Soft: 498 encountered, 0 discovered, 0 enqueued
[16.963s][info][gc,ref      ] GC(3) Weak: 1080 encountered, 504 discovered, 0 enqueued
[16.963s][info][gc,ref      ] GC(3) Final: 0 encountered, 0 discovered, 0 enqueued
[16.963s][info][gc,ref      ] GC(3) Phantom: 15 encountered, 11 discovered, 0 enqueued
[16.963s][info][gc,reloc    ] GC(3) Small Pages: 5714 / 11428M, Empty: 2M, Relocated: 1742M, In-Place: 0
[16.963s][info][gc,reloc    ] GC(3) Medium Pages: 74 / 2368M, Empty: 0M, Relocated: 446M, In-Place: 0
[16.963s][info][gc,reloc    ] GC(3) Large Pages: 0 / 0M, Empty: 0M, Relocated: 0M, In-Place: 0
[16.963s][info][gc,reloc    ] GC(3) Forwarding Usage: 6M
[16.963s][info][gc,heap     ] GC(3) Min Capacity: 15360M(100%)
[16.963s][info][gc,heap     ] GC(3) Max Capacity: 15360M(100%)
[16.963s][info][gc,heap     ] GC(3) Soft Max Capacity: 15360M(100%)
[16.963s][info][gc,heap     ] GC(3)                Mark Start          Mark End        Relocate Start      Relocate End           High               Low         
[16.963s][info][gc,heap     ] GC(3)  Capacity:    15360M (100%)      15360M (100%)      15360M (100%)      15360M (100%)      15360M (100%)      15360M (100%)   
[16.963s][info][gc,heap     ] GC(3)      Free:     1564M (10%)        1202M (8%)         1196M (8%)        10392M (68%)       10392M (68%)        1162M (8%)     
[16.963s][info][gc,heap     ] GC(3)      Used:    13796M (90%)       14158M (92%)       14164M (92%)        4968M (32%)       14198M (92%)        4968M (32%)    
[16.963s][info][gc,heap     ] GC(3)      Live:         -              3716M (24%)        3716M (24%)        3716M (24%)            -                  -          
[16.963s][info][gc,heap     ] GC(3) Allocated:         -               362M (2%)          370M (2%)         1107M (7%)             -                  -          
[16.963s][info][gc,heap     ] GC(3)   Garbage:         -             10079M (66%)       10077M (66%)         143M (1%)             -                  -          
[16.963s][info][gc,heap     ] GC(3) Reclaimed:         -                  -                 2M (0%)         9935M (65%)            -                  -          
[16.963s][info][gc          ] GC(3) Garbage Collection (Allocation Rate) 13796M(90%)->4968M(32%)
[17.345s][info][gc,start    ] GC(4) Garbage Collection (Allocation Rate)
[17.345s][info][gc,task     ] GC(4) Using 2 workers
[17.346s][info][gc,phases   ] GC(4) Pause Mark Start 0.008ms
[17.455s][info][gc,phases   ] GC(4) Concurrent Mark 109.380ms
[17.455s][info][gc,phases   ] GC(4) Pause Mark End 0.018ms
[17.455s][info][gc,phases   ] GC(4) Concurrent Mark Free 0.001ms
[17.456s][info][gc,phases   ] GC(4) Concurrent Process Non-Strong References 0.951ms
[17.456s][info][gc,phases   ] GC(4) Concurrent Reset Relocation Set 0.153ms
[17.459s][info][gc,phases   ] GC(4) Concurrent Select Relocation Set 2.512ms
[17.459s][info][gc,phases   ] GC(4) Pause Relocate Start 0.006ms
[17.521s][info][gc,phases   ] GC(4) Concurrent Relocate 61.593ms
[17.521s][info][gc,load     ] GC(4) Load: 0.00/0.00/0.00
[17.521s][info][gc,mmu      ] GC(4) MMU: 2ms/98.6%, 5ms/99.3%, 10ms/99.7%, 20ms/99.8%, 50ms/99.9%, 100ms/100.0%
[17.521s][info][gc,marking  ] GC(4) Mark: 2 stripe(s), 2 proactive flush(es), 1 terminate flush(es), 0 completion(s), 0 continuation(s) 
[17.521s][info][gc,marking  ] GC(4) Mark Stack Usage: 32M
[17.521s][info][gc,nmethod  ] GC(4) NMethods: 1531 registered, 281 unregistered
[17.521s][info][gc,metaspace] GC(4) Metaspace: 7M used, 8M committed, 1088M reserved
[17.521s][info][gc,ref      ] GC(4) Soft: 498 encountered, 0 discovered, 0 enqueued
[17.521s][info][gc,ref      ] GC(4) Weak: 1080 encountered, 411 discovered, 0 enqueued
[17.521s][info][gc,ref      ] GC(4) Final: 0 encountered, 0 discovered, 0 enqueued
[17.521s][info][gc,ref      ] GC(4) Phantom: 15 encountered, 6 discovered, 0 enqueued
[17.521s][info][gc,reloc    ] GC(4) Small Pages: 2420 / 4840M, Empty: 4M, Relocated: 346M, In-Place: 0
[17.521s][info][gc,reloc    ] GC(4) Medium Pages: 34 / 1088M, Empty: 0M, Relocated: 23M, In-Place: 0
[17.521s][info][gc,reloc    ] GC(4) Large Pages: 0 / 0M, Empty: 0M, Relocated: 0M, In-Place: 0
[17.521s][info][gc,reloc    ] GC(4) Forwarding Usage: 2M
[17.521s][info][gc,heap     ] GC(4) Min Capacity: 15360M(100%)
[17.521s][info][gc,heap     ] GC(4) Max Capacity: 15360M(100%)
[17.521s][info][gc,heap     ] GC(4) Soft Max Capacity: 15360M(100%)
[17.521s][info][gc,heap     ] GC(4)                Mark Start          Mark End        Relocate Start      Relocate End           High               Low         
[17.521s][info][gc,heap     ] GC(4)  Capacity:    15360M (100%)      15360M (100%)      15360M (100%)      15360M (100%)      15360M (100%)      15360M (100%)   
[17.521s][info][gc,heap     ] GC(4)      Free:     9432M (61%)        9272M (60%)        9270M (60%)       10872M (71%)       10874M (71%)        9206M (60%)    
[17.521s][info][gc,heap     ] GC(4)      Used:     5928M (39%)        6088M (40%)        6090M (40%)        4488M (29%)        6154M (40%)        4486M (29%)    
[17.521s][info][gc,heap     ] GC(4)      Live:         -              4067M (26%)        4067M (26%)        4067M (26%)            -                  -          
[17.521s][info][gc,heap     ] GC(4) Allocated:         -               160M (1%)          166M (1%)          311M (2%)             -                  -          
[17.521s][info][gc,heap     ] GC(4)   Garbage:         -              1860M (12%)        1856M (12%)         109M (1%)             -                  -          
[17.521s][info][gc,heap     ] GC(4) Reclaimed:         -                  -                 4M (0%)         1751M (11%)            -                  -          
[17.521s][info][gc          ] GC(4) Garbage Collection (Allocation Rate) 5928M(39%)->4488M(29%)
[19.547s][info][gc,start    ] GC(5) Garbage Collection (Allocation Rate)
[19.547s][info][gc,task     ] GC(5) Using 2 workers
[19.547s][info][gc,phases   ] GC(5) Pause Mark Start 0.014ms
[20.446s][info][gc,stats    ] === Garbage Collection Statistics =======================================================================================================================
[20.446s][info][gc,stats    ]                                                              Last 10s              Last 10m              Last 10h                Total
[20.446s][info][gc,stats    ]                                                              Avg / Max             Avg / Max             Avg / Max             Avg / Max
[20.446s][info][gc,stats    ]   Collector: Garbage Collection Cycle                    493.359 / 811.420     257.788 / 811.420     257.788 / 811.420     257.788 / 811.420     ms
[20.446s][info][gc,stats    ]  Contention: Mark Segment Reset Contention                     0 / 3                 0 / 3                 0 / 3                 0 / 3           ops/s
[20.446s][info][gc,stats    ]  Contention: Mark SeqNum Reset Contention                      0 / 0                 0 / 0                 0 / 0                 0 / 0           ops/s
[20.446s][info][gc,stats    ]    Critical: Allocation Stall                                  0 / 0                 0 / 0                 0 / 0                 0 / 0           ops/s
[20.446s][info][gc,stats    ]    Critical: Allocation Stall                              0.000 / 0.000         0.000 / 0.000         0.000 / 0.000         0.000 / 0.000       ms
[20.446s][info][gc,stats    ]    Critical: GC Locker Stall                                   0 / 0                 0 / 0                 0 / 0                 0 / 0           ops/s
[20.446s][info][gc,stats    ]    Critical: GC Locker Stall                               0.000 / 0.000         0.000 / 0.000         0.000 / 0.000         0.000 / 0.000       ms
[20.446s][info][gc,stats    ]    Critical: Relocation Stall                                  0 / 0                 0 / 0                 0 / 0                 0 / 0           ops/s
[20.446s][info][gc,stats    ]    Critical: Relocation Stall                              0.000 / 0.000         0.000 / 0.000         0.000 / 0.000         0.000 / 0.000       ms
[20.446s][info][gc,stats    ]      Memory: Allocation Rate                                1904 / 3760           1558 / 3760           1558 / 3760           1558 / 3760        MB/s
[20.446s][info][gc,stats    ]      Memory: Defragment                                        0 / 0                 0 / 0                 0 / 0                 0 / 0           ops/s
[20.446s][info][gc,stats    ]      Memory: Out Of Memory                                     0 / 0                 0 / 0                 0 / 0                 0 / 0           ops/s
[20.446s][info][gc,stats    ]      Memory: Page Cache Flush                                  0 / 0                 0 / 0                 0 / 0                 0 / 0           MB/s
[20.446s][info][gc,stats    ]      Memory: Page Cache Hit L1                               615 / 1850            466 / 1850            466 / 1850            466 / 1850        ops/s
[20.446s][info][gc,stats    ]      Memory: Page Cache Hit L2                                 0 / 0                 0 / 0                 0 / 0                 0 / 0           ops/s
[20.446s][info][gc,stats    ]      Memory: Page Cache Hit L3                               382 / 679             299 / 679             299 / 679             299 / 679         ops/s
[20.446s][info][gc,stats    ]      Memory: Page Cache Miss                                   0 / 0                 0 / 1                 0 / 1                 0 / 1           ops/s
[20.446s][info][gc,stats    ]      Memory: Uncommit                                          0 / 0                 0 / 0                 0 / 0                 0 / 0           MB/s
[20.446s][info][gc,stats    ]      Memory: Undo Object Allocation Failed                     0 / 0                 0 / 0                 0 / 0                 0 / 0           ops/s
[20.446s][info][gc,stats    ]      Memory: Undo Object Allocation Succeeded                  0 / 0                 0 / 0                 0 / 0                 0 / 0           ops/s
[20.446s][info][gc,stats    ]      Memory: Undo Page Allocation                              0 / 0                 0 / 0                 0 / 0                 0 / 0           ops/s
[20.446s][info][gc,stats    ]       Phase: Concurrent Mark                             240.634 / 371.889     118.126 / 371.889     118.126 / 371.889     118.126 / 371.889     ms
[20.446s][info][gc,stats    ]       Phase: Concurrent Mark Continue                      0.000 / 0.000         0.000 / 0.000         0.000 / 0.000         0.000 / 0.000       ms
[20.446s][info][gc,stats    ]       Phase: Concurrent Mark Free                          0.001 / 0.001         0.001 / 0.001         0.001 / 0.001         0.001 / 0.001       ms
[20.446s][info][gc,stats    ]       Phase: Concurrent Process Non-Strong References      1.603 / 2.255         1.077 / 2.255         1.077 / 2.255         1.077 / 2.255       ms
[20.446s][info][gc,stats    ]       Phase: Concurrent Relocate                         246.948 / 432.304     134.837 / 432.304     134.837 / 432.304     134.837 / 432.304     ms
[20.446s][info][gc,stats    ]       Phase: Concurrent Reset Relocation Set               0.094 / 0.153         0.046 / 0.153         0.046 / 0.153         0.046 / 0.153       ms
[20.446s][info][gc,stats    ]       Phase: Concurrent Select Relocation Set              3.408 / 4.303         3.084 / 4.303         3.084 / 4.303         3.084 / 4.303       ms
[20.446s][info][gc,stats    ]       Phase: Pause Mark End                                0.021 / 0.023         0.022 / 0.028         0.022 / 0.028         0.022 / 0.028       ms
[20.446s][info][gc,stats    ]       Phase: Pause Mark Start                              0.010 / 0.014         0.011 / 0.014         0.011 / 0.014         0.011 / 0.014       ms
[20.446s][info][gc,stats    ]       Phase: Pause Relocate Start                          0.008 / 0.011         0.006 / 0.011         0.006 / 0.011         0.006 / 0.011       ms
[20.446s][info][gc,stats    ]    Subphase: Concurrent Classes Purge                      0.016 / 0.017         0.052 / 0.187         0.052 / 0.187         0.052 / 0.187       ms
[20.446s][info][gc,stats    ]    Subphase: Concurrent Classes Unlink                     1.100 / 1.509         0.683 / 1.509         0.683 / 1.509         0.683 / 1.509       ms
[20.446s][info][gc,stats    ]    Subphase: Concurrent Mark                             192.038 / 370.542      64.891 / 370.542      64.891 / 370.542      64.891 / 370.542     ms
[20.446s][info][gc,stats    ]    Subphase: Concurrent Mark Try Flush                     0.033 / 0.055         0.049 / 0.117         0.049 / 0.117         0.049 / 0.117       ms
[20.446s][info][gc,stats    ]    Subphase: Concurrent Mark Try Terminate                 4.254 / 13.228        7.767 / 15.862        7.767 / 15.862        7.767 / 15.862      ms
[20.446s][info][gc,stats    ]    Subphase: Concurrent References Enqueue                 0.000 / 0.000         0.001 / 0.004         0.001 / 0.004         0.001 / 0.004       ms
[20.446s][info][gc,stats    ]    Subphase: Concurrent References Process                 0.066 / 0.074         0.068 / 0.074         0.068 / 0.074         0.068 / 0.074       ms
[20.446s][info][gc,stats    ]    Subphase: Concurrent Roots ClassLoaderDataGraph         0.124 / 0.286         0.079 / 0.286         0.079 / 0.286         0.079 / 0.286       ms
[20.446s][info][gc,stats    ]    Subphase: Concurrent Roots CodeCache                    0.000 / 0.000         0.000 / 0.000         0.000 / 0.000         0.000 / 0.000       ms
[20.446s][info][gc,stats    ]    Subphase: Concurrent Roots JavaThreads                  1.956 / 4.285         0.766 / 4.285         0.766 / 4.285         0.766 / 4.285       ms
[20.446s][info][gc,stats    ]    Subphase: Concurrent Roots OopStorageSet                0.039 / 0.061         0.029 / 0.061         0.029 / 0.061         0.029 / 0.061       ms
[20.446s][info][gc,stats    ]    Subphase: Concurrent Weak Roots OopStorageSet           0.274 / 0.576         0.138 / 0.576         0.138 / 0.576         0.138 / 0.576       ms
[20.446s][info][gc,stats    ]    Subphase: Pause Mark Try Complete                       0.000 / 0.000         0.000 / 0.000         0.000 / 0.000         0.000 / 0.000       ms
[20.446s][info][gc,stats    ]      System: Java Threads                                     18 / 33               17 / 33               17 / 33               17 / 33          threads
[20.446s][info][gc,stats    ] =========================================================================================================================================================
[21.047s][info][gc,phases   ] GC(5) Concurrent Mark 1493.889ms
[21.047s][info][gc,phases   ] GC(5) Pause Mark End 0.027ms
[21.050s][info][gc,phases   ] GC(5) Concurrent Mark Free 0.002ms
[21.062s][info][gc,phases   ] GC(5) Concurrent Process Non-Strong References 11.531ms
[21.062s][info][gc,phases   ] GC(5) Concurrent Reset Relocation Set 0.060ms
[21.137s][info][gc,phases   ] GC(5) Concurrent Select Relocation Set 75.160ms
[21.137s][info][gc,phases   ] GC(5) Pause Relocate Start 0.017ms
[21.573s][info][gc,phases   ] GC(5) Concurrent Relocate 434.388ms
[21.574s][info][gc,load     ] GC(5) Load: 0.00/0.00/0.00
[21.574s][info][gc,mmu      ] GC(5) MMU: 2ms/98.6%, 5ms/99.3%, 10ms/99.7%, 20ms/99.8%, 50ms/99.9%, 100ms/100.0%
[21.574s][info][gc,marking  ] GC(5) Mark: 2 stripe(s), 2 proactive flush(es), 1 terminate flush(es), 0 completion(s), 0 continuation(s) 
[21.574s][info][gc,marking  ] GC(5) Mark Stack Usage: 32M
[21.574s][info][gc,nmethod  ] GC(5) NMethods: 1662 registered, 380 unregistered
[21.574s][info][gc,metaspace] GC(5) Metaspace: 7M used, 8M committed, 1088M reserved
[21.574s][info][gc,ref      ] GC(5) Soft: 513 encountered, 0 discovered, 0 enqueued
[21.574s][info][gc,ref      ] GC(5) Weak: 1126 encountered, 457 discovered, 38 enqueued
[21.574s][info][gc,ref      ] GC(5) Final: 0 encountered, 0 discovered, 0 enqueued
[21.574s][info][gc,ref      ] GC(5) Phantom: 50 encountered, 41 discovered, 36 enqueued
[21.574s][info][gc,reloc    ] GC(5) Small Pages: 4836 / 9672M, Empty: 0M, Relocated: 622M, In-Place: 0
[21.574s][info][gc,reloc    ] GC(5) Medium Pages: 36 / 1152M, Empty: 0M, Relocated: 79M, In-Place: 0
[21.574s][info][gc,reloc    ] GC(5) Large Pages: 0 / 0M, Empty: 0M, Relocated: 0M, In-Place: 0
[21.574s][info][gc,reloc    ] GC(5) Forwarding Usage: 151M
[21.574s][info][gc,heap     ] GC(5) Min Capacity: 15360M(100%)
[21.574s][info][gc,heap     ] GC(5) Max Capacity: 15360M(100%)
[21.574s][info][gc,heap     ] GC(5) Soft Max Capacity: 15360M(100%)
[21.574s][info][gc,heap     ] GC(5)                Mark Start          Mark End        Relocate Start      Relocate End           High               Low         
[21.574s][info][gc,heap     ] GC(5)  Capacity:    15360M (100%)      15360M (100%)      15360M (100%)      15360M (100%)      15360M (100%)      15360M (100%)   
[21.574s][info][gc,heap     ] GC(5)      Free:     4536M (30%)        1136M (7%)          918M (6%)         5828M (38%)        5828M (38%)         878M (6%)     
[21.574s][info][gc,heap     ] GC(5)      Used:    10824M (70%)       14224M (93%)       14442M (94%)        9532M (62%)       14482M (94%)        9532M (62%)    
[21.574s][info][gc,heap     ] GC(5)      Live:         -              4745M (31%)        4745M (31%)        4745M (31%)            -                  -          
[21.574s][info][gc,heap     ] GC(5) Allocated:         -              3400M (22%)        3618M (24%)        4664M (30%)            -                  -          
[21.574s][info][gc,heap     ] GC(5)   Garbage:         -              6078M (40%)        6078M (40%)         121M (1%)             -                  -          
[21.574s][info][gc,heap     ] GC(5) Reclaimed:         -                  -                 0M (0%)         5956M (39%)            -                  -          
[21.574s][info][gc          ] GC(5) Garbage Collection (Allocation Rate) 10824M(70%)->9532M(62%)
[21.642s][info][gc,start    ] GC(6) Garbage Collection (Allocation Rate)
[21.642s][info][gc,task     ] GC(6) Using 4 workers
[21.642s][info][gc,phases   ] GC(6) Pause Mark Start 0.016ms
[23.885s][info][gc,phases   ] GC(6) Concurrent Mark 2241.498ms
[23.885s][info][gc,phases   ] GC(6) Pause Mark End 0.023ms
[23.888s][info][gc,phases   ] GC(6) Concurrent Mark Free 0.001ms
[23.901s][info][gc,phases   ] GC(6) Concurrent Process Non-Strong References 12.875ms
[23.901s][info][gc,phases   ] GC(6) Concurrent Reset Relocation Set 0.368ms
[23.914s][info][gc,phases   ] GC(6) Concurrent Select Relocation Set 12.569ms
[23.920s][info][gc,phases   ] GC(6) Pause Relocate Start 0.006ms
[24.143s][info][gc,phases   ] GC(6) Concurrent Relocate 223.443ms
[24.143s][info][gc,load     ] GC(6) Load: 0.00/0.00/0.00
[24.143s][info][gc,mmu      ] GC(6) MMU: 2ms/98.6%, 5ms/99.3%, 10ms/99.7%, 20ms/99.8%, 50ms/99.9%, 100ms/100.0%
[24.143s][info][gc,marking  ] GC(6) Mark: 4 stripe(s), 2 proactive flush(es), 1 terminate flush(es), 0 completion(s), 0 continuation(s) 
[24.143s][info][gc,marking  ] GC(6) Mark Stack Usage: 32M
[24.143s][info][gc,nmethod  ] GC(6) NMethods: 2475 registered, 393 unregistered
[24.143s][info][gc,metaspace] GC(6) Metaspace: 9M used, 10M committed, 1088M reserved
[24.143s][info][gc,ref      ] GC(6) Soft: 513 encountered, 0 discovered, 0 enqueued
[24.143s][info][gc,ref      ] GC(6) Weak: 1089 encountered, 116 discovered, 2 enqueued
[24.143s][info][gc,ref      ] GC(6) Final: 0 encountered, 0 discovered, 0 enqueued
[24.143s][info][gc,ref      ] GC(6) Phantom: 15 encountered, 9 discovered, 1 enqueued
[24.143s][info][gc,reloc    ] GC(6) Small Pages: 4292 / 8584M, Empty: 0M, Relocated: 220M, In-Place: 0
[24.143s][info][gc,reloc    ] GC(6) Medium Pages: 36 / 1152M, Empty: 0M, Relocated: 20M, In-Place: 0
[24.143s][info][gc,reloc    ] GC(6) Large Pages: 5 / 30M, Empty: 0M, Relocated: 0M, In-Place: 0
[24.143s][info][gc,reloc    ] GC(6) Forwarding Usage: 150M
[24.143s][info][gc,heap     ] GC(6) Min Capacity: 15360M(100%)
[24.143s][info][gc,heap     ] GC(6) Max Capacity: 15360M(100%)
[24.143s][info][gc,heap     ] GC(6) Soft Max Capacity: 15360M(100%)
[24.143s][info][gc,heap     ] GC(6)                Mark Start          Mark End        Relocate Start      Relocate End           High               Low         
[24.143s][info][gc,heap     ] GC(6)  Capacity:    15360M (100%)      15360M (100%)      15360M (100%)      15360M (100%)      15360M (100%)      15360M (100%)   
[24.143s][info][gc,heap     ] GC(6)      Free:     5594M (36%)        2090M (14%)        2054M (13%)        6528M (42%)        6532M (43%)        2020M (13%)    
[24.143s][info][gc,heap     ] GC(6)      Used:     9766M (64%)       13270M (86%)       13306M (87%)        8832M (57%)       13340M (87%)        8828M (57%)    
[24.143s][info][gc,heap     ] GC(6)      Live:         -              5003M (33%)        5003M (33%)        5003M (33%)            -                  -          
[24.143s][info][gc,heap     ] GC(6) Allocated:         -              3504M (23%)        3540M (23%)        3663M (24%)            -                  -          
[24.143s][info][gc,heap     ] GC(6)   Garbage:         -              4762M (31%)        4762M (31%)         165M (1%)             -                  -          
[24.143s][info][gc,heap     ] GC(6) Reclaimed:         -                  -                 0M (0%)         4597M (30%)            -                  -          
[24.143s][info][gc          ] GC(6) Garbage Collection (Allocation Rate) 9766M(64%)->8832M(57%)
[24.239s][info][gc,start    ] GC(7) Garbage Collection (Allocation Rate)
[24.239s][info][gc,task     ] GC(7) Using 4 workers
[24.239s][info][gc,phases   ] GC(7) Pause Mark Start 0.015ms
[25.591s][info][gc,phases   ] GC(7) Concurrent Mark 1345.267ms
[25.592s][info][gc,phases   ] GC(7) Pause Mark End 0.035ms
[25.594s][info][gc,phases   ] GC(7) Concurrent Mark Free 0.002ms
[25.600s][info][gc,phases   ] GC(7) Concurrent Process Non-Strong References 5.425ms
[25.601s][info][gc,phases   ] GC(7) Concurrent Reset Relocation Set 0.708ms
[25.732s][info][gc,phases   ] GC(7) Concurrent Select Relocation Set 131.071ms
[25.732s][info][gc,phases   ] GC(7) Pause Relocate Start 0.009ms
[25.947s][info][gc,phases   ] GC(7) Concurrent Relocate 214.307ms
[25.947s][info][gc,load     ] GC(7) Load: 0.00/0.00/0.00
[25.947s][info][gc,mmu      ] GC(7) MMU: 2ms/98.2%, 5ms/99.3%, 10ms/99.6%, 20ms/99.8%, 50ms/99.9%, 100ms/100.0%
[25.947s][info][gc,marking  ] GC(7) Mark: 4 stripe(s), 2 proactive flush(es), 1 terminate flush(es), 0 completion(s), 0 continuation(s) 
[25.947s][info][gc,marking  ] GC(7) Mark Stack Usage: 32M
[25.947s][info][gc,nmethod  ] GC(7) NMethods: 901 registered, 0 unregistered
[25.947s][info][gc,metaspace] GC(7) Metaspace: 9M used, 10M committed, 1088M reserved
[25.947s][info][gc,ref      ] GC(7) Soft: 646 encountered, 0 discovered, 0 enqueued
[25.947s][info][gc,ref      ] GC(7) Weak: 1256 encountered, 253 discovered, 53 enqueued
[25.947s][info][gc,ref      ] GC(7) Final: 0 encountered, 0 discovered, 0 enqueued
[25.947s][info][gc,ref      ] GC(7) Phantom: 56 encountered, 51 discovered, 41 enqueued
[25.947s][info][gc,reloc    ] GC(7) Small Pages: 3941 / 7882M, Empty: 0M, Relocated: 265M, In-Place: 0
[25.947s][info][gc,reloc    ] GC(7) Medium Pages: 36 / 1152M, Empty: 0M, Relocated: 53M, In-Place: 0
[25.947s][info][gc,reloc    ] GC(7) Large Pages: 16 / 96M, Empty: 6M, Relocated: 0M, In-Place: 0
[25.947s][info][gc,reloc    ] GC(7) Forwarding Usage: 185M
[25.947s][info][gc,heap     ] GC(7) Min Capacity: 15360M(100%)
[25.947s][info][gc,heap     ] GC(7) Max Capacity: 15360M(100%)
[25.948s][info][gc,heap     ] GC(7) Soft Max Capacity: 15360M(100%)
[25.948s][info][gc,heap     ] GC(7)                Mark Start          Mark End        Relocate Start      Relocate End           High               Low         
[25.948s][info][gc,heap     ] GC(7)  Capacity:    15360M (100%)      15360M (100%)      15360M (100%)      15360M (100%)      15360M (100%)      15360M (100%)   
[25.948s][info][gc,heap     ] GC(7)      Free:     6230M (41%)        1940M (13%)        1628M (11%)        4936M (32%)        6230M (41%)        1584M (10%)    
[25.948s][info][gc,heap     ] GC(7)      Used:     9130M (59%)       13420M (87%)       13732M (89%)       10424M (68%)       13776M (90%)        9130M (59%)    
[25.948s][info][gc,heap     ] GC(7)      Live:         -              5187M (34%)        5187M (34%)        5187M (34%)            -                  -          
[25.948s][info][gc,heap     ] GC(7) Allocated:         -              4290M (28%)        4608M (30%)        5059M (33%)            -                  -          
[25.948s][info][gc,heap     ] GC(7)   Garbage:         -              3942M (26%)        3936M (26%)         176M (1%)             -                  -          
[25.948s][info][gc,heap     ] GC(7) Reclaimed:         -                  -                 6M (0%)         3765M (25%)            -                  -          
[25.948s][info][gc          ] GC(7) Garbage Collection (Allocation Rate) 9130M(59%)->10424M(68%)
[26.039s][info][gc,start    ] GC(8) Garbage Collection (Allocation Rate)
[26.039s][info][gc,task     ] GC(8) Using 4 workers
[26.039s][info][gc,phases   ] GC(8) Pause Mark Start 0.013ms
[27.624s][info][gc,phases   ] GC(8) Concurrent Mark 1583.117ms
[27.624s][info][gc,phases   ] GC(8) Pause Mark End 0.066ms
[27.630s][info][gc,phases   ] GC(8) Concurrent Mark Free 0.002ms
[27.636s][info][gc,phases   ] GC(8) Concurrent Process Non-Strong References 5.349ms
[27.636s][info][gc,phases   ] GC(8) Concurrent Reset Relocation Set 0.135ms
[27.740s][info][gc,phases   ] GC(8) Concurrent Select Relocation Set 104.424ms
[27.741s][info][gc,phases   ] GC(8) Pause Relocate Start 0.011ms
[27.744s][info][gc          ] Allocation Stall (ForkJoinPool-1-worker-2) 76.402ms
[27.749s][info][gc          ] Allocation Stall (ForkJoinPool-1-worker-16) 73.435ms
[27.749s][info][gc          ] Allocation Stall (ForkJoinPool-1-worker-1) 71.677ms
[27.749s][info][gc          ] Allocation Stall (ForkJoinPool-1-worker-15) 72.546ms
[27.749s][info][gc          ] Allocation Stall (ForkJoinPool-1-worker-6) 59.146ms
[27.749s][info][gc          ] Allocation Stall (ForkJoinPool-1-worker-8) 73.326ms
[27.749s][info][gc          ] Allocation Stall (ForkJoinPool-1-worker-9) 73.106ms
[27.860s][info][gc          ] Relocation Stall (ForkJoinPool-1-worker-5) 112.809ms
[27.860s][info][gc          ] Allocation Stall (ForkJoinPool-1-worker-5) 186.795ms
[27.869s][info][gc          ] Relocation Stall (ForkJoinPool-1-worker-4) 122.068ms
[27.869s][info][gc          ] Allocation Stall (ForkJoinPool-1-worker-4) 195.521ms
[27.874s][info][gc          ] Relocation Stall (ForkJoinPool-1-worker-10) 126.608ms
[27.874s][info][gc          ] Allocation Stall (ForkJoinPool-1-worker-10) 202.642ms
[27.921s][info][gc          ] Relocation Stall (ForkJoinPool-1-worker-12) 173.561ms
[27.921s][info][gc          ] Allocation Stall (ForkJoinPool-1-worker-12) 247.503ms
[27.925s][info][gc          ] Relocation Stall (ForkJoinPool-1-worker-3) 177.527ms
[27.925s][info][gc          ] Allocation Stall (ForkJoinPool-1-worker-3) 252.256ms
[27.948s][info][gc          ] Relocation Stall (ForkJoinPool-1-worker-13) 200.970ms
[27.948s][info][gc          ] Allocation Stall (ForkJoinPool-1-worker-13) 278.336ms
[27.950s][info][gc          ] Relocation Stall (ForkJoinPool-1-worker-11) 203.081ms
[27.950s][info][gc          ] Allocation Stall (ForkJoinPool-1-worker-11) 275.476ms
[27.959s][info][gc          ] Relocation Stall (ForkJoinPool-1-worker-14) 212.423ms
[27.960s][info][gc          ] Allocation Stall (ForkJoinPool-1-worker-14) 287.570ms
[27.994s][info][gc,phases   ] GC(8) Concurrent Relocate 253.636ms
[27.994s][info][gc,load     ] GC(8) Load: 0.00/0.00/0.00
[27.994s][info][gc,mmu      ] GC(8) MMU: 2ms/96.7%, 5ms/98.7%, 10ms/99.3%, 20ms/99.7%, 50ms/99.9%, 100ms/99.9%
[27.994s][info][gc,marking  ] GC(8) Mark: 4 stripe(s), 2 proactive flush(es), 1 terminate flush(es), 1 completion(s), 0 continuation(s) 
[27.994s][info][gc,marking  ] GC(8) Mark Stack Usage: 32M
[27.994s][info][gc,nmethod  ] GC(8) NMethods: 1215 registered, 13 unregistered
[27.994s][info][gc,metaspace] GC(8) Metaspace: 10M used, 10M committed, 1088M reserved
[27.994s][info][gc,ref      ] GC(8) Soft: 738 encountered, 0 discovered, 0 enqueued
[27.994s][info][gc,ref      ] GC(8) Weak: 1383 encountered, 355 discovered, 23 enqueued
[27.994s][info][gc,ref      ] GC(8) Final: 0 encountered, 0 discovered, 0 enqueued
[27.994s][info][gc,ref      ] GC(8) Phantom: 17 encountered, 8 discovered, 1 enqueued
[27.994s][info][gc,reloc    ] GC(8) Small Pages: 4718 / 9436M, Empty: 0M, Relocated: 267M, In-Place: 1
[27.994s][info][gc,reloc    ] GC(8) Medium Pages: 36 / 1152M, Empty: 0M, Relocated: 81M, In-Place: 3
[27.994s][info][gc,reloc    ] GC(8) Large Pages: 23 / 138M, Empty: 18M, Relocated: 0M, In-Place: 0
[27.994s][info][gc,reloc    ] GC(8) Forwarding Usage: 186M
[27.994s][info][gc,heap     ] GC(8) Min Capacity: 15360M(100%)
[27.994s][info][gc,heap     ] GC(8) Max Capacity: 15360M(100%)
[27.994s][info][gc,heap     ] GC(8) Soft Max Capacity: 15360M(100%)
[27.994s][info][gc,heap     ] GC(8)                Mark Start          Mark End        Relocate Start      Relocate End           High               Low         
[27.994s][info][gc,heap     ] GC(8)  Capacity:    15360M (100%)      15360M (100%)      15360M (100%)      15360M (100%)      15360M (100%)      15360M (100%)   
[27.995s][info][gc,heap     ] GC(8)      Free:     4634M (30%)         124M (1%)            0M (0%)         4498M (29%)        4634M (30%)           0M (0%)     
[27.995s][info][gc,heap     ] GC(8)      Used:    10726M (70%)       15236M (99%)       15360M (100%)      10862M (71%)       15360M (100%)      10726M (70%)    
[27.995s][info][gc,heap     ] GC(8)      Live:         -              5421M (35%)        5421M (35%)        5421M (35%)            -                  -          
[27.995s][info][gc,heap     ] GC(8) Allocated:         -              4510M (29%)        4652M (30%)        5238M (34%)            -                  -          
[27.995s][info][gc,heap     ] GC(8)   Garbage:         -              5304M (35%)        5286M (34%)         202M (1%)             -                  -          
[27.995s][info][gc,heap     ] GC(8) Reclaimed:         -                  -                18M (0%)         5102M (33%)            -                  -          
[27.995s][info][gc          ] GC(8) Garbage Collection (Allocation Rate) 10726M(70%)->10862M(71%)
[28.038s][info][gc,start    ] GC(9) Garbage Collection (Allocation Stall)
[28.038s][info][gc,ref      ] GC(9) Clearing All SoftReferences
[28.038s][info][gc,task     ] GC(9) Using 4 workers
[28.038s][info][gc,ref      ] GC(9) Clearing All SoftReferences
[28.038s][info][gc,phases   ] GC(9) Pause Mark Start 0.026ms
[29.662s][info][gc,phases   ] GC(9) Concurrent Mark 1623.387ms
[29.663s][info][gc,phases   ] GC(9) Pause Mark End 0.050ms
[29.663s][info][gc,phases   ] GC(9) Concurrent Mark Free 0.000ms
[29.665s][info][gc,phases   ] GC(9) Concurrent Process Non-Strong References 2.728ms
[29.666s][info][gc,phases   ] GC(9) Concurrent Reset Relocation Set 0.120ms
[29.667s][info][gc          ] Allocation Stall (Common-Cleaner) 1.155ms
[29.667s][info][gc          ] Allocation Stall (ForkJoinPool-1-worker-1) 186.684ms
[29.667s][info][gc          ] Allocation Stall (ForkJoinPool-1-worker-11) 173.167ms
[29.667s][info][gc          ] Allocation Stall (ForkJoinPool-1-worker-7) 187.286ms
[29.667s][info][gc          ] Allocation Stall (ForkJoinPool-1-worker-2) 192.253ms
[29.667s][info][gc          ] Allocation Stall (ForkJoinPool-1-worker-6) 188.289ms
[29.667s][info][gc          ] Allocation Stall (ForkJoinPool-1-worker-13) 187.975ms
[29.667s][info][gc          ] Allocation Stall (ForkJoinPool-1-worker-4) 188.869ms
[29.667s][info][gc          ] Allocation Stall (ForkJoinPool-1-worker-16) 189.639ms
[29.667s][info][gc          ] Allocation Stall (ForkJoinPool-1-worker-5) 189.559ms
[29.667s][info][gc          ] Allocation Stall (ForkJoinPool-1-worker-14) 189.133ms
[29.667s][info][gc          ] Allocation Stall (ForkJoinPool-1-worker-3) 189.958ms
[29.667s][info][gc          ] Allocation Stall (ForkJoinPool-1-worker-8) 191.294ms
[29.667s][info][gc          ] Allocation Stall (ForkJoinPool-1-worker-15) 191.716ms
[29.667s][info][gc          ] Allocation Stall (ForkJoinPool-1-worker-9) 191.871ms
[29.667s][info][gc          ] Allocation Stall (ForkJoinPool-1-worker-10) 193.800ms
[29.667s][info][gc          ] Allocation Stall (ForkJoinPool-1-worker-12) 191.553ms
[29.767s][info][gc,phases   ] GC(9) Concurrent Select Relocation Set 101.277ms
[29.767s][info][gc,phases   ] GC(9) Pause Relocate Start 0.007ms
[29.770s][info][gc          ] Allocation Stall (ForkJoinPool-1-worker-7) 61.908ms
[29.770s][info][gc          ] Allocation Stall (ForkJoinPool-1-worker-3) 69.414ms
[29.770s][info][gc          ] Allocation Stall (ForkJoinPool-1-worker-10) 67.206ms
[29.770s][info][gc          ] Allocation Stall (ForkJoinPool-1-worker-6) 66.860ms
[29.770s][info][gc          ] Allocation Stall (ForkJoinPool-1-worker-8) 63.580ms
[29.770s][info][gc          ] Allocation Stall (ForkJoinPool-1-worker-16) 69.226ms
[29.770s][info][gc          ] Allocation Stall (ForkJoinPool-1-worker-12) 69.754ms
[29.770s][info][gc          ] Allocation Stall (ForkJoinPool-1-worker-4) 67.689ms
[29.770s][info][gc          ] Allocation Stall (ForkJoinPool-1-worker-15) 68.751ms
[29.770s][info][gc          ] Allocation Stall (ForkJoinPool-1-worker-2) 67.279ms
[29.770s][info][gc          ] Allocation Stall (ForkJoinPool-1-worker-1) 65.954ms
[29.770s][info][gc          ] Allocation Stall (ForkJoinPool-1-worker-9) 65.635ms
[29.770s][info][gc          ] Allocation Stall (ForkJoinPool-1-worker-5) 64.806ms
[29.770s][info][gc          ] Allocation Stall (ForkJoinPool-1-worker-11) 66.207ms
[30.048s][info][gc          ] Relocation Stall (ForkJoinPool-1-worker-13) 278.159ms
[30.048s][info][gc          ] Relocation Stall (ForkJoinPool-1-worker-14) 278.191ms
[30.048s][info][gc          ] Allocation Stall (ForkJoinPool-1-worker-13) 347.961ms
[30.048s][info][gc          ] Allocation Stall (ForkJoinPool-1-worker-14) 348.312ms
[30.073s][info][gc,phases   ] GC(9) Concurrent Relocate 306.249ms
[30.073s][info][gc,load     ] GC(9) Load: 0.00/0.00/0.00
[30.073s][info][gc,mmu      ] GC(9) MMU: 2ms/96.7%, 5ms/98.7%, 10ms/99.3%, 20ms/99.7%, 50ms/99.9%, 100ms/99.9%
[30.073s][info][gc,marking  ] GC(9) Mark: 4 stripe(s), 2 proactive flush(es), 1 terminate flush(es), 1 completion(s), 0 continuation(s) 
[30.073s][info][gc,marking  ] GC(9) Mark Stack Usage: 32M
[30.073s][info][gc,nmethod  ] GC(9) NMethods: 1293 registered, 32 unregistered
[30.073s][info][gc,metaspace] GC(9) Metaspace: 9M used, 10M committed, 1088M reserved
[30.073s][info][gc,ref      ] GC(9) Soft: 665 encountered, 569 discovered, 413 enqueued
[30.073s][info][gc,ref      ] GC(9) Weak: 1401 encountered, 472 discovered, 51 enqueued
[30.073s][info][gc,ref      ] GC(9) Final: 0 encountered, 0 discovered, 0 enqueued
[30.073s][info][gc,ref      ] GC(9) Phantom: 18 encountered, 11 discovered, 2 enqueued
[30.073s][info][gc,reloc    ] GC(9) Small Pages: 4804 / 9608M, Empty: 2M, Relocated: 393M, In-Place: 1
[30.073s][info][gc,reloc    ] GC(9) Medium Pages: 36 / 1152M, Empty: 0M, Relocated: 54M, In-Place: 2
[30.073s][info][gc,reloc    ] GC(9) Large Pages: 37 / 258M, Empty: 126M, Relocated: 0M, In-Place: 0
[30.073s][info][gc,reloc    ] GC(9) Forwarding Usage: 279M
[30.074s][info][gc,heap     ] GC(9) Min Capacity: 15360M(100%)
[30.074s][info][gc,heap     ] GC(9) Max Capacity: 15360M(100%)
[30.074s][info][gc,heap     ] GC(9) Soft Max Capacity: 15360M(100%)
[30.074s][info][gc,heap     ] GC(9)                Mark Start          Mark End        Relocate Start      Relocate End           High               Low         
[30.074s][info][gc,heap     ] GC(9)  Capacity:    15360M (100%)      15360M (100%)      15360M (100%)      15360M (100%)      15360M (100%)      15360M (100%)   
[30.074s][info][gc,heap     ] GC(9)      Free:     4342M (28%)           0M (0%)            0M (0%)         4314M (28%)        4380M (29%)           0M (0%)     
[30.074s][info][gc,heap     ] GC(9)      Used:    11018M (72%)       15360M (100%)      15360M (100%)      11046M (72%)       15360M (100%)      10980M (71%)    
[30.074s][info][gc,heap     ] GC(9)      Live:         -              5533M (36%)        5533M (36%)        5533M (36%)            -                  -          
[30.074s][info][gc,heap     ] GC(9) Allocated:         -              4342M (28%)        4470M (29%)        5297M (34%)            -                  -          
[30.074s][info][gc,heap     ] GC(9)   Garbage:         -              5484M (36%)        5356M (35%)         215M (1%)             -                  -          
[30.074s][info][gc,heap     ] GC(9) Reclaimed:         -                  -               128M (1%)         5269M (34%)            -                  -          
[30.074s][info][gc          ] GC(9) Garbage Collection (Allocation Stall) 11018M(72%)->11046M(72%)
[30.139s][info][gc,start    ] GC(10) Garbage Collection (Allocation Stall)
[30.139s][info][gc,ref      ] GC(10) Clearing All SoftReferences
[30.139s][info][gc,task     ] GC(10) Using 4 workers
[30.139s][info][gc,ref      ] GC(10) Clearing All SoftReferences
[30.139s][info][gc,phases   ] GC(10) Pause Mark Start 0.026ms
[30.438s][info][gc,stats    ] === Garbage Collection Statistics =======================================================================================================================
[30.439s][info][gc,stats    ]                                                              Last 10s              Last 10m              Last 10h                Total
[30.439s][info][gc,stats    ]                                                              Avg / Max             Avg / Max             Avg / Max             Avg / Max
[30.439s][info][gc,stats    ]   Collector: Garbage Collection Cycle                   2045.542 / 2501.549   1151.665 / 2501.549   1151.665 / 2501.549   1151.665 / 2501.549    ms
[30.439s][info][gc,stats    ]  Contention: Mark Segment Reset Contention                     2 / 5                 0 / 5                 0 / 5                 0 / 5           ops/s
[30.439s][info][gc,stats    ]  Contention: Mark SeqNum Reset Contention                      0 / 1                 0 / 1                 0 / 1                 0 / 1           ops/s
[30.439s][info][gc,stats    ]    Critical: Allocation Stall                                  4 / 33                1 / 33                1 / 33                1 / 33          ops/s
[30.439s][info][gc,stats    ]    Critical: Allocation Stall                            147.510 / 348.312     147.510 / 348.312     147.510 / 348.312     147.510 / 348.312     ms
[30.439s][info][gc,stats    ]    Critical: GC Locker Stall                                   0 / 0                 0 / 0                 0 / 0                 0 / 0           ops/s
[30.439s][info][gc,stats    ]    Critical: GC Locker Stall                               0.000 / 0.000         0.000 / 0.000         0.000 / 0.000         0.000 / 0.000       ms
[30.439s][info][gc,stats    ]    Critical: Relocation Stall                                  1 / 8                 0 / 8                 0 / 8                 0 / 8           ops/s
[30.439s][info][gc,stats    ]    Critical: Relocation Stall                            188.540 / 278.191     188.540 / 278.191     188.540 / 278.191     188.540 / 278.191     ms
[30.439s][info][gc,stats    ]      Memory: Allocation Rate                                2438 / 3216           1851 / 3760           1851 / 3760           1851 / 3760        MB/s
[30.439s][info][gc,stats    ]      Memory: Defragment                                        0 / 0                 0 / 0                 0 / 0                 0 / 0           ops/s
[30.439s][info][gc,stats    ]      Memory: Out Of Memory                                     0 / 0                 0 / 0                 0 / 0                 0 / 0           ops/s
[30.439s][info][gc,stats    ]      Memory: Page Cache Flush                                 12 / 88                4 / 88                4 / 88                4 / 88          MB/s
[30.439s][info][gc,stats    ]      Memory: Page Cache Hit L1                              1161 / 1571            698 / 1850            698 / 1850            698 / 1850        ops/s
[30.439s][info][gc,stats    ]      Memory: Page Cache Hit L2                                 0 / 0                 0 / 0                 0 / 0                 0 / 0           ops/s
[30.439s][info][gc,stats    ]      Memory: Page Cache Hit L3                               109 / 693             236 / 693             236 / 693             236 / 693         ops/s
[30.439s][info][gc,stats    ]      Memory: Page Cache Miss                                   0 / 7                 0 / 7                 0 / 7                 0 / 7           ops/s
[30.439s][info][gc,stats    ]      Memory: Uncommit                                          0 / 0                 0 / 0                 0 / 0                 0 / 0           MB/s
[30.439s][info][gc,stats    ]      Memory: Undo Object Allocation Failed                     0 / 0                 0 / 0                 0 / 0                 0 / 0           ops/s
[30.439s][info][gc,stats    ]      Memory: Undo Object Allocation Succeeded                  0 / 5                 0 / 5                 0 / 5                 0 / 5           ops/s
[30.439s][info][gc,stats    ]      Memory: Undo Page Allocation                              2 / 18                0 / 18                0 / 18                0 / 18          ops/s
[30.439s][info][gc,stats    ]       Phase: Concurrent Mark                            1657.432 / 2241.498    887.779 / 2241.498    887.779 / 2241.498    887.779 / 2241.498    ms
[30.439s][info][gc,stats    ]       Phase: Concurrent Mark Continue                      0.000 / 0.000         0.000 / 0.000         0.000 / 0.000         0.000 / 0.000       ms
[30.439s][info][gc,stats    ]       Phase: Concurrent Mark Free                          0.001 / 0.002         0.001 / 0.002         0.001 / 0.002         0.001 / 0.002       ms
[30.439s][info][gc,stats    ]       Phase: Concurrent Process Non-Strong References      7.582 / 12.875        4.329 / 12.875        4.329 / 12.875        4.329 / 12.875      ms
[30.439s][info][gc,stats    ]       Phase: Concurrent Relocate                         286.405 / 434.388     210.621 / 434.388     210.621 / 434.388     210.621 / 434.388     ms
[30.439s][info][gc,stats    ]       Phase: Concurrent Reset Relocation Set               0.278 / 0.708         0.162 / 0.708         0.162 / 0.708         0.162 / 0.708       ms
[30.439s][info][gc,stats    ]       Phase: Concurrent Select Relocation Set             84.900 / 131.071      43.992 / 131.071      43.992 / 131.071      43.992 / 131.071     ms
[30.439s][info][gc,stats    ]       Phase: Pause Mark End                                0.040 / 0.066         0.031 / 0.066         0.031 / 0.066         0.031 / 0.066       ms
[30.439s][info][gc,stats    ]       Phase: Pause Mark Start                              0.019 / 0.026         0.015 / 0.026         0.015 / 0.026         0.015 / 0.026       ms
[30.439s][info][gc,stats    ]       Phase: Pause Relocate Start                          0.010 / 0.017         0.008 / 0.017         0.008 / 0.017         0.008 / 0.017       ms
[30.439s][info][gc,stats    ]    Subphase: Concurrent Classes Purge                      0.780 / 3.350         0.416 / 3.350         0.416 / 3.350         0.416 / 3.350       ms
[30.439s][info][gc,stats    ]    Subphase: Concurrent Classes Unlink                     1.298 / 2.247         0.991 / 2.247         0.991 / 2.247         0.991 / 2.247       ms
[30.439s][info][gc,stats    ]    Subphase: Concurrent Mark                            1667.774 / 2234.162    939.191 / 2234.162    939.191 / 2234.162    939.191 / 2234.162    ms
[30.439s][info][gc,stats    ]    Subphase: Concurrent Mark Try Flush                    12.486 / 86.890        5.879 / 86.890        5.879 / 86.890        5.879 / 86.890      ms
[30.439s][info][gc,stats    ]    Subphase: Concurrent Mark Try Terminate                 7.069 / 16.269        7.251 / 16.269        7.251 / 16.269        7.251 / 16.269      ms
[30.439s][info][gc,stats    ]    Subphase: Concurrent References Enqueue                 0.005 / 0.007         0.003 / 0.007         0.003 / 0.007         0.003 / 0.007       ms
[30.439s][info][gc,stats    ]    Subphase: Concurrent References Process                 0.073 / 0.105         0.070 / 0.105         0.070 / 0.105         0.070 / 0.105       ms
[30.439s][info][gc,stats    ]    Subphase: Concurrent Roots ClassLoaderDataGraph         0.077 / 0.244         0.078 / 0.286         0.078 / 0.286         0.078 / 0.286       ms
[30.439s][info][gc,stats    ]    Subphase: Concurrent Roots CodeCache                    0.000 / 0.000         0.000 / 0.000         0.000 / 0.000         0.000 / 0.000       ms
[30.439s][info][gc,stats    ]    Subphase: Concurrent Roots JavaThreads                  4.250 / 7.207         2.650 / 7.207         2.650 / 7.207         2.650 / 7.207       ms
[30.439s][info][gc,stats    ]    Subphase: Concurrent Roots OopStorageSet                0.023 / 0.054         0.026 / 0.061         0.026 / 0.061         0.026 / 0.061       ms
[30.439s][info][gc,stats    ]    Subphase: Concurrent Weak Roots OopStorageSet           0.130 / 0.289         0.134 / 0.576         0.134 / 0.576         0.134 / 0.576       ms
[30.439s][info][gc,stats    ]    Subphase: Pause Mark Try Complete                       0.001 / 0.006         0.001 / 0.006         0.001 / 0.006         0.001 / 0.006       ms
[30.439s][info][gc,stats    ]      System: Java Threads                                     38 / 44               27 / 44               27 / 44               27 / 44          threads
[30.439s][info][gc,stats    ] =========================================================================================================================================================
[31.993s][info][gc,phases   ] GC(10) Concurrent Mark 1852.750ms
[31.993s][info][gc,phases   ] GC(10) Pause Mark End 0.080ms
[31.993s][info][gc,phases   ] GC(10) Concurrent Mark Free 0.000ms
[31.994s][info][gc,phases   ] GC(10) Concurrent Process Non-Strong References 0.900ms
[31.994s][info][gc,phases   ] GC(10) Concurrent Reset Relocation Set 0.125ms
[31.996s][info][gc          ] Allocation Stall (ForkJoinPool-1-worker-12) 561.650ms
[31.996s][info][gc          ] Allocation Stall (ForkJoinPool-1-worker-8) 562.779ms
[31.996s][info][gc          ] Allocation Stall (ForkJoinPool-1-worker-11) 563.418ms
[31.996s][info][gc          ] Allocation Stall (ForkJoinPool-1-worker-10) 563.714ms
[31.996s][info][gc          ] Allocation Stall (ForkJoinPool-1-worker-9) 557.857ms
[31.996s][info][gc          ] Allocation Stall (ForkJoinPool-1-worker-14) 568.985ms
[31.996s][info][gc          ] Allocation Stall (ForkJoinPool-1-worker-2) 561.305ms
[31.996s][info][gc          ] Allocation Stall (ForkJoinPool-1-worker-13) 566.005ms
[31.996s][info][gc          ] Allocation Stall (ForkJoinPool-1-worker-15) 567.017ms
[31.996s][info][gc          ] Allocation Stall (ForkJoinPool-1-worker-1) 565.929ms
[31.996s][info][gc          ] Allocation Stall (ForkJoinPool-1-worker-4) 564.242ms
[31.996s][info][gc          ] Allocation Stall (ForkJoinPool-1-worker-16) 565.427ms
[31.996s][info][gc          ] Allocation Stall (ForkJoinPool-1-worker-3) 567.760ms
[31.996s][info][gc          ] Allocation Stall (ForkJoinPool-1-worker-7) 567.339ms
[31.996s][info][gc          ] Allocation Stall (ForkJoinPool-1-worker-6) 568.411ms
[32.018s][info][gc,phases   ] GC(10) Concurrent Select Relocation Set 24.036ms
[32.018s][info][gc,phases   ] GC(10) Pause Relocate Start 0.017ms
[32.028s][info][gc          ] Allocation Stall (ForkJoinPool-1-worker-11) 10.206ms
[32.029s][info][gc          ] Allocation Stall (ForkJoinPool-1-worker-14) 12.319ms
[32.029s][info][gc          ] Allocation Stall (ForkJoinPool-1-worker-13) 11.696ms
[32.029s][info][gc          ] Allocation Stall (ForkJoinPool-1-worker-7) 11.680ms
[32.029s][info][gc          ] Allocation Stall (ForkJoinPool-1-worker-8) 11.684ms
[32.029s][info][gc          ] Allocation Stall (ForkJoinPool-1-worker-4) 11.986ms
[32.029s][info][gc          ] Allocation Stall (ForkJoinPool-1-worker-15) 11.883ms
[32.029s][info][gc          ] Allocation Stall (ForkJoinPool-1-worker-10) 2.189ms
[32.029s][info][gc          ] Allocation Stall (ForkJoinPool-1-worker-16) 10.927ms
[32.119s][info][gc          ] Relocation Stall (ForkJoinPool-1-worker-2) 100.579ms
[32.149s][info][gc          ] Relocation Stall (ForkJoinPool-1-worker-1) 121.099ms
[32.153s][info][gc          ] Relocation Stall (ForkJoinPool-1-worker-12) 129.305ms
[32.159s][info][gc          ] Relocation Stall (ForkJoinPool-1-worker-3) 140.317ms
[32.196s][info][gc,phases   ] GC(10) Concurrent Relocate 177.121ms
[32.196s][info][gc,load     ] GC(10) Load: 0.00/0.00/0.00
[32.196s][info][gc,mmu      ] GC(10) MMU: 2ms/96.0%, 5ms/98.4%, 10ms/99.2%, 20ms/99.6%, 50ms/99.8%, 100ms/99.9%
[32.196s][info][gc,marking  ] GC(10) Mark: 4 stripe(s), 2 proactive flush(es), 1 terminate flush(es), 1 completion(s), 0 continuation(s) 
[32.196s][info][gc,marking  ] GC(10) Mark Stack Usage: 32M
[32.196s][info][gc,nmethod  ] GC(10) NMethods: 1366 registered, 54 unregistered
[32.196s][info][gc,metaspace] GC(10) Metaspace: 9M used, 10M committed, 1088M reserved
[32.196s][info][gc,ref      ] GC(10) Soft: 252 encountered, 139 discovered, 0 enqueued
[32.196s][info][gc,ref      ] GC(10) Weak: 1282 encountered, 344 discovered, 0 enqueued
[32.196s][info][gc,ref      ] GC(10) Final: 0 encountered, 0 discovered, 0 enqueued
[32.196s][info][gc,ref      ] GC(10) Phantom: 18 encountered, 9 discovered, 0 enqueued
[32.196s][info][gc,reloc    ] GC(10) Small Pages: 4963 / 9926M, Empty: 0M, Relocated: 306M, In-Place: 0
[32.196s][info][gc,reloc    ] GC(10) Medium Pages: 36 / 1152M, Empty: 0M, Relocated: 81M, In-Place: 2
[32.196s][info][gc,reloc    ] GC(10) Large Pages: 27 / 218M, Empty: 52M, Relocated: 0M, In-Place: 0
[32.196s][info][gc,reloc    ] GC(10) Forwarding Usage: 212M
[32.196s][info][gc,heap     ] GC(10) Min Capacity: 15360M(100%)
[32.196s][info][gc,heap     ] GC(10) Max Capacity: 15360M(100%)
[32.196s][info][gc,heap     ] GC(10) Soft Max Capacity: 15360M(100%)
[32.196s][info][gc,heap     ] GC(10)                Mark Start          Mark End        Relocate Start      Relocate End           High               Low         
[32.196s][info][gc,heap     ] GC(10)  Capacity:    15360M (100%)      15360M (100%)      15360M (100%)      15360M (100%)      15360M (100%)      15360M (100%)   
[32.196s][info][gc,heap     ] GC(10)      Free:     4064M (26%)           0M (0%)            0M (0%)         5114M (33%)        5162M (34%)           0M (0%)     
[32.196s][info][gc,heap     ] GC(10)      Used:    11296M (74%)       15360M (100%)      15360M (100%)      10246M (67%)       15360M (100%)      10198M (66%)    
[32.196s][info][gc,heap     ] GC(10)      Live:         -              5752M (37%)        5752M (37%)        5752M (37%)            -                  -          
[32.196s][info][gc,heap     ] GC(10) Allocated:         -              4064M (26%)        4116M (27%)        4228M (28%)            -                  -          
[32.196s][info][gc,heap     ] GC(10)   Garbage:         -              5543M (36%)        5491M (36%)         264M (2%)             -                  -          
[32.196s][info][gc,heap     ] GC(10) Reclaimed:         -                  -                52M (0%)         5278M (34%)            -                  -          
[32.196s][info][gc          ] GC(10) Garbage Collection (Allocation Stall) 11296M(74%)->10246M(67%)
[32.238s][info][gc,start    ] GC(11) Garbage Collection (Allocation Stall)
[32.238s][info][gc,ref      ] GC(11) Clearing All SoftReferences
[32.238s][info][gc,task     ] GC(11) Using 4 workers
[32.238s][info][gc,ref      ] GC(11) Clearing All SoftReferences
[32.238s][info][gc,phases   ] GC(11) Pause Mark Start 0.023ms
[34.126s][info][gc,phases   ] GC(11) Concurrent Mark 1887.848ms
[34.126s][info][gc,phases   ] GC(11) Pause Mark End 0.016ms
[34.126s][info][gc,phases   ] GC(11) Concurrent Mark Free 0.001ms
[34.127s][info][gc,phases   ] GC(11) Concurrent Process Non-Strong References 0.709ms
[34.127s][info][gc,phases   ] GC(11) Concurrent Reset Relocation Set 0.086ms
[34.128s][info][gc          ] Allocation Stall (ForkJoinPool-1-worker-8) 387.798ms
[34.128s][info][gc          ] Allocation Stall (ForkJoinPool-1-worker-3) 404.396ms
[34.128s][info][gc          ] Allocation Stall (C1 CompilerThread0) 401.310ms
[34.128s][info][gc          ] Allocation Stall (ForkJoinPool-1-worker-13) 383.148ms
[34.128s][info][gc          ] Allocation Stall (ForkJoinPool-1-worker-12) 410.370ms
[34.128s][info][gc          ] Allocation Stall (ForkJoinPool-1-worker-5) 404.712ms
[34.128s][info][gc          ] Allocation Stall (ForkJoinPool-1-worker-4) 404.515ms
[34.128s][info][gc          ] Allocation Stall (ForkJoinPool-1-worker-1) 405.796ms
[34.128s][info][gc          ] Allocation Stall (ForkJoinPool-1-worker-10) 405.812ms
[34.128s][info][gc          ] Allocation Stall (ForkJoinPool-1-worker-2) 406.555ms
[34.128s][info][gc          ] Allocation Stall (ForkJoinPool-1-worker-7) 408.273ms
[34.128s][info][gc          ] Allocation Stall (ForkJoinPool-1-worker-11) 409.361ms
[34.128s][info][gc          ] Allocation Stall (ForkJoinPool-1-worker-6) 409.500ms
[34.129s][info][gc          ] Allocation Stall (ForkJoinPool-1-worker-16) 406.801ms
[34.129s][info][gc          ] Allocation Stall (ForkJoinPool-1-worker-9) 406.390ms
[34.129s][info][gc          ] Allocation Stall (ForkJoinPool-1-worker-14) 407.333ms
[34.129s][info][gc          ] Allocation Stall (ForkJoinPool-1-worker-15) 407.533ms
[34.143s][info][gc,phases   ] GC(11) Concurrent Select Relocation Set 15.600ms
[34.143s][info][gc,phases   ] GC(11) Pause Relocate Start 0.021ms
[34.159s][info][gc          ] Allocation Stall (ForkJoinPool-1-worker-5) 4.812ms
[34.160s][info][gc          ] Allocation Stall (ForkJoinPool-1-worker-16) 4.620ms
[34.160s][info][gc          ] Allocation Stall (ForkJoinPool-1-worker-9) 2.624ms
[34.160s][info][gc          ] Allocation Stall (ForkJoinPool-1-worker-3) 2.506ms
[34.160s][info][gc          ] Allocation Stall (ForkJoinPool-1-worker-7) 2.502ms
[34.160s][info][gc          ] Allocation Stall (ForkJoinPool-1-worker-10) 2.370ms
[34.160s][info][gc          ] Allocation Stall (ForkJoinPool-1-worker-2) 0.808ms
[34.160s][info][gc          ] Allocation Stall (ForkJoinPool-1-worker-11) 2.144ms
[34.161s][info][gc          ] Allocation Stall (ForkJoinPool-1-worker-6) 2.180ms
[34.386s][info][gc,phases   ] GC(11) Concurrent Relocate 241.681ms
[34.387s][info][gc,load     ] GC(11) Load: 0.00/0.00/0.00
[34.387s][info][gc,mmu      ] GC(11) MMU: 2ms/96.0%, 5ms/98.4%, 10ms/99.2%, 20ms/99.6%, 50ms/99.8%, 100ms/99.9%
[34.387s][info][gc,marking  ] GC(11) Mark: 4 stripe(s), 2 proactive flush(es), 1 terminate flush(es), 0 completion(s), 0 continuation(s) 
[34.387s][info][gc,marking  ] GC(11) Mark Stack Usage: 32M
[34.387s][info][gc,nmethod  ] GC(11) NMethods: 1380 registered, 0 unregistered
[34.387s][info][gc,metaspace] GC(11) Metaspace: 9M used, 10M committed, 1088M reserved
[34.387s][info][gc,ref      ] GC(11) Soft: 252 encountered, 139 discovered, 0 enqueued
[34.387s][info][gc,ref      ] GC(11) Weak: 1281 encountered, 344 discovered, 2 enqueued
[34.387s][info][gc,ref      ] GC(11) Final: 0 encountered, 0 discovered, 0 enqueued
[34.387s][info][gc,ref      ] GC(11) Phantom: 18 encountered, 10 discovered, 0 enqueued
[34.387s][info][gc,reloc    ] GC(11) Small Pages: 4542 / 9084M, Empty: 2M, Relocated: 276M, In-Place: 1
[34.387s][info][gc,reloc    ] GC(11) Medium Pages: 35 / 1120M, Empty: 0M, Relocated: 79M, In-Place: 2
[34.387s][info][gc,reloc    ] GC(11) Large Pages: 27 / 226M, Empty: 60M, Relocated: 0M, In-Place: 0
[34.387s][info][gc,reloc    ] GC(11) Forwarding Usage: 202M
[34.387s][info][gc,heap     ] GC(11) Min Capacity: 15360M(100%)
[34.387s][info][gc,heap     ] GC(11) Max Capacity: 15360M(100%)
[34.387s][info][gc,heap     ] GC(11) Soft Max Capacity: 15360M(100%)
[34.387s][info][gc,heap     ] GC(11)                Mark Start          Mark End        Relocate Start      Relocate End           High               Low         
[34.387s][info][gc,heap     ] GC(11)  Capacity:    15360M (100%)      15360M (100%)      15360M (100%)      15360M (100%)      15360M (100%)      15360M (100%)   
[34.387s][info][gc,heap     ] GC(11)      Free:     4930M (32%)           0M (0%)           32M (0%)         3598M (23%)        4930M (32%)           0M (0%)     
[34.387s][info][gc,heap     ] GC(11)      Used:    10430M (68%)       15360M (100%)      15328M (100%)      11762M (77%)       15360M (100%)      10430M (68%)    
[34.387s][info][gc,heap     ] GC(11)      Live:         -              5827M (38%)        5827M (38%)        5827M (38%)            -                  -          
[34.387s][info][gc,heap     ] GC(11) Allocated:         -              4930M (32%)        4960M (32%)        5631M (37%)            -                  -          
[34.387s][info][gc,heap     ] GC(11)   Garbage:         -              4602M (30%)        4540M (30%)         303M (2%)             -                  -          
[34.387s][info][gc,heap     ] GC(11) Reclaimed:         -                  -                62M (0%)         4299M (28%)            -                  -          
[34.387s][info][gc          ] GC(11) Garbage Collection (Allocation Stall) 10430M(68%)->11762M(77%)
[34.438s][info][gc,start    ] GC(12) Garbage Collection (Allocation Stall)
[34.438s][info][gc,ref      ] GC(12) Clearing All SoftReferences
[34.438s][info][gc,task     ] GC(12) Using 4 workers
[34.438s][info][gc,ref      ] GC(12) Clearing All SoftReferences
[34.438s][info][gc,phases   ] GC(12) Pause Mark Start 0.056ms
[36.228s][info][gc,phases   ] GC(12) Concurrent Mark 1789.776ms
[36.228s][info][gc,phases   ] GC(12) Pause Mark End 0.030ms
[36.228s][info][gc,phases   ] GC(12) Concurrent Mark Free 0.001ms
[36.229s][info][gc,phases   ] GC(12) Concurrent Process Non-Strong References 0.528ms
[36.229s][info][gc,phases   ] GC(12) Concurrent Reset Relocation Set 0.073ms
[36.230s][info][gc          ] Allocation Stall (RMI TCP Connection(2)-192.168.1.240) 196.890ms
[36.230s][info][gc          ] Allocation Stall (RMI TCP Connection(3)-192.168.1.240) 167.322ms
[36.230s][info][gc          ] Allocation Stall (ForkJoinPool-1-worker-6) 613.896ms
[36.230s][info][gc          ] Allocation Stall (ForkJoinPool-1-worker-13) 643.258ms
[36.230s][info][gc          ] Allocation Stall (ForkJoinPool-1-worker-7) 639.419ms
[36.230s][info][gc          ] Allocation Stall (ForkJoinPool-1-worker-8) 639.185ms
[36.230s][info][gc          ] Allocation Stall (ForkJoinPool-1-worker-15) 642.753ms
[36.230s][info][gc          ] Allocation Stall (ForkJoinPool-1-worker-2) 627.795ms
[36.230s][info][gc          ] Allocation Stall (ForkJoinPool-1-worker-1) 637.808ms
[36.231s][info][gc          ] Allocation Stall (ForkJoinPool-1-worker-16) 635.441ms
[36.231s][info][gc          ] Allocation Stall (ForkJoinPool-1-worker-3) 633.293ms
[36.231s][info][gc          ] Allocation Stall (ForkJoinPool-1-worker-12) 635.848ms
[36.231s][info][gc          ] Allocation Stall (ForkJoinPool-1-worker-9) 636.148ms
[36.231s][info][gc          ] Allocation Stall (ForkJoinPool-1-worker-10) 638.243ms
[36.231s][info][gc          ] Allocation Stall (ForkJoinPool-1-worker-11) 638.789ms
[36.231s][info][gc          ] Allocation Stall (ForkJoinPool-1-worker-5) 636.555ms
[36.331s][info][gc,phases   ] GC(12) Concurrent Select Relocation Set 102.363ms
[36.331s][info][gc,phases   ] GC(12) Pause Relocate Start 0.013ms
[36.332s][info][gc          ] Allocation Stall (ForkJoinPool-1-worker-5) 75.809ms
[36.333s][info][gc          ] Allocation Stall (ForkJoinPool-1-worker-9) 81.907ms
[36.361s][info][gc          ] Relocation Stall (ForkJoinPool-1-worker-11) 29.329ms
[36.362s][info][gc          ] Allocation Stall (ForkJoinPool-1-worker-11) 108.119ms
[36.370s][info][gc          ] Relocation Stall (ForkJoinPool-1-worker-12) 37.468ms
[36.370s][info][gc          ] Allocation Stall (ForkJoinPool-1-worker-12) 112.498ms
[36.386s][info][gc          ] Relocation Stall (ForkJoinPool-1-worker-3) 52.838ms
[36.386s][info][gc          ] Allocation Stall (ForkJoinPool-1-worker-3) 120.510ms
[36.386s][info][gc          ] Relocation Stall (ForkJoinPool-1-worker-15) 54.242ms
[36.386s][info][gc          ] Allocation Stall (ForkJoinPool-1-worker-15) 129.874ms
[36.388s][info][gc          ] Relocation Stall (ForkJoinPool-1-worker-10) 55.616ms
[36.388s][info][gc          ] Allocation Stall (ForkJoinPool-1-worker-10) 130.640ms
[36.398s][info][gc          ] Relocation Stall (ForkJoinPool-1-worker-16) 66.292ms
[36.398s][info][gc          ] Relocation Stall (ForkJoinPool-1-worker-6) 65.707ms
[36.398s][info][gc          ] Allocation Stall (ForkJoinPool-1-worker-16) 142.318ms
[36.399s][info][gc          ] Allocation Stall (ForkJoinPool-1-worker-6) 137.442ms
[36.411s][info][gc          ] Relocation Stall (ForkJoinPool-1-worker-7) 79.166ms
[36.412s][info][gc          ] Allocation Stall (ForkJoinPool-1-worker-7) 154.465ms
[36.419s][info][gc          ] Relocation Stall (ForkJoinPool-1-worker-1) 86.571ms
[36.419s][info][gc          ] Relocation Stall (ForkJoinPool-1-worker-2) 86.542ms
[36.419s][info][gc          ] Allocation Stall (ForkJoinPool-1-worker-1) 165.712ms
[36.419s][info][gc          ] Allocation Stall (ForkJoinPool-1-worker-2) 165.116ms
[36.515s][info][gc          ] Relocation Stall (ForkJoinPool-1-worker-8) 182.483ms
[36.515s][info][gc          ] Allocation Stall (ForkJoinPool-1-worker-8) 257.913ms
[36.528s][info][gc          ] Relocation Stall (ForkJoinPool-1-worker-13) 195.395ms
[36.528s][info][gc          ] Allocation Stall (ForkJoinPool-1-worker-13) 270.229ms
[36.655s][info][gc,phases   ] GC(12) Concurrent Relocate 323.614ms
[36.655s][info][gc,load     ] GC(12) Load: 0.00/0.00/0.00
[36.655s][info][gc,mmu      ] GC(12) MMU: 2ms/96.0%, 5ms/98.4%, 10ms/99.2%, 20ms/99.6%, 50ms/99.8%, 100ms/99.9%
[36.655s][info][gc,marking  ] GC(12) Mark: 4 stripe(s), 2 proactive flush(es), 1 terminate flush(es), 1 completion(s), 0 continuation(s) 
[36.655s][info][gc,marking  ] GC(12) Mark Stack Usage: 32M
[36.655s][info][gc,nmethod  ] GC(12) NMethods: 1403 registered, 5 unregistered
[36.655s][info][gc,metaspace] GC(12) Metaspace: 10M used, 10M committed, 1088M reserved
[36.655s][info][gc,ref      ] GC(12) Soft: 252 encountered, 137 discovered, 0 enqueued
[36.655s][info][gc,ref      ] GC(12) Weak: 1279 encountered, 305 discovered, 0 enqueued
[36.655s][info][gc,ref      ] GC(12) Final: 0 encountered, 0 discovered, 0 enqueued
[36.655s][info][gc,ref      ] GC(12) Phantom: 18 encountered, 9 discovered, 0 enqueued
[36.655s][info][gc,reloc    ] GC(12) Small Pages: 5294 / 10588M, Empty: 8M, Relocated: 421M, In-Place: 1
[36.655s][info][gc,reloc    ] GC(12) Medium Pages: 36 / 1152M, Empty: 0M, Relocated: 49M, In-Place: 2
[36.655s][info][gc,reloc    ] GC(12) Large Pages: 30 / 252M, Empty: 72M, Relocated: 0M, In-Place: 0
[36.655s][info][gc,reloc    ] GC(12) Forwarding Usage: 303M
[36.655s][info][gc,heap     ] GC(12) Min Capacity: 15360M(100%)
[36.655s][info][gc,heap     ] GC(12) Max Capacity: 15360M(100%)
[36.655s][info][gc,heap     ] GC(12) Soft Max Capacity: 15360M(100%)
[36.655s][info][gc,heap     ] GC(12)                Mark Start          Mark End        Relocate Start      Relocate End           High               Low         
[36.655s][info][gc,heap     ] GC(12)  Capacity:    15360M (100%)      15360M (100%)      15360M (100%)      15360M (100%)      15360M (100%)      15360M (100%)   
[36.655s][info][gc,heap     ] GC(12)      Free:     3368M (22%)           0M (0%)            0M (0%)         4794M (31%)        4978M (32%)           0M (0%)     
[36.655s][info][gc,heap     ] GC(12)      Used:    11992M (78%)       15360M (100%)      15360M (100%)      10566M (69%)       15360M (100%)      10382M (68%)    
[36.655s][info][gc,heap     ] GC(12)      Live:         -              6010M (39%)        6010M (39%)        6010M (39%)            -                  -          
[36.655s][info][gc,heap     ] GC(12) Allocated:         -              3368M (22%)        3448M (22%)        4213M (27%)            -                  -          
[36.655s][info][gc,heap     ] GC(12)   Garbage:         -              5981M (39%)        5901M (38%)         341M (2%)             -                  -          
[36.655s][info][gc,heap     ] GC(12) Reclaimed:         -                  -                80M (1%)         5639M (37%)            -                  -          
[36.655s][info][gc          ] GC(12) Garbage Collection (Allocation Stall) 11992M(78%)->10566M(69%)
[36.738s][info][gc,start    ] GC(13) Garbage Collection (Allocation Stall)
[36.738s][info][gc,ref      ] GC(13) Clearing All SoftReferences
[36.738s][info][gc,task     ] GC(13) Using 4 workers
[36.738s][info][gc,ref      ] GC(13) Clearing All SoftReferences
[36.738s][info][gc,phases   ] GC(13) Pause Mark Start 0.054ms
[38.845s][info][gc,phases   ] GC(13) Concurrent Mark 2106.216ms
[38.845s][info][gc,phases   ] GC(13) Pause Mark End 0.055ms
[38.845s][info][gc,phases   ] GC(13) Concurrent Mark Free 0.001ms
[38.846s][info][gc,phases   ] GC(13) Concurrent Process Non-Strong References 0.670ms
[38.846s][info][gc,phases   ] GC(13) Concurrent Reset Relocation Set 0.174ms
[38.847s][info][gc          ] Allocation Stall (ForkJoinPool-1-worker-11) 530.323ms
[38.847s][info][gc          ] Allocation Stall (ForkJoinPool-1-worker-15) 529.265ms
[38.847s][info][gc          ] Allocation Stall (ForkJoinPool-1-worker-4) 516.142ms
[38.847s][info][gc          ] Allocation Stall (ForkJoinPool-1-worker-6) 525.214ms
[38.847s][info][gc          ] Allocation Stall (ForkJoinPool-1-worker-13) 538.379ms
[38.847s][info][gc          ] Allocation Stall (ForkJoinPool-1-worker-2) 537.701ms
[38.847s][info][gc          ] Allocation Stall (ForkJoinPool-1-worker-5) 536.652ms
[38.847s][info][gc          ] Allocation Stall (ForkJoinPool-1-worker-12) 536.169ms
[38.847s][info][gc          ] Allocation Stall (ForkJoinPool-1-worker-7) 534.103ms
[38.847s][info][gc          ] Allocation Stall (ForkJoinPool-1-worker-10) 533.690ms
[38.847s][info][gc          ] Allocation Stall (ForkJoinPool-1-worker-8) 533.613ms
[38.847s][info][gc          ] Allocation Stall (ForkJoinPool-1-worker-1) 532.170ms
[38.847s][info][gc          ] Allocation Stall (ForkJoinPool-1-worker-14) 530.410ms
[38.848s][info][gc          ] Allocation Stall (ForkJoinPool-1-worker-9) 530.906ms
[38.867s][info][gc,phases   ] GC(13) Concurrent Select Relocation Set 21.086ms
[38.868s][info][gc,phases   ] GC(13) Pause Relocate Start 0.011ms
[39.151s][info][gc,phases   ] GC(13) Concurrent Relocate 282.839ms
[39.151s][info][gc,load     ] GC(13) Load: 0.00/0.00/0.00
[39.151s][info][gc,mmu      ] GC(13) MMU: 2ms/96.0%, 5ms/98.4%, 10ms/99.2%, 20ms/99.6%, 50ms/99.8%, 100ms/99.9%
[39.151s][info][gc,marking  ] GC(13) Mark: 4 stripe(s), 2 proactive flush(es), 1 terminate flush(es), 1 completion(s), 0 continuation(s) 
[39.151s][info][gc,marking  ] GC(13) Mark Stack Usage: 32M
[39.151s][info][gc,nmethod  ] GC(13) NMethods: 1443 registered, 10 unregistered
[39.151s][info][gc,metaspace] GC(13) Metaspace: 10M used, 10M committed, 1088M reserved
[39.151s][info][gc,ref      ] GC(13) Soft: 252 encountered, 140 discovered, 0 enqueued
[39.151s][info][gc,ref      ] GC(13) Weak: 1279 encountered, 263 discovered, 0 enqueued
[39.151s][info][gc,ref      ] GC(13) Final: 0 encountered, 0 discovered, 0 enqueued
[39.151s][info][gc,ref      ] GC(13) Phantom: 18 encountered, 10 discovered, 0 enqueued
[39.151s][info][gc,reloc    ] GC(13) Small Pages: 4677 / 9354M, Empty: 10M, Relocated: 342M, In-Place: 0
[39.151s][info][gc,reloc    ] GC(13) Medium Pages: 37 / 1184M, Empty: 0M, Relocated: 48M, In-Place: 0
[39.151s][info][gc,reloc    ] GC(13) Large Pages: 39 / 366M, Empty: 142M, Relocated: 0M, In-Place: 0
[39.151s][info][gc,reloc    ] GC(13) Forwarding Usage: 239M
[39.151s][info][gc,heap     ] GC(13) Min Capacity: 15360M(100%)
[39.151s][info][gc,heap     ] GC(13) Max Capacity: 15360M(100%)
[39.151s][info][gc,heap     ] GC(13) Soft Max Capacity: 15360M(100%)
[39.151s][info][gc,heap     ] GC(13)                Mark Start          Mark End        Relocate Start      Relocate End           High               Low         
[39.151s][info][gc,heap     ] GC(13)  Capacity:    15360M (100%)      15360M (100%)      15360M (100%)      15360M (100%)      15360M (100%)      15360M (100%)   
[39.151s][info][gc,heap     ] GC(13)      Free:     4456M (29%)           0M (0%)          114M (1%)         3722M (24%)        4456M (29%)           0M (0%)     
[39.151s][info][gc,heap     ] GC(13)      Used:    10904M (71%)       15360M (100%)      15246M (99%)       11638M (76%)       15360M (100%)      10904M (71%)    
[39.151s][info][gc,heap     ] GC(13)      Live:         -              6033M (39%)        6033M (39%)        6033M (39%)            -                  -          
[39.151s][info][gc,heap     ] GC(13) Allocated:         -              4456M (29%)        4494M (29%)        5268M (34%)            -                  -          
[39.151s][info][gc,heap     ] GC(13)   Garbage:         -              4870M (32%)        4718M (31%)         336M (2%)             -                  -          
[39.151s][info][gc,heap     ] GC(13) Reclaimed:         -                  -               152M (1%)         4534M (30%)            -                  -          
[39.151s][info][gc          ] GC(13) Garbage Collection (Allocation Stall) 10904M(71%)->11638M(76%)
[39.238s][info][gc,start    ] GC(14) Garbage Collection (Allocation Stall)
[39.238s][info][gc,ref      ] GC(14) Clearing All SoftReferences
[39.238s][info][gc,task     ] GC(14) Using 4 workers
[39.238s][info][gc,ref      ] GC(14) Clearing All SoftReferences
[39.238s][info][gc,phases   ] GC(14) Pause Mark Start 0.023ms
[40.438s][info][gc,stats    ] === Garbage Collection Statistics =======================================================================================================================
[40.438s][info][gc,stats    ]                                                              Last 10s              Last 10m              Last 10h                Total
[40.438s][info][gc,stats    ]                                                              Avg / Max             Avg / Max             Avg / Max             Avg / Max
[40.438s][info][gc,stats    ]   Collector: Garbage Collection Cycle                   2208.895 / 2412.944   1453.731 / 2501.549   1453.731 / 2501.549   1453.731 / 2501.549    ms
[40.438s][info][gc,stats    ]  Contention: Mark Segment Reset Contention                     7 / 20                2 / 20                2 / 20                2 / 20          ops/s
[40.438s][info][gc,stats    ]  Contention: Mark SeqNum Reset Contention                      0 / 1                 0 / 1                 0 / 1                 0 / 1           ops/s
[40.438s][info][gc,stats    ]    Critical: Allocation Stall                                  9 / 28                3 / 33                3 / 33                3 / 33          ops/s
[40.438s][info][gc,stats    ]    Critical: Allocation Stall                            364.048 / 643.258     290.852 / 643.258     290.852 / 643.258     290.852 / 643.258     ms
[40.438s][info][gc,stats    ]    Critical: GC Locker Stall                                   0 / 0                 0 / 0                 0 / 0                 0 / 0           ops/s
[40.438s][info][gc,stats    ]    Critical: GC Locker Stall                               0.000 / 0.000         0.000 / 0.000         0.000 / 0.000         0.000 / 0.000       ms
[40.438s][info][gc,stats    ]    Critical: Relocation Stall                                  1 / 10                0 / 10                0 / 10                0 / 10          ops/s
[40.438s][info][gc,stats    ]    Critical: Relocation Stall                             92.684 / 195.395     129.552 / 278.191     129.552 / 278.191     129.552 / 278.191     ms
[40.438s][info][gc,stats    ]      Memory: Allocation Rate                                2262 / 3318           1954 / 3760           1954 / 3760           1954 / 3760        MB/s
[40.438s][info][gc,stats    ]      Memory: Defragment                                        6 / 24                1 / 24                1 / 24                1 / 24          ops/s
[40.438s][info][gc,stats    ]      Memory: Out Of Memory                                     0 / 0                 0 / 0                 0 / 0                 0 / 0           ops/s
[40.438s][info][gc,stats    ]      Memory: Page Cache Flush                                 80 / 146              23 / 146              23 / 146              23 / 146         MB/s
[40.438s][info][gc,stats    ]      Memory: Page Cache Hit L1                              1139 / 1611            808 / 1850            808 / 1850            808 / 1850        ops/s
[40.438s][info][gc,stats    ]      Memory: Page Cache Hit L2                                 0 / 0                 0 / 0                 0 / 0                 0 / 0           ops/s
[40.438s][info][gc,stats    ]      Memory: Page Cache Hit L3                                11 / 35              179 / 693             179 / 693             179 / 693         ops/s
[40.438s][info][gc,stats    ]      Memory: Page Cache Miss                                   4 / 10                1 / 10                1 / 10                1 / 10          ops/s
[40.438s][info][gc,stats    ]      Memory: Uncommit                                          0 / 0                 0 / 0                 0 / 0                 0 / 0           MB/s
[40.438s][info][gc,stats    ]      Memory: Undo Object Allocation Failed                     0 / 1                 0 / 1                 0 / 1                 0 / 1           ops/s
[40.438s][info][gc,stats    ]      Memory: Undo Object Allocation Succeeded                  1 / 4                 0 / 5                 0 / 5                 0 / 5           ops/s
[40.438s][info][gc,stats    ]      Memory: Undo Page Allocation                              3 / 10                1 / 18                1 / 18                1 / 18          ops/s
[40.438s][info][gc,stats    ]       Phase: Concurrent Mark                            1909.148 / 2106.216   1179.598 / 2241.498   1179.598 / 2241.498   1179.598 / 2241.498    ms
[40.438s][info][gc,stats    ]       Phase: Concurrent Mark Continue                      0.000 / 0.000         0.000 / 0.000         0.000 / 0.000         0.000 / 0.000       ms
[40.438s][info][gc,stats    ]       Phase: Concurrent Mark Free                          0.000 / 0.001         0.001 / 0.002         0.001 / 0.002         0.001 / 0.002       ms
[40.438s][info][gc,stats    ]       Phase: Concurrent Process Non-Strong References      0.702 / 0.900         3.293 / 12.875        3.293 / 12.875        3.293 / 12.875      ms
[40.438s][info][gc,stats    ]       Phase: Concurrent Relocate                         256.314 / 323.614     223.676 / 434.388     223.676 / 434.388     223.676 / 434.388     ms
[40.438s][info][gc,stats    ]       Phase: Concurrent Reset Relocation Set               0.115 / 0.174         0.149 / 0.708         0.149 / 0.708         0.149 / 0.708       ms
[40.438s][info][gc,stats    ]       Phase: Concurrent Select Relocation Set             40.771 / 102.363      43.072 / 131.071      43.072 / 131.071      43.072 / 131.071     ms
[40.438s][info][gc,stats    ]       Phase: Pause Mark End                                0.045 / 0.080         0.035 / 0.080         0.035 / 0.080         0.035 / 0.080       ms
[40.438s][info][gc,stats    ]       Phase: Pause Mark Start                              0.039 / 0.056         0.021 / 0.056         0.021 / 0.056         0.021 / 0.056       ms
[40.438s][info][gc,stats    ]       Phase: Pause Relocate Start                          0.015 / 0.021         0.010 / 0.021         0.010 / 0.021         0.010 / 0.021       ms
[40.438s][info][gc,stats    ]    Subphase: Concurrent Classes Purge                      0.050 / 0.107         0.311 / 3.350         0.311 / 3.350         0.311 / 3.350       ms
[40.438s][info][gc,stats    ]    Subphase: Concurrent Classes Unlink                     0.413 / 0.511         0.826 / 2.247         0.826 / 2.247         0.826 / 2.247       ms
[40.438s][info][gc,stats    ]    Subphase: Concurrent Mark                            1906.571 / 2104.679   1255.070 / 2234.162   1255.070 / 2234.162   1255.070 / 2234.162    ms
[40.438s][info][gc,stats    ]    Subphase: Concurrent Mark Try Flush                     0.047 / 0.093         4.288 / 86.890        4.288 / 86.890        4.288 / 86.890      ms
[40.438s][info][gc,stats    ]    Subphase: Concurrent Mark Try Terminate                 0.959 / 1.946         6.290 / 16.269        6.290 / 16.269        6.290 / 16.269      ms
[40.438s][info][gc,stats    ]    Subphase: Concurrent References Enqueue                 0.001 / 0.003         0.002 / 0.007         0.002 / 0.007         0.002 / 0.007       ms
[40.439s][info][gc,stats    ]    Subphase: Concurrent References Process                 0.069 / 0.101         0.070 / 0.105         0.070 / 0.105         0.070 / 0.105       ms
[40.439s][info][gc,stats    ]    Subphase: Concurrent Roots ClassLoaderDataGraph         0.071 / 0.209         0.075 / 0.286         0.075 / 0.286         0.075 / 0.286       ms
[40.439s][info][gc,stats    ]    Subphase: Concurrent Roots CodeCache                    0.000 / 0.000         0.000 / 0.000         0.000 / 0.000         0.000 / 0.000       ms
[40.439s][info][gc,stats    ]    Subphase: Concurrent Roots JavaThreads                  1.574 / 2.005         2.325 / 7.207         2.325 / 7.207         2.325 / 7.207       ms
[40.439s][info][gc,stats    ]    Subphase: Concurrent Roots OopStorageSet                0.023 / 0.085         0.025 / 0.085         0.025 / 0.085         0.025 / 0.085       ms
[40.439s][info][gc,stats    ]    Subphase: Concurrent Weak Roots OopStorageSet           0.085 / 0.112         0.117 / 0.576         0.117 / 0.576         0.117 / 0.576       ms
[40.439s][info][gc,stats    ]    Subphase: Pause Mark Try Complete                       0.001 / 0.003         0.001 / 0.006         0.001 / 0.006         0.001 / 0.006       ms
[40.439s][info][gc,stats    ]      System: Java Threads                                     37 / 38               30 / 44               30 / 44               30 / 44          threads
[40.439s][info][gc,stats    ] =========================================================================================================================================================
[41.114s][info][gc,phases   ] GC(14) Concurrent Mark 1874.169ms
[41.114s][info][gc,phases   ] GC(14) Pause Mark End 0.031ms
[41.114s][info][gc,phases   ] GC(14) Concurrent Mark Free 0.000ms
[41.114s][info][gc,phases   ] GC(14) Concurrent Process Non-Strong References 0.573ms
[41.114s][info][gc,phases   ] GC(14) Concurrent Reset Relocation Set 0.072ms
[41.116s][info][gc          ] Allocation Stall (ForkJoinPool-1-worker-2) 583.953ms
[41.116s][info][gc          ] Allocation Stall (ForkJoinPool-1-worker-11) 592.937ms
[41.116s][info][gc          ] Allocation Stall (ForkJoinPool-1-worker-15) 600.774ms
[41.116s][info][gc          ] Allocation Stall (ForkJoinPool-1-worker-13) 595.331ms
[41.116s][info][gc          ] Allocation Stall (ForkJoinPool-1-worker-10) 594.595ms
[41.116s][info][gc          ] Allocation Stall (ForkJoinPool-1-worker-8) 598.753ms
[41.116s][info][gc          ] Allocation Stall (ForkJoinPool-1-worker-16) 600.342ms
[41.116s][info][gc          ] Allocation Stall (ForkJoinPool-1-worker-1) 601.242ms
[41.116s][info][gc          ] Allocation Stall (ForkJoinPool-1-worker-6) 594.518ms
[41.257s][info][gc,phases   ] GC(14) Concurrent Select Relocation Set 143.070ms
[41.258s][info][gc,phases   ] GC(14) Pause Relocate Start 0.011ms
[41.261s][info][gc          ] Allocation Stall (ForkJoinPool-1-worker-6) 49.714ms
[41.261s][info][gc          ] Allocation Stall (ForkJoinPool-1-worker-15) 51.278ms
[41.261s][info][gc          ] Allocation Stall (ForkJoinPool-1-worker-13) 49.135ms
[41.262s][info][gc          ] Allocation Stall (ForkJoinPool-1-worker-1) 44.837ms
[41.262s][info][gc          ] Allocation Stall (ForkJoinPool-1-worker-10) 52.814ms
[41.262s][info][gc          ] Allocation Stall (ForkJoinPool-1-worker-8) 49.607ms
[41.262s][info][gc          ] Allocation Stall (ForkJoinPool-1-worker-16) 48.518ms
[41.354s][info][gc          ] Relocation Stall (ForkJoinPool-1-worker-2) 92.654ms
[41.354s][info][gc          ] Allocation Stall (ForkJoinPool-1-worker-2) 126.136ms
[41.488s][info][gc          ] Relocation Stall (ForkJoinPool-1-worker-11) 227.010ms
[41.488s][info][gc          ] Allocation Stall (ForkJoinPool-1-worker-11) 230.658ms
[41.566s][info][gc,phases   ] GC(14) Concurrent Relocate 308.512ms
[41.566s][info][gc,load     ] GC(14) Load: 0.00/0.00/0.00
[41.566s][info][gc,mmu      ] GC(14) MMU: 2ms/96.0%, 5ms/98.4%, 10ms/99.2%, 20ms/99.6%, 50ms/99.8%, 100ms/99.9%
[41.566s][info][gc,marking  ] GC(14) Mark: 4 stripe(s), 2 proactive flush(es), 1 terminate flush(es), 1 completion(s), 0 continuation(s) 
[41.566s][info][gc,marking  ] GC(14) Mark Stack Usage: 64M
[41.566s][info][gc,nmethod  ] GC(14) NMethods: 1488 registered, 14 unregistered
[41.566s][info][gc,metaspace] GC(14) Metaspace: 10M used, 10M committed, 1088M reserved
[41.566s][info][gc,ref      ] GC(14) Soft: 252 encountered, 145 discovered, 0 enqueued
[41.566s][info][gc,ref      ] GC(14) Weak: 1279 encountered, 379 discovered, 0 enqueued
[41.566s][info][gc,ref      ] GC(14) Final: 0 encountered, 0 discovered, 0 enqueued
[41.566s][info][gc,ref      ] GC(14) Phantom: 18 encountered, 7 discovered, 0 enqueued
[41.566s][info][gc,reloc    ] GC(14) Small Pages: 5194 / 10388M, Empty: 38M, Relocated: 428M, In-Place: 1
[41.566s][info][gc,reloc    ] GC(14) Medium Pages: 36 / 1152M, Empty: 0M, Relocated: 46M, In-Place: 1
[41.566s][info][gc,reloc    ] GC(14) Large Pages: 35 / 398M, Empty: 186M, Relocated: 0M, In-Place: 0
[41.566s][info][gc,reloc    ] GC(14) Forwarding Usage: 320M
[41.566s][info][gc,heap     ] GC(14) Min Capacity: 15360M(100%)
[41.566s][info][gc,heap     ] GC(14) Max Capacity: 15360M(100%)
[41.566s][info][gc,heap     ] GC(14) Soft Max Capacity: 15360M(100%)
[41.566s][info][gc,heap     ] GC(14)                Mark Start          Mark End        Relocate Start      Relocate End           High               Low         
[41.566s][info][gc,heap     ] GC(14)  Capacity:    15360M (100%)      15360M (100%)      15360M (100%)      15360M (100%)      15360M (100%)      15360M (100%)   
[41.566s][info][gc,heap     ] GC(14)      Free:     3422M (22%)           0M (0%)            0M (0%)         4822M (31%)        4872M (32%)           0M (0%)     
[41.566s][info][gc,heap     ] GC(14)      Used:    11938M (78%)       15360M (100%)      15360M (100%)      10538M (69%)       15360M (100%)      10488M (68%)    
[41.566s][info][gc,heap     ] GC(14)      Live:         -              6025M (39%)        6025M (39%)        6025M (39%)            -                  -          
[41.566s][info][gc,heap     ] GC(14) Allocated:         -              3422M (22%)        3646M (24%)        4154M (27%)            -                  -          
[41.566s][info][gc,heap     ] GC(14)   Garbage:         -              5912M (38%)        5688M (37%)         358M (2%)             -                  -          
[41.566s][info][gc,heap     ] GC(14) Reclaimed:         -                  -               224M (1%)         5554M (36%)            -                  -          
[41.566s][info][gc          ] GC(14) Garbage Collection (Allocation Stall) 11938M(78%)->10538M(69%)
[41.638s][info][gc,start    ] GC(15) Garbage Collection (Allocation Stall)
[41.638s][info][gc,ref      ] GC(15) Clearing All SoftReferences
[41.638s][info][gc,task     ] GC(15) Using 4 workers
[41.638s][info][gc,ref      ] GC(15) Clearing All SoftReferences
[41.638s][info][gc,phases   ] GC(15) Pause Mark Start 0.020ms
[43.402s][info][gc,phases   ] GC(15) Concurrent Mark 1763.535ms
[43.402s][info][gc,phases   ] GC(15) Pause Mark End 0.059ms
[43.402s][info][gc,phases   ] GC(15) Concurrent Mark Free 0.341ms
[43.403s][info][gc,phases   ] GC(15) Concurrent Process Non-Strong References 1.019ms
[43.403s][info][gc,phases   ] GC(15) Concurrent Reset Relocation Set 0.103ms
[43.554s][info][gc,phases   ] GC(15) Concurrent Select Relocation Set 150.290ms
[43.554s][info][gc,phases   ] GC(15) Pause Relocate Start 0.009ms
[43.793s][info][gc,phases   ] GC(15) Concurrent Relocate 239.240ms
[43.793s][info][gc,load     ] GC(15) Load: 0.00/0.00/0.00
[43.793s][info][gc,mmu      ] GC(15) MMU: 2ms/96.0%, 5ms/98.4%, 10ms/99.2%, 20ms/99.6%, 50ms/99.8%, 100ms/99.9%
[43.793s][info][gc,marking  ] GC(15) Mark: 4 stripe(s), 2 proactive flush(es), 1 terminate flush(es), 1 completion(s), 0 continuation(s) 
[43.793s][info][gc,marking  ] GC(15) Mark Stack Usage: 32M
[43.793s][info][gc,nmethod  ] GC(15) NMethods: 1557 registered, 18 unregistered
[43.793s][info][gc,metaspace] GC(15) Metaspace: 10M used, 10M committed, 1088M reserved
[43.793s][info][gc,ref      ] GC(15) Soft: 252 encountered, 135 discovered, 0 enqueued
[43.793s][info][gc,ref      ] GC(15) Weak: 1279 encountered, 323 discovered, 0 enqueued
[43.793s][info][gc,ref      ] GC(15) Final: 0 encountered, 0 discovered, 0 enqueued
[43.793s][info][gc,ref      ] GC(15) Phantom: 18 encountered, 8 discovered, 0 enqueued
[43.793s][info][gc,reloc    ] GC(15) Small Pages: 4605 / 9210M, Empty: 38M, Relocated: 456M, In-Place: 0
[43.793s][info][gc,reloc    ] GC(15) Medium Pages: 35 / 1120M, Empty: 0M, Relocated: 55M, In-Place: 0
[43.793s][info][gc,reloc    ] GC(15) Large Pages: 28 / 348M, Empty: 140M, Relocated: 0M, In-Place: 0
[43.793s][info][gc,reloc    ] GC(15) Forwarding Usage: 343M
[43.793s][info][gc,heap     ] GC(15) Min Capacity: 15360M(100%)
[43.793s][info][gc,heap     ] GC(15) Max Capacity: 15360M(100%)
[43.793s][info][gc,heap     ] GC(15) Soft Max Capacity: 15360M(100%)
[43.793s][info][gc,heap     ] GC(15)                Mark Start          Mark End        Relocate Start      Relocate End           High               Low         
[43.793s][info][gc,heap     ] GC(15)  Capacity:    15360M (100%)      15360M (100%)      15360M (100%)      15360M (100%)      15360M (100%)      15360M (100%)   
[43.793s][info][gc,heap     ] GC(15)      Free:     4682M (30%)        3840M (25%)        3998M (26%)        8234M (54%)        8234M (54%)        3840M (25%)    
[43.793s][info][gc,heap     ] GC(15)      Used:    10678M (70%)       11520M (75%)       11362M (74%)        7126M (46%)       11520M (75%)        7126M (46%)    
[43.793s][info][gc,heap     ] GC(15)      Live:         -              5984M (39%)        5984M (39%)        5984M (39%)            -                  -          
[43.793s][info][gc,heap     ] GC(15) Allocated:         -               842M (5%)          862M (6%)          870M (6%)             -                  -          
[43.793s][info][gc,heap     ] GC(15)   Garbage:         -              4693M (31%)        4515M (29%)         270M (2%)             -                  -          
[43.793s][info][gc,heap     ] GC(15) Reclaimed:         -                  -               178M (1%)         4422M (29%)            -                  -          
[43.793s][info][gc          ] GC(15) Garbage Collection (Allocation Stall) 10678M(70%)->7126M(46%)
[47.877s][info][gc,heap,exit] Heap
[47.877s][info][gc,heap,exit]  ZHeap           used 8182M, capacity 15360M, max capacity 15360M
[47.877s][info][gc,heap,exit]  Metaspace       used 10559K, committed 10944K, reserved 1114112K
[47.877s][info][gc,heap,exit]   class space    used 1051K, committed 1216K, reserved 1048576K
