[0.009s][info][gc,init] Initializing The Z Garbage Collector
[0.009s][info][gc,init] Version: 21.0.2+13-58 (release)
[0.009s][info][gc,init] Using legacy single-generation mode
[0.009s][info][gc,init] NUMA Support: Disabled
[0.009s][info][gc,init] CPUs: 16 total, 16 available
[0.009s][info][gc,init] Memory: 32555M
[0.009s][info][gc,init] Large Page Support: Disabled
[0.010s][info][gc,init] GC Workers: 4 (dynamic)
[0.010s][info][gc,init] Address Space Type: Contiguous/Unrestricted/Complete
[0.010s][info][gc,init] Address Space Size: 245760M x 3 = 737280M
[0.010s][info][gc,init] Min Capacity: 15360M
[0.010s][info][gc,init] Initial Capacity: 15360M
[0.010s][info][gc,init] Max Capacity: 15360M
[0.010s][info][gc,init] Medium Page Size: 32M
[0.010s][info][gc,init] Pre-touch: Disabled
[0.010s][info][gc,init] Uncommit: Implicitly Disabled (-Xms equals -Xmx)
[0.336s][info][gc,init] Runtime Workers: 10
[0.337s][info][gc     ] Using The Z Garbage Collector
[0.344s][info][gc,metaspace] CDS archive(s) mapped at: [0x000001eed7000000-0x000001eed7c90000-0x000001eed7c90000), size 13172736, SharedBaseAddress: 0x000001eed7000000, ArchiveRelocationMode: 1.
[0.344s][info][gc,metaspace] Compressed class space mapped at: 0x000001eed8000000-0x000001ef18000000, reserved size: 1073741824
[0.344s][info][gc,metaspace] Narrow klass base: 0x000001eed7000000, Narrow klass shift: 0, Narrow klass range: 0x100000000
[4.668s][info][gc,start    ] GC(0) Garbage Collection (Warmup)
[4.668s][info][gc,task     ] GC(0) Using 4 workers
[4.668s][info][gc,phases   ] GC(0) Pause Mark Start 0.016ms
[4.684s][info][gc,phases   ] GC(0) Concurrent Mark 15.858ms
[4.684s][info][gc,phases   ] GC(0) Pause Mark End 0.020ms
[4.684s][info][gc,phases   ] GC(0) Concurrent Mark Free 0.001ms
[4.685s][info][gc,phases   ] GC(0) Concurrent Process Non-Strong References 1.079ms
[4.685s][info][gc,phases   ] GC(0) Concurrent Reset Relocation Set 0.000ms
[4.689s][info][gc,phases   ] GC(0) Concurrent Select Relocation Set 3.605ms
[4.689s][info][gc,phases   ] GC(0) Pause Relocate Start 0.005ms
[4.720s][info][gc,phases   ] GC(0) Concurrent Relocate 31.542ms
[4.720s][info][gc,load     ] GC(0) Load: 0.00/0.00/0.00
[4.720s][info][gc,mmu      ] GC(0) MMU: 2ms/99.0%, 5ms/99.5%, 10ms/99.7%, 20ms/99.8%, 50ms/99.9%, 100ms/100.0%
[4.720s][info][gc,marking  ] GC(0) Mark: 4 stripe(s), 3 proactive flush(es), 1 terminate flush(es), 0 completion(s), 0 continuation(s) 
[4.720s][info][gc,marking  ] GC(0) Mark Stack Usage: 32M
[4.720s][info][gc,nmethod  ] GC(0) NMethods: 1414 registered, 259 unregistered
[4.720s][info][gc,metaspace] GC(0) Metaspace: 7M used, 7M committed, 1088M reserved
[4.720s][info][gc,ref      ] GC(0) Soft: 495 encountered, 0 discovered, 0 enqueued
[4.720s][info][gc,ref      ] GC(0) Weak: 1382 encountered, 333 discovered, 302 enqueued
[4.720s][info][gc,ref      ] GC(0) Final: 0 encountered, 0 discovered, 0 enqueued
[4.720s][info][gc,ref      ] GC(0) Phantom: 181 encountered, 174 discovered, 166 enqueued
[4.720s][info][gc,reloc    ] GC(0) Small Pages: 624 / 1248M, Empty: 0M, Relocated: 198M, In-Place: 0
[4.720s][info][gc,reloc    ] GC(0) Medium Pages: 12 / 384M, Empty: 0M, Relocated: 102M, In-Place: 0
[4.720s][info][gc,reloc    ] GC(0) Large Pages: 0 / 0M, Empty: 0M, Relocated: 0M, In-Place: 0
[4.720s][info][gc,reloc    ] GC(0) Forwarding Usage: 1M
[4.720s][info][gc,heap     ] GC(0) Min Capacity: 15360M(100%)
[4.720s][info][gc,heap     ] GC(0) Max Capacity: 15360M(100%)
[4.720s][info][gc,heap     ] GC(0) Soft Max Capacity: 15360M(100%)
[4.720s][info][gc,heap     ] GC(0)                Mark Start          Mark End        Relocate Start      Relocate End           High               Low         
[4.720s][info][gc,heap     ] GC(0)  Capacity:    15360M (100%)      15360M (100%)      15360M (100%)      15360M (100%)      15360M (100%)      15360M (100%)   
[4.720s][info][gc,heap     ] GC(0)      Free:    13728M (89%)       13676M (89%)       13670M (89%)       14928M (97%)       14928M (97%)       13634M (89%)    
[4.720s][info][gc,heap     ] GC(0)      Used:     1632M (11%)        1684M (11%)        1690M (11%)         432M (3%)         1726M (11%)         432M (3%)     
[4.720s][info][gc,heap     ] GC(0)      Live:         -               302M (2%)          302M (2%)          302M (2%)             -                  -          
[4.720s][info][gc,heap     ] GC(0) Allocated:         -                52M (0%)           58M (0%)           89M (1%)             -                  -          
[4.720s][info][gc,heap     ] GC(0)   Garbage:         -              1329M (9%)         1329M (9%)           39M (0%)             -                  -          
[4.720s][info][gc,heap     ] GC(0) Reclaimed:         -                  -                 0M (0%)         1289M (8%)             -                  -          
[4.720s][info][gc          ] GC(0) Garbage Collection (Warmup) 1632M(11%)->432M(3%)
[6.258s][info][gc,start    ] GC(1) Garbage Collection (Warmup)
[6.258s][info][gc,task     ] GC(1) Using 4 workers
[6.259s][info][gc,phases   ] GC(1) Pause Mark Start 0.006ms
[6.289s][info][gc,phases   ] GC(1) Concurrent Mark 30.761ms
[6.289s][info][gc,phases   ] GC(1) Pause Mark End 0.010ms
[6.290s][info][gc,phases   ] GC(1) Concurrent Mark Free 0.001ms
[6.290s][info][gc,phases   ] GC(1) Concurrent Process Non-Strong References 0.768ms
[6.290s][info][gc,phases   ] GC(1) Concurrent Reset Relocation Set 0.016ms
[6.292s][info][gc,phases   ] GC(1) Concurrent Select Relocation Set 1.667ms
[6.292s][info][gc,phases   ] GC(1) Pause Relocate Start 0.004ms
[6.342s][info][gc,phases   ] GC(1) Concurrent Relocate 49.912ms
[6.342s][info][gc,load     ] GC(1) Load: 0.00/0.00/0.00
[6.342s][info][gc,mmu      ] GC(1) MMU: 2ms/99.0%, 5ms/99.5%, 10ms/99.7%, 20ms/99.8%, 50ms/99.9%, 100ms/100.0%
[6.342s][info][gc,marking  ] GC(1) Mark: 4 stripe(s), 2 proactive flush(es), 1 terminate flush(es), 0 completion(s), 0 continuation(s) 
[6.342s][info][gc,marking  ] GC(1) Mark Stack Usage: 32M
[6.342s][info][gc,nmethod  ] GC(1) NMethods: 1434 registered, 266 unregistered
[6.342s][info][gc,metaspace] GC(1) Metaspace: 7M used, 7M committed, 1088M reserved
[6.342s][info][gc,ref      ] GC(1) Soft: 495 encountered, 0 discovered, 0 enqueued
[6.342s][info][gc,ref      ] GC(1) Weak: 1080 encountered, 174 discovered, 0 enqueued
[6.342s][info][gc,ref      ] GC(1) Final: 0 encountered, 0 discovered, 0 enqueued
[6.342s][info][gc,ref      ] GC(1) Phantom: 15 encountered, 9 discovered, 0 enqueued
[6.342s][info][gc,reloc    ] GC(1) Small Pages: 1166 / 2332M, Empty: 0M, Relocated: 344M, In-Place: 0
[6.342s][info][gc,reloc    ] GC(1) Medium Pages: 26 / 832M, Empty: 0M, Relocated: 185M, In-Place: 0
[6.342s][info][gc,reloc    ] GC(1) Large Pages: 0 / 0M, Empty: 0M, Relocated: 0M, In-Place: 0
[6.342s][info][gc,reloc    ] GC(1) Forwarding Usage: 1M
[6.342s][info][gc,heap     ] GC(1) Min Capacity: 15360M(100%)
[6.342s][info][gc,heap     ] GC(1) Max Capacity: 15360M(100%)
[6.342s][info][gc,heap     ] GC(1) Soft Max Capacity: 15360M(100%)
[6.342s][info][gc,heap     ] GC(1)                Mark Start          Mark End        Relocate Start      Relocate End           High               Low         
[6.342s][info][gc,heap     ] GC(1)  Capacity:    15360M (100%)      15360M (100%)      15360M (100%)      15360M (100%)      15360M (100%)      15360M (100%)   
[6.342s][info][gc,heap     ] GC(1)      Free:    12196M (79%)       12134M (79%)       12130M (79%)       14356M (93%)       14374M (94%)       12098M (79%)    
[6.342s][info][gc,heap     ] GC(1)      Used:     3164M (21%)        3226M (21%)        3230M (21%)        1004M (7%)         3262M (21%)         986M (6%)     
[6.342s][info][gc,heap     ] GC(1)      Live:         -               824M (5%)          824M (5%)          824M (5%)             -                  -          
[6.342s][info][gc,heap     ] GC(1) Allocated:         -                62M (0%)           66M (0%)          151M (1%)             -                  -          
[6.342s][info][gc,heap     ] GC(1)   Garbage:         -              2339M (15%)        2339M (15%)          27M (0%)             -                  -          
[6.342s][info][gc,heap     ] GC(1) Reclaimed:         -                  -                 0M (0%)         2311M (15%)            -                  -          
[6.342s][info][gc          ] GC(1) Garbage Collection (Warmup) 3164M(21%)->1004M(7%)
[8.268s][info][gc,start    ] GC(2) Garbage Collection (Warmup)
[8.268s][info][gc,task     ] GC(2) Using 4 workers
[8.268s][info][gc,phases   ] GC(2) Pause Mark Start 0.007ms
[8.300s][info][gc,phases   ] GC(2) Concurrent Mark 31.483ms
[8.300s][info][gc,phases   ] GC(2) Pause Mark End 0.009ms
[8.300s][info][gc,phases   ] GC(2) Concurrent Mark Free 0.001ms
[8.301s][info][gc,phases   ] GC(2) Concurrent Process Non-Strong References 1.185ms
[8.301s][info][gc,phases   ] GC(2) Concurrent Reset Relocation Set 0.023ms
[8.304s][info][gc,phases   ] GC(2) Concurrent Select Relocation Set 2.939ms
[8.304s][info][gc,phases   ] GC(2) Pause Relocate Start 0.004ms
[8.374s][info][gc,phases   ] GC(2) Concurrent Relocate 69.953ms
[8.374s][info][gc,load     ] GC(2) Load: 0.00/0.00/0.00
[8.374s][info][gc,mmu      ] GC(2) MMU: 2ms/99.0%, 5ms/99.5%, 10ms/99.7%, 20ms/99.8%, 50ms/99.9%, 100ms/100.0%
[8.374s][info][gc,marking  ] GC(2) Mark: 4 stripe(s), 2 proactive flush(es), 1 terminate flush(es), 0 completion(s), 0 continuation(s) 
[8.374s][info][gc,marking  ] GC(2) Mark Stack Usage: 32M
[8.374s][info][gc,nmethod  ] GC(2) NMethods: 1456 registered, 271 unregistered
[8.374s][info][gc,metaspace] GC(2) Metaspace: 7M used, 7M committed, 1088M reserved
[8.374s][info][gc,ref      ] GC(2) Soft: 495 encountered, 0 discovered, 0 enqueued
[8.374s][info][gc,ref      ] GC(2) Weak: 1080 encountered, 214 discovered, 0 enqueued
[8.374s][info][gc,ref      ] GC(2) Final: 0 encountered, 0 discovered, 0 enqueued
[8.374s][info][gc,ref      ] GC(2) Phantom: 15 encountered, 5 discovered, 0 enqueued
[8.374s][info][gc,reloc    ] GC(2) Small Pages: 1775 / 3550M, Empty: 2M, Relocated: 494M, In-Place: 0
[8.375s][info][gc,reloc    ] GC(2) Medium Pages: 38 / 1216M, Empty: 0M, Relocated: 247M, In-Place: 0
[8.375s][info][gc,reloc    ] GC(2) Large Pages: 0 / 0M, Empty: 0M, Relocated: 0M, In-Place: 0
[8.375s][info][gc,reloc    ] GC(2) Forwarding Usage: 1M
[8.375s][info][gc,heap     ] GC(2) Min Capacity: 15360M(100%)
[8.375s][info][gc,heap     ] GC(2) Max Capacity: 15360M(100%)
[8.375s][info][gc,heap     ] GC(2) Soft Max Capacity: 15360M(100%)
[8.375s][info][gc,heap     ] GC(2)                Mark Start          Mark End        Relocate Start      Relocate End           High               Low         
[8.375s][info][gc,heap     ] GC(2)  Capacity:    15360M (100%)      15360M (100%)      15360M (100%)      15360M (100%)      15360M (100%)      15360M (100%)   
[8.375s][info][gc,heap     ] GC(2)      Free:    10594M (69%)       10526M (69%)       10522M (69%)       13592M (88%)       13592M (88%)       10486M (68%)    
[8.375s][info][gc,heap     ] GC(2)      Used:     4766M (31%)        4834M (31%)        4838M (31%)        1768M (12%)        4874M (32%)        1768M (12%)    
[8.375s][info][gc,heap     ] GC(2)      Live:         -              1560M (10%)        1560M (10%)        1560M (10%)            -                  -          
[8.375s][info][gc,heap     ] GC(2) Allocated:         -                68M (0%)           74M (0%)          155M (1%)             -                  -          
[8.375s][info][gc,heap     ] GC(2)   Garbage:         -              3205M (21%)        3203M (21%)          51M (0%)             -                  -          
[8.375s][info][gc,heap     ] GC(2) Reclaimed:         -                  -                 2M (0%)         3153M (21%)            -                  -          
[8.375s][info][gc          ] GC(2) Garbage Collection (Warmup) 4766M(31%)->1768M(12%)
[10.367s][info][gc,stats    ] === Garbage Collection Statistics =======================================================================================================================
[10.367s][info][gc,stats    ]                                                              Last 10s              Last 10m              Last 10h                Total
[10.367s][info][gc,stats    ]                                                              Avg / Max             Avg / Max             Avg / Max             Avg / Max
[10.367s][info][gc,stats    ]   Collector: Garbage Collection Cycle                     80.823 / 106.110      80.823 / 106.110      80.823 / 106.110      80.823 / 106.110     ms
[10.367s][info][gc,stats    ]  Contention: Mark Segment Reset Contention                     0 / 1                 0 / 1                 0 / 1                 0 / 1           ops/s
[10.367s][info][gc,stats    ]  Contention: Mark SeqNum Reset Contention                      0 / 0                 0 / 0                 0 / 0                 0 / 0           ops/s
[10.367s][info][gc,stats    ]    Critical: Allocation Stall                                  0 / 0                 0 / 0                 0 / 0                 0 / 0           ops/s
[10.367s][info][gc,stats    ]    Critical: Allocation Stall                              0.000 / 0.000         0.000 / 0.000         0.000 / 0.000         0.000 / 0.000       ms
[10.367s][info][gc,stats    ]    Critical: GC Locker Stall                                   0 / 0                 0 / 0                 0 / 0                 0 / 0           ops/s
[10.367s][info][gc,stats    ]    Critical: GC Locker Stall                               0.000 / 0.000         0.000 / 0.000         0.000 / 0.000         0.000 / 0.000       ms
[10.367s][info][gc,stats    ]    Critical: Relocation Stall                                  0 / 0                 0 / 0                 0 / 0                 0 / 0           ops/s
[10.367s][info][gc,stats    ]    Critical: Relocation Stall                              0.000 / 0.000         0.000 / 0.000         0.000 / 0.000         0.000 / 0.000       ms
[10.367s][info][gc,stats    ]      Memory: Allocation Rate                                1407 / 3112           1407 / 3112           1407 / 3112           1407 / 3112        MB/s
[10.367s][info][gc,stats    ]      Memory: Defragment                                        0 / 0                 0 / 0                 0 / 0                 0 / 0           ops/s
[10.367s][info][gc,stats    ]      Memory: Out Of Memory                                     0 / 0                 0 / 0                 0 / 0                 0 / 0           ops/s
[10.367s][info][gc,stats    ]      Memory: Page Cache Flush                                  0 / 0                 0 / 0                 0 / 0                 0 / 0           MB/s
[10.367s][info][gc,stats    ]      Memory: Page Cache Hit L1                               324 / 1098            324 / 1098            324 / 1098            324 / 1098        ops/s
[10.367s][info][gc,stats    ]      Memory: Page Cache Hit L2                                 0 / 0                 0 / 0                 0 / 0                 0 / 0           ops/s
[10.367s][info][gc,stats    ]      Memory: Page Cache Hit L3                               317 / 1323            317 / 1323            317 / 1323            317 / 1323        ops/s
[10.367s][info][gc,stats    ]      Memory: Page Cache Miss                                   0 / 1                 0 / 1                 0 / 1                 0 / 1           ops/s
[10.367s][info][gc,stats    ]      Memory: Uncommit                                          0 / 0                 0 / 0                 0 / 0                 0 / 0           MB/s
[10.367s][info][gc,stats    ]      Memory: Undo Object Allocation Failed                     0 / 0                 0 / 0                 0 / 0                 0 / 0           ops/s
[10.367s][info][gc,stats    ]      Memory: Undo Object Allocation Succeeded                  0 / 0                 0 / 0                 0 / 0                 0 / 0           ops/s
[10.367s][info][gc,stats    ]      Memory: Undo Page Allocation                              0 / 0                 0 / 0                 0 / 0                 0 / 0           ops/s
[10.367s][info][gc,stats    ]       Phase: Concurrent Mark                              26.034 / 31.483       26.034 / 31.483       26.034 / 31.483       26.034 / 31.483      ms
[10.367s][info][gc,stats    ]       Phase: Concurrent Mark Continue                      0.000 / 0.000         0.000 / 0.000         0.000 / 0.000         0.000 / 0.000       ms
[10.367s][info][gc,stats    ]       Phase: Concurrent Mark Free                          0.001 / 0.001         0.001 / 0.001         0.001 / 0.001         0.001 / 0.001       ms
[10.367s][info][gc,stats    ]       Phase: Concurrent Process Non-Strong References      1.011 / 1.185         1.011 / 1.185         1.011 / 1.185         1.011 / 1.185       ms
[10.367s][info][gc,stats    ]       Phase: Concurrent Relocate                          50.469 / 69.953       50.469 / 69.953       50.469 / 69.953       50.469 / 69.953      ms
[10.367s][info][gc,stats    ]       Phase: Concurrent Reset Relocation Set               0.013 / 0.023         0.013 / 0.023         0.013 / 0.023         0.013 / 0.023       ms
[10.367s][info][gc,stats    ]       Phase: Concurrent Select Relocation Set              2.737 / 3.605         2.737 / 3.605         2.737 / 3.605         2.737 / 3.605       ms
[10.367s][info][gc,stats    ]       Phase: Pause Mark End                                0.013 / 0.020         0.013 / 0.020         0.013 / 0.020         0.013 / 0.020       ms
[10.367s][info][gc,stats    ]       Phase: Pause Mark Start                              0.010 / 0.016         0.010 / 0.016         0.010 / 0.016         0.010 / 0.016       ms
[10.367s][info][gc,stats    ]       Phase: Pause Relocate Start                          0.005 / 0.005         0.005 / 0.005         0.005 / 0.005         0.005 / 0.005       ms
[10.367s][info][gc,stats    ]    Subphase: Concurrent Classes Purge                      0.095 / 0.235         0.095 / 0.235         0.095 / 0.235         0.095 / 0.235       ms
[10.367s][info][gc,stats    ]    Subphase: Concurrent Classes Unlink                     0.551 / 0.683         0.551 / 0.683         0.551 / 0.683         0.551 / 0.683       ms
[10.367s][info][gc,stats    ]    Subphase: Concurrent Mark                              24.659 / 30.954       24.659 / 30.954       24.659 / 30.954       24.659 / 30.954      ms
[10.367s][info][gc,stats    ]    Subphase: Concurrent Mark Try Flush                     0.068 / 0.137         0.068 / 0.137         0.068 / 0.137         0.068 / 0.137       ms
[10.367s][info][gc,stats    ]    Subphase: Concurrent Mark Try Terminate                 6.071 / 13.457        6.071 / 13.457        6.071 / 13.457        6.071 / 13.457      ms
[10.367s][info][gc,stats    ]    Subphase: Concurrent References Enqueue                 0.001 / 0.003         0.001 / 0.003         0.001 / 0.003         0.001 / 0.003       ms
[10.367s][info][gc,stats    ]    Subphase: Concurrent References Process                 0.119 / 0.183         0.119 / 0.183         0.119 / 0.183         0.119 / 0.183       ms
[10.367s][info][gc,stats    ]    Subphase: Concurrent Roots ClassLoaderDataGraph         0.068 / 0.184         0.068 / 0.184         0.068 / 0.184         0.068 / 0.184       ms
[10.367s][info][gc,stats    ]    Subphase: Concurrent Roots CodeCache                    0.000 / 0.000         0.000 / 0.000         0.000 / 0.000         0.000 / 0.000       ms
[10.367s][info][gc,stats    ]    Subphase: Concurrent Roots JavaThreads                  0.287 / 0.361         0.287 / 0.361         0.287 / 0.361         0.287 / 0.361       ms
[10.367s][info][gc,stats    ]    Subphase: Concurrent Roots OopStorageSet                0.026 / 0.038         0.026 / 0.038         0.026 / 0.038         0.026 / 0.038       ms
[10.367s][info][gc,stats    ]    Subphase: Concurrent Weak Roots OopStorageSet           0.106 / 0.159         0.106 / 0.159         0.106 / 0.159         0.106 / 0.159       ms
[10.367s][info][gc,stats    ]    Subphase: Pause Mark Try Complete                       0.000 / 0.000         0.000 / 0.000         0.000 / 0.000         0.000 / 0.000       ms
[10.367s][info][gc,stats    ]      System: Java Threads                                     17 / 19               17 / 19               17 / 19               17 / 19          threads
[10.367s][info][gc,stats    ] =========================================================================================================================================================
[12.154s][info][gc,start    ] GC(3) Garbage Collection (Allocation Rate)
[12.154s][info][gc,task     ] GC(3) Using 1 workers
[12.154s][info][gc,phases   ] GC(3) Pause Mark Start 0.009ms
[14.941s][info][gc,phases   ] GC(3) Concurrent Mark 2787.096ms
[14.941s][info][gc,phases   ] GC(3) Pause Mark End 0.024ms
[14.942s][info][gc,phases   ] GC(3) Concurrent Mark Free 0.001ms
[14.947s][info][gc,phases   ] GC(3) Concurrent Process Non-Strong References 5.268ms
[14.947s][info][gc,phases   ] GC(3) Concurrent Reset Relocation Set 0.029ms
[15.033s][info][gc,phases   ] GC(3) Concurrent Select Relocation Set 85.997ms
[15.033s][info][gc,phases   ] GC(3) Pause Relocate Start 0.010ms
[15.037s][info][gc          ] Allocation Stall (Common-Cleaner) 89.439ms
[15.037s][info][gc          ] Allocation Stall (RMI TCP Accept-0) 235.275ms
[15.037s][info][gc          ] Allocation Stall (RMI TCP Connection(3)-192.168.1.240) 1235.281ms
[15.643s][info][gc          ] Relocation Stall (ForkJoinPool-1-worker-13) 608.097ms
[15.643s][info][gc          ] Relocation Stall (ForkJoinPool-1-worker-16) 608.108ms
[15.643s][info][gc          ] Relocation Stall (ForkJoinPool-1-worker-10) 608.104ms
[15.643s][info][gc          ] Relocation Stall (ForkJoinPool-1-worker-8) 608.122ms
[15.643s][info][gc          ] Relocation Stall (ForkJoinPool-1-worker-9) 608.161ms
[15.643s][info][gc          ] Relocation Stall (ForkJoinPool-1-worker-6) 608.159ms
[15.643s][info][gc          ] Allocation Stall (ForkJoinPool-1-worker-16) 2326.393ms
[15.643s][info][gc          ] Allocation Stall (ForkJoinPool-1-worker-13) 2327.640ms
[15.643s][info][gc          ] Allocation Stall (ForkJoinPool-1-worker-8) 2329.762ms
[15.643s][info][gc          ] Allocation Stall (ForkJoinPool-1-worker-10) 2287.932ms
[15.643s][info][gc          ] Allocation Stall (ForkJoinPool-1-worker-9) 2331.901ms
[15.644s][info][gc          ] Allocation Stall (ForkJoinPool-1-worker-6) 2333.143ms
[15.697s][info][gc          ] Relocation Stall (ForkJoinPool-1-worker-2) 661.761ms
[15.697s][info][gc          ] Allocation Stall (ForkJoinPool-1-worker-2) 2374.943ms
[15.700s][info][gc          ] Relocation Stall (ForkJoinPool-1-worker-4) 665.254ms
[15.701s][info][gc          ] Relocation Stall (ForkJoinPool-1-worker-3) 665.329ms
[15.701s][info][gc          ] Allocation Stall (ForkJoinPool-1-worker-4) 2386.790ms
[15.701s][info][gc          ] Allocation Stall (ForkJoinPool-1-worker-3) 2386.935ms
[15.705s][info][gc          ] Relocation Stall (ForkJoinPool-1-worker-1) 669.844ms
[15.705s][info][gc          ] Relocation Stall (ForkJoinPool-1-worker-7) 669.891ms
[15.705s][info][gc          ] Relocation Stall (ForkJoinPool-1-worker-5) 669.898ms
[15.705s][info][gc          ] Allocation Stall (ForkJoinPool-1-worker-1) 2363.103ms
[15.705s][info][gc          ] Allocation Stall (ForkJoinPool-1-worker-7) 2391.133ms
[15.705s][info][gc          ] Allocation Stall (ForkJoinPool-1-worker-5) 2388.897ms
[15.736s][info][gc          ] Relocation Stall (ForkJoinPool-1-worker-12) 700.613ms
[15.736s][info][gc          ] Relocation Stall (ForkJoinPool-1-worker-14) 700.657ms
[15.736s][info][gc          ] Allocation Stall (ForkJoinPool-1-worker-14) 2392.946ms
[15.736s][info][gc          ] Allocation Stall (ForkJoinPool-1-worker-12) 2396.115ms
[15.805s][info][gc          ] Relocation Stall (ForkJoinPool-1-worker-15) 769.805ms
[15.805s][info][gc          ] Relocation Stall (ForkJoinPool-1-worker-11) 769.834ms
[15.805s][info][gc          ] Allocation Stall (ForkJoinPool-1-worker-15) 2472.320ms
[15.805s][info][gc          ] Allocation Stall (ForkJoinPool-1-worker-11) 2488.697ms
[15.815s][info][gc,phases   ] GC(3) Concurrent Relocate 781.660ms
[15.815s][info][gc,load     ] GC(3) Load: 0.00/0.00/0.00
[15.815s][info][gc,mmu      ] GC(3) MMU: 2ms/98.8%, 5ms/99.5%, 10ms/99.7%, 20ms/99.8%, 50ms/99.9%, 100ms/100.0%
[15.815s][info][gc,marking  ] GC(3) Mark: 1 stripe(s), 2 proactive flush(es), 1 terminate flush(es), 1 completion(s), 0 continuation(s) 
[15.815s][info][gc,marking  ] GC(3) Mark Stack Usage: 64M
[15.815s][info][gc,nmethod  ] GC(3) NMethods: 1284 registered, 0 unregistered
[15.815s][info][gc,metaspace] GC(3) Metaspace: 10M used, 10M committed, 1088M reserved
[15.815s][info][gc,ref      ] GC(3) Soft: 763 encountered, 0 discovered, 0 enqueued
[15.815s][info][gc,ref      ] GC(3) Weak: 1523 encountered, 753 discovered, 113 enqueued
[15.815s][info][gc,ref      ] GC(3) Final: 0 encountered, 0 discovered, 0 enqueued
[15.815s][info][gc,ref      ] GC(3) Phantom: 89 encountered, 82 discovered, 71 enqueued
[15.815s][info][gc,reloc    ] GC(3) Small Pages: 5701 / 11402M, Empty: 0M, Relocated: 706M, In-Place: 0
[15.815s][info][gc,reloc    ] GC(3) Medium Pages: 34 / 1088M, Empty: 0M, Relocated: 138M, In-Place: 1
[15.815s][info][gc,reloc    ] GC(3) Large Pages: 5 / 30M, Empty: 0M, Relocated: 0M, In-Place: 0
[15.815s][info][gc,reloc    ] GC(3) Forwarding Usage: 290M
[15.815s][info][gc,heap     ] GC(3) Min Capacity: 15360M(100%)
[15.815s][info][gc,heap     ] GC(3) Max Capacity: 15360M(100%)
[15.815s][info][gc,heap     ] GC(3) Soft Max Capacity: 15360M(100%)
[15.815s][info][gc,heap     ] GC(3)                Mark Start          Mark End        Relocate Start      Relocate End           High               Low         
[15.815s][info][gc,heap     ] GC(3)  Capacity:    15360M (100%)      15360M (100%)      15360M (100%)      15360M (100%)      15360M (100%)      15360M (100%)   
[15.815s][info][gc,heap     ] GC(3)      Free:     2840M (18%)           0M (0%)            0M (0%)         9544M (62%)        9548M (62%)           0M (0%)     
[15.815s][info][gc,heap     ] GC(3)      Used:    12520M (82%)       15360M (100%)      15360M (100%)       5816M (38%)       15360M (100%)       5812M (38%)    
[15.815s][info][gc,heap     ] GC(3)      Live:         -              2455M (16%)        2455M (16%)        2455M (16%)            -                  -          
[15.815s][info][gc,heap     ] GC(3) Allocated:         -              2840M (18%)        2840M (18%)        3264M (21%)            -                  -          
[15.815s][info][gc,heap     ] GC(3)   Garbage:         -             10064M (66%)       10064M (66%)          96M (1%)             -                  -          
[15.815s][info][gc,heap     ] GC(3) Reclaimed:         -                  -                 0M (0%)         9968M (65%)            -                  -          
[15.815s][info][gc          ] GC(3) Garbage Collection (Allocation Rate) 12520M(82%)->5816M(38%)
[15.854s][info][gc,start    ] GC(4) Garbage Collection (Allocation Stall)
[15.854s][info][gc,ref      ] GC(4) Clearing All SoftReferences
[15.854s][info][gc,task     ] GC(4) Using 4 workers
[15.854s][info][gc,ref      ] GC(4) Clearing All SoftReferences
[15.854s][info][gc,phases   ] GC(4) Pause Mark Start 0.031ms
[17.389s][info][gc,phases   ] GC(4) Concurrent Mark 1532.448ms
[17.389s][info][gc,phases   ] GC(4) Pause Mark End 0.066ms
[17.401s][info][gc,phases   ] GC(4) Concurrent Mark Free 1.677ms
[17.414s][info][gc,phases   ] GC(4) Concurrent Process Non-Strong References 12.722ms
[17.415s][info][gc,phases   ] GC(4) Concurrent Reset Relocation Set 0.410ms
[17.448s][info][gc,phases   ] GC(4) Concurrent Select Relocation Set 32.874ms
[17.448s][info][gc,phases   ] GC(4) Pause Relocate Start 0.018ms
[17.701s][info][gc,phases   ] GC(4) Concurrent Relocate 253.492ms
[17.702s][info][gc,load     ] GC(4) Load: 0.00/0.00/0.00
[17.702s][info][gc,mmu      ] GC(4) MMU: 2ms/96.7%, 5ms/98.7%, 10ms/99.3%, 20ms/99.7%, 50ms/99.9%, 100ms/99.9%
[17.702s][info][gc,marking  ] GC(4) Mark: 4 stripe(s), 2 proactive flush(es), 1 terminate flush(es), 1 completion(s), 0 continuation(s) 
[17.702s][info][gc,marking  ] GC(4) Mark Stack Usage: 32M
[17.702s][info][gc,nmethod  ] GC(4) NMethods: 1324 registered, 39 unregistered
[17.702s][info][gc,metaspace] GC(4) Metaspace: 9M used, 10M committed, 1088M reserved
[17.702s][info][gc,ref      ] GC(4) Soft: 666 encountered, 530 discovered, 414 enqueued
[17.702s][info][gc,ref      ] GC(4) Weak: 1402 encountered, 382 discovered, 42 enqueued
[17.702s][info][gc,ref      ] GC(4) Final: 0 encountered, 0 discovered, 0 enqueued
[17.702s][info][gc,ref      ] GC(4) Phantom: 20 encountered, 11 discovered, 0 enqueued
[17.702s][info][gc,reloc    ] GC(4) Small Pages: 2522 / 5044M, Empty: 0M, Relocated: 169M, In-Place: 0
[17.702s][info][gc,reloc    ] GC(4) Medium Pages: 24 / 768M, Empty: 32M, Relocated: 22M, In-Place: 0
[17.702s][info][gc,reloc    ] GC(4) Large Pages: 18 / 116M, Empty: 36M, Relocated: 0M, In-Place: 0
[17.702s][info][gc,reloc    ] GC(4) Forwarding Usage: 113M
[17.702s][info][gc,heap     ] GC(4) Min Capacity: 15360M(100%)
[17.702s][info][gc,heap     ] GC(4) Max Capacity: 15360M(100%)
[17.702s][info][gc,heap     ] GC(4) Soft Max Capacity: 15360M(100%)
[17.702s][info][gc,heap     ] GC(4)                Mark Start          Mark End        Relocate Start      Relocate End           High               Low         
[17.702s][info][gc,heap     ] GC(4)  Capacity:    15360M (100%)      15360M (100%)      15360M (100%)      15360M (100%)      15360M (100%)      15360M (100%)   
[17.702s][info][gc,heap     ] GC(4)      Free:     9432M (61%)        5178M (34%)        5082M (33%)        7590M (49%)        9432M (61%)        5046M (33%)    
[17.702s][info][gc,heap     ] GC(4)      Used:     5928M (39%)       10182M (66%)       10278M (67%)        7770M (51%)       10314M (67%)        5928M (39%)    
[17.702s][info][gc,heap     ] GC(4)      Live:         -              2584M (17%)        2584M (17%)        2584M (17%)            -                  -          
[17.702s][info][gc,heap     ] GC(4) Allocated:         -              4254M (28%)        4418M (29%)        5017M (33%)            -                  -          
[17.702s][info][gc,heap     ] GC(4)   Garbage:         -              3343M (22%)        3275M (21%)         167M (1%)             -                  -          
[17.702s][info][gc,heap     ] GC(4) Reclaimed:         -                  -                68M (0%)         3175M (21%)            -                  -          
[17.702s][info][gc          ] GC(4) Garbage Collection (Allocation Stall) 5928M(39%)->7770M(51%)
[17.755s][info][gc,start    ] GC(5) Garbage Collection (Allocation Rate)
[17.755s][info][gc,task     ] GC(5) Using 4 workers
[17.755s][info][gc,phases   ] GC(5) Pause Mark Start 0.014ms
[19.065s][info][gc,phases   ] GC(5) Concurrent Mark 1305.536ms
[19.065s][info][gc,phases   ] GC(5) Pause Mark End 0.075ms
[19.066s][info][gc,phases   ] GC(5) Concurrent Mark Free 0.001ms
[19.067s][info][gc,phases   ] GC(5) Concurrent Process Non-Strong References 0.839ms
[19.067s][info][gc,phases   ] GC(5) Concurrent Reset Relocation Set 0.185ms
[19.180s][info][gc,phases   ] GC(5) Concurrent Select Relocation Set 112.560ms
[19.180s][info][gc,phases   ] GC(5) Pause Relocate Start 0.015ms
[19.442s][info][gc,phases   ] GC(5) Concurrent Relocate 261.955ms
[19.442s][info][gc,load     ] GC(5) Load: 0.00/0.00/0.00
[19.442s][info][gc,mmu      ] GC(5) MMU: 2ms/96.3%, 5ms/98.5%, 10ms/99.3%, 20ms/99.6%, 50ms/99.9%, 100ms/99.9%
[19.442s][info][gc,marking  ] GC(5) Mark: 4 stripe(s), 6 proactive flush(es), 1 terminate flush(es), 1 completion(s), 0 continuation(s) 
[19.442s][info][gc,marking  ] GC(5) Mark Stack Usage: 32M
[19.442s][info][gc,nmethod  ] GC(5) NMethods: 1355 registered, 48 unregistered
[19.442s][info][gc,metaspace] GC(5) Metaspace: 9M used, 10M committed, 1088M reserved
[19.442s][info][gc,ref      ] GC(5) Soft: 252 encountered, 0 discovered, 0 enqueued
[19.442s][info][gc,ref      ] GC(5) Weak: 1284 encountered, 462 discovered, 0 enqueued
[19.442s][info][gc,ref      ] GC(5) Final: 0 encountered, 0 discovered, 0 enqueued
[19.442s][info][gc,ref      ] GC(5) Phantom: 20 encountered, 11 discovered, 0 enqueued
[19.443s][info][gc,reloc    ] GC(5) Small Pages: 3473 / 6946M, Empty: 2M, Relocated: 358M, In-Place: 0
[19.443s][info][gc,reloc    ] GC(5) Medium Pages: 24 / 768M, Empty: 32M, Relocated: 20M, In-Place: 0
[19.443s][info][gc,reloc    ] GC(5) Large Pages: 23 / 170M, Empty: 56M, Relocated: 0M, In-Place: 0
[19.443s][info][gc,reloc    ] GC(5) Forwarding Usage: 251M
[19.443s][info][gc,heap     ] GC(5) Min Capacity: 15360M(100%)
[19.443s][info][gc,heap     ] GC(5) Max Capacity: 15360M(100%)
[19.443s][info][gc,heap     ] GC(5) Soft Max Capacity: 15360M(100%)
[19.443s][info][gc,heap     ] GC(5)                Mark Start          Mark End        Relocate Start      Relocate End           High               Low         
[19.443s][info][gc,heap     ] GC(5)  Capacity:    15360M (100%)      15360M (100%)      15360M (100%)      15360M (100%)      15360M (100%)      15360M (100%)   
[19.443s][info][gc,heap     ] GC(5)      Free:     7476M (49%)        3484M (23%)        3298M (21%)        7718M (50%)        7738M (50%)        3260M (21%)    
[19.443s][info][gc,heap     ] GC(5)      Used:     7884M (51%)       11876M (77%)       12062M (79%)        7642M (50%)       12100M (79%)        7622M (50%)    
[19.443s][info][gc,heap     ] GC(5)      Live:         -              2771M (18%)        2771M (18%)        2771M (18%)            -                  -          
[19.443s][info][gc,heap     ] GC(5) Allocated:         -              3992M (26%)        4268M (28%)        4688M (31%)            -                  -          
[19.443s][info][gc,heap     ] GC(5)   Garbage:         -              5112M (33%)        5022M (33%)         182M (1%)             -                  -          
[19.443s][info][gc,heap     ] GC(5) Reclaimed:         -                  -                90M (1%)         4930M (32%)            -                  -          
[19.443s][info][gc          ] GC(5) Garbage Collection (Allocation Rate) 7884M(51%)->7642M(50%)
[19.454s][info][gc,start    ] GC(6) Garbage Collection (Allocation Rate)
[19.454s][info][gc,task     ] GC(6) Using 4 workers
[19.454s][info][gc,phases   ] GC(6) Pause Mark Start 0.007ms
[20.354s][info][gc,stats    ] === Garbage Collection Statistics =======================================================================================================================
[20.354s][info][gc,stats    ]                                                              Last 10s              Last 10m              Last 10h                Total
[20.354s][info][gc,stats    ]                                                              Avg / Max             Avg / Max             Avg / Max             Avg / Max
[20.354s][info][gc,stats    ]   Collector: Garbage Collection Cycle                   2398.760 / 3660.812   1239.792 / 3660.812   1239.792 / 3660.812   1239.792 / 3660.812    ms
[20.354s][info][gc,stats    ]  Contention: Mark Segment Reset Contention                     2 / 11                1 / 11                1 / 11                1 / 11          ops/s
[20.354s][info][gc,stats    ]  Contention: Mark SeqNum Reset Contention                      0 / 1                 0 / 1                 0 / 1                 0 / 1           ops/s
[20.354s][info][gc,stats    ]    Critical: Allocation Stall                                  1 / 16                0 / 16                0 / 16                0 / 16          ops/s
[20.354s][info][gc,stats    ]    Critical: Allocation Stall                           2080.981 / 2488.697   2080.981 / 2488.697   2080.981 / 2488.697   2080.981 / 2488.697    ms
[20.354s][info][gc,stats    ]    Critical: GC Locker Stall                                   0 / 0                 0 / 0                 0 / 0                 0 / 0           ops/s
[20.354s][info][gc,stats    ]    Critical: GC Locker Stall                               0.000 / 0.000         0.000 / 0.000         0.000 / 0.000         0.000 / 0.000       ms
[20.354s][info][gc,stats    ]    Critical: Relocation Stall                                  1 / 16                0 / 16                0 / 16                0 / 16          ops/s
[20.354s][info][gc,stats    ]    Critical: Relocation Stall                            661.977 / 769.834     661.977 / 769.834     661.977 / 769.834     661.977 / 769.834     ms
[20.354s][info][gc,stats    ]      Memory: Allocation Rate                                1952 / 3242           1679 / 3242           1679 / 3242           1679 / 3242        MB/s
[20.354s][info][gc,stats    ]      Memory: Defragment                                        0 / 0                 0 / 0                 0 / 0                 0 / 0           ops/s
[20.354s][info][gc,stats    ]      Memory: Out Of Memory                                     0 / 0                 0 / 0                 0 / 0                 0 / 0           ops/s
[20.354s][info][gc,stats    ]      Memory: Page Cache Flush                                  0 / 0                 0 / 0                 0 / 0                 0 / 0           MB/s
[20.354s][info][gc,stats    ]      Memory: Page Cache Hit L1                               613 / 1488            468 / 1488            468 / 1488            468 / 1488        ops/s
[20.354s][info][gc,stats    ]      Memory: Page Cache Hit L2                                 0 / 0                 0 / 0                 0 / 0                 0 / 0           ops/s
[20.354s][info][gc,stats    ]      Memory: Page Cache Hit L3                               398 / 1583            357 / 1583            357 / 1583            357 / 1583        ops/s
[20.354s][info][gc,stats    ]      Memory: Page Cache Miss                                   0 / 0                 0 / 1                 0 / 1                 0 / 1           ops/s
[20.354s][info][gc,stats    ]      Memory: Uncommit                                          0 / 0                 0 / 0                 0 / 0                 0 / 0           MB/s
[20.354s][info][gc,stats    ]      Memory: Undo Object Allocation Failed                     0 / 0                 0 / 0                 0 / 0                 0 / 0           ops/s
[20.354s][info][gc,stats    ]      Memory: Undo Object Allocation Succeeded                  3 / 25                1 / 25                1 / 25                1 / 25          ops/s
[20.354s][info][gc,stats    ]      Memory: Undo Page Allocation                              1 / 8                 0 / 8                 0 / 8                 0 / 8           ops/s
[20.354s][info][gc,stats    ]       Phase: Concurrent Mark                            1875.026 / 2787.096    950.530 / 2787.096    950.530 / 2787.096    950.530 / 2787.096    ms
[20.354s][info][gc,stats    ]       Phase: Concurrent Mark Continue                      0.000 / 0.000         0.000 / 0.000         0.000 / 0.000         0.000 / 0.000       ms
[20.354s][info][gc,stats    ]       Phase: Concurrent Mark Free                          0.560 / 1.677         0.280 / 1.677         0.280 / 1.677         0.280 / 1.677       ms
[20.354s][info][gc,stats    ]       Phase: Concurrent Process Non-Strong References      6.276 / 12.722        3.643 / 12.722        3.643 / 12.722        3.643 / 12.722      ms
[20.354s][info][gc,stats    ]       Phase: Concurrent Relocate                         432.369 / 781.660     241.419 / 781.660     241.419 / 781.660     241.419 / 781.660     ms
[20.354s][info][gc,stats    ]       Phase: Concurrent Reset Relocation Set               0.208 / 0.410         0.111 / 0.410         0.111 / 0.410         0.111 / 0.410       ms
[20.354s][info][gc,stats    ]       Phase: Concurrent Select Relocation Set             77.144 / 112.560      39.940 / 112.560      39.940 / 112.560      39.940 / 112.560     ms
[20.354s][info][gc,stats    ]       Phase: Pause Mark End                                0.055 / 0.075         0.034 / 0.075         0.034 / 0.075         0.034 / 0.075       ms
[20.354s][info][gc,stats    ]       Phase: Pause Mark Start                              0.015 / 0.031         0.013 / 0.031         0.013 / 0.031         0.013 / 0.031       ms
[20.354s][info][gc,stats    ]       Phase: Pause Relocate Start                          0.014 / 0.018         0.009 / 0.018         0.009 / 0.018         0.009 / 0.018       ms
[20.354s][info][gc,stats    ]    Subphase: Concurrent Classes Purge                      0.754 / 1.766         0.424 / 1.766         0.424 / 1.766         0.424 / 1.766       ms
[20.354s][info][gc,stats    ]    Subphase: Concurrent Classes Unlink                     2.190 / 3.289         1.370 / 3.289         1.370 / 3.289         1.370 / 3.289       ms
[20.354s][info][gc,stats    ]    Subphase: Concurrent Mark                            1567.724 / 2782.247    685.972 / 2782.247    685.972 / 2782.247    685.972 / 2782.247    ms
[20.354s][info][gc,stats    ]    Subphase: Concurrent Mark Try Flush                     1.335 / 5.274         0.784 / 5.274         0.784 / 5.274         0.784 / 5.274       ms
[20.354s][info][gc,stats    ]    Subphase: Concurrent Mark Try Terminate                 1.512 / 2.784         3.007 / 13.457        3.007 / 13.457        3.007 / 13.457      ms
[20.354s][info][gc,stats    ]    Subphase: Concurrent References Enqueue                 0.004 / 0.007         0.002 / 0.007         0.002 / 0.007         0.002 / 0.007       ms
[20.354s][info][gc,stats    ]    Subphase: Concurrent References Process                 0.113 / 0.165         0.116 / 0.183         0.116 / 0.183         0.116 / 0.183       ms
[20.354s][info][gc,stats    ]    Subphase: Concurrent Roots ClassLoaderDataGraph         0.089 / 0.401         0.082 / 0.401         0.082 / 0.401         0.082 / 0.401       ms
[20.354s][info][gc,stats    ]    Subphase: Concurrent Roots CodeCache                    0.000 / 0.000         0.000 / 0.000         0.000 / 0.000         0.000 / 0.000       ms
[20.354s][info][gc,stats    ]    Subphase: Concurrent Roots JavaThreads                  1.866 / 4.271         1.108 / 4.271         1.108 / 4.271         1.108 / 4.271       ms
[20.354s][info][gc,stats    ]    Subphase: Concurrent Roots OopStorageSet                0.019 / 0.099         0.022 / 0.099         0.022 / 0.099         0.022 / 0.099       ms
[20.354s][info][gc,stats    ]    Subphase: Concurrent Weak Roots OopStorageSet           0.151 / 0.500         0.125 / 0.500         0.125 / 0.500         0.125 / 0.500       ms
[20.354s][info][gc,stats    ]    Subphase: Pause Mark Try Complete                       0.002 / 0.009         0.002 / 0.009         0.002 / 0.009         0.002 / 0.009       ms
[20.354s][info][gc,stats    ]      System: Java Threads                                     39 / 44               28 / 44               28 / 44               28 / 44          threads
[20.354s][info][gc,stats    ] =========================================================================================================================================================
[20.665s][info][gc,phases   ] GC(6) Concurrent Mark 1211.663ms
[20.666s][info][gc,phases   ] GC(6) Pause Mark End 0.044ms
[20.666s][info][gc,phases   ] GC(6) Concurrent Mark Free 0.001ms
[20.666s][info][gc,phases   ] GC(6) Concurrent Process Non-Strong References 0.561ms
[20.666s][info][gc,phases   ] GC(6) Concurrent Reset Relocation Set 0.087ms
[20.681s][info][gc,phases   ] GC(6) Concurrent Select Relocation Set 15.069ms
[20.682s][info][gc,phases   ] GC(6) Pause Relocate Start 0.006ms
[20.859s][info][gc,phases   ] GC(6) Concurrent Relocate 177.315ms
[20.859s][info][gc,load     ] GC(6) Load: 0.00/0.00/0.00
[20.859s][info][gc,mmu      ] GC(6) MMU: 2ms/96.3%, 5ms/98.5%, 10ms/99.3%, 20ms/99.6%, 50ms/99.9%, 100ms/99.9%
[20.859s][info][gc,marking  ] GC(6) Mark: 4 stripe(s), 2 proactive flush(es), 1 terminate flush(es), 1 completion(s), 0 continuation(s) 
[20.859s][info][gc,marking  ] GC(6) Mark Stack Usage: 32M
[20.859s][info][gc,nmethod  ] GC(6) NMethods: 1396 registered, 53 unregistered
[20.859s][info][gc,metaspace] GC(6) Metaspace: 9M used, 10M committed, 1088M reserved
[20.859s][info][gc,ref      ] GC(6) Soft: 252 encountered, 0 discovered, 0 enqueued
[20.859s][info][gc,ref      ] GC(6) Weak: 1286 encountered, 464 discovered, 2 enqueued
[20.859s][info][gc,ref      ] GC(6) Final: 0 encountered, 0 discovered, 0 enqueued
[20.859s][info][gc,ref      ] GC(6) Phantom: 20 encountered, 10 discovered, 0 enqueued
[20.859s][info][gc,reloc    ] GC(6) Small Pages: 3326 / 6652M, Empty: 10M, Relocated: 309M, In-Place: 0
[20.859s][info][gc,reloc    ] GC(6) Medium Pages: 24 / 768M, Empty: 0M, Relocated: 18M, In-Place: 0
[20.859s][info][gc,reloc    ] GC(6) Large Pages: 29 / 242M, Empty: 94M, Relocated: 0M, In-Place: 0
[20.859s][info][gc,reloc    ] GC(6) Forwarding Usage: 221M
[20.859s][info][gc,heap     ] GC(6) Min Capacity: 15360M(100%)
[20.859s][info][gc,heap     ] GC(6) Max Capacity: 15360M(100%)
[20.859s][info][gc,heap     ] GC(6) Soft Max Capacity: 15360M(100%)
[20.859s][info][gc,heap     ] GC(6)                Mark Start          Mark End        Relocate Start      Relocate End           High               Low         
[20.859s][info][gc,heap     ] GC(6)  Capacity:    15360M (100%)      15360M (100%)      15360M (100%)      15360M (100%)      15360M (100%)      15360M (100%)   
[20.859s][info][gc,heap     ] GC(6)      Free:     7698M (50%)        6550M (43%)        6652M (43%)       11004M (72%)       11004M (72%)        6550M (43%)    
[20.859s][info][gc,heap     ] GC(6)      Used:     7662M (50%)        8810M (57%)        8708M (57%)        4356M (28%)        8810M (57%)        4356M (28%)    
[20.859s][info][gc,heap     ] GC(6)      Live:         -              2914M (19%)        2914M (19%)        2914M (19%)            -                  -          
[20.859s][info][gc,heap     ] GC(6) Allocated:         -              1148M (7%)         1150M (7%)         1229M (8%)             -                  -          
[20.859s][info][gc,heap     ] GC(6)   Garbage:         -              4747M (31%)        4643M (30%)         212M (1%)             -                  -          
[20.859s][info][gc,heap     ] GC(6) Reclaimed:         -                  -               104M (1%)         4535M (30%)            -                  -          
[20.859s][info][gc          ] GC(6) Garbage Collection (Allocation Rate) 7662M(50%)->4356M(28%)
[22.654s][info][gc,heap,exit] Heap
[22.654s][info][gc,heap,exit]  ZHeap           used 4986M, capacity 15360M, max capacity 15360M
[22.654s][info][gc,heap,exit]  Metaspace       used 10317K, committed 10816K, reserved 1114112K
[22.654s][info][gc,heap,exit]   class space    used 1038K, committed 1280K, reserved 1048576K
